2025-11-25 23:49:13,647 PyTorch Version: 2.6.0
2025-11-25 23:49:13,671 GPU List: ['NVIDIA L40S']
2025-11-25 23:49:13,682 num_classes: 10
2025-11-25 23:49:13,682 epochs: 60
2025-11-25 23:49:13,682 grad_clip: 5.0
2025-11-25 23:49:13,682 log_frequency: 100
2025-11-25 23:49:13,682 model: {'name': 'ResNet18', 'num_classes': 10}
2025-11-25 23:49:13,682 criterion: {'name': 'CrossEntropyLoss'}
2025-11-25 23:49:13,682 optimizer: {'name': 'SGD', 'lr': 0.1, 'weight_decay': 0.0005, 'momentum': 0.9}
2025-11-25 23:49:13,682 scheduler: {'name': 'CosineAnnealingLR', 'T_max': 60, 'eta_min': 0.0}
2025-11-25 23:49:13,682 dataset: {'name': 'DatasetGenerator', 'train_batch_size': 512, 'eval_batch_size': 512}
2025-11-25 23:49:13,684 seed: 0
2025-11-25 23:49:13,684 version: resnet18
2025-11-25 23:49:13,685 exp_name: experiment/classwise/model_training2025-11-25 23:49:13.643585
2025-11-25 23:49:13,685 config_path: configs/cifar10
2025-11-25 23:49:13,685 load_model: False
2025-11-25 23:49:13,685 data_parallel: False
2025-11-25 23:49:13,685 train: True
2025-11-25 23:49:13,685 save_frequency: -1
2025-11-25 23:49:13,685 train_face: False
2025-11-25 23:49:13,685 train_portion: 1.0
2025-11-25 23:49:13,685 train_batch_size: 128
2025-11-25 23:49:13,685 eval_batch_size: 256
2025-11-25 23:49:13,685 num_of_workers: 6
2025-11-25 23:49:13,685 train_data_type: CIFAR10
2025-11-25 23:49:13,685 test_data_type: CIFAR10
2025-11-25 23:49:13,685 train_data_path: ../dataset
2025-11-25 23:49:13,685 test_data_path: ../dataset
2025-11-25 23:49:13,685 perturb_type: classwise
2025-11-25 23:49:13,685 patch_location: center
2025-11-25 23:49:13,685 poison_rate: 1.0
2025-11-25 23:49:13,685 perturb_tensor_filepath: None
2025-11-25 23:49:13,685 generator_filepath: ./LSP/cifar10_samplewise_saved_perturbation.pt
2025-11-25 23:49:13,685 use_generator: False
2025-11-25 23:49:13,685 gue: False
2025-11-25 23:49:13,685 filter_type: low
2025-11-25 23:49:13,685 cutoff: 0.5
2025-11-25 23:49:13,685 image_size: 32
2025-11-25 23:49:13,685 img_denoise: 40
2025-11-25 23:49:13,685 jpeg_defense: True
2025-11-25 23:49:18,982 Training Dataset: Dataset CIFAR10
    Number of datapoints: 50000
    Root location: ../dataset
    Split: Train
    StandardTransform
Transform: Compose(
               RandomCrop(size=(32, 32), padding=4)
               RandomHorizontalFlip(p=0.5)
               RandomRotation(degrees=[-10.0, 10.0], interpolation=nearest, expand=False, fill=0)
               ToTensor()
           )
2025-11-25 23:49:18,982 Test Dataset: Dataset CIFAR10
    Number of datapoints: 10000
    Root location: ../dataset
    Split: Test
    StandardTransform
Transform: Compose(
               ToTensor()
           )
2025-11-25 23:49:19,223 param size = 13.682862MB
2025-11-25 23:49:19,224 
2025-11-25 23:49:19,224 ====================Training Epoch 0====================
------Using JPEG compression as defense for clean CIFAR10 train------
train_dataset
2025-11-25 23:49:21,170 epoch=0	global_step=0	acc=0.0781	acc_avg=0.0781	loss=2.3934	loss_avg=2.3934	lr=0.1000	|gn|=7.4237	time=0.70it/s
2025-11-25 23:49:23,472 epoch=0	global_step=100	acc=0.2969	acc_avg=0.2184	loss=1.7767	loss_avg=2.2439	lr=0.1000	|gn|=0.8256	time=47.07it/s
2025-11-25 23:49:25,654 epoch=0	global_step=200	acc=0.3516	acc_avg=0.2784	loss=1.7584	loss_avg=2.0054	lr=0.1000	|gn|=0.7099	time=49.25it/s
2025-11-25 23:49:27,912 epoch=0	global_step=300	acc=0.3750	acc_avg=0.3121	loss=1.6034	loss_avg=1.8888	lr=0.1000	|gn|=0.7809	time=48.34it/s
2025-11-25 23:49:29,967 ====================Eval Epoch 0====================
2025-11-25 23:49:31,260 epoch=0	global_step=39	acc=0.4375	acc_avg=0.3791	acc5=0.8750	acc5_avg=0.8929	loss=1.6068	loss_avg=1.7599	time=13.25it/s
2025-11-25 23:49:31,260 Eval Loss:1.7599	Eval acc: 37.91
2025-11-25 23:49:31,260 
2025-11-25 23:49:31,261 ====================Training Epoch 1====================
2025-11-25 23:49:31,699 epoch=1	global_step=400	acc=0.4219	acc_avg=0.4261	loss=1.5217	loss_avg=1.5541	lr=0.0999	|gn|=0.7186	time=47.38it/s
2025-11-25 23:49:33,927 epoch=1	global_step=500	acc=0.5078	acc_avg=0.4425	loss=1.3413	loss_avg=1.5235	lr=0.0999	|gn|=1.0299	time=45.22it/s
2025-11-25 23:49:36,174 epoch=1	global_step=600	acc=0.4141	acc_avg=0.4484	loss=1.4136	loss_avg=1.5000	lr=0.0999	|gn|=1.1857	time=49.72it/s
2025-11-25 23:49:38,367 epoch=1	global_step=700	acc=0.4531	acc_avg=0.4600	loss=1.4868	loss_avg=1.4728	lr=0.0999	|gn|=1.1496	time=48.86it/s
2025-11-25 23:49:40,208 ====================Eval Epoch 1====================
2025-11-25 23:49:41,248 epoch=1	global_step=39	acc=0.5000	acc_avg=0.5450	acc5=1.0000	acc5_avg=0.9516	loss=1.2542	loss_avg=1.2431	time=313.94it/s
2025-11-25 23:49:41,249 Eval Loss:1.2431	Eval acc: 54.50
2025-11-25 23:49:41,249 
2025-11-25 23:49:41,249 ====================Training Epoch 2====================
2025-11-25 23:49:41,933 epoch=2	global_step=800	acc=0.4219	acc_avg=0.5298	loss=1.5528	loss_avg=1.3011	lr=0.0997	|gn|=1.0624	time=27.91it/s
2025-11-25 23:49:44,205 epoch=2	global_step=900	acc=0.4844	acc_avg=0.5210	loss=1.2947	loss_avg=1.3230	lr=0.0997	|gn|=0.9658	time=49.45it/s
2025-11-25 23:49:46,391 epoch=2	global_step=1000	acc=0.4766	acc_avg=0.5309	loss=1.2683	loss_avg=1.3018	lr=0.0997	|gn|=1.1303	time=43.86it/s
2025-11-25 23:49:48,620 epoch=2	global_step=1100	acc=0.5234	acc_avg=0.5355	loss=1.2947	loss_avg=1.2873	lr=0.0997	|gn|=0.9102	time=48.52it/s
2025-11-25 23:49:50,209 ====================Eval Epoch 2====================
2025-11-25 23:49:51,247 epoch=2	global_step=39	acc=0.5625	acc_avg=0.5914	acc5=1.0000	acc5_avg=0.9559	loss=0.7752	loss_avg=1.1520	time=313.05it/s
2025-11-25 23:49:51,247 Eval Loss:1.1520	Eval acc: 59.14
2025-11-25 23:49:51,248 
2025-11-25 23:49:51,248 ====================Training Epoch 3====================
2025-11-25 23:49:52,128 epoch=3	global_step=1200	acc=0.6328	acc_avg=0.5824	loss=1.0902	loss_avg=1.1691	lr=0.0994	|gn|=0.9173	time=42.89it/s
2025-11-25 23:49:54,490 epoch=3	global_step=1300	acc=0.5703	acc_avg=0.5799	loss=1.2256	loss_avg=1.1724	lr=0.0994	|gn|=1.0396	time=44.60it/s
2025-11-25 23:49:56,817 epoch=3	global_step=1400	acc=0.5938	acc_avg=0.5853	loss=1.2160	loss_avg=1.1602	lr=0.0994	|gn|=1.1403	time=44.76it/s
2025-11-25 23:49:59,147 epoch=3	global_step=1500	acc=0.5703	acc_avg=0.5914	loss=1.3122	loss_avg=1.1459	lr=0.0994	|gn|=1.2159	time=43.24it/s
2025-11-25 23:50:00,555 ====================Eval Epoch 3====================
2025-11-25 23:50:01,583 epoch=3	global_step=39	acc=0.6250	acc_avg=0.5959	acc5=1.0000	acc5_avg=0.9549	loss=0.9375	loss_avg=1.1634	time=313.26it/s
2025-11-25 23:50:01,583 Eval Loss:1.1634	Eval acc: 59.59
2025-11-25 23:50:01,583 
2025-11-25 23:50:01,583 ====================Training Epoch 4====================
2025-11-25 23:50:02,705 epoch=4	global_step=1600	acc=0.6484	acc_avg=0.6233	loss=0.9807	loss_avg=1.0536	lr=0.0989	|gn|=1.1892	time=41.93it/s
2025-11-25 23:50:05,017 epoch=4	global_step=1700	acc=0.5938	acc_avg=0.6212	loss=1.1148	loss_avg=1.0618	lr=0.0989	|gn|=1.1639	time=45.32it/s
2025-11-25 23:50:07,308 epoch=4	global_step=1800	acc=0.6172	acc_avg=0.6244	loss=1.0869	loss_avg=1.0544	lr=0.0989	|gn|=1.1016	time=46.68it/s
2025-11-25 23:50:09,571 epoch=4	global_step=1900	acc=0.6250	acc_avg=0.6241	loss=1.0867	loss_avg=1.0541	lr=0.0989	|gn|=1.1222	time=44.59it/s
2025-11-25 23:50:10,767 ====================Eval Epoch 4====================
2025-11-25 23:50:11,800 epoch=4	global_step=39	acc=0.8125	acc_avg=0.6678	acc5=1.0000	acc5_avg=0.9731	loss=0.5088	loss_avg=0.9396	time=312.12it/s
2025-11-25 23:50:11,800 Eval Loss:0.9396	Eval acc: 66.78
2025-11-25 23:50:11,801 
2025-11-25 23:50:11,801 ====================Training Epoch 5====================
2025-11-25 23:50:13,198 epoch=5	global_step=2000	acc=0.6172	acc_avg=0.6400	loss=1.0353	loss_avg=1.0083	lr=0.0983	|gn|=1.0255	time=41.67it/s
2025-11-25 23:50:15,547 epoch=5	global_step=2100	acc=0.6875	acc_avg=0.6461	loss=0.9772	loss_avg=1.0037	lr=0.0983	|gn|=0.9583	time=48.69it/s
2025-11-25 23:50:17,958 epoch=5	global_step=2200	acc=0.6797	acc_avg=0.6488	loss=0.8800	loss_avg=0.9907	lr=0.0983	|gn|=1.1018	time=43.37it/s
2025-11-25 23:50:20,467 epoch=5	global_step=2300	acc=0.5938	acc_avg=0.6518	loss=1.1272	loss_avg=0.9870	lr=0.0983	|gn|=1.2576	time=42.71it/s
2025-11-25 23:50:21,425 ====================Eval Epoch 5====================
2025-11-25 23:50:22,443 epoch=5	global_step=39	acc=0.8125	acc_avg=0.6961	acc5=1.0000	acc5_avg=0.9763	loss=0.5336	loss_avg=0.8712	time=310.87it/s
2025-11-25 23:50:22,443 Eval Loss:0.8712	Eval acc: 69.61
2025-11-25 23:50:22,444 
2025-11-25 23:50:22,444 ====================Training Epoch 6====================
2025-11-25 23:50:24,004 epoch=6	global_step=2400	acc=0.6797	acc_avg=0.6646	loss=0.9003	loss_avg=0.9497	lr=0.0976	|gn|=1.0566	time=47.30it/s
2025-11-25 23:50:26,297 epoch=6	global_step=2500	acc=0.7422	acc_avg=0.6630	loss=0.9396	loss_avg=0.9536	lr=0.0976	|gn|=1.1258	time=44.07it/s
2025-11-25 23:50:28,614 epoch=6	global_step=2600	acc=0.6250	acc_avg=0.6684	loss=0.9281	loss_avg=0.9432	lr=0.0976	|gn|=1.1475	time=46.10it/s
2025-11-25 23:50:30,859 epoch=6	global_step=2700	acc=0.6094	acc_avg=0.6696	loss=0.9032	loss_avg=0.9406	lr=0.0976	|gn|=1.2044	time=46.03it/s
2025-11-25 23:50:31,595 ====================Eval Epoch 6====================
2025-11-25 23:50:32,655 epoch=6	global_step=39	acc=0.6875	acc_avg=0.6901	acc5=1.0000	acc5_avg=0.9746	loss=0.7549	loss_avg=0.9096	time=287.85it/s
2025-11-25 23:50:32,655 Eval Loss:0.9096	Eval acc: 69.01
2025-11-25 23:50:32,656 
2025-11-25 23:50:32,656 ====================Training Epoch 7====================
2025-11-25 23:50:34,610 epoch=7	global_step=2800	acc=0.7266	acc_avg=0.6755	loss=0.8915	loss_avg=0.9206	lr=0.0967	|gn|=1.0892	time=43.26it/s
2025-11-25 23:50:37,040 epoch=7	global_step=2900	acc=0.7734	acc_avg=0.6752	loss=0.6245	loss_avg=0.9147	lr=0.0967	|gn|=0.8999	time=43.06it/s
2025-11-25 23:50:39,368 epoch=7	global_step=3000	acc=0.7031	acc_avg=0.6772	loss=0.8471	loss_avg=0.9088	lr=0.0967	|gn|=1.2613	time=43.50it/s
2025-11-25 23:50:41,651 epoch=7	global_step=3100	acc=0.6562	acc_avg=0.6786	loss=0.9485	loss_avg=0.9066	lr=0.0967	|gn|=1.1773	time=47.29it/s
2025-11-25 23:50:42,138 ====================Eval Epoch 7====================
2025-11-25 23:50:43,193 epoch=7	global_step=39	acc=0.5625	acc_avg=0.6695	acc5=1.0000	acc5_avg=0.9790	loss=0.9598	loss_avg=0.9390	time=312.61it/s
2025-11-25 23:50:43,194 Eval Loss:0.9390	Eval acc: 66.95
2025-11-25 23:50:43,194 
2025-11-25 23:50:43,194 ====================Training Epoch 8====================
2025-11-25 23:50:45,301 epoch=8	global_step=3200	acc=0.7031	acc_avg=0.6996	loss=0.9670	loss_avg=0.8530	lr=0.0957	|gn|=1.3033	time=44.45it/s
2025-11-25 23:50:47,632 epoch=8	global_step=3300	acc=0.7109	acc_avg=0.6912	loss=0.8211	loss_avg=0.8782	lr=0.0957	|gn|=1.2196	time=43.96it/s
2025-11-25 23:50:49,940 epoch=8	global_step=3400	acc=0.6719	acc_avg=0.6904	loss=0.9596	loss_avg=0.8793	lr=0.0957	|gn|=1.2867	time=43.15it/s
2025-11-25 23:50:52,251 epoch=8	global_step=3500	acc=0.6875	acc_avg=0.6882	loss=0.8722	loss_avg=0.8842	lr=0.0957	|gn|=1.0692	time=43.73it/s
2025-11-25 23:50:52,496 ====================Eval Epoch 8====================
2025-11-25 23:50:53,531 epoch=8	global_step=39	acc=0.8125	acc_avg=0.7297	acc5=1.0000	acc5_avg=0.9795	loss=0.4692	loss_avg=0.7755	time=315.60it/s
2025-11-25 23:50:53,532 Eval Loss:0.7755	Eval acc: 72.97
2025-11-25 23:50:53,532 
2025-11-25 23:50:53,532 ====================Training Epoch 9====================
2025-11-25 23:50:55,807 epoch=9	global_step=3600	acc=0.7188	acc_avg=0.7024	loss=0.8065	loss_avg=0.8427	lr=0.0946	|gn|=1.2777	time=43.72it/s
2025-11-25 23:50:58,125 epoch=9	global_step=3700	acc=0.6875	acc_avg=0.6991	loss=0.9491	loss_avg=0.8587	lr=0.0946	|gn|=1.3383	time=32.42it/s
2025-11-25 23:51:00,603 epoch=9	global_step=3800	acc=0.7500	acc_avg=0.7010	loss=0.6948	loss_avg=0.8558	lr=0.0946	|gn|=1.0941	time=43.80it/s
2025-11-25 23:51:03,079 ====================Eval Epoch 9====================
2025-11-25 23:51:04,099 epoch=9	global_step=39	acc=0.8125	acc_avg=0.7100	acc5=1.0000	acc5_avg=0.9764	loss=0.4942	loss_avg=0.8553	time=312.49it/s
2025-11-25 23:51:04,099 Eval Loss:0.8553	Eval acc: 71.00
2025-11-25 23:51:04,099 
2025-11-25 23:51:04,099 ====================Training Epoch 10====================
2025-11-25 23:51:04,300 epoch=10	global_step=3900	acc=0.7188	acc_avg=0.7188	loss=0.8594	loss_avg=0.8594	lr=0.0933	|gn|=1.2193	time=34.07it/s
2025-11-25 23:51:06,673 epoch=10	global_step=4000	acc=0.7422	acc_avg=0.7067	loss=0.7734	loss_avg=0.8376	lr=0.0933	|gn|=1.1181	time=48.70it/s
2025-11-25 23:51:09,036 epoch=10	global_step=4100	acc=0.6094	acc_avg=0.7041	loss=0.9502	loss_avg=0.8473	lr=0.0933	|gn|=1.3000	time=42.71it/s
2025-11-25 23:51:11,524 epoch=10	global_step=4200	acc=0.6406	acc_avg=0.7025	loss=0.9786	loss_avg=0.8484	lr=0.0933	|gn|=1.3962	time=44.74it/s
2025-11-25 23:51:13,697 ====================Eval Epoch 10====================
2025-11-25 23:51:14,719 epoch=10	global_step=39	acc=0.8750	acc_avg=0.7336	acc5=1.0000	acc5_avg=0.9810	loss=0.3855	loss_avg=0.7746	time=294.52it/s
2025-11-25 23:51:14,719 Eval Loss:0.7746	Eval acc: 73.36
2025-11-25 23:51:14,719 
2025-11-25 23:51:14,719 ====================Training Epoch 11====================
2025-11-25 23:51:15,172 epoch=11	global_step=4300	acc=0.6875	acc_avg=0.6839	loss=0.7995	loss_avg=0.8617	lr=0.0919	|gn|=1.1336	time=44.27it/s
2025-11-25 23:51:17,451 epoch=11	global_step=4400	acc=0.6484	acc_avg=0.7139	loss=1.0683	loss_avg=0.8158	lr=0.0919	|gn|=1.5261	time=47.30it/s
2025-11-25 23:51:19,769 epoch=11	global_step=4500	acc=0.7031	acc_avg=0.7132	loss=1.0114	loss_avg=0.8237	lr=0.0919	|gn|=1.4083	time=46.12it/s
2025-11-25 23:51:22,173 epoch=11	global_step=4600	acc=0.6875	acc_avg=0.7116	loss=0.9437	loss_avg=0.8257	lr=0.0919	|gn|=1.3257	time=47.09it/s
2025-11-25 23:51:24,137 ====================Eval Epoch 11====================
2025-11-25 23:51:25,178 epoch=11	global_step=39	acc=0.6875	acc_avg=0.7385	acc5=1.0000	acc5_avg=0.9809	loss=0.8497	loss_avg=0.7501	time=312.61it/s
2025-11-25 23:51:25,179 Eval Loss:0.7501	Eval acc: 73.85
2025-11-25 23:51:25,179 
2025-11-25 23:51:25,179 ====================Training Epoch 12====================
2025-11-25 23:51:25,841 epoch=12	global_step=4700	acc=0.6797	acc_avg=0.7225	loss=0.9076	loss_avg=0.7954	lr=0.0905	|gn|=1.3763	time=44.00it/s
2025-11-25 23:51:28,201 epoch=12	global_step=4800	acc=0.7188	acc_avg=0.7194	loss=0.8230	loss_avg=0.8054	lr=0.0905	|gn|=1.3907	time=48.10it/s
2025-11-25 23:51:30,416 epoch=12	global_step=4900	acc=0.6719	acc_avg=0.7219	loss=0.9434	loss_avg=0.8030	lr=0.0905	|gn|=1.3105	time=44.58it/s
2025-11-25 23:51:32,652 epoch=12	global_step=5000	acc=0.6797	acc_avg=0.7179	loss=0.7399	loss_avg=0.8092	lr=0.0905	|gn|=1.1979	time=43.13it/s
2025-11-25 23:51:34,268 ====================Eval Epoch 12====================
2025-11-25 23:51:35,310 epoch=12	global_step=39	acc=0.8125	acc_avg=0.7613	acc5=1.0000	acc5_avg=0.9843	loss=0.4786	loss_avg=0.6938	time=314.30it/s
2025-11-25 23:51:35,311 Eval Loss:0.6938	Eval acc: 76.13
2025-11-25 23:51:35,311 
2025-11-25 23:51:35,312 ====================Training Epoch 13====================
2025-11-25 23:51:36,250 epoch=13	global_step=5100	acc=0.7344	acc_avg=0.7203	loss=0.7609	loss_avg=0.8074	lr=0.0889	|gn|=1.1508	time=46.95it/s
2025-11-25 23:51:38,659 epoch=13	global_step=5200	acc=0.7031	acc_avg=0.7190	loss=0.7885	loss_avg=0.8044	lr=0.0889	|gn|=1.3062	time=43.60it/s
2025-11-25 23:51:41,044 epoch=13	global_step=5300	acc=0.7500	acc_avg=0.7227	loss=0.7222	loss_avg=0.7964	lr=0.0889	|gn|=1.2952	time=45.33it/s
2025-11-25 23:51:43,511 epoch=13	global_step=5400	acc=0.6406	acc_avg=0.7219	loss=0.9771	loss_avg=0.7977	lr=0.0889	|gn|=1.5654	time=45.20it/s
2025-11-25 23:51:44,976 ====================Eval Epoch 13====================
2025-11-25 23:51:46,015 epoch=13	global_step=39	acc=0.8125	acc_avg=0.7392	acc5=1.0000	acc5_avg=0.9832	loss=0.4554	loss_avg=0.7394	time=312.94it/s
2025-11-25 23:51:46,015 Eval Loss:0.7394	Eval acc: 73.92
2025-11-25 23:51:46,015 
2025-11-25 23:51:46,015 ====================Training Epoch 14====================
2025-11-25 23:51:47,115 epoch=14	global_step=5500	acc=0.6875	acc_avg=0.7275	loss=0.8854	loss_avg=0.7710	lr=0.0872	|gn|=1.5067	time=45.01it/s
2025-11-25 23:51:49,364 epoch=14	global_step=5600	acc=0.6719	acc_avg=0.7282	loss=1.0034	loss_avg=0.7757	lr=0.0872	|gn|=1.5905	time=44.65it/s
2025-11-25 23:51:51,644 epoch=14	global_step=5700	acc=0.6797	acc_avg=0.7224	loss=0.9398	loss_avg=0.7939	lr=0.0872	|gn|=1.4341	time=42.96it/s
2025-11-25 23:51:53,926 epoch=14	global_step=5800	acc=0.7344	acc_avg=0.7244	loss=0.8640	loss_avg=0.7919	lr=0.0872	|gn|=1.3935	time=44.95it/s
2025-11-25 23:51:55,102 ====================Eval Epoch 14====================
2025-11-25 23:51:56,134 epoch=14	global_step=39	acc=0.8750	acc_avg=0.7431	acc5=1.0000	acc5_avg=0.9835	loss=0.5236	loss_avg=0.7580	time=314.44it/s
2025-11-25 23:51:56,135 Eval Loss:0.7580	Eval acc: 74.31
2025-11-25 23:51:56,135 
2025-11-25 23:51:56,135 ====================Training Epoch 15====================
2025-11-25 23:51:57,481 epoch=15	global_step=5900	acc=0.7578	acc_avg=0.7243	loss=0.7356	loss_avg=0.7918	lr=0.0854	|gn|=1.2471	time=48.93it/s
2025-11-25 23:51:59,738 epoch=15	global_step=6000	acc=0.7109	acc_avg=0.7317	loss=0.8861	loss_avg=0.7724	lr=0.0854	|gn|=1.3206	time=43.71it/s
2025-11-25 23:52:01,985 epoch=15	global_step=6100	acc=0.6797	acc_avg=0.7328	loss=0.8049	loss_avg=0.7701	lr=0.0854	|gn|=1.3780	time=44.28it/s
2025-11-25 23:52:04,291 epoch=15	global_step=6200	acc=0.6953	acc_avg=0.7323	loss=0.8584	loss_avg=0.7689	lr=0.0854	|gn|=1.5667	time=43.56it/s
2025-11-25 23:52:05,234 ====================Eval Epoch 15====================
2025-11-25 23:52:06,260 epoch=15	global_step=39	acc=0.8125	acc_avg=0.7658	acc5=1.0000	acc5_avg=0.9852	loss=0.4410	loss_avg=0.6766	time=316.74it/s
2025-11-25 23:52:06,261 Eval Loss:0.6766	Eval acc: 76.58
2025-11-25 23:52:06,261 
2025-11-25 23:52:06,261 ====================Training Epoch 16====================
2025-11-25 23:52:07,799 epoch=16	global_step=6300	acc=0.7109	acc_avg=0.7444	loss=0.8467	loss_avg=0.7529	lr=0.0835	|gn|=1.5592	time=44.88it/s
2025-11-25 23:52:10,076 epoch=16	global_step=6400	acc=0.7422	acc_avg=0.7390	loss=0.7170	loss_avg=0.7547	lr=0.0835	|gn|=1.4156	time=43.81it/s
2025-11-25 23:52:12,419 epoch=16	global_step=6500	acc=0.7031	acc_avg=0.7372	loss=0.8998	loss_avg=0.7583	lr=0.0835	|gn|=1.5705	time=48.50it/s
2025-11-25 23:52:14,758 epoch=16	global_step=6600	acc=0.7109	acc_avg=0.7357	loss=0.7375	loss_avg=0.7611	lr=0.0835	|gn|=1.3402	time=48.99it/s
2025-11-25 23:52:15,468 ====================Eval Epoch 16====================
2025-11-25 23:52:16,474 epoch=16	global_step=39	acc=0.6875	acc_avg=0.7565	acc5=1.0000	acc5_avg=0.9845	loss=0.4547	loss_avg=0.6969	time=307.10it/s
2025-11-25 23:52:16,475 Eval Loss:0.6969	Eval acc: 75.65
2025-11-25 23:52:16,475 
2025-11-25 23:52:16,475 ====================Training Epoch 17====================
2025-11-25 23:52:18,393 epoch=17	global_step=6700	acc=0.7031	acc_avg=0.7474	loss=0.8617	loss_avg=0.7298	lr=0.0815	|gn|=1.7450	time=45.15it/s
2025-11-25 23:52:20,824 epoch=17	global_step=6800	acc=0.7500	acc_avg=0.7405	loss=0.7366	loss_avg=0.7454	lr=0.0815	|gn|=1.6398	time=46.35it/s
2025-11-25 23:52:23,267 epoch=17	global_step=6900	acc=0.6719	acc_avg=0.7392	loss=0.8734	loss_avg=0.7453	lr=0.0815	|gn|=1.4603	time=47.63it/s
2025-11-25 23:52:25,669 epoch=17	global_step=7000	acc=0.7031	acc_avg=0.7377	loss=0.8042	loss_avg=0.7482	lr=0.0815	|gn|=1.4954	time=45.53it/s
2025-11-25 23:52:26,146 ====================Eval Epoch 17====================
2025-11-25 23:52:27,199 epoch=17	global_step=39	acc=0.9375	acc_avg=0.7774	acc5=1.0000	acc5_avg=0.9831	loss=0.3508	loss_avg=0.6513	time=308.11it/s
2025-11-25 23:52:27,199 Eval Loss:0.6513	Eval acc: 77.74
2025-11-25 23:52:27,199 
2025-11-25 23:52:27,199 ====================Training Epoch 18====================
2025-11-25 23:52:29,209 epoch=18	global_step=7100	acc=0.7500	acc_avg=0.7549	loss=0.6310	loss_avg=0.6994	lr=0.0794	|gn|=1.3311	time=41.37it/s
2025-11-25 23:52:31,415 epoch=18	global_step=7200	acc=0.7422	acc_avg=0.7488	loss=0.8025	loss_avg=0.7188	lr=0.0794	|gn|=1.4286	time=46.13it/s
2025-11-25 23:52:33,741 epoch=18	global_step=7300	acc=0.7422	acc_avg=0.7457	loss=0.6854	loss_avg=0.7264	lr=0.0794	|gn|=1.3849	time=44.80it/s
2025-11-25 23:52:36,075 epoch=18	global_step=7400	acc=0.7578	acc_avg=0.7430	loss=0.6660	loss_avg=0.7322	lr=0.0794	|gn|=1.2714	time=44.37it/s
2025-11-25 23:52:36,328 ====================Eval Epoch 18====================
2025-11-25 23:52:37,365 epoch=18	global_step=39	acc=0.8125	acc_avg=0.7773	acc5=1.0000	acc5_avg=0.9879	loss=0.4752	loss_avg=0.6424	time=314.89it/s
2025-11-25 23:52:37,365 Eval Loss:0.6424	Eval acc: 77.73
2025-11-25 23:52:37,366 
2025-11-25 23:52:37,366 ====================Training Epoch 19====================
2025-11-25 23:52:39,658 epoch=19	global_step=7500	acc=0.7266	acc_avg=0.7540	loss=0.7324	loss_avg=0.6991	lr=0.0772	|gn|=1.6424	time=45.59it/s
2025-11-25 23:52:42,006 epoch=19	global_step=7600	acc=0.7344	acc_avg=0.7531	loss=0.7515	loss_avg=0.7102	lr=0.0772	|gn|=1.5278	time=44.81it/s
2025-11-25 23:52:44,347 epoch=19	global_step=7700	acc=0.7422	acc_avg=0.7498	loss=0.7342	loss_avg=0.7147	lr=0.0772	|gn|=1.5697	time=45.37it/s
2025-11-25 23:52:46,728 ====================Eval Epoch 19====================
2025-11-25 23:52:47,760 epoch=19	global_step=39	acc=0.8750	acc_avg=0.7576	acc5=1.0000	acc5_avg=0.9836	loss=0.3227	loss_avg=0.7213	time=311.45it/s
2025-11-25 23:52:47,760 Eval Loss:0.7213	Eval acc: 75.76
2025-11-25 23:52:47,761 
2025-11-25 23:52:47,761 ====================Training Epoch 20====================
2025-11-25 23:52:47,963 epoch=20	global_step=7800	acc=0.7031	acc_avg=0.7031	loss=0.7414	loss_avg=0.7414	lr=0.0750	|gn|=1.3966	time=33.42it/s
2025-11-25 23:52:50,472 epoch=20	global_step=7900	acc=0.7656	acc_avg=0.7563	loss=0.6699	loss_avg=0.6966	lr=0.0750	|gn|=1.4821	time=33.68it/s
2025-11-25 23:52:52,852 epoch=20	global_step=8000	acc=0.8047	acc_avg=0.7531	loss=0.5853	loss_avg=0.7033	lr=0.0750	|gn|=1.2803	time=48.62it/s
2025-11-25 23:52:55,268 epoch=20	global_step=8100	acc=0.6719	acc_avg=0.7503	loss=0.8294	loss_avg=0.7121	lr=0.0750	|gn|=1.5594	time=42.94it/s
2025-11-25 23:52:57,500 ====================Eval Epoch 20====================
2025-11-25 23:52:58,551 epoch=20	global_step=39	acc=0.9375	acc_avg=0.7686	acc5=1.0000	acc5_avg=0.9832	loss=0.3379	loss_avg=0.6831	time=277.07it/s
2025-11-25 23:52:58,552 Eval Loss:0.6831	Eval acc: 76.86
2025-11-25 23:52:58,552 
2025-11-25 23:52:58,552 ====================Training Epoch 21====================
2025-11-25 23:52:59,006 epoch=21	global_step=8200	acc=0.7422	acc_avg=0.7599	loss=0.6801	loss_avg=0.6990	lr=0.0727	|gn|=1.4882	time=44.10it/s
2025-11-25 23:53:01,336 epoch=21	global_step=8300	acc=0.7656	acc_avg=0.7635	loss=0.6413	loss_avg=0.6803	lr=0.0727	|gn|=1.5282	time=49.67it/s
2025-11-25 23:53:03,627 epoch=21	global_step=8400	acc=0.7266	acc_avg=0.7593	loss=0.7566	loss_avg=0.6962	lr=0.0727	|gn|=1.5654	time=49.30it/s
2025-11-25 23:53:06,068 epoch=21	global_step=8500	acc=0.7500	acc_avg=0.7581	loss=0.8024	loss_avg=0.6972	lr=0.0727	|gn|=1.6795	time=41.58it/s
2025-11-25 23:53:08,018 ====================Eval Epoch 21====================
2025-11-25 23:53:09,049 epoch=21	global_step=39	acc=0.8750	acc_avg=0.7825	acc5=1.0000	acc5_avg=0.9875	loss=0.3675	loss_avg=0.6328	time=313.19it/s
2025-11-25 23:53:09,050 Eval Loss:0.6328	Eval acc: 78.25
2025-11-25 23:53:09,050 
2025-11-25 23:53:09,050 ====================Training Epoch 22====================
2025-11-25 23:53:09,746 epoch=22	global_step=8600	acc=0.7578	acc_avg=0.7645	loss=0.6513	loss_avg=0.6635	lr=0.0703	|gn|=1.4980	time=45.61it/s
2025-11-25 23:53:12,099 epoch=22	global_step=8700	acc=0.7188	acc_avg=0.7659	loss=0.8611	loss_avg=0.6609	lr=0.0703	|gn|=1.7324	time=47.77it/s
2025-11-25 23:53:14,416 epoch=22	global_step=8800	acc=0.7031	acc_avg=0.7610	loss=0.8765	loss_avg=0.6783	lr=0.0703	|gn|=1.7168	time=42.12it/s
2025-11-25 23:53:16,744 epoch=22	global_step=8900	acc=0.7422	acc_avg=0.7583	loss=0.7292	loss_avg=0.6847	lr=0.0703	|gn|=1.6608	time=41.93it/s
2025-11-25 23:53:18,421 ====================Eval Epoch 22====================
2025-11-25 23:53:19,446 epoch=22	global_step=39	acc=0.9375	acc_avg=0.7818	acc5=1.0000	acc5_avg=0.9878	loss=0.2019	loss_avg=0.6214	time=311.61it/s
2025-11-25 23:53:19,447 Eval Loss:0.6214	Eval acc: 78.18
2025-11-25 23:53:19,447 
2025-11-25 23:53:19,447 ====================Training Epoch 23====================
2025-11-25 23:53:20,357 epoch=23	global_step=9000	acc=0.7812	acc_avg=0.7689	loss=0.5546	loss_avg=0.6441	lr=0.0679	|gn|=1.4337	time=42.37it/s
2025-11-25 23:53:22,693 epoch=23	global_step=9100	acc=0.7969	acc_avg=0.7626	loss=0.5632	loss_avg=0.6670	lr=0.0679	|gn|=1.4268	time=50.03it/s
2025-11-25 23:53:24,977 epoch=23	global_step=9200	acc=0.7969	acc_avg=0.7624	loss=0.5979	loss_avg=0.6718	lr=0.0679	|gn|=1.5386	time=43.70it/s
2025-11-25 23:53:27,267 epoch=23	global_step=9300	acc=0.7734	acc_avg=0.7640	loss=0.7581	loss_avg=0.6720	lr=0.0679	|gn|=1.6659	time=49.01it/s
2025-11-25 23:53:28,670 ====================Eval Epoch 23====================
2025-11-25 23:53:29,712 epoch=23	global_step=39	acc=0.8750	acc_avg=0.7721	acc5=1.0000	acc5_avg=0.9830	loss=0.3562	loss_avg=0.6827	time=308.59it/s
2025-11-25 23:53:29,712 Eval Loss:0.6827	Eval acc: 77.21
2025-11-25 23:53:29,712 
2025-11-25 23:53:29,713 ====================Training Epoch 24====================
2025-11-25 23:53:30,858 epoch=24	global_step=9400	acc=0.7891	acc_avg=0.7811	loss=0.5997	loss_avg=0.6249	lr=0.0655	|gn|=1.6248	time=43.31it/s
2025-11-25 23:53:33,185 epoch=24	global_step=9500	acc=0.6953	acc_avg=0.7733	loss=0.7895	loss_avg=0.6436	lr=0.0655	|gn|=1.7886	time=46.40it/s
2025-11-25 23:53:35,395 epoch=24	global_step=9600	acc=0.7734	acc_avg=0.7710	loss=0.6622	loss_avg=0.6561	lr=0.0655	|gn|=1.5110	time=48.72it/s
2025-11-25 23:53:37,599 epoch=24	global_step=9700	acc=0.7734	acc_avg=0.7687	loss=0.6694	loss_avg=0.6606	lr=0.0655	|gn|=1.5209	time=43.85it/s
2025-11-25 23:53:38,762 ====================Eval Epoch 24====================
2025-11-25 23:53:39,770 epoch=24	global_step=39	acc=0.8125	acc_avg=0.7897	acc5=1.0000	acc5_avg=0.9846	loss=0.3009	loss_avg=0.6173	time=313.31it/s
2025-11-25 23:53:39,771 Eval Loss:0.6173	Eval acc: 78.97
2025-11-25 23:53:39,771 
2025-11-25 23:53:39,771 ====================Training Epoch 25====================
2025-11-25 23:53:41,152 epoch=25	global_step=9800	acc=0.7344	acc_avg=0.7791	loss=0.7986	loss_avg=0.6301	lr=0.0629	|gn|=1.7421	time=46.97it/s
2025-11-25 23:53:43,526 epoch=25	global_step=9900	acc=0.8203	acc_avg=0.7752	loss=0.5561	loss_avg=0.6376	lr=0.0629	|gn|=1.3699	time=49.86it/s
2025-11-25 23:53:45,884 epoch=25	global_step=10000	acc=0.8047	acc_avg=0.7753	loss=0.6464	loss_avg=0.6425	lr=0.0629	|gn|=1.6323	time=45.28it/s
2025-11-25 23:53:48,250 epoch=25	global_step=10100	acc=0.7500	acc_avg=0.7729	loss=0.6750	loss_avg=0.6502	lr=0.0629	|gn|=1.7066	time=44.97it/s
2025-11-25 23:53:49,211 ====================Eval Epoch 25====================
2025-11-25 23:53:50,246 epoch=25	global_step=39	acc=0.8750	acc_avg=0.7847	acc5=1.0000	acc5_avg=0.9856	loss=0.3140	loss_avg=0.6426	time=310.92it/s
2025-11-25 23:53:50,246 Eval Loss:0.6426	Eval acc: 78.47
2025-11-25 23:53:50,247 
2025-11-25 23:53:50,247 ====================Training Epoch 26====================
2025-11-25 23:53:51,831 epoch=26	global_step=10200	acc=0.8125	acc_avg=0.7851	loss=0.5736	loss_avg=0.6071	lr=0.0604	|gn|=1.5667	time=46.49it/s
2025-11-25 23:53:54,138 epoch=26	global_step=10300	acc=0.7734	acc_avg=0.7807	loss=0.6569	loss_avg=0.6243	lr=0.0604	|gn|=1.7831	time=44.10it/s
2025-11-25 23:53:56,442 epoch=26	global_step=10400	acc=0.7344	acc_avg=0.7784	loss=0.6023	loss_avg=0.6292	lr=0.0604	|gn|=1.7511	time=44.96it/s
2025-11-25 23:53:58,769 epoch=26	global_step=10500	acc=0.7500	acc_avg=0.7761	loss=0.7687	loss_avg=0.6400	lr=0.0604	|gn|=1.6739	time=42.19it/s
2025-11-25 23:53:59,498 ====================Eval Epoch 26====================
2025-11-25 23:54:00,553 epoch=26	global_step=39	acc=0.8750	acc_avg=0.7791	acc5=1.0000	acc5_avg=0.9873	loss=0.3934	loss_avg=0.6390	time=314.44it/s
2025-11-25 23:54:00,554 Eval Loss:0.6390	Eval acc: 77.91
2025-11-25 23:54:00,554 
2025-11-25 23:54:00,554 ====================Training Epoch 27====================
2025-11-25 23:54:02,413 epoch=27	global_step=10600	acc=0.6797	acc_avg=0.7837	loss=0.8082	loss_avg=0.6155	lr=0.0578	|gn|=1.9518	time=42.51it/s
2025-11-25 23:54:04,711 epoch=27	global_step=10700	acc=0.8047	acc_avg=0.7844	loss=0.5354	loss_avg=0.6150	lr=0.0578	|gn|=1.5003	time=44.67it/s
2025-11-25 23:54:06,981 epoch=27	global_step=10800	acc=0.8281	acc_avg=0.7830	loss=0.5255	loss_avg=0.6246	lr=0.0578	|gn|=1.3598	time=42.67it/s
2025-11-25 23:54:09,293 epoch=27	global_step=10900	acc=0.7969	acc_avg=0.7808	loss=0.5558	loss_avg=0.6298	lr=0.0578	|gn|=1.4861	time=44.14it/s
2025-11-25 23:54:09,784 ====================Eval Epoch 27====================
2025-11-25 23:54:10,808 epoch=27	global_step=39	acc=0.9375	acc_avg=0.8033	acc5=1.0000	acc5_avg=0.9885	loss=0.1624	loss_avg=0.5699	time=312.05it/s
2025-11-25 23:54:10,808 Eval Loss:0.5699	Eval acc: 80.33
2025-11-25 23:54:10,809 
2025-11-25 23:54:10,809 ====================Training Epoch 28====================
2025-11-25 23:54:12,821 epoch=28	global_step=11000	acc=0.7969	acc_avg=0.8042	loss=0.5991	loss_avg=0.5659	lr=0.0552	|gn|=1.6579	time=45.75it/s
2025-11-25 23:54:15,119 epoch=28	global_step=11100	acc=0.7656	acc_avg=0.7921	loss=0.6468	loss_avg=0.5946	lr=0.0552	|gn|=1.6462	time=48.06it/s
2025-11-25 23:54:17,406 epoch=28	global_step=11200	acc=0.7109	acc_avg=0.7900	loss=0.7356	loss_avg=0.6020	lr=0.0552	|gn|=2.0456	time=45.54it/s
2025-11-25 23:54:19,701 epoch=28	global_step=11300	acc=0.7891	acc_avg=0.7875	loss=0.5973	loss_avg=0.6073	lr=0.0552	|gn|=1.7741	time=45.70it/s
2025-11-25 23:54:19,949 ====================Eval Epoch 28====================
2025-11-25 23:54:20,971 epoch=28	global_step=39	acc=0.8750	acc_avg=0.7961	acc5=1.0000	acc5_avg=0.9875	loss=0.3400	loss_avg=0.6038	time=313.66it/s
2025-11-25 23:54:20,971 Eval Loss:0.6038	Eval acc: 79.61
2025-11-25 23:54:20,972 
2025-11-25 23:54:20,972 ====================Training Epoch 29====================
2025-11-25 23:54:23,260 epoch=29	global_step=11400	acc=0.7891	acc_avg=0.7980	loss=0.5850	loss_avg=0.5754	lr=0.0526	|gn|=1.7617	time=44.21it/s
2025-11-25 23:54:25,604 epoch=29	global_step=11500	acc=0.7891	acc_avg=0.7937	loss=0.5831	loss_avg=0.5910	lr=0.0526	|gn|=1.6052	time=31.22it/s
2025-11-25 23:54:28,136 epoch=29	global_step=11600	acc=0.8281	acc_avg=0.7920	loss=0.4715	loss_avg=0.5961	lr=0.0526	|gn|=1.5561	time=41.42it/s
2025-11-25 23:54:30,583 ====================Eval Epoch 29====================
2025-11-25 23:54:31,612 epoch=29	global_step=39	acc=0.9375	acc_avg=0.8086	acc5=1.0000	acc5_avg=0.9878	loss=0.2677	loss_avg=0.5599	time=317.29it/s
2025-11-25 23:54:31,612 Eval Loss:0.5599	Eval acc: 80.86
2025-11-25 23:54:31,613 
2025-11-25 23:54:31,613 ====================Training Epoch 30====================
2025-11-25 23:54:31,831 epoch=30	global_step=11700	acc=0.8047	acc_avg=0.8047	loss=0.5179	loss_avg=0.5179	lr=0.0500	|gn|=1.4855	time=27.15it/s
2025-11-25 23:54:34,124 epoch=30	global_step=11800	acc=0.8281	acc_avg=0.8043	loss=0.4199	loss_avg=0.5580	lr=0.0500	|gn|=1.4386	time=45.43it/s
2025-11-25 23:54:36,505 epoch=30	global_step=11900	acc=0.7500	acc_avg=0.8027	loss=0.6757	loss_avg=0.5648	lr=0.0500	|gn|=1.9673	time=45.80it/s
2025-11-25 23:54:38,750 epoch=30	global_step=12000	acc=0.8047	acc_avg=0.7970	loss=0.5738	loss_avg=0.5805	lr=0.0500	|gn|=1.7064	time=48.29it/s
2025-11-25 23:54:40,772 ====================Eval Epoch 30====================
2025-11-25 23:54:41,783 epoch=30	global_step=39	acc=0.7500	acc_avg=0.8028	acc5=1.0000	acc5_avg=0.9885	loss=0.4605	loss_avg=0.5759	time=312.33it/s
2025-11-25 23:54:41,783 Eval Loss:0.5759	Eval acc: 80.28
2025-11-25 23:54:41,783 
2025-11-25 23:54:41,783 ====================Training Epoch 31====================
2025-11-25 23:54:42,240 epoch=31	global_step=12100	acc=0.8047	acc_avg=0.8068	loss=0.5278	loss_avg=0.5574	lr=0.0474	|gn|=1.6398	time=42.93it/s
2025-11-25 23:54:44,674 epoch=31	global_step=12200	acc=0.8047	acc_avg=0.8059	loss=0.5675	loss_avg=0.5550	lr=0.0474	|gn|=1.9206	time=43.93it/s
2025-11-25 23:54:46,982 epoch=31	global_step=12300	acc=0.8672	acc_avg=0.8031	loss=0.4130	loss_avg=0.5559	lr=0.0474	|gn|=1.6224	time=46.22it/s
2025-11-25 23:54:49,219 epoch=31	global_step=12400	acc=0.6641	acc_avg=0.7984	loss=0.7694	loss_avg=0.5681	lr=0.0474	|gn|=2.0535	time=42.92it/s
2025-11-25 23:54:51,078 ====================Eval Epoch 31====================
2025-11-25 23:54:52,101 epoch=31	global_step=39	acc=0.8750	acc_avg=0.7987	acc5=1.0000	acc5_avg=0.9886	loss=0.3801	loss_avg=0.5984	time=309.15it/s
2025-11-25 23:54:52,101 Eval Loss:0.5984	Eval acc: 79.87
2025-11-25 23:54:52,101 
2025-11-25 23:54:52,101 ====================Training Epoch 32====================
2025-11-25 23:54:52,768 epoch=32	global_step=12500	acc=0.8516	acc_avg=0.8132	loss=0.4209	loss_avg=0.5252	lr=0.0448	|gn|=1.6805	time=46.83it/s
2025-11-25 23:54:55,091 epoch=32	global_step=12600	acc=0.8750	acc_avg=0.8069	loss=0.4207	loss_avg=0.5409	lr=0.0448	|gn|=1.4764	time=42.27it/s
2025-11-25 23:54:57,477 epoch=32	global_step=12700	acc=0.8594	acc_avg=0.8050	loss=0.4461	loss_avg=0.5514	lr=0.0448	|gn|=1.5767	time=31.75it/s
2025-11-25 23:55:00,031 epoch=32	global_step=12800	acc=0.8359	acc_avg=0.8033	loss=0.4408	loss_avg=0.5574	lr=0.0448	|gn|=1.6830	time=44.01it/s
2025-11-25 23:55:01,710 ====================Eval Epoch 32====================
2025-11-25 23:55:02,758 epoch=32	global_step=39	acc=0.8750	acc_avg=0.8041	acc5=1.0000	acc5_avg=0.9884	loss=0.3491	loss_avg=0.5831	time=311.36it/s
2025-11-25 23:55:02,759 Eval Loss:0.5831	Eval acc: 80.41
2025-11-25 23:55:02,760 
2025-11-25 23:55:02,760 ====================Training Epoch 33====================
2025-11-25 23:55:03,705 epoch=33	global_step=12900	acc=0.8438	acc_avg=0.8110	loss=0.4918	loss_avg=0.5432	lr=0.0422	|gn|=1.6694	time=34.57it/s
2025-11-25 23:55:06,024 epoch=33	global_step=13000	acc=0.8203	acc_avg=0.8152	loss=0.4745	loss_avg=0.5289	lr=0.0422	|gn|=1.8107	time=49.50it/s
2025-11-25 23:55:08,275 epoch=33	global_step=13100	acc=0.7734	acc_avg=0.8140	loss=0.6709	loss_avg=0.5368	lr=0.0422	|gn|=2.1643	time=44.33it/s
2025-11-25 23:55:10,614 epoch=33	global_step=13200	acc=0.8125	acc_avg=0.8113	loss=0.5239	loss_avg=0.5433	lr=0.0422	|gn|=1.7508	time=50.47it/s
2025-11-25 23:55:12,005 ====================Eval Epoch 33====================
2025-11-25 23:55:13,049 epoch=33	global_step=39	acc=0.8750	acc_avg=0.8170	acc5=1.0000	acc5_avg=0.9898	loss=0.2759	loss_avg=0.5496	time=308.81it/s
2025-11-25 23:55:13,050 Eval Loss:0.5496	Eval acc: 81.70
2025-11-25 23:55:13,050 
2025-11-25 23:55:13,050 ====================Training Epoch 34====================
2025-11-25 23:55:14,171 epoch=34	global_step=13300	acc=0.8125	acc_avg=0.8295	loss=0.4971	loss_avg=0.4920	lr=0.0396	|gn|=1.8735	time=46.65it/s
2025-11-25 23:55:16,494 epoch=34	global_step=13400	acc=0.7578	acc_avg=0.8214	loss=0.6287	loss_avg=0.5076	lr=0.0396	|gn|=2.3055	time=47.81it/s
2025-11-25 23:55:18,766 epoch=34	global_step=13500	acc=0.8438	acc_avg=0.8186	loss=0.5127	loss_avg=0.5151	lr=0.0396	|gn|=1.9221	time=47.95it/s
2025-11-25 23:55:21,135 epoch=34	global_step=13600	acc=0.8203	acc_avg=0.8152	loss=0.4482	loss_avg=0.5253	lr=0.0396	|gn|=1.7250	time=43.27it/s
2025-11-25 23:55:22,326 ====================Eval Epoch 34====================
2025-11-25 23:55:23,341 epoch=34	global_step=39	acc=0.8750	acc_avg=0.8136	acc5=1.0000	acc5_avg=0.9898	loss=0.6167	loss_avg=0.5450	time=314.11it/s
2025-11-25 23:55:23,342 Eval Loss:0.5450	Eval acc: 81.36
2025-11-25 23:55:23,342 
2025-11-25 23:55:23,342 ====================Training Epoch 35====================
2025-11-25 23:55:24,737 epoch=35	global_step=13700	acc=0.8203	acc_avg=0.8283	loss=0.4701	loss_avg=0.4804	lr=0.0371	|gn|=2.0222	time=40.26it/s
2025-11-25 23:55:27,029 epoch=35	global_step=13800	acc=0.7812	acc_avg=0.8259	loss=0.6528	loss_avg=0.4907	lr=0.0371	|gn|=2.5291	time=49.14it/s
2025-11-25 23:55:29,261 epoch=35	global_step=13900	acc=0.8125	acc_avg=0.8231	loss=0.5128	loss_avg=0.5032	lr=0.0371	|gn|=1.9988	time=49.75it/s
2025-11-25 23:55:31,503 epoch=35	global_step=14000	acc=0.8594	acc_avg=0.8208	loss=0.4716	loss_avg=0.5102	lr=0.0371	|gn|=2.0098	time=42.62it/s
2025-11-25 23:55:32,474 ====================Eval Epoch 35====================
2025-11-25 23:55:33,502 epoch=35	global_step=39	acc=0.8125	acc_avg=0.8089	acc5=1.0000	acc5_avg=0.9892	loss=0.5615	loss_avg=0.5591	time=309.86it/s
2025-11-25 23:55:33,503 Eval Loss:0.5591	Eval acc: 80.89
2025-11-25 23:55:33,503 
2025-11-25 23:55:33,503 ====================Training Epoch 36====================
2025-11-25 23:55:35,089 epoch=36	global_step=14100	acc=0.8359	acc_avg=0.8318	loss=0.5882	loss_avg=0.4812	lr=0.0345	|gn|=2.2346	time=47.20it/s
2025-11-25 23:55:37,366 epoch=36	global_step=14200	acc=0.8438	acc_avg=0.8336	loss=0.4513	loss_avg=0.4744	lr=0.0345	|gn|=1.7881	time=44.39it/s
2025-11-25 23:55:39,719 epoch=36	global_step=14300	acc=0.8594	acc_avg=0.8288	loss=0.4424	loss_avg=0.4863	lr=0.0345	|gn|=1.9040	time=41.12it/s
2025-11-25 23:55:42,140 epoch=36	global_step=14400	acc=0.8594	acc_avg=0.8267	loss=0.4241	loss_avg=0.4940	lr=0.0345	|gn|=1.8906	time=44.23it/s
2025-11-25 23:55:42,845 ====================Eval Epoch 36====================
2025-11-25 23:55:43,885 epoch=36	global_step=39	acc=0.7500	acc_avg=0.8233	acc5=1.0000	acc5_avg=0.9907	loss=0.4971	loss_avg=0.5194	time=318.69it/s
2025-11-25 23:55:43,885 Eval Loss:0.5194	Eval acc: 82.33
2025-11-25 23:55:43,885 
2025-11-25 23:55:43,885 ====================Training Epoch 37====================
2025-11-25 23:55:45,814 epoch=37	global_step=14500	acc=0.8906	acc_avg=0.8417	loss=0.3812	loss_avg=0.4548	lr=0.0321	|gn|=1.8161	time=43.95it/s
2025-11-25 23:55:48,213 epoch=37	global_step=14600	acc=0.7422	acc_avg=0.8366	loss=0.6308	loss_avg=0.4649	lr=0.0321	|gn|=2.5447	time=46.17it/s
2025-11-25 23:55:50,531 epoch=37	global_step=14700	acc=0.8672	acc_avg=0.8349	loss=0.3584	loss_avg=0.4680	lr=0.0321	|gn|=1.7776	time=44.92it/s
2025-11-25 23:55:52,721 epoch=37	global_step=14800	acc=0.8047	acc_avg=0.8335	loss=0.5129	loss_avg=0.4726	lr=0.0321	|gn|=2.1377	time=47.37it/s
2025-11-25 23:55:53,188 ====================Eval Epoch 37====================
2025-11-25 23:55:54,207 epoch=37	global_step=39	acc=0.8125	acc_avg=0.8206	acc5=1.0000	acc5_avg=0.9903	loss=0.4407	loss_avg=0.5373	time=316.86it/s
2025-11-25 23:55:54,207 Eval Loss:0.5373	Eval acc: 82.06
2025-11-25 23:55:54,207 
2025-11-25 23:55:54,208 ====================Training Epoch 38====================
2025-11-25 23:55:56,492 epoch=38	global_step=14900	acc=0.8516	acc_avg=0.8475	loss=0.3578	loss_avg=0.4384	lr=0.0297	|gn|=2.0977	time=32.70it/s
2025-11-25 23:55:58,803 epoch=38	global_step=15000	acc=0.8203	acc_avg=0.8410	loss=0.4653	loss_avg=0.4481	lr=0.0297	|gn|=2.2107	time=46.79it/s
2025-11-25 23:56:01,103 epoch=38	global_step=15100	acc=0.8516	acc_avg=0.8402	loss=0.4708	loss_avg=0.4528	lr=0.0297	|gn|=2.3645	time=45.86it/s
2025-11-25 23:56:03,552 epoch=38	global_step=15200	acc=0.8359	acc_avg=0.8387	loss=0.4948	loss_avg=0.4574	lr=0.0297	|gn|=2.3205	time=45.17it/s
2025-11-25 23:56:03,796 ====================Eval Epoch 38====================
2025-11-25 23:56:04,851 epoch=38	global_step=39	acc=0.8125	acc_avg=0.8233	acc5=1.0000	acc5_avg=0.9910	loss=0.4976	loss_avg=0.5344	time=304.40it/s
2025-11-25 23:56:04,852 Eval Loss:0.5344	Eval acc: 82.33
2025-11-25 23:56:04,852 
2025-11-25 23:56:04,853 ====================Training Epoch 39====================
2025-11-25 23:56:07,093 epoch=39	global_step=15300	acc=0.7812	acc_avg=0.8542	loss=0.5443	loss_avg=0.4130	lr=0.0273	|gn|=2.4792	time=48.80it/s
2025-11-25 23:56:09,350 epoch=39	global_step=15400	acc=0.8516	acc_avg=0.8512	loss=0.4269	loss_avg=0.4208	lr=0.0273	|gn|=2.0827	time=44.43it/s
2025-11-25 23:56:11,735 epoch=39	global_step=15500	acc=0.8203	acc_avg=0.8481	loss=0.5515	loss_avg=0.4296	lr=0.0273	|gn|=2.4111	time=45.94it/s
2025-11-25 23:56:13,993 ====================Eval Epoch 39====================
2025-11-25 23:56:15,020 epoch=39	global_step=39	acc=0.8750	acc_avg=0.8191	acc5=1.0000	acc5_avg=0.9911	loss=0.2594	loss_avg=0.5547	time=306.29it/s
2025-11-25 23:56:15,020 Eval Loss:0.5547	Eval acc: 81.91
2025-11-25 23:56:15,020 
2025-11-25 23:56:15,021 ====================Training Epoch 40====================
2025-11-25 23:56:15,218 epoch=40	global_step=15600	acc=0.8672	acc_avg=0.8672	loss=0.3722	loss_avg=0.3722	lr=0.0250	|gn|=2.2433	time=32.49it/s
2025-11-25 23:56:17,517 epoch=40	global_step=15700	acc=0.8906	acc_avg=0.8619	loss=0.3770	loss_avg=0.3950	lr=0.0250	|gn|=2.1773	time=44.50it/s
2025-11-25 23:56:19,829 epoch=40	global_step=15800	acc=0.8672	acc_avg=0.8582	loss=0.4112	loss_avg=0.4030	lr=0.0250	|gn|=2.2007	time=44.97it/s
2025-11-25 23:56:22,145 epoch=40	global_step=15900	acc=0.8047	acc_avg=0.8534	loss=0.5589	loss_avg=0.4162	lr=0.0250	|gn|=2.6668	time=44.98it/s
2025-11-25 23:56:24,213 ====================Eval Epoch 40====================
2025-11-25 23:56:25,244 epoch=40	global_step=39	acc=1.0000	acc_avg=0.8284	acc5=1.0000	acc5_avg=0.9883	loss=0.1666	loss_avg=0.5313	time=314.02it/s
2025-11-25 23:56:25,244 Eval Loss:0.5313	Eval acc: 82.84
2025-11-25 23:56:25,244 
2025-11-25 23:56:25,244 ====================Training Epoch 41====================
2025-11-25 23:56:25,666 epoch=41	global_step=16000	acc=0.9062	acc_avg=0.8835	loss=0.3720	loss_avg=0.3571	lr=0.0228	|gn|=1.9014	time=46.05it/s
2025-11-25 23:56:27,934 epoch=41	global_step=16100	acc=0.8516	acc_avg=0.8668	loss=0.4325	loss_avg=0.3840	lr=0.0228	|gn|=2.5395	time=47.99it/s
2025-11-25 23:56:30,213 epoch=41	global_step=16200	acc=0.8672	acc_avg=0.8665	loss=0.4347	loss_avg=0.3826	lr=0.0228	|gn|=2.4877	time=39.05it/s
2025-11-25 23:56:32,583 epoch=41	global_step=16300	acc=0.8750	acc_avg=0.8642	loss=0.3563	loss_avg=0.3900	lr=0.0228	|gn|=2.4100	time=41.20it/s
2025-11-25 23:56:34,498 ====================Eval Epoch 41====================
2025-11-25 23:56:35,568 epoch=41	global_step=39	acc=0.9375	acc_avg=0.8311	acc5=1.0000	acc5_avg=0.9907	loss=0.2159	loss_avg=0.5127	time=312.38it/s
2025-11-25 23:56:35,569 Eval Loss:0.5127	Eval acc: 83.11
2025-11-25 23:56:35,570 
2025-11-25 23:56:35,570 ====================Training Epoch 42====================
2025-11-25 23:56:36,253 epoch=42	global_step=16400	acc=0.8906	acc_avg=0.8683	loss=0.3075	loss_avg=0.3750	lr=0.0206	|gn|=2.0147	time=44.00it/s
2025-11-25 23:56:38,649 epoch=42	global_step=16500	acc=0.9141	acc_avg=0.8727	loss=0.2923	loss_avg=0.3651	lr=0.0206	|gn|=2.1067	time=42.55it/s
2025-11-25 23:56:40,997 epoch=42	global_step=16600	acc=0.8906	acc_avg=0.8723	loss=0.4230	loss_avg=0.3646	lr=0.0206	|gn|=2.5416	time=44.79it/s
2025-11-25 23:56:43,450 epoch=42	global_step=16700	acc=0.8516	acc_avg=0.8710	loss=0.4742	loss_avg=0.3667	lr=0.0206	|gn|=3.0543	time=41.90it/s
2025-11-25 23:56:45,187 ====================Eval Epoch 42====================
2025-11-25 23:56:46,226 epoch=42	global_step=39	acc=0.9375	acc_avg=0.8398	acc5=1.0000	acc5_avg=0.9925	loss=0.1283	loss_avg=0.4926	time=309.18it/s
2025-11-25 23:56:46,227 Eval Loss:0.4926	Eval acc: 83.98
2025-11-25 23:56:46,227 
2025-11-25 23:56:46,227 ====================Training Epoch 43====================
2025-11-25 23:56:47,144 epoch=43	global_step=16800	acc=0.9219	acc_avg=0.8886	loss=0.1985	loss_avg=0.3300	lr=0.0185	|gn|=1.8693	time=44.00it/s
2025-11-25 23:56:49,480 epoch=43	global_step=16900	acc=0.9219	acc_avg=0.8825	loss=0.2479	loss_avg=0.3335	lr=0.0185	|gn|=1.9608	time=44.58it/s
2025-11-25 23:56:51,772 epoch=43	global_step=17000	acc=0.8438	acc_avg=0.8790	loss=0.3688	loss_avg=0.3435	lr=0.0185	|gn|=2.8061	time=42.43it/s
2025-11-25 23:56:54,063 epoch=43	global_step=17100	acc=0.8828	acc_avg=0.8757	loss=0.3809	loss_avg=0.3510	lr=0.0185	|gn|=2.7340	time=44.74it/s
2025-11-25 23:56:55,480 ====================Eval Epoch 43====================
2025-11-25 23:56:56,523 epoch=43	global_step=39	acc=0.9375	acc_avg=0.8376	acc5=1.0000	acc5_avg=0.9904	loss=0.1631	loss_avg=0.5174	time=293.70it/s
2025-11-25 23:56:56,523 Eval Loss:0.5174	Eval acc: 83.76
2025-11-25 23:56:56,524 
2025-11-25 23:56:56,524 ====================Training Epoch 44====================
2025-11-25 23:56:57,757 epoch=44	global_step=17200	acc=0.9062	acc_avg=0.8901	loss=0.2263	loss_avg=0.3078	lr=0.0165	|gn|=2.0839	time=50.26it/s
2025-11-25 23:57:00,211 epoch=44	global_step=17300	acc=0.8516	acc_avg=0.8895	loss=0.3585	loss_avg=0.3126	lr=0.0165	|gn|=3.0282	time=41.97it/s
2025-11-25 23:57:02,718 epoch=44	global_step=17400	acc=0.9375	acc_avg=0.8885	loss=0.2571	loss_avg=0.3170	lr=0.0165	|gn|=2.4781	time=39.39it/s
2025-11-25 23:57:05,265 epoch=44	global_step=17500	acc=0.9141	acc_avg=0.8859	loss=0.2311	loss_avg=0.3239	lr=0.0165	|gn|=2.1814	time=40.08it/s
2025-11-25 23:57:06,538 ====================Eval Epoch 44====================
2025-11-25 23:57:07,601 epoch=44	global_step=39	acc=0.8125	acc_avg=0.8388	acc5=1.0000	acc5_avg=0.9921	loss=0.3358	loss_avg=0.5043	time=272.43it/s
2025-11-25 23:57:07,602 Eval Loss:0.5043	Eval acc: 83.88
2025-11-25 23:57:07,602 
2025-11-25 23:57:07,602 ====================Training Epoch 45====================
2025-11-25 23:57:09,113 epoch=45	global_step=17600	acc=0.9141	acc_avg=0.9010	loss=0.2226	loss_avg=0.2823	lr=0.0146	|gn|=2.1099	time=41.22it/s
2025-11-25 23:57:11,780 epoch=45	global_step=17700	acc=0.8984	acc_avg=0.9013	loss=0.2759	loss_avg=0.2842	lr=0.0146	|gn|=2.7802	time=38.26it/s
2025-11-25 23:57:14,509 epoch=45	global_step=17800	acc=0.8984	acc_avg=0.8985	loss=0.2692	loss_avg=0.2902	lr=0.0146	|gn|=2.7011	time=36.92it/s
2025-11-25 23:57:17,186 epoch=45	global_step=17900	acc=0.8984	acc_avg=0.8974	loss=0.2378	loss_avg=0.2915	lr=0.0146	|gn|=2.6401	time=38.45it/s
2025-11-25 23:57:18,256 ====================Eval Epoch 45====================
2025-11-25 23:57:19,315 epoch=45	global_step=39	acc=0.9375	acc_avg=0.8392	acc5=1.0000	acc5_avg=0.9942	loss=0.2173	loss_avg=0.5177	time=296.33it/s
2025-11-25 23:57:19,315 Eval Loss:0.5177	Eval acc: 83.92
2025-11-25 23:57:19,316 
2025-11-25 23:57:19,316 ====================Training Epoch 46====================
2025-11-25 23:57:20,920 epoch=46	global_step=18000	acc=0.8906	acc_avg=0.9077	loss=0.2667	loss_avg=0.2661	lr=0.0128	|gn|=2.8959	time=47.83it/s
2025-11-25 23:57:23,205 epoch=46	global_step=18100	acc=0.9219	acc_avg=0.9094	loss=0.2627	loss_avg=0.2654	lr=0.0128	|gn|=2.7432	time=49.77it/s
2025-11-25 23:57:25,442 epoch=46	global_step=18200	acc=0.9062	acc_avg=0.9073	loss=0.2900	loss_avg=0.2687	lr=0.0128	|gn|=2.6557	time=47.77it/s
2025-11-25 23:57:27,838 epoch=46	global_step=18300	acc=0.9062	acc_avg=0.9043	loss=0.2206	loss_avg=0.2740	lr=0.0128	|gn|=2.5049	time=33.32it/s
2025-11-25 23:57:28,542 ====================Eval Epoch 46====================
2025-11-25 23:57:29,582 epoch=46	global_step=39	acc=0.9375	acc_avg=0.8457	acc5=1.0000	acc5_avg=0.9927	loss=0.2488	loss_avg=0.5049	time=312.89it/s
2025-11-25 23:57:29,582 Eval Loss:0.5049	Eval acc: 84.57
2025-11-25 23:57:29,583 
2025-11-25 23:57:29,583 ====================Training Epoch 47====================
2025-11-25 23:57:31,390 epoch=47	global_step=18400	acc=0.9297	acc_avg=0.9181	loss=0.1744	loss_avg=0.2420	lr=0.0111	|gn|=2.3990	time=45.82it/s
2025-11-25 23:57:33,670 epoch=47	global_step=18500	acc=0.9297	acc_avg=0.9159	loss=0.2419	loss_avg=0.2449	lr=0.0111	|gn|=2.6914	time=42.60it/s
2025-11-25 23:57:35,883 epoch=47	global_step=18600	acc=0.9219	acc_avg=0.9128	loss=0.2069	loss_avg=0.2492	lr=0.0111	|gn|=2.4658	time=45.38it/s
2025-11-25 23:57:38,049 epoch=47	global_step=18700	acc=0.9062	acc_avg=0.9121	loss=0.2610	loss_avg=0.2516	lr=0.0111	|gn|=2.8439	time=48.82it/s
2025-11-25 23:57:38,534 ====================Eval Epoch 47====================
2025-11-25 23:57:39,572 epoch=47	global_step=39	acc=0.8750	acc_avg=0.8516	acc5=1.0000	acc5_avg=0.9929	loss=0.2747	loss_avg=0.4852	time=310.34it/s
2025-11-25 23:57:39,572 Eval Loss:0.4852	Eval acc: 85.16
2025-11-25 23:57:39,573 
2025-11-25 23:57:39,573 ====================Training Epoch 48====================
2025-11-25 23:57:41,720 epoch=48	global_step=18800	acc=0.9531	acc_avg=0.9250	loss=0.1436	loss_avg=0.2155	lr=0.0095	|gn|=2.3368	time=36.88it/s
2025-11-25 23:57:44,202 epoch=48	global_step=18900	acc=0.9375	acc_avg=0.9253	loss=0.1951	loss_avg=0.2145	lr=0.0095	|gn|=2.6435	time=44.57it/s
2025-11-25 23:57:46,650 epoch=48	global_step=19000	acc=0.9062	acc_avg=0.9251	loss=0.1792	loss_avg=0.2128	lr=0.0095	|gn|=2.8443	time=44.37it/s
2025-11-25 23:57:49,083 epoch=48	global_step=19100	acc=0.9297	acc_avg=0.9251	loss=0.1855	loss_avg=0.2153	lr=0.0095	|gn|=3.0373	time=46.15it/s
2025-11-25 23:57:49,333 ====================Eval Epoch 48====================
2025-11-25 23:57:50,353 epoch=48	global_step=39	acc=0.9375	acc_avg=0.8414	acc5=1.0000	acc5_avg=0.9911	loss=0.1479	loss_avg=0.5365	time=316.74it/s
2025-11-25 23:57:50,353 Eval Loss:0.5365	Eval acc: 84.14
2025-11-25 23:57:50,354 
2025-11-25 23:57:50,354 ====================Training Epoch 49====================
2025-11-25 23:57:52,673 epoch=49	global_step=19200	acc=0.9453	acc_avg=0.9305	loss=0.1237	loss_avg=0.1954	lr=0.0081	|gn|=2.4335	time=38.89it/s
2025-11-25 23:57:55,046 epoch=49	global_step=19300	acc=0.9297	acc_avg=0.9317	loss=0.1613	loss_avg=0.1933	lr=0.0081	|gn|=3.0570	time=43.59it/s
2025-11-25 23:57:57,374 epoch=49	global_step=19400	acc=0.9375	acc_avg=0.9311	loss=0.1396	loss_avg=0.1960	lr=0.0081	|gn|=2.5473	time=49.63it/s
2025-11-25 23:57:59,704 ====================Eval Epoch 49====================
2025-11-25 23:58:00,777 epoch=49	global_step=39	acc=1.0000	acc_avg=0.8461	acc5=1.0000	acc5_avg=0.9926	loss=0.0494	loss_avg=0.5242	time=309.41it/s
2025-11-25 23:58:00,777 Eval Loss:0.5242	Eval acc: 84.61
2025-11-25 23:58:00,778 
2025-11-25 23:58:00,778 ====================Training Epoch 50====================
2025-11-25 23:58:00,984 epoch=50	global_step=19500	acc=0.9688	acc_avg=0.9688	loss=0.0935	loss_avg=0.0935	lr=0.0067	|gn|=1.9753	time=30.09it/s
2025-11-25 23:58:03,338 epoch=50	global_step=19600	acc=0.8984	acc_avg=0.9407	loss=0.2563	loss_avg=0.1707	lr=0.0067	|gn|=3.5718	time=46.52it/s
2025-11-25 23:58:05,584 epoch=50	global_step=19700	acc=0.9062	acc_avg=0.9420	loss=0.2335	loss_avg=0.1706	lr=0.0067	|gn|=3.4698	time=46.97it/s
2025-11-25 23:58:07,777 epoch=50	global_step=19800	acc=0.9297	acc_avg=0.9414	loss=0.2129	loss_avg=0.1710	lr=0.0067	|gn|=3.4347	time=48.22it/s
2025-11-25 23:58:09,875 ====================Eval Epoch 50====================
2025-11-25 23:58:10,882 epoch=50	global_step=39	acc=0.9375	acc_avg=0.8466	acc5=1.0000	acc5_avg=0.9927	loss=0.1702	loss_avg=0.5121	time=314.42it/s
2025-11-25 23:58:10,883 Eval Loss:0.5121	Eval acc: 84.66
2025-11-25 23:58:10,883 
2025-11-25 23:58:10,883 ====================Training Epoch 51====================
2025-11-25 23:58:11,305 epoch=51	global_step=19900	acc=0.9531	acc_avg=0.9396	loss=0.1141	loss_avg=0.1735	lr=0.0054	|gn|=2.5312	time=44.52it/s
2025-11-25 23:58:13,591 epoch=51	global_step=20000	acc=0.9531	acc_avg=0.9481	loss=0.1716	loss_avg=0.1452	lr=0.0054	|gn|=3.3724	time=45.46it/s
2025-11-25 23:58:15,904 epoch=51	global_step=20100	acc=0.9453	acc_avg=0.9475	loss=0.1659	loss_avg=0.1458	lr=0.0054	|gn|=3.2853	time=48.98it/s
2025-11-25 23:58:18,247 epoch=51	global_step=20200	acc=0.9609	acc_avg=0.9483	loss=0.1584	loss_avg=0.1471	lr=0.0054	|gn|=2.9516	time=40.22it/s
2025-11-25 23:58:20,134 ====================Eval Epoch 51====================
2025-11-25 23:58:21,161 epoch=51	global_step=39	acc=0.8750	acc_avg=0.8462	acc5=1.0000	acc5_avg=0.9915	loss=0.1839	loss_avg=0.5500	time=319.01it/s
2025-11-25 23:58:21,161 Eval Loss:0.5500	Eval acc: 84.62
2025-11-25 23:58:21,161 
2025-11-25 23:58:21,162 ====================Training Epoch 52====================
2025-11-25 23:58:21,811 epoch=52	global_step=20300	acc=0.9688	acc_avg=0.9513	loss=0.1278	loss_avg=0.1389	lr=0.0043	|gn|=2.7550	time=49.43it/s
2025-11-25 23:58:24,093 epoch=52	global_step=20400	acc=0.9609	acc_avg=0.9579	loss=0.1212	loss_avg=0.1292	lr=0.0043	|gn|=2.4934	time=45.41it/s
2025-11-25 23:58:26,355 epoch=52	global_step=20500	acc=0.9531	acc_avg=0.9574	loss=0.1061	loss_avg=0.1281	lr=0.0043	|gn|=3.0612	time=46.61it/s
2025-11-25 23:58:28,621 epoch=52	global_step=20600	acc=0.9531	acc_avg=0.9561	loss=0.1167	loss_avg=0.1294	lr=0.0043	|gn|=3.2063	time=45.24it/s
2025-11-25 23:58:30,222 ====================Eval Epoch 52====================
2025-11-25 23:58:31,237 epoch=52	global_step=39	acc=0.9375	acc_avg=0.8564	acc5=1.0000	acc5_avg=0.9926	loss=0.1404	loss_avg=0.5087	time=313.08it/s
2025-11-25 23:58:31,238 Eval Loss:0.5087	Eval acc: 85.64
2025-11-25 23:58:31,238 
2025-11-25 23:58:31,238 ====================Training Epoch 53====================
2025-11-25 23:58:32,173 epoch=53	global_step=20700	acc=0.9766	acc_avg=0.9609	loss=0.0695	loss_avg=0.1111	lr=0.0033	|gn|=2.2825	time=44.79it/s
2025-11-25 23:58:34,573 epoch=53	global_step=20800	acc=0.9609	acc_avg=0.9647	loss=0.1300	loss_avg=0.1076	lr=0.0033	|gn|=2.8178	time=43.37it/s
2025-11-25 23:58:36,998 epoch=53	global_step=20900	acc=1.0000	acc_avg=0.9640	loss=0.0362	loss_avg=0.1096	lr=0.0033	|gn|=1.1793	time=46.03it/s
2025-11-25 23:58:39,487 epoch=53	global_step=21000	acc=0.9609	acc_avg=0.9640	loss=0.1812	loss_avg=0.1087	lr=0.0033	|gn|=3.3897	time=47.48it/s
2025-11-25 23:58:40,924 ====================Eval Epoch 53====================
2025-11-25 23:58:41,969 epoch=53	global_step=39	acc=0.8750	acc_avg=0.8624	acc5=1.0000	acc5_avg=0.9923	loss=0.1291	loss_avg=0.5023	time=312.73it/s
2025-11-25 23:58:41,969 Eval Loss:0.5023	Eval acc: 86.24
2025-11-25 23:58:41,969 
2025-11-25 23:58:41,969 ====================Training Epoch 54====================
2025-11-25 23:58:43,119 epoch=54	global_step=21100	acc=0.9766	acc_avg=0.9684	loss=0.0790	loss_avg=0.0893	lr=0.0024	|gn|=2.6267	time=46.49it/s
2025-11-25 23:58:45,495 epoch=54	global_step=21200	acc=0.9922	acc_avg=0.9685	loss=0.0621	loss_avg=0.0936	lr=0.0024	|gn|=1.9041	time=45.20it/s
2025-11-25 23:58:47,747 epoch=54	global_step=21300	acc=0.9766	acc_avg=0.9693	loss=0.1101	loss_avg=0.0943	lr=0.0024	|gn|=2.5447	time=42.39it/s
2025-11-25 23:58:49,994 epoch=54	global_step=21400	acc=0.9531	acc_avg=0.9696	loss=0.1244	loss_avg=0.0943	lr=0.0024	|gn|=3.1435	time=48.93it/s
2025-11-25 23:58:51,192 ====================Eval Epoch 54====================
2025-11-25 23:58:52,226 epoch=54	global_step=39	acc=0.9375	acc_avg=0.8561	acc5=1.0000	acc5_avg=0.9924	loss=0.1534	loss_avg=0.5308	time=309.57it/s
2025-11-25 23:58:52,226 Eval Loss:0.5308	Eval acc: 85.61
2025-11-25 23:58:52,227 
2025-11-25 23:58:52,227 ====================Training Epoch 55====================
2025-11-25 23:58:53,557 epoch=55	global_step=21500	acc=1.0000	acc_avg=0.9753	loss=0.0461	loss_avg=0.0828	lr=0.0017	|gn|=1.6888	time=48.77it/s
2025-11-25 23:58:55,828 epoch=55	global_step=21600	acc=0.9375	acc_avg=0.9731	loss=0.1219	loss_avg=0.0865	lr=0.0017	|gn|=3.6064	time=41.35it/s
2025-11-25 23:58:58,100 epoch=55	global_step=21700	acc=0.9844	acc_avg=0.9734	loss=0.0767	loss_avg=0.0857	lr=0.0017	|gn|=2.6070	time=47.65it/s
2025-11-25 23:59:00,405 epoch=55	global_step=21800	acc=1.0000	acc_avg=0.9735	loss=0.0363	loss_avg=0.0855	lr=0.0017	|gn|=1.2239	time=44.99it/s
2025-11-25 23:59:01,341 ====================Eval Epoch 55====================
2025-11-25 23:59:02,378 epoch=55	global_step=39	acc=1.0000	acc_avg=0.8591	acc5=1.0000	acc5_avg=0.9921	loss=0.0515	loss_avg=0.5147	time=313.01it/s
2025-11-25 23:59:02,378 Eval Loss:0.5147	Eval acc: 85.91
2025-11-25 23:59:02,378 
2025-11-25 23:59:02,378 ====================Training Epoch 56====================
2025-11-25 23:59:03,998 epoch=56	global_step=21900	acc=0.9922	acc_avg=0.9773	loss=0.0520	loss_avg=0.0789	lr=0.0011	|gn|=1.9319	time=46.38it/s
2025-11-25 23:59:06,324 epoch=56	global_step=22000	acc=0.9766	acc_avg=0.9762	loss=0.0874	loss_avg=0.0778	lr=0.0011	|gn|=2.7305	time=43.82it/s
2025-11-25 23:59:08,670 epoch=56	global_step=22100	acc=0.9609	acc_avg=0.9764	loss=0.0930	loss_avg=0.0768	lr=0.0011	|gn|=2.7041	time=43.71it/s
2025-11-25 23:59:11,045 epoch=56	global_step=22200	acc=0.9609	acc_avg=0.9769	loss=0.0985	loss_avg=0.0761	lr=0.0011	|gn|=3.0959	time=43.82it/s
2025-11-25 23:59:11,767 ====================Eval Epoch 56====================
2025-11-25 23:59:12,786 epoch=56	global_step=39	acc=0.9375	acc_avg=0.8600	acc5=1.0000	acc5_avg=0.9925	loss=0.0665	loss_avg=0.5124	time=311.71it/s
2025-11-25 23:59:12,787 Eval Loss:0.5124	Eval acc: 86.00
2025-11-25 23:59:12,787 
2025-11-25 23:59:12,787 ====================Training Epoch 57====================
2025-11-25 23:59:14,577 epoch=57	global_step=22300	acc=0.9688	acc_avg=0.9747	loss=0.0890	loss_avg=0.0777	lr=0.0006	|gn|=3.1511	time=46.34it/s
2025-11-25 23:59:16,870 epoch=57	global_step=22400	acc=0.9844	acc_avg=0.9776	loss=0.0657	loss_avg=0.0726	lr=0.0006	|gn|=2.3311	time=48.42it/s
2025-11-25 23:59:19,254 epoch=57	global_step=22500	acc=0.9844	acc_avg=0.9779	loss=0.0722	loss_avg=0.0717	lr=0.0006	|gn|=2.7670	time=48.46it/s
2025-11-25 23:59:21,557 epoch=57	global_step=22600	acc=0.9766	acc_avg=0.9783	loss=0.0522	loss_avg=0.0709	lr=0.0006	|gn|=2.2517	time=50.06it/s
2025-11-25 23:59:22,038 ====================Eval Epoch 57====================
2025-11-25 23:59:23,060 epoch=57	global_step=39	acc=0.9375	acc_avg=0.8620	acc5=1.0000	acc5_avg=0.9924	loss=0.0714	loss_avg=0.5065	time=312.63it/s
2025-11-25 23:59:23,060 Eval Loss:0.5065	Eval acc: 86.20
2025-11-25 23:59:23,061 
2025-11-25 23:59:23,061 ====================Training Epoch 58====================
2025-11-25 23:59:25,203 epoch=58	global_step=22700	acc=1.0000	acc_avg=0.9815	loss=0.0295	loss_avg=0.0665	lr=0.0003	|gn|=1.3255	time=45.97it/s
2025-11-25 23:59:27,546 epoch=58	global_step=22800	acc=0.9922	acc_avg=0.9792	loss=0.0575	loss_avg=0.0695	lr=0.0003	|gn|=2.2440	time=45.53it/s
2025-11-25 23:59:29,833 epoch=58	global_step=22900	acc=0.9609	acc_avg=0.9788	loss=0.1430	loss_avg=0.0693	lr=0.0003	|gn|=3.9348	time=45.65it/s
2025-11-25 23:59:32,121 epoch=58	global_step=23000	acc=0.9844	acc_avg=0.9786	loss=0.0862	loss_avg=0.0691	lr=0.0003	|gn|=3.3200	time=44.05it/s
2025-11-25 23:59:32,371 ====================Eval Epoch 58====================
2025-11-25 23:59:33,408 epoch=58	global_step=39	acc=0.9375	acc_avg=0.8597	acc5=1.0000	acc5_avg=0.9923	loss=0.1509	loss_avg=0.5181	time=314.51it/s
2025-11-25 23:59:33,409 Eval Loss:0.5181	Eval acc: 85.97
2025-11-25 23:59:33,409 
2025-11-25 23:59:33,409 ====================Training Epoch 59====================
2025-11-25 23:59:35,677 epoch=59	global_step=23100	acc=0.9844	acc_avg=0.9778	loss=0.0526	loss_avg=0.0679	lr=0.0001	|gn|=1.9216	time=43.06it/s
2025-11-25 23:59:37,936 epoch=59	global_step=23200	acc=0.9844	acc_avg=0.9776	loss=0.0623	loss_avg=0.0679	lr=0.0001	|gn|=2.6794	time=46.54it/s
2025-11-25 23:59:40,210 epoch=59	global_step=23300	acc=0.9688	acc_avg=0.9782	loss=0.0790	loss_avg=0.0680	lr=0.0001	|gn|=2.6652	time=43.17it/s
2025-11-25 23:59:42,520 ====================Eval Epoch 59====================
2025-11-25 23:59:43,550 epoch=59	global_step=39	acc=1.0000	acc_avg=0.8584	acc5=1.0000	acc5_avg=0.9923	loss=0.0614	loss_avg=0.5197	time=310.51it/s
2025-11-25 23:59:43,551 Eval Loss:0.5197	Eval acc: 85.84
2025-11-25 23:59:43,553 Running Cost 0.01 Days 

