2025-11-25 23:49:08,771 PyTorch Version: 2.6.0
2025-11-25 23:49:08,792 GPU List: ['NVIDIA L40S']
2025-11-25 23:49:08,797 num_classes: 10
2025-11-25 23:49:08,797 epochs: 60
2025-11-25 23:49:08,797 grad_clip: 5.0
2025-11-25 23:49:08,797 log_frequency: 100
2025-11-25 23:49:08,797 model: {'name': 'ResNet18', 'num_classes': 10}
2025-11-25 23:49:08,797 criterion: {'name': 'CrossEntropyLoss'}
2025-11-25 23:49:08,797 optimizer: {'name': 'SGD', 'lr': 0.1, 'weight_decay': 0.0005, 'momentum': 0.9}
2025-11-25 23:49:08,797 scheduler: {'name': 'CosineAnnealingLR', 'T_max': 60, 'eta_min': 0.0}
2025-11-25 23:49:08,797 dataset: {'name': 'DatasetGenerator', 'train_batch_size': 512, 'eval_batch_size': 512}
2025-11-25 23:49:08,799 seed: 0
2025-11-25 23:49:08,799 version: resnet18
2025-11-25 23:49:08,799 exp_name: experiment/classwise/model_training2025-11-25 23:49:08.767761
2025-11-25 23:49:08,799 config_path: configs/cifar10
2025-11-25 23:49:08,799 load_model: False
2025-11-25 23:49:08,799 data_parallel: False
2025-11-25 23:49:08,799 train: True
2025-11-25 23:49:08,799 save_frequency: -1
2025-11-25 23:49:08,799 train_face: False
2025-11-25 23:49:08,799 train_portion: 1.0
2025-11-25 23:49:08,799 train_batch_size: 128
2025-11-25 23:49:08,799 eval_batch_size: 256
2025-11-25 23:49:08,799 num_of_workers: 6
2025-11-25 23:49:08,799 train_data_type: CIFAR10
2025-11-25 23:49:08,799 test_data_type: CIFAR10
2025-11-25 23:49:08,799 train_data_path: ../dataset
2025-11-25 23:49:08,799 test_data_path: ../dataset
2025-11-25 23:49:08,799 perturb_type: classwise
2025-11-25 23:49:08,799 patch_location: center
2025-11-25 23:49:08,799 poison_rate: 1.0
2025-11-25 23:49:08,800 perturb_tensor_filepath: None
2025-11-25 23:49:08,800 generator_filepath: ./LSP/cifar10_samplewise_saved_perturbation.pt
2025-11-25 23:49:08,800 use_generator: False
2025-11-25 23:49:08,800 gue: False
2025-11-25 23:49:08,800 filter_type: low
2025-11-25 23:49:08,800 cutoff: 0.5
2025-11-25 23:49:08,800 image_size: 32
2025-11-25 23:49:08,800 img_denoise: 20
2025-11-25 23:49:08,800 jpeg_defense: True
2025-11-25 23:49:15,481 Training Dataset: Dataset CIFAR10
    Number of datapoints: 50000
    Root location: ../dataset
    Split: Train
    StandardTransform
Transform: Compose(
               RandomCrop(size=(32, 32), padding=4)
               RandomHorizontalFlip(p=0.5)
               RandomRotation(degrees=[-10.0, 10.0], interpolation=nearest, expand=False, fill=0)
               ToTensor()
           )
2025-11-25 23:49:15,481 Test Dataset: Dataset CIFAR10
    Number of datapoints: 10000
    Root location: ../dataset
    Split: Test
    StandardTransform
Transform: Compose(
               ToTensor()
           )
2025-11-25 23:49:15,754 param size = 13.682862MB
2025-11-25 23:49:15,756 
2025-11-25 23:49:15,756 ====================Training Epoch 0====================
------Using JPEG compression as defense for clean CIFAR10 train------
train_dataset
2025-11-25 23:49:17,085 epoch=0	global_step=0	acc=0.1250	acc_avg=0.1250	loss=2.3771	loss_avg=2.3771	lr=0.1000	|gn|=7.4495	time=1.06it/s
2025-11-25 23:49:19,731 epoch=0	global_step=100	acc=0.3047	acc_avg=0.2324	loss=1.8505	loss_avg=2.2606	lr=0.1000	|gn|=0.8416	time=37.93it/s
2025-11-25 23:49:22,434 epoch=0	global_step=200	acc=0.3516	acc_avg=0.2826	loss=1.6036	loss_avg=2.0226	lr=0.1000	|gn|=0.6801	time=38.73it/s
2025-11-25 23:49:25,036 epoch=0	global_step=300	acc=0.3906	acc_avg=0.3086	loss=1.6379	loss_avg=1.9162	lr=0.1000	|gn|=1.1788	time=37.61it/s
2025-11-25 23:49:27,472 ====================Eval Epoch 0====================
2025-11-25 23:49:28,907 epoch=0	global_step=39	acc=0.4375	acc_avg=0.3960	acc5=0.8750	acc5_avg=0.9057	loss=1.5840	loss_avg=1.6416	time=15.16it/s
2025-11-25 23:49:28,907 Eval Loss:1.6416	Eval acc: 39.60
2025-11-25 23:49:28,908 
2025-11-25 23:49:28,908 ====================Training Epoch 1====================
2025-11-25 23:49:29,419 epoch=1	global_step=400	acc=0.3984	acc_avg=0.4098	loss=1.5459	loss_avg=1.5888	lr=0.0999	|gn|=0.7371	time=40.49it/s
2025-11-25 23:49:31,990 epoch=1	global_step=500	acc=0.3984	acc_avg=0.4179	loss=1.4637	loss_avg=1.5612	lr=0.0999	|gn|=0.7931	time=41.06it/s
2025-11-25 23:49:34,636 epoch=1	global_step=600	acc=0.5000	acc_avg=0.4297	loss=1.3920	loss_avg=1.5390	lr=0.0999	|gn|=0.8996	time=38.05it/s
2025-11-25 23:49:37,287 epoch=1	global_step=700	acc=0.4922	acc_avg=0.4441	loss=1.4341	loss_avg=1.5104	lr=0.0999	|gn|=0.9205	time=40.20it/s
2025-11-25 23:49:39,386 ====================Eval Epoch 1====================
2025-11-25 23:49:40,621 epoch=1	global_step=39	acc=0.3125	acc_avg=0.5165	acc5=1.0000	acc5_avg=0.9410	loss=1.3641	loss_avg=1.3445	time=244.79it/s
2025-11-25 23:49:40,622 Eval Loss:1.3445	Eval acc: 51.65
2025-11-25 23:49:40,622 
2025-11-25 23:49:40,622 ====================Training Epoch 2====================
2025-11-25 23:49:41,394 epoch=2	global_step=800	acc=0.4922	acc_avg=0.5156	loss=1.3228	loss_avg=1.3539	lr=0.0997	|gn|=0.9388	time=39.86it/s
2025-11-25 23:49:44,027 epoch=2	global_step=900	acc=0.5859	acc_avg=0.5140	loss=1.2450	loss_avg=1.3523	lr=0.0997	|gn|=0.9730	time=39.68it/s
2025-11-25 23:49:46,663 epoch=2	global_step=1000	acc=0.4922	acc_avg=0.5170	loss=1.3115	loss_avg=1.3389	lr=0.0997	|gn|=1.0734	time=43.73it/s
2025-11-25 23:49:49,264 epoch=2	global_step=1100	acc=0.5859	acc_avg=0.5249	loss=1.2144	loss_avg=1.3191	lr=0.0997	|gn|=1.0606	time=38.73it/s
2025-11-25 23:49:51,130 ====================Eval Epoch 2====================
2025-11-25 23:49:52,296 epoch=2	global_step=39	acc=0.7500	acc_avg=0.5685	acc5=1.0000	acc5_avg=0.9523	loss=0.7126	loss_avg=1.2261	time=246.71it/s
2025-11-25 23:49:52,297 Eval Loss:1.2261	Eval acc: 56.85
2025-11-25 23:49:52,297 
2025-11-25 23:49:52,297 ====================Training Epoch 3====================
2025-11-25 23:49:53,331 epoch=3	global_step=1200	acc=0.5703	acc_avg=0.5628	loss=1.1290	loss_avg=1.2231	lr=0.0994	|gn|=0.9502	time=39.95it/s
2025-11-25 23:49:55,817 epoch=3	global_step=1300	acc=0.6250	acc_avg=0.5696	loss=1.0659	loss_avg=1.2088	lr=0.0994	|gn|=0.9408	time=43.43it/s
2025-11-25 23:49:58,323 epoch=3	global_step=1400	acc=0.5781	acc_avg=0.5698	loss=1.1160	loss_avg=1.2056	lr=0.0994	|gn|=1.0986	time=39.21it/s
2025-11-25 23:50:00,809 epoch=3	global_step=1500	acc=0.5938	acc_avg=0.5717	loss=1.1080	loss_avg=1.1947	lr=0.0994	|gn|=0.8664	time=39.20it/s
2025-11-25 23:50:02,402 ====================Eval Epoch 3====================
2025-11-25 23:50:03,519 epoch=3	global_step=39	acc=0.8125	acc_avg=0.6462	acc5=1.0000	acc5_avg=0.9705	loss=0.6196	loss_avg=0.9970	time=272.69it/s
2025-11-25 23:50:03,520 Eval Loss:0.9970	Eval acc: 64.62
2025-11-25 23:50:03,520 
2025-11-25 23:50:03,520 ====================Training Epoch 4====================
2025-11-25 23:50:04,813 epoch=4	global_step=1600	acc=0.5469	acc_avg=0.5983	loss=1.1848	loss_avg=1.1117	lr=0.0989	|gn|=1.1712	time=40.04it/s
2025-11-25 23:50:07,285 epoch=4	global_step=1700	acc=0.6016	acc_avg=0.6085	loss=1.1478	loss_avg=1.0987	lr=0.0989	|gn|=1.1669	time=42.96it/s
2025-11-25 23:50:09,765 epoch=4	global_step=1800	acc=0.6250	acc_avg=0.6085	loss=1.1566	loss_avg=1.1035	lr=0.0989	|gn|=1.0847	time=44.01it/s
2025-11-25 23:50:12,340 epoch=4	global_step=1900	acc=0.6328	acc_avg=0.6116	loss=1.1244	loss_avg=1.0979	lr=0.0989	|gn|=1.0521	time=40.25it/s
2025-11-25 23:50:13,642 ====================Eval Epoch 4====================
2025-11-25 23:50:14,755 epoch=4	global_step=39	acc=0.7500	acc_avg=0.6807	acc5=1.0000	acc5_avg=0.9743	loss=0.7109	loss_avg=0.9102	time=267.03it/s
2025-11-25 23:50:14,756 Eval Loss:0.9102	Eval acc: 68.07
2025-11-25 23:50:14,756 
2025-11-25 23:50:14,756 ====================Training Epoch 5====================
2025-11-25 23:50:16,245 epoch=5	global_step=2000	acc=0.6875	acc_avg=0.6224	loss=0.8948	loss_avg=1.0564	lr=0.0983	|gn|=1.0215	time=40.03it/s
2025-11-25 23:50:18,801 epoch=5	global_step=2100	acc=0.6250	acc_avg=0.6272	loss=1.0987	loss_avg=1.0502	lr=0.0983	|gn|=1.0858	time=40.48it/s
2025-11-25 23:50:21,366 epoch=5	global_step=2200	acc=0.6641	acc_avg=0.6302	loss=1.0337	loss_avg=1.0419	lr=0.0983	|gn|=0.9419	time=40.05it/s
2025-11-25 23:50:23,922 epoch=5	global_step=2300	acc=0.7109	acc_avg=0.6317	loss=0.9041	loss_avg=1.0349	lr=0.0983	|gn|=0.9307	time=39.69it/s
2025-11-25 23:50:24,965 ====================Eval Epoch 5====================
2025-11-25 23:50:26,083 epoch=5	global_step=39	acc=0.7500	acc_avg=0.6815	acc5=1.0000	acc5_avg=0.9721	loss=0.5055	loss_avg=0.9089	time=269.82it/s
2025-11-25 23:50:26,083 Eval Loss:0.9089	Eval acc: 68.15
2025-11-25 23:50:26,083 
2025-11-25 23:50:26,083 ====================Training Epoch 6====================
2025-11-25 23:50:27,861 epoch=6	global_step=2400	acc=0.6641	acc_avg=0.6315	loss=1.0038	loss_avg=1.0280	lr=0.0976	|gn|=1.0046	time=39.12it/s
2025-11-25 23:50:30,336 epoch=6	global_step=2500	acc=0.6250	acc_avg=0.6439	loss=0.9248	loss_avg=0.9973	lr=0.0976	|gn|=1.0442	time=43.48it/s
2025-11-25 23:50:32,863 epoch=6	global_step=2600	acc=0.6250	acc_avg=0.6456	loss=1.1386	loss_avg=0.9979	lr=0.0976	|gn|=1.1664	time=40.41it/s
2025-11-25 23:50:35,421 epoch=6	global_step=2700	acc=0.7500	acc_avg=0.6492	loss=0.8628	loss_avg=0.9901	lr=0.0976	|gn|=0.9616	time=40.04it/s
2025-11-25 23:50:36,215 ====================Eval Epoch 6====================
2025-11-25 23:50:37,363 epoch=6	global_step=39	acc=0.7500	acc_avg=0.6930	acc5=1.0000	acc5_avg=0.9792	loss=0.6204	loss_avg=0.8706	time=253.31it/s
2025-11-25 23:50:37,364 Eval Loss:0.8706	Eval acc: 69.30
2025-11-25 23:50:37,364 
2025-11-25 23:50:37,364 ====================Training Epoch 7====================
2025-11-25 23:50:39,475 epoch=7	global_step=2800	acc=0.6953	acc_avg=0.6605	loss=0.8431	loss_avg=0.9566	lr=0.0967	|gn|=1.0253	time=38.49it/s
2025-11-25 23:50:42,056 epoch=7	global_step=2900	acc=0.6875	acc_avg=0.6614	loss=0.9407	loss_avg=0.9539	lr=0.0967	|gn|=1.1931	time=40.06it/s
2025-11-25 23:50:44,601 epoch=7	global_step=3000	acc=0.6875	acc_avg=0.6642	loss=0.9094	loss_avg=0.9517	lr=0.0967	|gn|=1.1338	time=40.60it/s
2025-11-25 23:50:47,157 epoch=7	global_step=3100	acc=0.6953	acc_avg=0.6638	loss=0.8696	loss_avg=0.9525	lr=0.0967	|gn|=1.1168	time=40.56it/s
2025-11-25 23:50:47,691 ====================Eval Epoch 7====================
2025-11-25 23:50:48,814 epoch=7	global_step=39	acc=0.6875	acc_avg=0.7116	acc5=1.0000	acc5_avg=0.9796	loss=0.8127	loss_avg=0.8278	time=271.18it/s
2025-11-25 23:50:48,814 Eval Loss:0.8278	Eval acc: 71.16
2025-11-25 23:50:48,814 
2025-11-25 23:50:48,815 ====================Training Epoch 8====================
2025-11-25 23:50:51,002 epoch=8	global_step=3200	acc=0.7422	acc_avg=0.6675	loss=0.8427	loss_avg=0.9337	lr=0.0957	|gn|=1.1171	time=39.12it/s
2025-11-25 23:50:53,644 epoch=8	global_step=3300	acc=0.7422	acc_avg=0.6699	loss=0.8490	loss_avg=0.9380	lr=0.0957	|gn|=1.1418	time=39.72it/s
2025-11-25 23:50:56,219 epoch=8	global_step=3400	acc=0.7188	acc_avg=0.6688	loss=0.9033	loss_avg=0.9395	lr=0.0957	|gn|=1.1080	time=40.56it/s
2025-11-25 23:50:58,780 epoch=8	global_step=3500	acc=0.7109	acc_avg=0.6700	loss=0.8683	loss_avg=0.9368	lr=0.0957	|gn|=1.0900	time=41.00it/s
2025-11-25 23:50:59,057 ====================Eval Epoch 8====================
2025-11-25 23:51:00,181 epoch=8	global_step=39	acc=0.8750	acc_avg=0.7078	acc5=1.0000	acc5_avg=0.9764	loss=0.4259	loss_avg=0.8519	time=269.85it/s
2025-11-25 23:51:00,182 Eval Loss:0.8519	Eval acc: 70.78
2025-11-25 23:51:00,182 
2025-11-25 23:51:00,182 ====================Training Epoch 9====================
2025-11-25 23:51:02,614 epoch=9	global_step=3600	acc=0.6328	acc_avg=0.6739	loss=1.0181	loss_avg=0.9141	lr=0.0946	|gn|=1.2732	time=44.38it/s
2025-11-25 23:51:05,154 epoch=9	global_step=3700	acc=0.7109	acc_avg=0.6759	loss=0.7677	loss_avg=0.9163	lr=0.0946	|gn|=1.0495	time=40.18it/s
2025-11-25 23:51:07,735 epoch=9	global_step=3800	acc=0.6953	acc_avg=0.6761	loss=0.8114	loss_avg=0.9152	lr=0.0946	|gn|=1.1229	time=40.34it/s
2025-11-25 23:51:10,332 ====================Eval Epoch 9====================
2025-11-25 23:51:11,452 epoch=9	global_step=39	acc=0.7500	acc_avg=0.7265	acc5=1.0000	acc5_avg=0.9771	loss=0.4606	loss_avg=0.7983	time=271.88it/s
2025-11-25 23:51:11,453 Eval Loss:0.7983	Eval acc: 72.65
2025-11-25 23:51:11,453 
2025-11-25 23:51:11,453 ====================Training Epoch 10====================
2025-11-25 23:51:11,699 epoch=10	global_step=3900	acc=0.7500	acc_avg=0.7500	loss=0.7333	loss_avg=0.7333	lr=0.0933	|gn|=1.0982	time=22.84it/s
2025-11-25 23:51:14,319 epoch=10	global_step=4000	acc=0.6875	acc_avg=0.6824	loss=0.9012	loss_avg=0.9025	lr=0.0933	|gn|=1.2189	time=39.75it/s
2025-11-25 23:51:16,951 epoch=10	global_step=4100	acc=0.7812	acc_avg=0.6863	loss=0.7625	loss_avg=0.8958	lr=0.0933	|gn|=1.1375	time=39.96it/s
2025-11-25 23:51:19,503 epoch=10	global_step=4200	acc=0.6953	acc_avg=0.6839	loss=0.8430	loss_avg=0.8991	lr=0.0933	|gn|=1.2101	time=40.23it/s
2025-11-25 23:51:21,873 ====================Eval Epoch 10====================
2025-11-25 23:51:23,029 epoch=10	global_step=39	acc=0.8750	acc_avg=0.7229	acc5=1.0000	acc5_avg=0.9762	loss=0.6385	loss_avg=0.8122	time=243.90it/s
2025-11-25 23:51:23,029 Eval Loss:0.8122	Eval acc: 72.29
2025-11-25 23:51:23,029 
2025-11-25 23:51:23,029 ====================Training Epoch 11====================
2025-11-25 23:51:23,574 epoch=11	global_step=4300	acc=0.7188	acc_avg=0.6967	loss=0.8683	loss_avg=0.8796	lr=0.0919	|gn|=1.1726	time=37.05it/s
2025-11-25 23:51:26,305 epoch=11	global_step=4400	acc=0.7031	acc_avg=0.7001	loss=0.9112	loss_avg=0.8587	lr=0.0919	|gn|=1.2905	time=37.51it/s
2025-11-25 23:51:28,994 epoch=11	global_step=4500	acc=0.7500	acc_avg=0.6977	loss=0.7205	loss_avg=0.8695	lr=0.0919	|gn|=1.0759	time=39.40it/s
2025-11-25 23:51:31,688 epoch=11	global_step=4600	acc=0.6484	acc_avg=0.6957	loss=0.9845	loss_avg=0.8741	lr=0.0919	|gn|=1.4432	time=40.49it/s
2025-11-25 23:51:33,842 ====================Eval Epoch 11====================
2025-11-25 23:51:34,991 epoch=11	global_step=39	acc=0.8750	acc_avg=0.7345	acc5=1.0000	acc5_avg=0.9807	loss=0.4685	loss_avg=0.7664	time=250.54it/s
2025-11-25 23:51:34,992 Eval Loss:0.7664	Eval acc: 73.45
2025-11-25 23:51:34,992 
2025-11-25 23:51:34,992 ====================Training Epoch 12====================
2025-11-25 23:51:35,768 epoch=12	global_step=4700	acc=0.8047	acc_avg=0.7258	loss=0.6320	loss_avg=0.8070	lr=0.0905	|gn|=1.0286	time=37.58it/s
2025-11-25 23:51:38,472 epoch=12	global_step=4800	acc=0.7500	acc_avg=0.7080	loss=0.9296	loss_avg=0.8397	lr=0.0905	|gn|=1.4791	time=39.06it/s
2025-11-25 23:51:41,125 epoch=12	global_step=4900	acc=0.6797	acc_avg=0.7013	loss=0.9156	loss_avg=0.8550	lr=0.0905	|gn|=1.3938	time=40.55it/s
2025-11-25 23:51:43,712 epoch=12	global_step=5000	acc=0.7266	acc_avg=0.6976	loss=0.8251	loss_avg=0.8641	lr=0.0905	|gn|=1.1535	time=40.53it/s
2025-11-25 23:51:45,535 ====================Eval Epoch 12====================
2025-11-25 23:51:46,657 epoch=12	global_step=39	acc=0.8125	acc_avg=0.7425	acc5=1.0000	acc5_avg=0.9806	loss=0.3972	loss_avg=0.7526	time=244.74it/s
2025-11-25 23:51:46,657 Eval Loss:0.7526	Eval acc: 74.25
2025-11-25 23:51:46,657 
2025-11-25 23:51:46,657 ====================Training Epoch 13====================
2025-11-25 23:51:47,616 epoch=13	global_step=5100	acc=0.6719	acc_avg=0.7107	loss=1.0146	loss_avg=0.8290	lr=0.0889	|gn|=1.3363	time=40.20it/s
2025-11-25 23:51:50,082 epoch=13	global_step=5200	acc=0.7344	acc_avg=0.7034	loss=0.7725	loss_avg=0.8456	lr=0.0889	|gn|=1.1925	time=42.89it/s
2025-11-25 23:51:52,548 epoch=13	global_step=5300	acc=0.6484	acc_avg=0.7007	loss=0.9612	loss_avg=0.8492	lr=0.0889	|gn|=1.4725	time=40.37it/s
2025-11-25 23:51:55,043 epoch=13	global_step=5400	acc=0.6875	acc_avg=0.7015	loss=0.9535	loss_avg=0.8468	lr=0.0889	|gn|=1.3657	time=43.85it/s
2025-11-25 23:51:56,572 ====================Eval Epoch 13====================
2025-11-25 23:51:57,694 epoch=13	global_step=39	acc=0.8750	acc_avg=0.7336	acc5=1.0000	acc5_avg=0.9814	loss=0.3947	loss_avg=0.7740	time=273.71it/s
2025-11-25 23:51:57,694 Eval Loss:0.7740	Eval acc: 73.36
2025-11-25 23:51:57,694 
2025-11-25 23:51:57,694 ====================Training Epoch 14====================
2025-11-25 23:51:58,932 epoch=14	global_step=5500	acc=0.6562	acc_avg=0.7046	loss=0.9739	loss_avg=0.8438	lr=0.0872	|gn|=1.3525	time=45.05it/s
2025-11-25 23:52:01,323 epoch=14	global_step=5600	acc=0.8047	acc_avg=0.7074	loss=0.6743	loss_avg=0.8374	lr=0.0872	|gn|=1.0671	time=39.30it/s
2025-11-25 23:52:03,815 epoch=14	global_step=5700	acc=0.7578	acc_avg=0.7069	loss=0.7153	loss_avg=0.8375	lr=0.0872	|gn|=1.1743	time=38.28it/s
2025-11-25 23:52:06,443 epoch=14	global_step=5800	acc=0.7031	acc_avg=0.7044	loss=0.9062	loss_avg=0.8459	lr=0.0872	|gn|=1.2729	time=39.74it/s
2025-11-25 23:52:07,751 ====================Eval Epoch 14====================
2025-11-25 23:52:08,870 epoch=14	global_step=39	acc=0.7500	acc_avg=0.7505	acc5=1.0000	acc5_avg=0.9837	loss=0.5517	loss_avg=0.7188	time=270.67it/s
2025-11-25 23:52:08,870 Eval Loss:0.7188	Eval acc: 75.05
2025-11-25 23:52:08,870 
2025-11-25 23:52:08,870 ====================Training Epoch 15====================
2025-11-25 23:52:10,424 epoch=15	global_step=5900	acc=0.6875	acc_avg=0.7264	loss=0.9015	loss_avg=0.7971	lr=0.0854	|gn|=1.4848	time=38.19it/s
2025-11-25 23:52:13,005 epoch=15	global_step=6000	acc=0.6172	acc_avg=0.7181	loss=0.9646	loss_avg=0.8076	lr=0.0854	|gn|=1.7057	time=39.95it/s
2025-11-25 23:52:15,553 epoch=15	global_step=6100	acc=0.7109	acc_avg=0.7155	loss=0.8649	loss_avg=0.8152	lr=0.0854	|gn|=1.4637	time=40.75it/s
2025-11-25 23:52:17,975 epoch=15	global_step=6200	acc=0.6406	acc_avg=0.7137	loss=1.0348	loss_avg=0.8204	lr=0.0854	|gn|=1.5358	time=44.10it/s
2025-11-25 23:52:18,969 ====================Eval Epoch 15====================
2025-11-25 23:52:20,094 epoch=15	global_step=39	acc=0.8125	acc_avg=0.7332	acc5=1.0000	acc5_avg=0.9810	loss=0.3688	loss_avg=0.7570	time=271.49it/s
2025-11-25 23:52:20,094 Eval Loss:0.7570	Eval acc: 73.32
2025-11-25 23:52:20,094 
2025-11-25 23:52:20,094 ====================Training Epoch 16====================
2025-11-25 23:52:21,877 epoch=16	global_step=6300	acc=0.7578	acc_avg=0.7102	loss=0.6883	loss_avg=0.8067	lr=0.0835	|gn|=1.4003	time=40.68it/s
2025-11-25 23:52:24,410 epoch=16	global_step=6400	acc=0.7109	acc_avg=0.7134	loss=0.8548	loss_avg=0.8082	lr=0.0835	|gn|=1.2982	time=40.47it/s
2025-11-25 23:52:26,806 epoch=16	global_step=6500	acc=0.6797	acc_avg=0.7143	loss=0.8956	loss_avg=0.8068	lr=0.0835	|gn|=1.3463	time=45.29it/s
2025-11-25 23:52:29,392 epoch=16	global_step=6600	acc=0.6875	acc_avg=0.7132	loss=0.7816	loss_avg=0.8122	lr=0.0835	|gn|=1.2493	time=40.30it/s
2025-11-25 23:52:30,174 ====================Eval Epoch 16====================
2025-11-25 23:52:31,301 epoch=16	global_step=39	acc=0.8750	acc_avg=0.7377	acc5=1.0000	acc5_avg=0.9810	loss=0.3415	loss_avg=0.7596	time=270.60it/s
2025-11-25 23:52:31,301 Eval Loss:0.7596	Eval acc: 73.77
2025-11-25 23:52:31,302 
2025-11-25 23:52:31,302 ====================Training Epoch 17====================
2025-11-25 23:52:33,400 epoch=17	global_step=6700	acc=0.7500	acc_avg=0.7247	loss=0.7138	loss_avg=0.7952	lr=0.0815	|gn|=1.2620	time=38.00it/s
2025-11-25 23:52:36,088 epoch=17	global_step=6800	acc=0.7031	acc_avg=0.7207	loss=0.8190	loss_avg=0.7989	lr=0.0815	|gn|=1.5514	time=38.78it/s
2025-11-25 23:52:38,685 epoch=17	global_step=6900	acc=0.7188	acc_avg=0.7185	loss=0.7952	loss_avg=0.8066	lr=0.0815	|gn|=1.3050	time=43.82it/s
2025-11-25 23:52:41,287 epoch=17	global_step=7000	acc=0.7656	acc_avg=0.7183	loss=0.6351	loss_avg=0.8056	lr=0.0815	|gn|=1.2458	time=38.38it/s
2025-11-25 23:52:41,804 ====================Eval Epoch 17====================
2025-11-25 23:52:42,912 epoch=17	global_step=39	acc=0.8125	acc_avg=0.7656	acc5=1.0000	acc5_avg=0.9848	loss=0.4887	loss_avg=0.6751	time=243.30it/s
2025-11-25 23:52:42,912 Eval Loss:0.6751	Eval acc: 76.56
2025-11-25 23:52:42,913 
2025-11-25 23:52:42,913 ====================Training Epoch 18====================
2025-11-25 23:52:45,271 epoch=18	global_step=7100	acc=0.7656	acc_avg=0.7331	loss=0.8070	loss_avg=0.7664	lr=0.0794	|gn|=1.2992	time=39.13it/s
2025-11-25 23:52:48,003 epoch=18	global_step=7200	acc=0.7578	acc_avg=0.7269	loss=0.7382	loss_avg=0.7798	lr=0.0794	|gn|=1.2467	time=37.59it/s
2025-11-25 23:52:50,755 epoch=18	global_step=7300	acc=0.6875	acc_avg=0.7252	loss=0.8963	loss_avg=0.7844	lr=0.0794	|gn|=1.4530	time=37.87it/s
2025-11-25 23:52:53,498 epoch=18	global_step=7400	acc=0.7812	acc_avg=0.7239	loss=0.7273	loss_avg=0.7894	lr=0.0794	|gn|=1.3082	time=40.73it/s
2025-11-25 23:52:53,774 ====================Eval Epoch 18====================
2025-11-25 23:52:54,926 epoch=18	global_step=39	acc=0.9375	acc_avg=0.7626	acc5=1.0000	acc5_avg=0.9839	loss=0.2904	loss_avg=0.6902	time=272.53it/s
2025-11-25 23:52:54,926 Eval Loss:0.6902	Eval acc: 76.26
2025-11-25 23:52:54,926 
2025-11-25 23:52:54,926 ====================Training Epoch 19====================
2025-11-25 23:52:57,438 epoch=19	global_step=7500	acc=0.8203	acc_avg=0.7404	loss=0.5361	loss_avg=0.7516	lr=0.0772	|gn|=1.1720	time=40.23it/s
2025-11-25 23:52:59,962 epoch=19	global_step=7600	acc=0.7266	acc_avg=0.7325	loss=0.8596	loss_avg=0.7666	lr=0.0772	|gn|=1.3549	time=40.52it/s
2025-11-25 23:53:02,478 epoch=19	global_step=7700	acc=0.7578	acc_avg=0.7274	loss=0.6749	loss_avg=0.7776	lr=0.0772	|gn|=1.2850	time=39.39it/s
2025-11-25 23:53:05,019 ====================Eval Epoch 19====================
2025-11-25 23:53:06,144 epoch=19	global_step=39	acc=0.8125	acc_avg=0.7675	acc5=1.0000	acc5_avg=0.9864	loss=0.4463	loss_avg=0.6682	time=270.65it/s
2025-11-25 23:53:06,144 Eval Loss:0.6682	Eval acc: 76.75
2025-11-25 23:53:06,145 
2025-11-25 23:53:06,145 ====================Training Epoch 20====================
2025-11-25 23:53:06,398 epoch=20	global_step=7800	acc=0.7344	acc_avg=0.7344	loss=0.7263	loss_avg=0.7263	lr=0.0750	|gn|=1.3773	time=36.24it/s
2025-11-25 23:53:09,065 epoch=20	global_step=7900	acc=0.6719	acc_avg=0.7383	loss=0.7307	loss_avg=0.7456	lr=0.0750	|gn|=1.5764	time=38.53it/s
2025-11-25 23:53:11,740 epoch=20	global_step=8000	acc=0.7656	acc_avg=0.7339	loss=0.6773	loss_avg=0.7595	lr=0.0750	|gn|=1.5133	time=38.75it/s
2025-11-25 23:53:14,469 epoch=20	global_step=8100	acc=0.7812	acc_avg=0.7332	loss=0.6301	loss_avg=0.7616	lr=0.0750	|gn|=1.3364	time=37.59it/s
2025-11-25 23:53:17,003 ====================Eval Epoch 20====================
2025-11-25 23:53:18,158 epoch=20	global_step=39	acc=0.8125	acc_avg=0.7652	acc5=1.0000	acc5_avg=0.9862	loss=0.4142	loss_avg=0.6714	time=246.58it/s
2025-11-25 23:53:18,158 Eval Loss:0.6714	Eval acc: 76.52
2025-11-25 23:53:18,158 
2025-11-25 23:53:18,158 ====================Training Epoch 21====================
2025-11-25 23:53:18,686 epoch=21	global_step=8200	acc=0.7266	acc_avg=0.7571	loss=0.7052	loss_avg=0.6829	lr=0.0727	|gn|=1.3566	time=37.86it/s
2025-11-25 23:53:21,334 epoch=21	global_step=8300	acc=0.7422	acc_avg=0.7419	loss=0.7363	loss_avg=0.7356	lr=0.0727	|gn|=1.4185	time=40.57it/s
2025-11-25 23:53:23,939 epoch=21	global_step=8400	acc=0.7500	acc_avg=0.7389	loss=0.7148	loss_avg=0.7467	lr=0.0727	|gn|=1.3313	time=44.40it/s
2025-11-25 23:53:26,383 epoch=21	global_step=8500	acc=0.7500	acc_avg=0.7382	loss=0.7368	loss_avg=0.7503	lr=0.0727	|gn|=1.4252	time=37.78it/s
2025-11-25 23:53:28,504 ====================Eval Epoch 21====================
2025-11-25 23:53:29,611 epoch=21	global_step=39	acc=0.8125	acc_avg=0.7601	acc5=1.0000	acc5_avg=0.9853	loss=0.4639	loss_avg=0.6958	time=272.36it/s
2025-11-25 23:53:29,612 Eval Loss:0.6958	Eval acc: 76.01
2025-11-25 23:53:29,612 
2025-11-25 23:53:29,612 ====================Training Epoch 22====================
2025-11-25 23:53:30,392 epoch=22	global_step=8600	acc=0.7812	acc_avg=0.7556	loss=0.6610	loss_avg=0.7041	lr=0.0703	|gn|=1.4651	time=37.41it/s
2025-11-25 23:53:33,096 epoch=22	global_step=8700	acc=0.7969	acc_avg=0.7517	loss=0.5760	loss_avg=0.7194	lr=0.0703	|gn|=1.2382	time=39.47it/s
2025-11-25 23:53:35,751 epoch=22	global_step=8800	acc=0.7109	acc_avg=0.7469	loss=0.7709	loss_avg=0.7280	lr=0.0703	|gn|=1.5855	time=38.63it/s
2025-11-25 23:53:38,488 epoch=22	global_step=8900	acc=0.7422	acc_avg=0.7430	loss=0.7970	loss_avg=0.7364	lr=0.0703	|gn|=1.5481	time=38.12it/s
2025-11-25 23:53:40,386 ====================Eval Epoch 22====================
2025-11-25 23:53:41,518 epoch=22	global_step=39	acc=0.8125	acc_avg=0.7505	acc5=1.0000	acc5_avg=0.9843	loss=0.3435	loss_avg=0.7229	time=253.94it/s
2025-11-25 23:53:41,519 Eval Loss:0.7229	Eval acc: 75.05
2025-11-25 23:53:41,519 
2025-11-25 23:53:41,519 ====================Training Epoch 23====================
2025-11-25 23:53:42,533 epoch=23	global_step=9000	acc=0.8359	acc_avg=0.7646	loss=0.4973	loss_avg=0.6882	lr=0.0679	|gn|=1.0902	time=39.52it/s
2025-11-25 23:53:45,157 epoch=23	global_step=9100	acc=0.6719	acc_avg=0.7498	loss=0.8247	loss_avg=0.7221	lr=0.0679	|gn|=1.6819	time=38.32it/s
2025-11-25 23:53:47,807 epoch=23	global_step=9200	acc=0.7266	acc_avg=0.7495	loss=0.7326	loss_avg=0.7200	lr=0.0679	|gn|=1.5892	time=38.79it/s
2025-11-25 23:53:50,471 epoch=23	global_step=9300	acc=0.7188	acc_avg=0.7486	loss=0.7475	loss_avg=0.7242	lr=0.0679	|gn|=1.4855	time=38.54it/s
2025-11-25 23:53:52,106 ====================Eval Epoch 23====================
2025-11-25 23:53:53,223 epoch=23	global_step=39	acc=0.8750	acc_avg=0.7708	acc5=1.0000	acc5_avg=0.9862	loss=0.2973	loss_avg=0.6595	time=254.22it/s
2025-11-25 23:53:53,223 Eval Loss:0.6595	Eval acc: 77.08
2025-11-25 23:53:53,223 
2025-11-25 23:53:53,223 ====================Training Epoch 24====================
2025-11-25 23:53:54,458 epoch=24	global_step=9400	acc=0.8047	acc_avg=0.7578	loss=0.6060	loss_avg=0.7002	lr=0.0655	|gn|=1.4133	time=44.18it/s
2025-11-25 23:53:57,092 epoch=24	global_step=9500	acc=0.6797	acc_avg=0.7545	loss=0.7587	loss_avg=0.7042	lr=0.0655	|gn|=1.6527	time=37.51it/s
2025-11-25 23:53:59,749 epoch=24	global_step=9600	acc=0.7422	acc_avg=0.7524	loss=0.6813	loss_avg=0.7102	lr=0.0655	|gn|=1.7721	time=38.51it/s
2025-11-25 23:54:02,313 epoch=24	global_step=9700	acc=0.7734	acc_avg=0.7503	loss=0.6448	loss_avg=0.7176	lr=0.0655	|gn|=1.4355	time=44.01it/s
2025-11-25 23:54:03,632 ====================Eval Epoch 24====================
2025-11-25 23:54:04,797 epoch=24	global_step=39	acc=0.8750	acc_avg=0.7807	acc5=1.0000	acc5_avg=0.9863	loss=0.3486	loss_avg=0.6457	time=248.08it/s
2025-11-25 23:54:04,797 Eval Loss:0.6457	Eval acc: 78.07
2025-11-25 23:54:04,797 
2025-11-25 23:54:04,798 ====================Training Epoch 25====================
2025-11-25 23:54:06,354 epoch=25	global_step=9800	acc=0.7656	acc_avg=0.7639	loss=0.7604	loss_avg=0.6724	lr=0.0629	|gn|=1.7755	time=36.95it/s
2025-11-25 23:54:08,974 epoch=25	global_step=9900	acc=0.7656	acc_avg=0.7562	loss=0.7065	loss_avg=0.6967	lr=0.0629	|gn|=1.6813	time=41.42it/s
2025-11-25 23:54:11,636 epoch=25	global_step=10000	acc=0.7578	acc_avg=0.7567	loss=0.6622	loss_avg=0.6945	lr=0.0629	|gn|=1.5035	time=39.00it/s
2025-11-25 23:54:14,312 epoch=25	global_step=10100	acc=0.7266	acc_avg=0.7550	loss=0.8028	loss_avg=0.6992	lr=0.0629	|gn|=1.5128	time=38.97it/s
2025-11-25 23:54:15,421 ====================Eval Epoch 25====================
2025-11-25 23:54:16,595 epoch=25	global_step=39	acc=0.8125	acc_avg=0.7957	acc5=1.0000	acc5_avg=0.9872	loss=0.4573	loss_avg=0.6010	time=252.71it/s
2025-11-25 23:54:16,596 Eval Loss:0.6010	Eval acc: 79.57
2025-11-25 23:54:16,596 
2025-11-25 23:54:16,596 ====================Training Epoch 26====================
2025-11-25 23:54:18,419 epoch=26	global_step=10200	acc=0.7422	acc_avg=0.7640	loss=0.7252	loss_avg=0.6772	lr=0.0604	|gn|=1.7171	time=37.97it/s
2025-11-25 23:54:21,164 epoch=26	global_step=10300	acc=0.7344	acc_avg=0.7630	loss=0.7402	loss_avg=0.6825	lr=0.0604	|gn|=1.5371	time=37.37it/s
2025-11-25 23:54:23,836 epoch=26	global_step=10400	acc=0.7344	acc_avg=0.7579	loss=0.6747	loss_avg=0.6929	lr=0.0604	|gn|=1.5010	time=39.67it/s
2025-11-25 23:54:26,496 epoch=26	global_step=10500	acc=0.7578	acc_avg=0.7595	loss=0.7010	loss_avg=0.6903	lr=0.0604	|gn|=1.5680	time=38.50it/s
2025-11-25 23:54:27,300 ====================Eval Epoch 26====================
2025-11-25 23:54:28,422 epoch=26	global_step=39	acc=0.7500	acc_avg=0.7830	acc5=1.0000	acc5_avg=0.9878	loss=0.4283	loss_avg=0.6291	time=272.69it/s
2025-11-25 23:54:28,422 Eval Loss:0.6291	Eval acc: 78.30
2025-11-25 23:54:28,422 
2025-11-25 23:54:28,422 ====================Training Epoch 27====================
2025-11-25 23:54:30,386 epoch=27	global_step=10600	acc=0.7031	acc_avg=0.7735	loss=0.7427	loss_avg=0.6480	lr=0.0578	|gn|=1.7380	time=40.23it/s
2025-11-25 23:54:32,973 epoch=27	global_step=10700	acc=0.8281	acc_avg=0.7689	loss=0.6096	loss_avg=0.6608	lr=0.0578	|gn|=1.6609	time=40.44it/s
2025-11-25 23:54:35,534 epoch=27	global_step=10800	acc=0.7344	acc_avg=0.7648	loss=0.7353	loss_avg=0.6752	lr=0.0578	|gn|=1.6817	time=38.85it/s
2025-11-25 23:54:38,109 epoch=27	global_step=10900	acc=0.7422	acc_avg=0.7630	loss=0.9654	loss_avg=0.6791	lr=0.0578	|gn|=1.8527	time=39.69it/s
2025-11-25 23:54:38,649 ====================Eval Epoch 27====================
2025-11-25 23:54:39,768 epoch=27	global_step=39	acc=0.8750	acc_avg=0.7808	acc5=1.0000	acc5_avg=0.9853	loss=0.3729	loss_avg=0.6541	time=270.74it/s
2025-11-25 23:54:39,768 Eval Loss:0.6541	Eval acc: 78.08
2025-11-25 23:54:39,769 
2025-11-25 23:54:39,769 ====================Training Epoch 28====================
2025-11-25 23:54:41,966 epoch=28	global_step=11000	acc=0.7734	acc_avg=0.7726	loss=0.6174	loss_avg=0.6411	lr=0.0552	|gn|=1.7265	time=43.91it/s
2025-11-25 23:54:44,302 epoch=28	global_step=11100	acc=0.7344	acc_avg=0.7641	loss=0.7476	loss_avg=0.6637	lr=0.0552	|gn|=1.8811	time=45.18it/s
2025-11-25 23:54:46,600 epoch=28	global_step=11200	acc=0.6797	acc_avg=0.7617	loss=0.6696	loss_avg=0.6724	lr=0.0552	|gn|=1.8275	time=45.28it/s
2025-11-25 23:54:48,955 epoch=28	global_step=11300	acc=0.7734	acc_avg=0.7614	loss=0.6693	loss_avg=0.6753	lr=0.0552	|gn|=1.5665	time=40.65it/s
2025-11-25 23:54:49,227 ====================Eval Epoch 28====================
2025-11-25 23:54:50,346 epoch=28	global_step=39	acc=0.8125	acc_avg=0.7808	acc5=1.0000	acc5_avg=0.9864	loss=0.3845	loss_avg=0.6392	time=273.24it/s
2025-11-25 23:54:50,347 Eval Loss:0.6392	Eval acc: 78.08
2025-11-25 23:54:50,347 
2025-11-25 23:54:50,347 ====================Training Epoch 29====================
2025-11-25 23:54:52,890 epoch=29	global_step=11400	acc=0.8125	acc_avg=0.7825	loss=0.5985	loss_avg=0.6332	lr=0.0526	|gn|=1.4956	time=43.48it/s
2025-11-25 23:54:55,436 epoch=29	global_step=11500	acc=0.7266	acc_avg=0.7760	loss=0.7898	loss_avg=0.6388	lr=0.0526	|gn|=1.9993	time=40.35it/s
2025-11-25 23:54:57,986 epoch=29	global_step=11600	acc=0.7578	acc_avg=0.7741	loss=0.6604	loss_avg=0.6465	lr=0.0526	|gn|=1.6799	time=40.55it/s
2025-11-25 23:55:00,598 ====================Eval Epoch 29====================
2025-11-25 23:55:01,709 epoch=29	global_step=39	acc=0.8125	acc_avg=0.7935	acc5=1.0000	acc5_avg=0.9876	loss=0.3325	loss_avg=0.6216	time=272.68it/s
2025-11-25 23:55:01,709 Eval Loss:0.6216	Eval acc: 79.35
2025-11-25 23:55:01,709 
2025-11-25 23:55:01,709 ====================Training Epoch 30====================
2025-11-25 23:55:01,956 epoch=30	global_step=11700	acc=0.7578	acc_avg=0.7578	loss=0.7107	loss_avg=0.7107	lr=0.0500	|gn|=1.8730	time=29.44it/s
2025-11-25 23:55:04,492 epoch=30	global_step=11800	acc=0.7969	acc_avg=0.7846	loss=0.6515	loss_avg=0.6113	lr=0.0500	|gn|=1.8062	time=40.35it/s
2025-11-25 23:55:07,075 epoch=30	global_step=11900	acc=0.7344	acc_avg=0.7828	loss=0.7231	loss_avg=0.6238	lr=0.0500	|gn|=2.0836	time=40.11it/s
2025-11-25 23:55:09,642 epoch=30	global_step=12000	acc=0.7656	acc_avg=0.7794	loss=0.6111	loss_avg=0.6311	lr=0.0500	|gn|=1.7117	time=39.81it/s
2025-11-25 23:55:11,975 ====================Eval Epoch 30====================
2025-11-25 23:55:13,109 epoch=30	global_step=39	acc=0.6875	acc_avg=0.7900	acc5=1.0000	acc5_avg=0.9871	loss=0.5065	loss_avg=0.6144	time=270.79it/s
2025-11-25 23:55:13,109 Eval Loss:0.6144	Eval acc: 79.00
2025-11-25 23:55:13,109 
2025-11-25 23:55:13,109 ====================Training Epoch 31====================
2025-11-25 23:55:13,615 epoch=31	global_step=12100	acc=0.7812	acc_avg=0.7720	loss=0.6356	loss_avg=0.6043	lr=0.0474	|gn|=1.6478	time=39.79it/s
2025-11-25 23:55:16,240 epoch=31	global_step=12200	acc=0.7734	acc_avg=0.7839	loss=0.7520	loss_avg=0.6109	lr=0.0474	|gn|=1.8193	time=38.99it/s
2025-11-25 23:55:18,813 epoch=31	global_step=12300	acc=0.7734	acc_avg=0.7826	loss=0.7325	loss_avg=0.6183	lr=0.0474	|gn|=1.8807	time=40.96it/s
2025-11-25 23:55:21,369 epoch=31	global_step=12400	acc=0.7422	acc_avg=0.7795	loss=0.7707	loss_avg=0.6290	lr=0.0474	|gn|=1.9173	time=40.82it/s
2025-11-25 23:55:23,441 ====================Eval Epoch 31====================
2025-11-25 23:55:24,566 epoch=31	global_step=39	acc=0.8125	acc_avg=0.7859	acc5=1.0000	acc5_avg=0.9896	loss=0.3905	loss_avg=0.6252	time=270.41it/s
2025-11-25 23:55:24,566 Eval Loss:0.6252	Eval acc: 78.59
2025-11-25 23:55:24,566 
2025-11-25 23:55:24,566 ====================Training Epoch 32====================
2025-11-25 23:55:25,304 epoch=32	global_step=12500	acc=0.8203	acc_avg=0.8132	loss=0.5502	loss_avg=0.5599	lr=0.0448	|gn|=1.7620	time=39.20it/s
2025-11-25 23:55:27,924 epoch=32	global_step=12600	acc=0.8125	acc_avg=0.7966	loss=0.5730	loss_avg=0.5929	lr=0.0448	|gn|=1.9453	time=38.37it/s
2025-11-25 23:55:30,524 epoch=32	global_step=12700	acc=0.8281	acc_avg=0.7913	loss=0.5794	loss_avg=0.6024	lr=0.0448	|gn|=1.6971	time=39.70it/s
2025-11-25 23:55:33,109 epoch=32	global_step=12800	acc=0.7656	acc_avg=0.7896	loss=0.7026	loss_avg=0.6067	lr=0.0448	|gn|=2.0564	time=40.40it/s
2025-11-25 23:55:34,872 ====================Eval Epoch 32====================
2025-11-25 23:55:35,983 epoch=32	global_step=39	acc=0.9375	acc_avg=0.7899	acc5=1.0000	acc5_avg=0.9883	loss=0.3796	loss_avg=0.6260	time=270.27it/s
2025-11-25 23:55:35,983 Eval Loss:0.6260	Eval acc: 78.99
2025-11-25 23:55:35,983 
2025-11-25 23:55:35,983 ====================Training Epoch 33====================
2025-11-25 23:55:36,984 epoch=33	global_step=12900	acc=0.8750	acc_avg=0.8039	loss=0.4614	loss_avg=0.5802	lr=0.0422	|gn|=1.5462	time=43.53it/s
2025-11-25 23:55:39,484 epoch=33	global_step=13000	acc=0.7500	acc_avg=0.7979	loss=0.8157	loss_avg=0.5745	lr=0.0422	|gn|=1.9816	time=39.98it/s
2025-11-25 23:55:42,041 epoch=33	global_step=13100	acc=0.8047	acc_avg=0.7957	loss=0.5716	loss_avg=0.5833	lr=0.0422	|gn|=1.8149	time=40.36it/s
2025-11-25 23:55:44,586 epoch=33	global_step=13200	acc=0.7812	acc_avg=0.7915	loss=0.5844	loss_avg=0.5933	lr=0.0422	|gn|=2.0802	time=40.73it/s
2025-11-25 23:55:46,145 ====================Eval Epoch 33====================
2025-11-25 23:55:47,250 epoch=33	global_step=39	acc=0.9375	acc_avg=0.8040	acc5=1.0000	acc5_avg=0.9878	loss=0.2800	loss_avg=0.5793	time=264.08it/s
2025-11-25 23:55:47,250 Eval Loss:0.5793	Eval acc: 80.40
2025-11-25 23:55:47,250 
2025-11-25 23:55:47,250 ====================Training Epoch 34====================
2025-11-25 23:55:48,436 epoch=34	global_step=13300	acc=0.8047	acc_avg=0.8024	loss=0.5309	loss_avg=0.5636	lr=0.0396	|gn|=1.7606	time=44.47it/s
2025-11-25 23:55:50,971 epoch=34	global_step=13400	acc=0.7969	acc_avg=0.8023	loss=0.5839	loss_avg=0.5607	lr=0.0396	|gn|=1.9737	time=39.09it/s
2025-11-25 23:55:53,434 epoch=34	global_step=13500	acc=0.8203	acc_avg=0.7995	loss=0.4692	loss_avg=0.5697	lr=0.0396	|gn|=1.7714	time=39.04it/s
2025-11-25 23:55:55,844 epoch=34	global_step=13600	acc=0.7891	acc_avg=0.7961	loss=0.6593	loss_avg=0.5785	lr=0.0396	|gn|=2.0629	time=40.45it/s
2025-11-25 23:55:57,163 ====================Eval Epoch 34====================
2025-11-25 23:55:58,281 epoch=34	global_step=39	acc=0.9375	acc_avg=0.8016	acc5=1.0000	acc5_avg=0.9874	loss=0.2321	loss_avg=0.5803	time=271.79it/s
2025-11-25 23:55:58,281 Eval Loss:0.5803	Eval acc: 80.16
2025-11-25 23:55:58,282 
2025-11-25 23:55:58,282 ====================Training Epoch 35====================
2025-11-25 23:55:59,713 epoch=35	global_step=13700	acc=0.8594	acc_avg=0.8039	loss=0.3889	loss_avg=0.5509	lr=0.0371	|gn|=1.6390	time=45.75it/s
2025-11-25 23:56:02,170 epoch=35	global_step=13800	acc=0.7734	acc_avg=0.8046	loss=0.6490	loss_avg=0.5552	lr=0.0371	|gn|=2.2183	time=40.34it/s
2025-11-25 23:56:04,728 epoch=35	global_step=13900	acc=0.7891	acc_avg=0.8053	loss=0.5766	loss_avg=0.5542	lr=0.0371	|gn|=2.0364	time=40.36it/s
2025-11-25 23:56:07,283 epoch=35	global_step=14000	acc=0.8203	acc_avg=0.8033	loss=0.5800	loss_avg=0.5600	lr=0.0371	|gn|=2.1303	time=38.95it/s
2025-11-25 23:56:08,331 ====================Eval Epoch 35====================
2025-11-25 23:56:09,452 epoch=35	global_step=39	acc=0.8750	acc_avg=0.8001	acc5=1.0000	acc5_avg=0.9877	loss=0.3924	loss_avg=0.5938	time=270.08it/s
2025-11-25 23:56:09,452 Eval Loss:0.5938	Eval acc: 80.01
2025-11-25 23:56:09,453 
2025-11-25 23:56:09,453 ====================Training Epoch 36====================
2025-11-25 23:56:11,196 epoch=36	global_step=14100	acc=0.8125	acc_avg=0.8083	loss=0.4646	loss_avg=0.5399	lr=0.0345	|gn|=1.8890	time=40.28it/s
2025-11-25 23:56:13,769 epoch=36	global_step=14200	acc=0.8047	acc_avg=0.8119	loss=0.5985	loss_avg=0.5381	lr=0.0345	|gn|=2.0929	time=39.92it/s
2025-11-25 23:56:16,357 epoch=36	global_step=14300	acc=0.7969	acc_avg=0.8113	loss=0.5442	loss_avg=0.5388	lr=0.0345	|gn|=1.9691	time=40.43it/s
2025-11-25 23:56:18,925 epoch=36	global_step=14400	acc=0.8438	acc_avg=0.8111	loss=0.4988	loss_avg=0.5418	lr=0.0345	|gn|=1.9676	time=40.33it/s
2025-11-25 23:56:19,721 ====================Eval Epoch 36====================
2025-11-25 23:56:20,820 epoch=36	global_step=39	acc=0.9375	acc_avg=0.8114	acc5=1.0000	acc5_avg=0.9889	loss=0.2485	loss_avg=0.5633	time=264.52it/s
2025-11-25 23:56:20,820 Eval Loss:0.5633	Eval acc: 81.14
2025-11-25 23:56:20,820 
2025-11-25 23:56:20,821 ====================Training Epoch 37====================
2025-11-25 23:56:22,748 epoch=37	global_step=14500	acc=0.7812	acc_avg=0.8248	loss=0.5259	loss_avg=0.5089	lr=0.0321	|gn|=2.3023	time=40.20it/s
2025-11-25 23:56:25,315 epoch=37	global_step=14600	acc=0.7266	acc_avg=0.8189	loss=0.6300	loss_avg=0.5165	lr=0.0321	|gn|=2.6873	time=40.32it/s
2025-11-25 23:56:27,878 epoch=37	global_step=14700	acc=0.8047	acc_avg=0.8164	loss=0.5933	loss_avg=0.5203	lr=0.0321	|gn|=2.3473	time=39.83it/s
2025-11-25 23:56:30,479 epoch=37	global_step=14800	acc=0.7500	acc_avg=0.8146	loss=0.6511	loss_avg=0.5275	lr=0.0321	|gn|=2.2808	time=39.92it/s
2025-11-25 23:56:31,010 ====================Eval Epoch 37====================
2025-11-25 23:56:32,114 epoch=37	global_step=39	acc=0.8750	acc_avg=0.8133	acc5=1.0000	acc5_avg=0.9911	loss=0.3487	loss_avg=0.5563	time=262.26it/s
2025-11-25 23:56:32,114 Eval Loss:0.5563	Eval acc: 81.33
2025-11-25 23:56:32,114 
2025-11-25 23:56:32,114 ====================Training Epoch 38====================
2025-11-25 23:56:34,286 epoch=38	global_step=14900	acc=0.8125	acc_avg=0.8274	loss=0.4923	loss_avg=0.5000	lr=0.0297	|gn|=2.1582	time=45.68it/s
2025-11-25 23:56:36,752 epoch=38	global_step=15000	acc=0.8047	acc_avg=0.8245	loss=0.5686	loss_avg=0.5025	lr=0.0297	|gn|=2.4180	time=42.86it/s
2025-11-25 23:56:39,257 epoch=38	global_step=15100	acc=0.8281	acc_avg=0.8233	loss=0.4531	loss_avg=0.5069	lr=0.0297	|gn|=2.0855	time=40.34it/s
2025-11-25 23:56:41,837 epoch=38	global_step=15200	acc=0.8203	acc_avg=0.8226	loss=0.5982	loss_avg=0.5120	lr=0.0297	|gn|=2.3641	time=40.98it/s
2025-11-25 23:56:42,104 ====================Eval Epoch 38====================
2025-11-25 23:56:43,233 epoch=38	global_step=39	acc=1.0000	acc_avg=0.8108	acc5=1.0000	acc5_avg=0.9900	loss=0.0815	loss_avg=0.5528	time=251.08it/s
2025-11-25 23:56:43,233 Eval Loss:0.5528	Eval acc: 81.08
2025-11-25 23:56:43,233 
2025-11-25 23:56:43,233 ====================Training Epoch 39====================
2025-11-25 23:56:45,747 epoch=39	global_step=15300	acc=0.7812	acc_avg=0.8368	loss=0.6133	loss_avg=0.4613	lr=0.0273	|gn|=2.3970	time=39.28it/s
2025-11-25 23:56:48,341 epoch=39	global_step=15400	acc=0.7734	acc_avg=0.8336	loss=0.6429	loss_avg=0.4784	lr=0.0273	|gn|=2.7265	time=40.45it/s
2025-11-25 23:56:50,938 epoch=39	global_step=15500	acc=0.8438	acc_avg=0.8314	loss=0.4907	loss_avg=0.4825	lr=0.0273	|gn|=2.2147	time=40.39it/s
2025-11-25 23:56:53,552 ====================Eval Epoch 39====================
2025-11-25 23:56:54,659 epoch=39	global_step=39	acc=0.8750	acc_avg=0.8291	acc5=1.0000	acc5_avg=0.9902	loss=0.3637	loss_avg=0.5281	time=272.22it/s
2025-11-25 23:56:54,659 Eval Loss:0.5281	Eval acc: 82.91
2025-11-25 23:56:54,660 
2025-11-25 23:56:54,660 ====================Training Epoch 40====================
2025-11-25 23:56:54,919 epoch=40	global_step=15600	acc=0.7891	acc_avg=0.7891	loss=0.5945	loss_avg=0.5945	lr=0.0250	|gn|=2.4785	time=28.92it/s
2025-11-25 23:56:57,429 epoch=40	global_step=15700	acc=0.8359	acc_avg=0.8410	loss=0.4579	loss_avg=0.4484	lr=0.0250	|gn|=2.3221	time=40.40it/s
2025-11-25 23:56:59,904 epoch=40	global_step=15800	acc=0.8125	acc_avg=0.8403	loss=0.5189	loss_avg=0.4551	lr=0.0250	|gn|=2.7677	time=42.11it/s
2025-11-25 23:57:02,412 epoch=40	global_step=15900	acc=0.8203	acc_avg=0.8348	loss=0.4378	loss_avg=0.4671	lr=0.0250	|gn|=2.3739	time=40.17it/s
2025-11-25 23:57:04,641 ====================Eval Epoch 40====================
2025-11-25 23:57:05,758 epoch=40	global_step=39	acc=0.9375	acc_avg=0.8229	acc5=1.0000	acc5_avg=0.9909	loss=0.2200	loss_avg=0.5374	time=273.64it/s
2025-11-25 23:57:05,758 Eval Loss:0.5374	Eval acc: 82.29
2025-11-25 23:57:05,758 
2025-11-25 23:57:05,758 ====================Training Epoch 41====================
2025-11-25 23:57:06,242 epoch=41	global_step=16000	acc=0.8125	acc_avg=0.8551	loss=0.4673	loss_avg=0.4477	lr=0.0228	|gn|=2.4472	time=40.43it/s
2025-11-25 23:57:08,736 epoch=41	global_step=16100	acc=0.8672	acc_avg=0.8544	loss=0.3560	loss_avg=0.4244	lr=0.0228	|gn|=2.1994	time=43.19it/s
2025-11-25 23:57:11,268 epoch=41	global_step=16200	acc=0.8203	acc_avg=0.8484	loss=0.3822	loss_avg=0.4348	lr=0.0228	|gn|=2.2339	time=40.67it/s
2025-11-25 23:57:13,730 epoch=41	global_step=16300	acc=0.8359	acc_avg=0.8461	loss=0.4469	loss_avg=0.4396	lr=0.0228	|gn|=2.6852	time=39.06it/s
2025-11-25 23:57:15,803 ====================Eval Epoch 41====================
2025-11-25 23:57:16,928 epoch=41	global_step=39	acc=0.8750	acc_avg=0.8121	acc5=1.0000	acc5_avg=0.9904	loss=0.4255	loss_avg=0.5580	time=272.75it/s
2025-11-25 23:57:16,928 Eval Loss:0.5580	Eval acc: 81.21
2025-11-25 23:57:16,928 
2025-11-25 23:57:16,928 ====================Training Epoch 42====================
2025-11-25 23:57:17,690 epoch=42	global_step=16400	acc=0.8828	acc_avg=0.8683	loss=0.3643	loss_avg=0.3895	lr=0.0206	|gn|=1.9049	time=38.40it/s
2025-11-25 23:57:20,282 epoch=42	global_step=16500	acc=0.8359	acc_avg=0.8650	loss=0.4339	loss_avg=0.3941	lr=0.0206	|gn|=2.7522	time=39.03it/s
2025-11-25 23:57:22,834 epoch=42	global_step=16600	acc=0.9297	acc_avg=0.8580	loss=0.2872	loss_avg=0.4066	lr=0.0206	|gn|=1.8830	time=40.23it/s
2025-11-25 23:57:25,390 epoch=42	global_step=16700	acc=0.8203	acc_avg=0.8550	loss=0.4911	loss_avg=0.4141	lr=0.0206	|gn|=2.9526	time=40.21it/s
2025-11-25 23:57:27,210 ====================Eval Epoch 42====================
2025-11-25 23:57:28,337 epoch=42	global_step=39	acc=0.8125	acc_avg=0.8191	acc5=1.0000	acc5_avg=0.9887	loss=0.3432	loss_avg=0.5622	time=270.48it/s
2025-11-25 23:57:28,337 Eval Loss:0.5622	Eval acc: 81.91
2025-11-25 23:57:28,337 
2025-11-25 23:57:28,338 ====================Training Epoch 43====================
2025-11-25 23:57:29,316 epoch=43	global_step=16800	acc=0.8359	acc_avg=0.8629	loss=0.4998	loss_avg=0.3918	lr=0.0185	|gn|=2.9884	time=41.00it/s
2025-11-25 23:57:31,786 epoch=43	global_step=16900	acc=0.8984	acc_avg=0.8665	loss=0.3156	loss_avg=0.3826	lr=0.0185	|gn|=2.3401	time=44.59it/s
2025-11-25 23:57:34,264 epoch=43	global_step=17000	acc=0.8828	acc_avg=0.8620	loss=0.3212	loss_avg=0.3914	lr=0.0185	|gn|=2.6363	time=42.03it/s
2025-11-25 23:57:36,790 epoch=43	global_step=17100	acc=0.8516	acc_avg=0.8590	loss=0.3757	loss_avg=0.3979	lr=0.0185	|gn|=2.6738	time=39.71it/s
2025-11-25 23:57:38,386 ====================Eval Epoch 43====================
2025-11-25 23:57:39,530 epoch=43	global_step=39	acc=0.8750	acc_avg=0.8243	acc5=1.0000	acc5_avg=0.9886	loss=0.4174	loss_avg=0.5480	time=274.91it/s
2025-11-25 23:57:39,530 Eval Loss:0.5480	Eval acc: 82.43
2025-11-25 23:57:39,530 
2025-11-25 23:57:39,530 ====================Training Epoch 44====================
2025-11-25 23:57:40,778 epoch=44	global_step=17200	acc=0.8750	acc_avg=0.8767	loss=0.3327	loss_avg=0.3644	lr=0.0165	|gn|=2.1884	time=43.39it/s
2025-11-25 23:57:43,290 epoch=44	global_step=17300	acc=0.8125	acc_avg=0.8752	loss=0.5191	loss_avg=0.3593	lr=0.0165	|gn|=3.5526	time=40.87it/s
2025-11-25 23:57:45,809 epoch=44	global_step=17400	acc=0.8750	acc_avg=0.8698	loss=0.4272	loss_avg=0.3712	lr=0.0165	|gn|=2.9854	time=40.75it/s
2025-11-25 23:57:48,351 epoch=44	global_step=17500	acc=0.8828	acc_avg=0.8684	loss=0.3570	loss_avg=0.3772	lr=0.0165	|gn|=2.5600	time=40.49it/s
2025-11-25 23:57:49,655 ====================Eval Epoch 44====================
2025-11-25 23:57:50,773 epoch=44	global_step=39	acc=0.9375	acc_avg=0.8265	acc5=1.0000	acc5_avg=0.9903	loss=0.1715	loss_avg=0.5511	time=272.06it/s
2025-11-25 23:57:50,773 Eval Loss:0.5511	Eval acc: 82.65
2025-11-25 23:57:50,773 
2025-11-25 23:57:50,773 ====================Training Epoch 45====================
2025-11-25 23:57:52,226 epoch=45	global_step=17600	acc=0.8438	acc_avg=0.8807	loss=0.4362	loss_avg=0.3277	lr=0.0146	|gn|=3.0656	time=43.92it/s
2025-11-25 23:57:54,805 epoch=45	global_step=17700	acc=0.8672	acc_avg=0.8841	loss=0.3490	loss_avg=0.3285	lr=0.0146	|gn|=2.9864	time=40.33it/s
2025-11-25 23:57:57,406 epoch=45	global_step=17800	acc=0.9141	acc_avg=0.8827	loss=0.1929	loss_avg=0.3345	lr=0.0146	|gn|=1.8910	time=40.21it/s
2025-11-25 23:58:00,059 epoch=45	global_step=17900	acc=0.8672	acc_avg=0.8788	loss=0.3479	loss_avg=0.3439	lr=0.0146	|gn|=2.8264	time=43.59it/s
2025-11-25 23:58:01,113 ====================Eval Epoch 45====================
2025-11-25 23:58:02,212 epoch=45	global_step=39	acc=0.9375	acc_avg=0.8298	acc5=1.0000	acc5_avg=0.9910	loss=0.3217	loss_avg=0.5302	time=269.96it/s
2025-11-25 23:58:02,212 Eval Loss:0.5302	Eval acc: 82.98
2025-11-25 23:58:02,212 
2025-11-25 23:58:02,212 ====================Training Epoch 46====================
2025-11-25 23:58:03,991 epoch=46	global_step=18000	acc=0.9219	acc_avg=0.8952	loss=0.2641	loss_avg=0.3058	lr=0.0128	|gn|=2.3707	time=40.55it/s
2025-11-25 23:58:06,555 epoch=46	global_step=18100	acc=0.9141	acc_avg=0.8908	loss=0.3116	loss_avg=0.3145	lr=0.0128	|gn|=2.6407	time=38.75it/s
2025-11-25 23:58:09,115 epoch=46	global_step=18200	acc=0.8750	acc_avg=0.8889	loss=0.3956	loss_avg=0.3194	lr=0.0128	|gn|=3.2602	time=42.02it/s
2025-11-25 23:58:11,677 epoch=46	global_step=18300	acc=0.8438	acc_avg=0.8867	loss=0.4313	loss_avg=0.3226	lr=0.0128	|gn|=3.0637	time=39.10it/s
2025-11-25 23:58:12,479 ====================Eval Epoch 46====================
2025-11-25 23:58:13,629 epoch=46	global_step=39	acc=0.9375	acc_avg=0.8267	acc5=1.0000	acc5_avg=0.9914	loss=0.1950	loss_avg=0.5428	time=257.13it/s
2025-11-25 23:58:13,629 Eval Loss:0.5428	Eval acc: 82.67
2025-11-25 23:58:13,629 
2025-11-25 23:58:13,629 ====================Training Epoch 47====================
2025-11-25 23:58:15,689 epoch=47	global_step=18400	acc=0.8984	acc_avg=0.9021	loss=0.2449	loss_avg=0.2776	lr=0.0111	|gn|=2.4759	time=40.48it/s
2025-11-25 23:58:18,254 epoch=47	global_step=18500	acc=0.9141	acc_avg=0.9024	loss=0.3024	loss_avg=0.2823	lr=0.0111	|gn|=3.2091	time=39.26it/s
2025-11-25 23:58:20,812 epoch=47	global_step=18600	acc=0.9375	acc_avg=0.9008	loss=0.1760	loss_avg=0.2843	lr=0.0111	|gn|=2.6161	time=40.34it/s
2025-11-25 23:58:23,382 epoch=47	global_step=18700	acc=0.8594	acc_avg=0.8987	loss=0.3143	loss_avg=0.2895	lr=0.0111	|gn|=3.3736	time=39.46it/s
2025-11-25 23:58:23,933 ====================Eval Epoch 47====================
2025-11-25 23:58:25,058 epoch=47	global_step=39	acc=0.8750	acc_avg=0.8297	acc5=1.0000	acc5_avg=0.9898	loss=0.4596	loss_avg=0.5511	time=271.95it/s
2025-11-25 23:58:25,058 Eval Loss:0.5511	Eval acc: 82.97
2025-11-25 23:58:25,059 
2025-11-25 23:58:25,059 ====================Training Epoch 48====================
2025-11-25 23:58:27,407 epoch=48	global_step=18800	acc=0.9531	acc_avg=0.9112	loss=0.1553	loss_avg=0.2632	lr=0.0095	|gn|=2.2082	time=39.87it/s
2025-11-25 23:58:29,968 epoch=48	global_step=18900	acc=0.8828	acc_avg=0.9131	loss=0.2659	loss_avg=0.2573	lr=0.0095	|gn|=2.9172	time=39.93it/s
2025-11-25 23:58:32,525 epoch=48	global_step=19000	acc=0.8984	acc_avg=0.9106	loss=0.2358	loss_avg=0.2630	lr=0.0095	|gn|=2.9486	time=40.56it/s
2025-11-25 23:58:35,107 epoch=48	global_step=19100	acc=0.9219	acc_avg=0.9091	loss=0.3126	loss_avg=0.2672	lr=0.0095	|gn|=3.5290	time=40.70it/s
2025-11-25 23:58:35,387 ====================Eval Epoch 48====================
2025-11-25 23:58:36,486 epoch=48	global_step=39	acc=0.8750	acc_avg=0.8349	acc5=1.0000	acc5_avg=0.9895	loss=0.3408	loss_avg=0.5393	time=273.42it/s
2025-11-25 23:58:36,486 Eval Loss:0.5393	Eval acc: 83.49
2025-11-25 23:58:36,486 
2025-11-25 23:58:36,486 ====================Training Epoch 49====================
2025-11-25 23:58:38,923 epoch=49	global_step=19200	acc=0.9062	acc_avg=0.9177	loss=0.2605	loss_avg=0.2399	lr=0.0081	|gn|=3.2197	time=40.26it/s
2025-11-25 23:58:41,508 epoch=49	global_step=19300	acc=0.9531	acc_avg=0.9196	loss=0.2033	loss_avg=0.2340	lr=0.0081	|gn|=2.9952	time=40.17it/s
2025-11-25 23:58:44,079 epoch=49	global_step=19400	acc=0.8984	acc_avg=0.9179	loss=0.2831	loss_avg=0.2358	lr=0.0081	|gn|=3.4075	time=40.11it/s
2025-11-25 23:58:46,693 ====================Eval Epoch 49====================
2025-11-25 23:58:47,828 epoch=49	global_step=39	acc=0.9375	acc_avg=0.8371	acc5=1.0000	acc5_avg=0.9913	loss=0.2967	loss_avg=0.5429	time=272.71it/s
2025-11-25 23:58:47,829 Eval Loss:0.5429	Eval acc: 83.71
2025-11-25 23:58:47,829 
2025-11-25 23:58:47,829 ====================Training Epoch 50====================
2025-11-25 23:58:48,069 epoch=50	global_step=19500	acc=0.9531	acc_avg=0.9531	loss=0.2046	loss_avg=0.2046	lr=0.0067	|gn|=2.6337	time=32.04it/s
2025-11-25 23:58:50,478 epoch=50	global_step=19600	acc=0.9531	acc_avg=0.9339	loss=0.1372	loss_avg=0.1945	lr=0.0067	|gn|=2.6917	time=45.39it/s
2025-11-25 23:58:52,858 epoch=50	global_step=19700	acc=0.9297	acc_avg=0.9291	loss=0.1935	loss_avg=0.2041	lr=0.0067	|gn|=3.2884	time=44.91it/s
2025-11-25 23:58:55,232 epoch=50	global_step=19800	acc=0.9609	acc_avg=0.9286	loss=0.1274	loss_avg=0.2056	lr=0.0067	|gn|=2.5690	time=41.84it/s
2025-11-25 23:58:57,486 ====================Eval Epoch 50====================
2025-11-25 23:58:58,608 epoch=50	global_step=39	acc=0.8750	acc_avg=0.8402	acc5=1.0000	acc5_avg=0.9903	loss=0.5620	loss_avg=0.5512	time=272.48it/s
2025-11-25 23:58:58,608 Eval Loss:0.5512	Eval acc: 84.02
2025-11-25 23:58:58,609 
2025-11-25 23:58:58,609 ====================Training Epoch 51====================
2025-11-25 23:58:59,084 epoch=51	global_step=19900	acc=0.9219	acc_avg=0.9318	loss=0.2271	loss_avg=0.2022	lr=0.0054	|gn|=3.6529	time=39.74it/s
2025-11-25 23:59:01,590 epoch=51	global_step=20000	acc=0.9219	acc_avg=0.9384	loss=0.2107	loss_avg=0.1810	lr=0.0054	|gn|=3.3860	time=41.58it/s
2025-11-25 23:59:04,053 epoch=51	global_step=20100	acc=0.9297	acc_avg=0.9361	loss=0.1682	loss_avg=0.1830	lr=0.0054	|gn|=3.2487	time=45.52it/s
2025-11-25 23:59:06,584 epoch=51	global_step=20200	acc=0.8984	acc_avg=0.9354	loss=0.2609	loss_avg=0.1871	lr=0.0054	|gn|=4.0923	time=40.39it/s
2025-11-25 23:59:08,632 ====================Eval Epoch 51====================
2025-11-25 23:59:09,775 epoch=51	global_step=39	acc=0.8750	acc_avg=0.8387	acc5=1.0000	acc5_avg=0.9911	loss=0.4451	loss_avg=0.5565	time=272.73it/s
2025-11-25 23:59:09,775 Eval Loss:0.5565	Eval acc: 83.87
2025-11-25 23:59:09,775 
2025-11-25 23:59:09,775 ====================Training Epoch 52====================
2025-11-25 23:59:10,523 epoch=52	global_step=20300	acc=0.9453	acc_avg=0.9487	loss=0.1667	loss_avg=0.1480	lr=0.0043	|gn|=3.1480	time=39.57it/s
2025-11-25 23:59:13,092 epoch=52	global_step=20400	acc=0.9609	acc_avg=0.9468	loss=0.1139	loss_avg=0.1562	lr=0.0043	|gn|=2.5646	time=40.33it/s
2025-11-25 23:59:15,555 epoch=52	global_step=20500	acc=0.9531	acc_avg=0.9480	loss=0.1938	loss_avg=0.1544	lr=0.0043	|gn|=2.8844	time=41.35it/s
2025-11-25 23:59:17,943 epoch=52	global_step=20600	acc=0.9453	acc_avg=0.9477	loss=0.1444	loss_avg=0.1558	lr=0.0043	|gn|=3.0201	time=45.25it/s
2025-11-25 23:59:19,660 ====================Eval Epoch 52====================
2025-11-25 23:59:20,788 epoch=52	global_step=39	acc=0.8750	acc_avg=0.8389	acc5=1.0000	acc5_avg=0.9901	loss=0.3107	loss_avg=0.5760	time=266.44it/s
2025-11-25 23:59:20,788 Eval Loss:0.5760	Eval acc: 83.89
2025-11-25 23:59:20,788 
2025-11-25 23:59:20,788 ====================Training Epoch 53====================
2025-11-25 23:59:21,747 epoch=53	global_step=20700	acc=0.9766	acc_avg=0.9546	loss=0.0793	loss_avg=0.1293	lr=0.0033	|gn|=2.1638	time=40.81it/s
2025-11-25 23:59:24,128 epoch=53	global_step=20800	acc=0.9609	acc_avg=0.9507	loss=0.0953	loss_avg=0.1405	lr=0.0033	|gn|=2.4947	time=41.47it/s
2025-11-25 23:59:26,528 epoch=53	global_step=20900	acc=0.9688	acc_avg=0.9513	loss=0.1043	loss_avg=0.1418	lr=0.0033	|gn|=2.6758	time=39.92it/s
2025-11-25 23:59:29,079 epoch=53	global_step=21000	acc=0.9219	acc_avg=0.9524	loss=0.2613	loss_avg=0.1396	lr=0.0033	|gn|=3.6847	time=40.70it/s
2025-11-25 23:59:30,632 ====================Eval Epoch 53====================
2025-11-25 23:59:31,749 epoch=53	global_step=39	acc=0.8750	acc_avg=0.8462	acc5=1.0000	acc5_avg=0.9905	loss=0.4737	loss_avg=0.5478	time=256.42it/s
2025-11-25 23:59:31,749 Eval Loss:0.5478	Eval acc: 84.62
2025-11-25 23:59:31,749 
2025-11-25 23:59:31,750 ====================Training Epoch 54====================
2025-11-25 23:59:32,989 epoch=54	global_step=21100	acc=0.9609	acc_avg=0.9594	loss=0.1554	loss_avg=0.1248	lr=0.0024	|gn|=2.9214	time=41.71it/s
2025-11-25 23:59:35,364 epoch=54	global_step=21200	acc=0.9297	acc_avg=0.9607	loss=0.1853	loss_avg=0.1227	lr=0.0024	|gn|=3.7677	time=44.35it/s
2025-11-25 23:59:37,845 epoch=54	global_step=21300	acc=0.9453	acc_avg=0.9608	loss=0.1363	loss_avg=0.1211	lr=0.0024	|gn|=3.1043	time=40.27it/s
2025-11-25 23:59:40,401 epoch=54	global_step=21400	acc=0.9688	acc_avg=0.9597	loss=0.0986	loss_avg=0.1233	lr=0.0024	|gn|=2.3753	time=40.53it/s
2025-11-25 23:59:41,702 ====================Eval Epoch 54====================
2025-11-25 23:59:42,822 epoch=54	global_step=39	acc=0.8750	acc_avg=0.8456	acc5=1.0000	acc5_avg=0.9909	loss=0.3805	loss_avg=0.5577	time=250.11it/s
2025-11-25 23:59:42,822 Eval Loss:0.5577	Eval acc: 84.56
2025-11-25 23:59:42,822 
2025-11-25 23:59:42,822 ====================Training Epoch 55====================
2025-11-25 23:59:44,288 epoch=55	global_step=21500	acc=0.9766	acc_avg=0.9642	loss=0.0728	loss_avg=0.1062	lr=0.0017	|gn|=2.2590	time=43.17it/s
2025-11-25 23:59:46,830 epoch=55	global_step=21600	acc=0.9531	acc_avg=0.9639	loss=0.1632	loss_avg=0.1093	lr=0.0017	|gn|=3.2980	time=39.92it/s
2025-11-25 23:59:49,461 epoch=55	global_step=21700	acc=0.9609	acc_avg=0.9635	loss=0.0912	loss_avg=0.1097	lr=0.0017	|gn|=2.9522	time=39.01it/s
2025-11-25 23:59:52,123 epoch=55	global_step=21800	acc=0.9531	acc_avg=0.9648	loss=0.1252	loss_avg=0.1081	lr=0.0017	|gn|=3.3520	time=38.97it/s
2025-11-25 23:59:53,203 ====================Eval Epoch 55====================
2025-11-25 23:59:54,347 epoch=55	global_step=39	acc=0.8750	acc_avg=0.8447	acc5=1.0000	acc5_avg=0.9907	loss=0.4868	loss_avg=0.5662	time=245.21it/s
2025-11-25 23:59:54,348 Eval Loss:0.5662	Eval acc: 84.47
2025-11-25 23:59:54,348 
2025-11-25 23:59:54,348 ====================Training Epoch 56====================
2025-11-25 23:59:56,185 epoch=56	global_step=21900	acc=0.9766	acc_avg=0.9696	loss=0.0773	loss_avg=0.0945	lr=0.0011	|gn|=1.9750	time=40.19it/s
2025-11-25 23:59:58,751 epoch=56	global_step=22000	acc=0.9844	acc_avg=0.9704	loss=0.0545	loss_avg=0.0940	lr=0.0011	|gn|=1.9616	time=40.15it/s
2025-11-26 00:00:01,324 epoch=56	global_step=22100	acc=0.9766	acc_avg=0.9698	loss=0.1232	loss_avg=0.0956	lr=0.0011	|gn|=3.1019	time=40.87it/s
2025-11-26 00:00:03,873 epoch=56	global_step=22200	acc=0.9609	acc_avg=0.9702	loss=0.1069	loss_avg=0.0946	lr=0.0011	|gn|=2.8103	time=39.72it/s
2025-11-26 00:00:04,648 ====================Eval Epoch 56====================
2025-11-26 00:00:05,751 epoch=56	global_step=39	acc=0.8750	acc_avg=0.8448	acc5=1.0000	acc5_avg=0.9904	loss=0.3836	loss_avg=0.5702	time=270.29it/s
2025-11-26 00:00:05,751 Eval Loss:0.5702	Eval acc: 84.48
2025-11-26 00:00:05,752 
2025-11-26 00:00:05,752 ====================Training Epoch 57====================
2025-11-26 00:00:07,714 epoch=57	global_step=22300	acc=0.9688	acc_avg=0.9729	loss=0.0864	loss_avg=0.0866	lr=0.0006	|gn|=2.7356	time=38.97it/s
2025-11-26 00:00:10,332 epoch=57	global_step=22400	acc=0.9609	acc_avg=0.9728	loss=0.1016	loss_avg=0.0873	lr=0.0006	|gn|=3.2238	time=38.77it/s
2025-11-26 00:00:12,952 epoch=57	global_step=22500	acc=0.9609	acc_avg=0.9717	loss=0.1318	loss_avg=0.0894	lr=0.0006	|gn|=3.7123	time=39.27it/s
2025-11-26 00:00:15,616 epoch=57	global_step=22600	acc=0.9766	acc_avg=0.9716	loss=0.0873	loss_avg=0.0888	lr=0.0006	|gn|=2.6885	time=39.74it/s
2025-11-26 00:00:16,168 ====================Eval Epoch 57====================
2025-11-26 00:00:17,289 epoch=57	global_step=39	acc=0.8750	acc_avg=0.8455	acc5=1.0000	acc5_avg=0.9903	loss=0.3515	loss_avg=0.5618	time=261.05it/s
2025-11-26 00:00:17,289 Eval Loss:0.5618	Eval acc: 84.55
2025-11-26 00:00:17,289 
2025-11-26 00:00:17,290 ====================Training Epoch 58====================
2025-11-26 00:00:19,755 epoch=58	global_step=22700	acc=0.9688	acc_avg=0.9738	loss=0.0889	loss_avg=0.0858	lr=0.0003	|gn|=3.0691	time=39.02it/s
2025-11-26 00:00:22,428 epoch=58	global_step=22800	acc=0.9844	acc_avg=0.9735	loss=0.0412	loss_avg=0.0853	lr=0.0003	|gn|=2.0445	time=39.50it/s
2025-11-26 00:00:25,057 epoch=58	global_step=22900	acc=0.9922	acc_avg=0.9732	loss=0.0534	loss_avg=0.0856	lr=0.0003	|gn|=1.8489	time=40.30it/s
2025-11-26 00:00:27,645 epoch=58	global_step=23000	acc=0.9766	acc_avg=0.9736	loss=0.0614	loss_avg=0.0843	lr=0.0003	|gn|=2.4637	time=40.96it/s
2025-11-26 00:00:27,923 ====================Eval Epoch 58====================
2025-11-26 00:00:29,039 epoch=58	global_step=39	acc=0.8750	acc_avg=0.8447	acc5=1.0000	acc5_avg=0.9898	loss=0.3840	loss_avg=0.5641	time=260.02it/s
2025-11-26 00:00:29,039 Eval Loss:0.5641	Eval acc: 84.47
2025-11-26 00:00:29,039 
2025-11-26 00:00:29,039 ====================Training Epoch 59====================
2025-11-26 00:00:31,449 epoch=59	global_step=23100	acc=0.9766	acc_avg=0.9766	loss=0.0808	loss_avg=0.0790	lr=0.0001	|gn|=2.6893	time=40.99it/s
2025-11-26 00:00:33,975 epoch=59	global_step=23200	acc=0.9922	acc_avg=0.9755	loss=0.0514	loss_avg=0.0802	lr=0.0001	|gn|=2.2625	time=38.93it/s
2025-11-26 00:00:36,558 epoch=59	global_step=23300	acc=0.9766	acc_avg=0.9756	loss=0.0825	loss_avg=0.0800	lr=0.0001	|gn|=2.6956	time=41.61it/s
2025-11-26 00:00:39,144 ====================Eval Epoch 59====================
2025-11-26 00:00:40,293 epoch=59	global_step=39	acc=0.8750	acc_avg=0.8440	acc5=1.0000	acc5_avg=0.9891	loss=0.4108	loss_avg=0.5838	time=246.38it/s
2025-11-26 00:00:40,293 Eval Loss:0.5838	Eval acc: 84.40
2025-11-26 00:00:40,295 Running Cost 0.01 Days 

