2025-11-25 23:49:02,606 PyTorch Version: 2.6.0
2025-11-25 23:49:02,633 GPU List: ['NVIDIA L40S']
2025-11-25 23:49:02,638 num_classes: 10
2025-11-25 23:49:02,638 epochs: 60
2025-11-25 23:49:02,638 grad_clip: 5.0
2025-11-25 23:49:02,638 log_frequency: 100
2025-11-25 23:49:02,638 model: {'name': 'ResNet18', 'num_classes': 10}
2025-11-25 23:49:02,638 criterion: {'name': 'CrossEntropyLoss'}
2025-11-25 23:49:02,638 optimizer: {'name': 'SGD', 'lr': 0.1, 'weight_decay': 0.0005, 'momentum': 0.9}
2025-11-25 23:49:02,638 scheduler: {'name': 'CosineAnnealingLR', 'T_max': 60, 'eta_min': 0.0}
2025-11-25 23:49:02,638 dataset: {'name': 'DatasetGenerator', 'train_batch_size': 512, 'eval_batch_size': 512}
2025-11-25 23:49:02,640 seed: 0
2025-11-25 23:49:02,640 version: resnet18
2025-11-25 23:49:02,640 exp_name: experiment/classwise/model_training2025-11-25 23:49:02.602251
2025-11-25 23:49:02,640 config_path: configs/cifar10
2025-11-25 23:49:02,640 load_model: False
2025-11-25 23:49:02,640 data_parallel: False
2025-11-25 23:49:02,640 train: True
2025-11-25 23:49:02,640 save_frequency: -1
2025-11-25 23:49:02,640 train_face: False
2025-11-25 23:49:02,640 train_portion: 1.0
2025-11-25 23:49:02,640 train_batch_size: 128
2025-11-25 23:49:02,640 eval_batch_size: 256
2025-11-25 23:49:02,640 num_of_workers: 6
2025-11-25 23:49:02,641 train_data_type: CIFAR10
2025-11-25 23:49:02,641 test_data_type: CIFAR10
2025-11-25 23:49:02,641 train_data_path: ../dataset
2025-11-25 23:49:02,641 test_data_path: ../dataset
2025-11-25 23:49:02,641 perturb_type: classwise
2025-11-25 23:49:02,641 patch_location: center
2025-11-25 23:49:02,641 poison_rate: 1.0
2025-11-25 23:49:02,641 perturb_tensor_filepath: None
2025-11-25 23:49:02,641 generator_filepath: ./LSP/cifar10_samplewise_saved_perturbation.pt
2025-11-25 23:49:02,641 use_generator: False
2025-11-25 23:49:02,641 gue: False
2025-11-25 23:49:02,641 filter_type: low
2025-11-25 23:49:02,641 cutoff: 0.5
2025-11-25 23:49:02,641 image_size: 32
2025-11-25 23:49:02,641 img_denoise: 90
2025-11-25 23:49:02,641 jpeg_defense: True
2025-11-25 23:49:11,414 Training Dataset: Dataset CIFAR10
    Number of datapoints: 50000
    Root location: ../dataset
    Split: Train
    StandardTransform
Transform: Compose(
               RandomCrop(size=(32, 32), padding=4)
               RandomHorizontalFlip(p=0.5)
               RandomRotation(degrees=[-10.0, 10.0], interpolation=nearest, expand=False, fill=0)
               ToTensor()
           )
2025-11-25 23:49:11,414 Test Dataset: Dataset CIFAR10
    Number of datapoints: 10000
    Root location: ../dataset
    Split: Test
    StandardTransform
Transform: Compose(
               ToTensor()
           )
2025-11-25 23:49:11,649 param size = 13.682862MB
2025-11-25 23:49:11,650 
2025-11-25 23:49:11,651 ====================Training Epoch 0====================
------Using JPEG compression as defense for clean CIFAR10 train------
train_dataset
2025-11-25 23:49:13,375 epoch=0	global_step=0	acc=0.1094	acc_avg=0.1094	loss=2.3785	loss_avg=2.3785	lr=0.1000	|gn|=7.5804	time=0.79it/s
2025-11-25 23:49:15,902 epoch=0	global_step=100	acc=0.2656	acc_avg=0.2376	loss=1.7347	loss_avg=2.1909	lr=0.1000	|gn|=0.9182	time=38.60it/s
2025-11-25 23:49:18,374 epoch=0	global_step=200	acc=0.3516	acc_avg=0.2897	loss=1.5650	loss_avg=1.9720	lr=0.1000	|gn|=0.9037	time=44.23it/s
2025-11-25 23:49:20,926 epoch=0	global_step=300	acc=0.3516	acc_avg=0.3225	loss=1.6974	loss_avg=1.8615	lr=0.1000	|gn|=0.8227	time=36.96it/s
2025-11-25 23:49:23,292 ====================Eval Epoch 0====================
2025-11-25 23:49:24,644 epoch=0	global_step=39	acc=0.3125	acc_avg=0.4480	acc5=0.9375	acc5_avg=0.9229	loss=1.5309	loss_avg=1.4761	time=13.41it/s
2025-11-25 23:49:24,644 Eval Loss:1.4761	Eval acc: 44.80
2025-11-25 23:49:24,645 
2025-11-25 23:49:24,645 ====================Training Epoch 1====================
2025-11-25 23:49:25,398 epoch=1	global_step=400	acc=0.4688	acc_avg=0.4446	loss=1.3923	loss_avg=1.4957	lr=0.0999	|gn|=0.8966	time=36.20it/s
2025-11-25 23:49:27,912 epoch=1	global_step=500	acc=0.3672	acc_avg=0.4429	loss=1.5377	loss_avg=1.5087	lr=0.0999	|gn|=0.9190	time=39.61it/s
2025-11-25 23:49:30,492 epoch=1	global_step=600	acc=0.5391	acc_avg=0.4549	loss=1.3924	loss_avg=1.4811	lr=0.0999	|gn|=1.1346	time=40.42it/s
2025-11-25 23:49:33,111 epoch=1	global_step=700	acc=0.5859	acc_avg=0.4682	loss=1.3018	loss_avg=1.4526	lr=0.0999	|gn|=0.8878	time=42.97it/s
2025-11-25 23:49:35,192 ====================Eval Epoch 1====================
2025-11-25 23:49:36,278 epoch=1	global_step=39	acc=0.5000	acc_avg=0.5378	acc5=1.0000	acc5_avg=0.9391	loss=1.2389	loss_avg=1.3110	time=259.68it/s
2025-11-25 23:49:36,278 Eval Loss:1.3110	Eval acc: 53.78
2025-11-25 23:49:36,279 
2025-11-25 23:49:36,279 ====================Training Epoch 2====================
2025-11-25 23:49:36,991 epoch=2	global_step=800	acc=0.5703	acc_avg=0.5242	loss=1.1874	loss_avg=1.2920	lr=0.0997	|gn|=0.9827	time=41.26it/s
2025-11-25 23:49:39,496 epoch=2	global_step=900	acc=0.4766	acc_avg=0.5415	loss=1.2736	loss_avg=1.2692	lr=0.0997	|gn|=1.2875	time=37.36it/s
2025-11-25 23:49:42,091 epoch=2	global_step=1000	acc=0.6094	acc_avg=0.5510	loss=1.1426	loss_avg=1.2470	lr=0.0997	|gn|=0.8788	time=38.95it/s
2025-11-25 23:49:44,646 epoch=2	global_step=1100	acc=0.5938	acc_avg=0.5568	loss=1.1082	loss_avg=1.2274	lr=0.0997	|gn|=0.8932	time=39.18it/s
2025-11-25 23:49:46,430 ====================Eval Epoch 2====================
2025-11-25 23:49:47,518 epoch=2	global_step=39	acc=0.6250	acc_avg=0.5949	acc5=1.0000	acc5_avg=0.9641	loss=0.8059	loss_avg=1.1097	time=260.63it/s
2025-11-25 23:49:47,518 Eval Loss:1.1097	Eval acc: 59.49
2025-11-25 23:49:47,519 
2025-11-25 23:49:47,519 ====================Training Epoch 3====================
2025-11-25 23:49:48,540 epoch=3	global_step=1200	acc=0.6094	acc_avg=0.6043	loss=1.1999	loss_avg=1.1219	lr=0.0994	|gn|=1.2276	time=38.36it/s
2025-11-25 23:49:51,178 epoch=3	global_step=1300	acc=0.5469	acc_avg=0.5947	loss=1.2759	loss_avg=1.1269	lr=0.0994	|gn|=1.1828	time=37.41it/s
2025-11-25 23:49:53,759 epoch=3	global_step=1400	acc=0.6562	acc_avg=0.6039	loss=1.0286	loss_avg=1.1030	lr=0.0994	|gn|=1.0252	time=39.66it/s
2025-11-25 23:49:56,366 epoch=3	global_step=1500	acc=0.5938	acc_avg=0.6105	loss=1.0557	loss_avg=1.0878	lr=0.0994	|gn|=1.0643	time=38.46it/s
2025-11-25 23:49:57,900 ====================Eval Epoch 3====================
2025-11-25 23:49:58,992 epoch=3	global_step=39	acc=0.6250	acc_avg=0.6624	acc5=1.0000	acc5_avg=0.9731	loss=0.7182	loss_avg=0.9797	time=261.28it/s
2025-11-25 23:49:58,992 Eval Loss:0.9797	Eval acc: 66.24
2025-11-25 23:49:58,993 
2025-11-25 23:49:58,993 ====================Training Epoch 4====================
2025-11-25 23:50:00,231 epoch=4	global_step=1600	acc=0.7031	acc_avg=0.6492	loss=0.9132	loss_avg=0.9959	lr=0.0989	|gn|=1.1076	time=39.70it/s
2025-11-25 23:50:02,816 epoch=4	global_step=1700	acc=0.6484	acc_avg=0.6518	loss=1.0020	loss_avg=0.9826	lr=0.0989	|gn|=1.0720	time=39.60it/s
2025-11-25 23:50:05,378 epoch=4	global_step=1800	acc=0.5469	acc_avg=0.6495	loss=1.2864	loss_avg=0.9877	lr=0.0989	|gn|=1.2927	time=42.96it/s
2025-11-25 23:50:07,899 epoch=4	global_step=1900	acc=0.6719	acc_avg=0.6514	loss=0.8568	loss_avg=0.9818	lr=0.0989	|gn|=0.9776	time=45.16it/s
2025-11-25 23:50:09,208 ====================Eval Epoch 4====================
2025-11-25 23:50:10,313 epoch=4	global_step=39	acc=0.7500	acc_avg=0.6958	acc5=0.9375	acc5_avg=0.9755	loss=0.7059	loss_avg=0.8700	time=257.00it/s
2025-11-25 23:50:10,313 Eval Loss:0.8700	Eval acc: 69.58
2025-11-25 23:50:10,314 
2025-11-25 23:50:10,314 ====================Training Epoch 5====================
2025-11-25 23:50:11,880 epoch=5	global_step=2000	acc=0.7188	acc_avg=0.6706	loss=0.7734	loss_avg=0.9430	lr=0.0983	|gn|=0.9783	time=44.22it/s
2025-11-25 23:50:14,491 epoch=5	global_step=2100	acc=0.7031	acc_avg=0.6696	loss=0.7196	loss_avg=0.9396	lr=0.0983	|gn|=1.0578	time=38.25it/s
2025-11-25 23:50:17,092 epoch=5	global_step=2200	acc=0.7109	acc_avg=0.6713	loss=0.9612	loss_avg=0.9305	lr=0.0983	|gn|=1.1545	time=39.43it/s
2025-11-25 23:50:19,734 epoch=5	global_step=2300	acc=0.6953	acc_avg=0.6732	loss=0.9326	loss_avg=0.9221	lr=0.0983	|gn|=1.1173	time=39.86it/s
2025-11-25 23:50:20,765 ====================Eval Epoch 5====================
2025-11-25 23:50:21,858 epoch=5	global_step=39	acc=0.6875	acc_avg=0.6969	acc5=1.0000	acc5_avg=0.9783	loss=0.7596	loss_avg=0.8708	time=263.20it/s
2025-11-25 23:50:21,859 Eval Loss:0.8708	Eval acc: 69.69
2025-11-25 23:50:21,859 
2025-11-25 23:50:21,859 ====================Training Epoch 6====================
2025-11-25 23:50:23,648 epoch=6	global_step=2400	acc=0.7266	acc_avg=0.6895	loss=0.8680	loss_avg=0.8854	lr=0.0976	|gn|=1.0272	time=37.43it/s
2025-11-25 23:50:26,226 epoch=6	global_step=2500	acc=0.7266	acc_avg=0.6935	loss=0.9219	loss_avg=0.8736	lr=0.0976	|gn|=1.1609	time=39.45it/s
2025-11-25 23:50:28,845 epoch=6	global_step=2600	acc=0.6953	acc_avg=0.6925	loss=0.8522	loss_avg=0.8768	lr=0.0976	|gn|=1.1094	time=39.23it/s
2025-11-25 23:50:31,452 epoch=6	global_step=2700	acc=0.7031	acc_avg=0.6938	loss=0.8441	loss_avg=0.8724	lr=0.0976	|gn|=1.2144	time=37.79it/s
2025-11-25 23:50:32,244 ====================Eval Epoch 6====================
2025-11-25 23:50:33,337 epoch=6	global_step=39	acc=0.9375	acc_avg=0.7265	acc5=1.0000	acc5_avg=0.9820	loss=0.3118	loss_avg=0.7831	time=259.37it/s
2025-11-25 23:50:33,337 Eval Loss:0.7831	Eval acc: 72.65
2025-11-25 23:50:33,337 
2025-11-25 23:50:33,338 ====================Training Epoch 7====================
2025-11-25 23:50:35,325 epoch=7	global_step=2800	acc=0.7344	acc_avg=0.7109	loss=0.7876	loss_avg=0.8409	lr=0.0967	|gn|=1.1066	time=39.17it/s
2025-11-25 23:50:37,858 epoch=7	global_step=2900	acc=0.7109	acc_avg=0.7049	loss=0.8235	loss_avg=0.8487	lr=0.0967	|gn|=1.1661	time=43.48it/s
2025-11-25 23:50:40,392 epoch=7	global_step=3000	acc=0.7188	acc_avg=0.7032	loss=0.8845	loss_avg=0.8472	lr=0.0967	|gn|=1.2007	time=39.65it/s
2025-11-25 23:50:42,961 epoch=7	global_step=3100	acc=0.7031	acc_avg=0.7048	loss=0.7580	loss_avg=0.8413	lr=0.0967	|gn|=1.1126	time=42.06it/s
2025-11-25 23:50:43,488 ====================Eval Epoch 7====================
2025-11-25 23:50:44,576 epoch=7	global_step=39	acc=0.8750	acc_avg=0.7154	acc5=1.0000	acc5_avg=0.9800	loss=0.4787	loss_avg=0.8057	time=259.76it/s
2025-11-25 23:50:44,576 Eval Loss:0.8057	Eval acc: 71.54
2025-11-25 23:50:44,576 
2025-11-25 23:50:44,576 ====================Training Epoch 8====================
2025-11-25 23:50:46,914 epoch=8	global_step=3200	acc=0.7266	acc_avg=0.7138	loss=0.7040	loss_avg=0.8164	lr=0.0957	|gn|=1.0512	time=42.11it/s
2025-11-25 23:50:49,549 epoch=8	global_step=3300	acc=0.7500	acc_avg=0.7117	loss=0.7882	loss_avg=0.8264	lr=0.0957	|gn|=1.1539	time=39.90it/s
2025-11-25 23:50:52,083 epoch=8	global_step=3400	acc=0.7422	acc_avg=0.7132	loss=0.7255	loss_avg=0.8194	lr=0.0957	|gn|=1.2522	time=39.00it/s
2025-11-25 23:50:54,678 epoch=8	global_step=3500	acc=0.6953	acc_avg=0.7145	loss=0.8395	loss_avg=0.8149	lr=0.0957	|gn|=1.4171	time=39.73it/s
2025-11-25 23:50:54,955 ====================Eval Epoch 8====================
2025-11-25 23:50:56,061 epoch=8	global_step=39	acc=0.8750	acc_avg=0.7458	acc5=1.0000	acc5_avg=0.9785	loss=0.5047	loss_avg=0.7480	time=261.59it/s
2025-11-25 23:50:56,061 Eval Loss:0.7480	Eval acc: 74.58
2025-11-25 23:50:56,062 
2025-11-25 23:50:56,062 ====================Training Epoch 9====================
2025-11-25 23:50:58,587 epoch=9	global_step=3600	acc=0.7656	acc_avg=0.7260	loss=0.6499	loss_avg=0.7836	lr=0.0946	|gn|=1.2301	time=37.75it/s
2025-11-25 23:51:01,218 epoch=9	global_step=3700	acc=0.6406	acc_avg=0.7225	loss=0.9218	loss_avg=0.7906	lr=0.0946	|gn|=1.5855	time=40.44it/s
2025-11-25 23:51:03,772 epoch=9	global_step=3800	acc=0.7188	acc_avg=0.7223	loss=0.7728	loss_avg=0.7940	lr=0.0946	|gn|=1.3388	time=38.48it/s
2025-11-25 23:51:06,334 ====================Eval Epoch 9====================
2025-11-25 23:51:07,413 epoch=9	global_step=39	acc=0.7500	acc_avg=0.7572	acc5=1.0000	acc5_avg=0.9812	loss=0.4688	loss_avg=0.7347	time=262.70it/s
2025-11-25 23:51:07,413 Eval Loss:0.7347	Eval acc: 75.72
2025-11-25 23:51:07,413 
2025-11-25 23:51:07,413 ====================Training Epoch 10====================
2025-11-25 23:51:07,649 epoch=10	global_step=3900	acc=0.6953	acc_avg=0.6953	loss=0.8587	loss_avg=0.8587	lr=0.0933	|gn|=1.2494	time=29.38it/s
2025-11-25 23:51:10,177 epoch=10	global_step=4000	acc=0.7656	acc_avg=0.7399	loss=0.6619	loss_avg=0.7522	lr=0.0933	|gn|=1.1300	time=40.33it/s
2025-11-25 23:51:12,687 epoch=10	global_step=4100	acc=0.7188	acc_avg=0.7394	loss=0.7962	loss_avg=0.7568	lr=0.0933	|gn|=1.2885	time=39.57it/s
2025-11-25 23:51:15,220 epoch=10	global_step=4200	acc=0.7656	acc_avg=0.7360	loss=0.7004	loss_avg=0.7628	lr=0.0933	|gn|=1.3072	time=39.46it/s
2025-11-25 23:51:17,473 ====================Eval Epoch 10====================
2025-11-25 23:51:18,588 epoch=10	global_step=39	acc=0.6875	acc_avg=0.7487	acc5=1.0000	acc5_avg=0.9857	loss=0.5370	loss_avg=0.7270	time=266.41it/s
2025-11-25 23:51:18,588 Eval Loss:0.7270	Eval acc: 74.87
2025-11-25 23:51:18,588 
2025-11-25 23:51:18,588 ====================Training Epoch 11====================
2025-11-25 23:51:19,050 epoch=11	global_step=4300	acc=0.7656	acc_avg=0.7464	loss=0.6785	loss_avg=0.7364	lr=0.0919	|gn|=1.2804	time=38.36it/s
2025-11-25 23:51:21,604 epoch=11	global_step=4400	acc=0.7422	acc_avg=0.7337	loss=0.7714	loss_avg=0.7556	lr=0.0919	|gn|=1.3285	time=45.17it/s
2025-11-25 23:51:24,179 epoch=11	global_step=4500	acc=0.7188	acc_avg=0.7304	loss=0.8640	loss_avg=0.7667	lr=0.0919	|gn|=1.5027	time=38.16it/s
2025-11-25 23:51:26,810 epoch=11	global_step=4600	acc=0.7344	acc_avg=0.7332	loss=0.7842	loss_avg=0.7610	lr=0.0919	|gn|=1.3450	time=37.65it/s
2025-11-25 23:51:28,904 ====================Eval Epoch 11====================
2025-11-25 23:51:29,983 epoch=11	global_step=39	acc=0.8750	acc_avg=0.7554	acc5=1.0000	acc5_avg=0.9820	loss=0.4797	loss_avg=0.7228	time=256.31it/s
2025-11-25 23:51:29,983 Eval Loss:0.7228	Eval acc: 75.54
2025-11-25 23:51:29,983 
2025-11-25 23:51:29,984 ====================Training Epoch 12====================
2025-11-25 23:51:30,725 epoch=12	global_step=4700	acc=0.7109	acc_avg=0.7526	loss=0.8274	loss_avg=0.7264	lr=0.0905	|gn|=1.3956	time=42.40it/s
2025-11-25 23:51:33,279 epoch=12	global_step=4800	acc=0.7031	acc_avg=0.7437	loss=0.8421	loss_avg=0.7340	lr=0.0905	|gn|=1.4886	time=37.76it/s
2025-11-25 23:51:35,974 epoch=12	global_step=4900	acc=0.7422	acc_avg=0.7436	loss=0.7353	loss_avg=0.7329	lr=0.0905	|gn|=1.4099	time=43.34it/s
2025-11-25 23:51:38,627 epoch=12	global_step=5000	acc=0.7578	acc_avg=0.7410	loss=0.6814	loss_avg=0.7431	lr=0.0905	|gn|=1.2066	time=42.21it/s
2025-11-25 23:51:40,464 ====================Eval Epoch 12====================
2025-11-25 23:51:41,552 epoch=12	global_step=39	acc=0.8125	acc_avg=0.7599	acc5=1.0000	acc5_avg=0.9837	loss=0.5274	loss_avg=0.6863	time=258.35it/s
2025-11-25 23:51:41,552 Eval Loss:0.6863	Eval acc: 75.99
2025-11-25 23:51:41,552 
2025-11-25 23:51:41,552 ====================Training Epoch 13====================
2025-11-25 23:51:42,565 epoch=13	global_step=5100	acc=0.7422	acc_avg=0.7566	loss=0.6511	loss_avg=0.6957	lr=0.0889	|gn|=1.3165	time=38.74it/s
2025-11-25 23:51:45,169 epoch=13	global_step=5200	acc=0.7656	acc_avg=0.7476	loss=0.6055	loss_avg=0.7219	lr=0.0889	|gn|=1.1045	time=39.75it/s
2025-11-25 23:51:47,727 epoch=13	global_step=5300	acc=0.7812	acc_avg=0.7481	loss=0.6636	loss_avg=0.7243	lr=0.0889	|gn|=1.2365	time=44.66it/s
2025-11-25 23:51:50,276 epoch=13	global_step=5400	acc=0.7422	acc_avg=0.7473	loss=0.7128	loss_avg=0.7288	lr=0.0889	|gn|=1.4779	time=42.04it/s
2025-11-25 23:51:51,837 ====================Eval Epoch 13====================
2025-11-25 23:51:52,917 epoch=13	global_step=39	acc=0.8125	acc_avg=0.7698	acc5=1.0000	acc5_avg=0.9820	loss=0.5729	loss_avg=0.6863	time=258.33it/s
2025-11-25 23:51:52,917 Eval Loss:0.6863	Eval acc: 76.98
2025-11-25 23:51:52,917 
2025-11-25 23:51:52,917 ====================Training Epoch 14====================
2025-11-25 23:51:54,113 epoch=14	global_step=5500	acc=0.7969	acc_avg=0.7477	loss=0.6894	loss_avg=0.7164	lr=0.0872	|gn|=1.3802	time=39.52it/s
2025-11-25 23:51:56,602 epoch=14	global_step=5600	acc=0.7266	acc_avg=0.7514	loss=0.7803	loss_avg=0.7127	lr=0.0872	|gn|=1.3412	time=41.00it/s
2025-11-25 23:51:59,038 epoch=14	global_step=5700	acc=0.8125	acc_avg=0.7503	loss=0.6321	loss_avg=0.7124	lr=0.0872	|gn|=1.3580	time=45.77it/s
2025-11-25 23:52:01,556 epoch=14	global_step=5800	acc=0.7969	acc_avg=0.7517	loss=0.6562	loss_avg=0.7137	lr=0.0872	|gn|=1.2272	time=39.84it/s
2025-11-25 23:52:02,859 ====================Eval Epoch 14====================
2025-11-25 23:52:03,944 epoch=14	global_step=39	acc=0.7500	acc_avg=0.7720	acc5=1.0000	acc5_avg=0.9857	loss=0.5445	loss_avg=0.6490	time=257.38it/s
2025-11-25 23:52:03,944 Eval Loss:0.6490	Eval acc: 77.20
2025-11-25 23:52:03,944 
2025-11-25 23:52:03,944 ====================Training Epoch 15====================
2025-11-25 23:52:05,481 epoch=15	global_step=5900	acc=0.7500	acc_avg=0.7681	loss=0.8319	loss_avg=0.6692	lr=0.0854	|gn|=1.6863	time=41.67it/s
2025-11-25 23:52:08,109 epoch=15	global_step=6000	acc=0.7656	acc_avg=0.7622	loss=0.7026	loss_avg=0.6777	lr=0.0854	|gn|=1.3851	time=38.66it/s
2025-11-25 23:52:10,765 epoch=15	global_step=6100	acc=0.7500	acc_avg=0.7579	loss=0.6843	loss_avg=0.6910	lr=0.0854	|gn|=1.2290	time=39.02it/s
2025-11-25 23:52:13,356 epoch=15	global_step=6200	acc=0.7969	acc_avg=0.7552	loss=0.6481	loss_avg=0.6971	lr=0.0854	|gn|=1.3200	time=40.21it/s
2025-11-25 23:52:14,402 ====================Eval Epoch 15====================
2025-11-25 23:52:15,499 epoch=15	global_step=39	acc=0.8750	acc_avg=0.7892	acc5=1.0000	acc5_avg=0.9865	loss=0.4297	loss_avg=0.6304	time=252.41it/s
2025-11-25 23:52:15,499 Eval Loss:0.6304	Eval acc: 78.92
2025-11-25 23:52:15,499 
2025-11-25 23:52:15,499 ====================Training Epoch 16====================
2025-11-25 23:52:17,212 epoch=16	global_step=6300	acc=0.8047	acc_avg=0.7706	loss=0.6314	loss_avg=0.6530	lr=0.0835	|gn|=1.4183	time=38.93it/s
2025-11-25 23:52:19,834 epoch=16	global_step=6400	acc=0.7031	acc_avg=0.7685	loss=0.8139	loss_avg=0.6664	lr=0.0835	|gn|=1.6354	time=41.81it/s
2025-11-25 23:52:22,375 epoch=16	global_step=6500	acc=0.7578	acc_avg=0.7652	loss=0.6887	loss_avg=0.6750	lr=0.0835	|gn|=1.5005	time=39.15it/s
2025-11-25 23:52:24,953 epoch=16	global_step=6600	acc=0.7266	acc_avg=0.7650	loss=0.6534	loss_avg=0.6766	lr=0.0835	|gn|=1.4667	time=42.76it/s
2025-11-25 23:52:25,745 ====================Eval Epoch 16====================
2025-11-25 23:52:26,846 epoch=16	global_step=39	acc=0.8125	acc_avg=0.7658	acc5=1.0000	acc5_avg=0.9872	loss=0.4814	loss_avg=0.6718	time=261.08it/s
2025-11-25 23:52:26,846 Eval Loss:0.6718	Eval acc: 76.58
2025-11-25 23:52:26,846 
2025-11-25 23:52:26,846 ====================Training Epoch 17====================
2025-11-25 23:52:28,835 epoch=17	global_step=6700	acc=0.7812	acc_avg=0.7705	loss=0.6766	loss_avg=0.6649	lr=0.0815	|gn|=1.4020	time=38.58it/s
2025-11-25 23:52:31,473 epoch=17	global_step=6800	acc=0.7734	acc_avg=0.7674	loss=0.7322	loss_avg=0.6686	lr=0.0815	|gn|=1.5282	time=39.26it/s
2025-11-25 23:52:34,139 epoch=17	global_step=6900	acc=0.7266	acc_avg=0.7676	loss=0.7531	loss_avg=0.6681	lr=0.0815	|gn|=1.6411	time=38.28it/s
2025-11-25 23:52:36,767 epoch=17	global_step=7000	acc=0.7578	acc_avg=0.7653	loss=0.7130	loss_avg=0.6751	lr=0.0815	|gn|=1.3849	time=38.75it/s
2025-11-25 23:52:37,309 ====================Eval Epoch 17====================
2025-11-25 23:52:38,419 epoch=17	global_step=39	acc=0.8750	acc_avg=0.8011	acc5=1.0000	acc5_avg=0.9877	loss=0.5020	loss_avg=0.5991	time=247.25it/s
2025-11-25 23:52:38,420 Eval Loss:0.5991	Eval acc: 80.11
2025-11-25 23:52:38,420 
2025-11-25 23:52:38,420 ====================Training Epoch 18====================
2025-11-25 23:52:40,693 epoch=18	global_step=7100	acc=0.7734	acc_avg=0.7742	loss=0.6403	loss_avg=0.6407	lr=0.0794	|gn|=1.4489	time=39.41it/s
2025-11-25 23:52:43,230 epoch=18	global_step=7200	acc=0.7344	acc_avg=0.7734	loss=0.7243	loss_avg=0.6507	lr=0.0794	|gn|=1.5005	time=37.22it/s
2025-11-25 23:52:45,793 epoch=18	global_step=7300	acc=0.7891	acc_avg=0.7687	loss=0.6493	loss_avg=0.6617	lr=0.0794	|gn|=1.3852	time=39.04it/s
2025-11-25 23:52:48,389 epoch=18	global_step=7400	acc=0.6875	acc_avg=0.7690	loss=0.8780	loss_avg=0.6640	lr=0.0794	|gn|=1.7623	time=39.87it/s
2025-11-25 23:52:48,664 ====================Eval Epoch 18====================
2025-11-25 23:52:49,746 epoch=18	global_step=39	acc=0.6875	acc_avg=0.7803	acc5=1.0000	acc5_avg=0.9860	loss=0.6760	loss_avg=0.6376	time=259.40it/s
2025-11-25 23:52:49,746 Eval Loss:0.6376	Eval acc: 78.03
2025-11-25 23:52:49,747 
2025-11-25 23:52:49,747 ====================Training Epoch 19====================
2025-11-25 23:52:52,314 epoch=19	global_step=7500	acc=0.7031	acc_avg=0.7793	loss=0.7349	loss_avg=0.6416	lr=0.0772	|gn|=1.4471	time=37.88it/s
2025-11-25 23:52:54,927 epoch=19	global_step=7600	acc=0.8203	acc_avg=0.7800	loss=0.6006	loss_avg=0.6371	lr=0.0772	|gn|=1.3892	time=44.60it/s
2025-11-25 23:52:57,477 epoch=19	global_step=7700	acc=0.7656	acc_avg=0.7746	loss=0.5552	loss_avg=0.6484	lr=0.0772	|gn|=1.3928	time=42.02it/s
2025-11-25 23:52:59,994 ====================Eval Epoch 19====================
2025-11-25 23:53:01,099 epoch=19	global_step=39	acc=0.8125	acc_avg=0.7918	acc5=1.0000	acc5_avg=0.9862	loss=0.3225	loss_avg=0.6164	time=258.29it/s
2025-11-25 23:53:01,099 Eval Loss:0.6164	Eval acc: 79.18
2025-11-25 23:53:01,100 
2025-11-25 23:53:01,100 ====================Training Epoch 20====================
2025-11-25 23:53:01,332 epoch=20	global_step=7800	acc=0.7891	acc_avg=0.7891	loss=0.5782	loss_avg=0.5782	lr=0.0750	|gn|=1.4209	time=23.57it/s
2025-11-25 23:53:03,892 epoch=20	global_step=7900	acc=0.7578	acc_avg=0.7808	loss=0.7084	loss_avg=0.6228	lr=0.0750	|gn|=1.4348	time=39.59it/s
2025-11-25 23:53:06,459 epoch=20	global_step=8000	acc=0.8672	acc_avg=0.7820	loss=0.4983	loss_avg=0.6264	lr=0.0750	|gn|=1.2314	time=39.65it/s
2025-11-25 23:53:09,061 epoch=20	global_step=8100	acc=0.7500	acc_avg=0.7786	loss=0.6487	loss_avg=0.6380	lr=0.0750	|gn|=1.5202	time=39.22it/s
2025-11-25 23:53:11,375 ====================Eval Epoch 20====================
2025-11-25 23:53:12,474 epoch=20	global_step=39	acc=0.7500	acc_avg=0.7943	acc5=1.0000	acc5_avg=0.9873	loss=0.6535	loss_avg=0.6056	time=255.67it/s
2025-11-25 23:53:12,474 Eval Loss:0.6056	Eval acc: 79.43
2025-11-25 23:53:12,474 
2025-11-25 23:53:12,474 ====================Training Epoch 21====================
2025-11-25 23:53:12,962 epoch=21	global_step=8200	acc=0.7188	acc_avg=0.7805	loss=0.6412	loss_avg=0.6240	lr=0.0727	|gn|=1.6973	time=42.33it/s
2025-11-25 23:53:15,541 epoch=21	global_step=8300	acc=0.8047	acc_avg=0.7789	loss=0.5786	loss_avg=0.6300	lr=0.0727	|gn|=1.4688	time=39.55it/s
2025-11-25 23:53:18,089 epoch=21	global_step=8400	acc=0.7969	acc_avg=0.7797	loss=0.6935	loss_avg=0.6316	lr=0.0727	|gn|=1.5894	time=39.19it/s
2025-11-25 23:53:20,702 epoch=21	global_step=8500	acc=0.7969	acc_avg=0.7800	loss=0.5505	loss_avg=0.6301	lr=0.0727	|gn|=1.4705	time=39.51it/s
2025-11-25 23:53:22,826 ====================Eval Epoch 21====================
2025-11-25 23:53:23,921 epoch=21	global_step=39	acc=0.8125	acc_avg=0.8009	acc5=1.0000	acc5_avg=0.9872	loss=0.4324	loss_avg=0.5878	time=262.93it/s
2025-11-25 23:53:23,921 Eval Loss:0.5878	Eval acc: 80.09
2025-11-25 23:53:23,922 
2025-11-25 23:53:23,922 ====================Training Epoch 22====================
2025-11-25 23:53:24,666 epoch=22	global_step=8600	acc=0.7969	acc_avg=0.7879	loss=0.6093	loss_avg=0.6113	lr=0.0703	|gn|=1.4775	time=39.31it/s
2025-11-25 23:53:27,250 epoch=22	global_step=8700	acc=0.7578	acc_avg=0.7862	loss=0.6934	loss_avg=0.6170	lr=0.0703	|gn|=1.8403	time=39.79it/s
2025-11-25 23:53:29,871 epoch=22	global_step=8800	acc=0.8438	acc_avg=0.7873	loss=0.5516	loss_avg=0.6163	lr=0.0703	|gn|=1.2953	time=38.48it/s
2025-11-25 23:53:32,352 epoch=22	global_step=8900	acc=0.8203	acc_avg=0.7863	loss=0.4975	loss_avg=0.6165	lr=0.0703	|gn|=1.4203	time=39.70it/s
2025-11-25 23:53:34,174 ====================Eval Epoch 22====================
2025-11-25 23:53:35,274 epoch=22	global_step=39	acc=0.9375	acc_avg=0.7860	acc5=1.0000	acc5_avg=0.9863	loss=0.3054	loss_avg=0.6251	time=260.84it/s
2025-11-25 23:53:35,275 Eval Loss:0.6251	Eval acc: 78.60
2025-11-25 23:53:35,275 
2025-11-25 23:53:35,275 ====================Training Epoch 23====================
2025-11-25 23:53:36,278 epoch=23	global_step=9000	acc=0.8125	acc_avg=0.8039	loss=0.5065	loss_avg=0.5799	lr=0.0679	|gn|=1.5168	time=39.44it/s
2025-11-25 23:53:38,868 epoch=23	global_step=9100	acc=0.8047	acc_avg=0.8031	loss=0.5369	loss_avg=0.5707	lr=0.0679	|gn|=1.5520	time=39.87it/s
2025-11-25 23:53:41,413 epoch=23	global_step=9200	acc=0.7969	acc_avg=0.7935	loss=0.5162	loss_avg=0.5937	lr=0.0679	|gn|=1.5111	time=39.71it/s
2025-11-25 23:53:43,985 epoch=23	global_step=9300	acc=0.7891	acc_avg=0.7915	loss=0.6497	loss_avg=0.5989	lr=0.0679	|gn|=1.4834	time=39.03it/s
2025-11-25 23:53:45,583 ====================Eval Epoch 23====================
2025-11-25 23:53:46,687 epoch=23	global_step=39	acc=0.8125	acc_avg=0.8001	acc5=1.0000	acc5_avg=0.9898	loss=0.6672	loss_avg=0.5895	time=264.98it/s
2025-11-25 23:53:46,687 Eval Loss:0.5895	Eval acc: 80.01
2025-11-25 23:53:46,687 
2025-11-25 23:53:46,687 ====================Training Epoch 24====================
2025-11-25 23:53:47,938 epoch=24	global_step=9400	acc=0.8047	acc_avg=0.8093	loss=0.5160	loss_avg=0.5536	lr=0.0655	|gn|=1.4980	time=38.62it/s
2025-11-25 23:53:50,667 epoch=24	global_step=9500	acc=0.7891	acc_avg=0.8010	loss=0.6104	loss_avg=0.5791	lr=0.0655	|gn|=1.6013	time=37.59it/s
2025-11-25 23:53:53,282 epoch=24	global_step=9600	acc=0.7656	acc_avg=0.7988	loss=0.5835	loss_avg=0.5832	lr=0.0655	|gn|=1.4799	time=41.90it/s
2025-11-25 23:53:55,940 epoch=24	global_step=9700	acc=0.7891	acc_avg=0.7953	loss=0.5928	loss_avg=0.5897	lr=0.0655	|gn|=1.6745	time=39.30it/s
2025-11-25 23:53:57,278 ====================Eval Epoch 24====================
2025-11-25 23:53:58,374 epoch=24	global_step=39	acc=0.8750	acc_avg=0.7960	acc5=1.0000	acc5_avg=0.9890	loss=0.3303	loss_avg=0.5893	time=263.21it/s
2025-11-25 23:53:58,375 Eval Loss:0.5893	Eval acc: 79.60
2025-11-25 23:53:58,375 
2025-11-25 23:53:58,375 ====================Training Epoch 25====================
2025-11-25 23:53:59,827 epoch=25	global_step=9800	acc=0.8203	acc_avg=0.7978	loss=0.5574	loss_avg=0.5717	lr=0.0629	|gn|=1.4726	time=39.88it/s
2025-11-25 23:54:02,340 epoch=25	global_step=9900	acc=0.8203	acc_avg=0.8010	loss=0.5381	loss_avg=0.5699	lr=0.0629	|gn|=1.4875	time=39.45it/s
2025-11-25 23:54:04,883 epoch=25	global_step=10000	acc=0.8125	acc_avg=0.8012	loss=0.5087	loss_avg=0.5710	lr=0.0629	|gn|=1.4659	time=37.94it/s
2025-11-25 23:54:07,447 epoch=25	global_step=10100	acc=0.8203	acc_avg=0.7992	loss=0.6476	loss_avg=0.5764	lr=0.0629	|gn|=1.8061	time=42.70it/s
2025-11-25 23:54:08,485 ====================Eval Epoch 25====================
2025-11-25 23:54:09,563 epoch=25	global_step=39	acc=0.8750	acc_avg=0.7926	acc5=1.0000	acc5_avg=0.9870	loss=0.4146	loss_avg=0.6061	time=266.32it/s
2025-11-25 23:54:09,564 Eval Loss:0.6061	Eval acc: 79.26
2025-11-25 23:54:09,564 
2025-11-25 23:54:09,564 ====================Training Epoch 26====================
2025-11-25 23:54:11,237 epoch=26	global_step=10200	acc=0.8203	acc_avg=0.8149	loss=0.5287	loss_avg=0.5317	lr=0.0604	|gn|=1.6635	time=42.80it/s
2025-11-25 23:54:13,776 epoch=26	global_step=10300	acc=0.7578	acc_avg=0.8075	loss=0.6839	loss_avg=0.5507	lr=0.0604	|gn|=1.8388	time=40.01it/s
2025-11-25 23:54:16,293 epoch=26	global_step=10400	acc=0.8203	acc_avg=0.8049	loss=0.4795	loss_avg=0.5552	lr=0.0604	|gn|=1.5912	time=38.90it/s
2025-11-25 23:54:18,877 epoch=26	global_step=10500	acc=0.8125	acc_avg=0.8022	loss=0.4548	loss_avg=0.5641	lr=0.0604	|gn|=1.4512	time=40.32it/s
2025-11-25 23:54:19,642 ====================Eval Epoch 26====================
2025-11-25 23:54:20,725 epoch=26	global_step=39	acc=0.9375	acc_avg=0.8111	acc5=1.0000	acc5_avg=0.9893	loss=0.3519	loss_avg=0.5635	time=260.45it/s
2025-11-25 23:54:20,725 Eval Loss:0.5635	Eval acc: 81.11
2025-11-25 23:54:20,725 
2025-11-25 23:54:20,725 ====================Training Epoch 27====================
2025-11-25 23:54:22,706 epoch=27	global_step=10600	acc=0.8750	acc_avg=0.8138	loss=0.4095	loss_avg=0.5273	lr=0.0578	|gn|=1.5227	time=45.32it/s
2025-11-25 23:54:25,230 epoch=27	global_step=10700	acc=0.7969	acc_avg=0.8105	loss=0.5600	loss_avg=0.5396	lr=0.0578	|gn|=1.6026	time=39.62it/s
2025-11-25 23:54:27,749 epoch=27	global_step=10800	acc=0.7422	acc_avg=0.8081	loss=0.7399	loss_avg=0.5480	lr=0.0578	|gn|=1.9345	time=40.96it/s
2025-11-25 23:54:30,309 epoch=27	global_step=10900	acc=0.8672	acc_avg=0.8070	loss=0.4160	loss_avg=0.5522	lr=0.0578	|gn|=1.3783	time=39.23it/s
2025-11-25 23:54:30,836 ====================Eval Epoch 27====================
2025-11-25 23:54:31,923 epoch=27	global_step=39	acc=0.8125	acc_avg=0.8121	acc5=1.0000	acc5_avg=0.9883	loss=0.4702	loss_avg=0.5654	time=263.83it/s
2025-11-25 23:54:31,923 Eval Loss:0.5654	Eval acc: 81.21
2025-11-25 23:54:31,923 
2025-11-25 23:54:31,923 ====================Training Epoch 28====================
2025-11-25 23:54:34,150 epoch=28	global_step=11000	acc=0.8203	acc_avg=0.8179	loss=0.5021	loss_avg=0.5281	lr=0.0552	|gn|=1.8165	time=37.79it/s
2025-11-25 23:54:36,731 epoch=28	global_step=11100	acc=0.8047	acc_avg=0.8154	loss=0.5007	loss_avg=0.5320	lr=0.0552	|gn|=1.7306	time=39.66it/s
2025-11-25 23:54:39,257 epoch=28	global_step=11200	acc=0.8672	acc_avg=0.8143	loss=0.3703	loss_avg=0.5344	lr=0.0552	|gn|=1.3861	time=39.65it/s
2025-11-25 23:54:41,813 epoch=28	global_step=11300	acc=0.7734	acc_avg=0.8127	loss=0.5700	loss_avg=0.5406	lr=0.0552	|gn|=1.9633	time=39.98it/s
2025-11-25 23:54:42,086 ====================Eval Epoch 28====================
2025-11-25 23:54:43,175 epoch=28	global_step=39	acc=0.8125	acc_avg=0.8106	acc5=1.0000	acc5_avg=0.9880	loss=0.5478	loss_avg=0.5617	time=261.80it/s
2025-11-25 23:54:43,175 Eval Loss:0.5617	Eval acc: 81.06
2025-11-25 23:54:43,175 
2025-11-25 23:54:43,175 ====================Training Epoch 29====================
2025-11-25 23:54:45,663 epoch=29	global_step=11400	acc=0.8281	acc_avg=0.8154	loss=0.5206	loss_avg=0.5236	lr=0.0526	|gn|=1.7725	time=41.48it/s
2025-11-25 23:54:48,181 epoch=29	global_step=11500	acc=0.8828	acc_avg=0.8185	loss=0.3596	loss_avg=0.5209	lr=0.0526	|gn|=1.3327	time=44.84it/s
2025-11-25 23:54:50,652 epoch=29	global_step=11600	acc=0.7891	acc_avg=0.8183	loss=0.5975	loss_avg=0.5213	lr=0.0526	|gn|=1.9066	time=45.32it/s
2025-11-25 23:54:53,178 ====================Eval Epoch 29====================
2025-11-25 23:54:54,280 epoch=29	global_step=39	acc=0.9375	acc_avg=0.8164	acc5=1.0000	acc5_avg=0.9897	loss=0.2481	loss_avg=0.5487	time=257.04it/s
2025-11-25 23:54:54,280 Eval Loss:0.5487	Eval acc: 81.64
2025-11-25 23:54:54,280 
2025-11-25 23:54:54,280 ====================Training Epoch 30====================
2025-11-25 23:54:54,495 epoch=30	global_step=11700	acc=0.8906	acc_avg=0.8906	loss=0.3947	loss_avg=0.3947	lr=0.0500	|gn|=1.4590	time=30.70it/s
2025-11-25 23:54:57,106 epoch=30	global_step=11800	acc=0.7969	acc_avg=0.8274	loss=0.4999	loss_avg=0.5034	lr=0.0500	|gn|=1.8219	time=39.57it/s
2025-11-25 23:54:59,646 epoch=30	global_step=11900	acc=0.7969	acc_avg=0.8245	loss=0.5930	loss_avg=0.5095	lr=0.0500	|gn|=1.7679	time=39.73it/s
2025-11-25 23:55:02,120 epoch=30	global_step=12000	acc=0.8359	acc_avg=0.8239	loss=0.5015	loss_avg=0.5098	lr=0.0500	|gn|=1.6035	time=44.74it/s
2025-11-25 23:55:04,408 ====================Eval Epoch 30====================
2025-11-25 23:55:05,486 epoch=30	global_step=39	acc=0.7500	acc_avg=0.8354	acc5=1.0000	acc5_avg=0.9923	loss=0.5160	loss_avg=0.4803	time=259.58it/s
2025-11-25 23:55:05,486 Eval Loss:0.4803	Eval acc: 83.54
2025-11-25 23:55:05,486 
2025-11-25 23:55:05,486 ====================Training Epoch 31====================
2025-11-25 23:55:05,956 epoch=31	global_step=12100	acc=0.7812	acc_avg=0.8338	loss=0.5797	loss_avg=0.4826	lr=0.0474	|gn|=1.8221	time=43.50it/s
2025-11-25 23:55:08,577 epoch=31	global_step=12200	acc=0.8125	acc_avg=0.8306	loss=0.5717	loss_avg=0.4806	lr=0.0474	|gn|=1.9850	time=39.42it/s
2025-11-25 23:55:11,179 epoch=31	global_step=12300	acc=0.8672	acc_avg=0.8267	loss=0.4090	loss_avg=0.4948	lr=0.0474	|gn|=1.5083	time=38.08it/s
2025-11-25 23:55:13,771 epoch=31	global_step=12400	acc=0.7891	acc_avg=0.8264	loss=0.5524	loss_avg=0.4962	lr=0.0474	|gn|=2.0954	time=38.62it/s
2025-11-25 23:55:15,811 ====================Eval Epoch 31====================
2025-11-25 23:55:16,907 epoch=31	global_step=39	acc=0.8125	acc_avg=0.8172	acc5=1.0000	acc5_avg=0.9890	loss=0.3360	loss_avg=0.5447	time=264.37it/s
2025-11-25 23:55:16,908 Eval Loss:0.5447	Eval acc: 81.72
2025-11-25 23:55:16,908 
2025-11-25 23:55:16,908 ====================Training Epoch 32====================
2025-11-25 23:55:17,642 epoch=32	global_step=12500	acc=0.8516	acc_avg=0.8359	loss=0.4656	loss_avg=0.4709	lr=0.0448	|gn|=1.6618	time=37.59it/s
2025-11-25 23:55:20,220 epoch=32	global_step=12600	acc=0.8047	acc_avg=0.8385	loss=0.5765	loss_avg=0.4591	lr=0.0448	|gn|=2.0287	time=39.62it/s
2025-11-25 23:55:22,861 epoch=32	global_step=12700	acc=0.8828	acc_avg=0.8318	loss=0.3488	loss_avg=0.4794	lr=0.0448	|gn|=1.3814	time=40.12it/s
2025-11-25 23:55:25,470 epoch=32	global_step=12800	acc=0.8359	acc_avg=0.8288	loss=0.4108	loss_avg=0.4885	lr=0.0448	|gn|=1.6008	time=37.80it/s
2025-11-25 23:55:27,231 ====================Eval Epoch 32====================
2025-11-25 23:55:28,326 epoch=32	global_step=39	acc=0.8750	acc_avg=0.8378	acc5=1.0000	acc5_avg=0.9933	loss=0.5548	loss_avg=0.4876	time=266.22it/s
2025-11-25 23:55:28,326 Eval Loss:0.4876	Eval acc: 83.78
2025-11-25 23:55:28,326 
2025-11-25 23:55:28,326 ====================Training Epoch 33====================
2025-11-25 23:55:29,288 epoch=33	global_step=12900	acc=0.8516	acc_avg=0.8508	loss=0.4839	loss_avg=0.4378	lr=0.0422	|gn|=1.9479	time=42.95it/s
2025-11-25 23:55:31,797 epoch=33	global_step=13000	acc=0.8125	acc_avg=0.8441	loss=0.5325	loss_avg=0.4425	lr=0.0422	|gn|=2.2123	time=43.76it/s
2025-11-25 23:55:34,339 epoch=33	global_step=13100	acc=0.8047	acc_avg=0.8378	loss=0.5232	loss_avg=0.4621	lr=0.0422	|gn|=1.9106	time=39.90it/s
2025-11-25 23:55:36,822 epoch=33	global_step=13200	acc=0.8047	acc_avg=0.8354	loss=0.5153	loss_avg=0.4679	lr=0.0422	|gn|=1.9251	time=38.74it/s
2025-11-25 23:55:38,385 ====================Eval Epoch 33====================
2025-11-25 23:55:39,483 epoch=33	global_step=39	acc=0.8125	acc_avg=0.8352	acc5=1.0000	acc5_avg=0.9910	loss=0.4012	loss_avg=0.4903	time=261.18it/s
2025-11-25 23:55:39,483 Eval Loss:0.4903	Eval acc: 83.52
2025-11-25 23:55:39,483 
2025-11-25 23:55:39,483 ====================Training Epoch 34====================
2025-11-25 23:55:40,705 epoch=34	global_step=13300	acc=0.8438	acc_avg=0.8382	loss=0.4378	loss_avg=0.4491	lr=0.0396	|gn|=2.1326	time=44.16it/s
2025-11-25 23:55:43,273 epoch=34	global_step=13400	acc=0.8750	acc_avg=0.8436	loss=0.3944	loss_avg=0.4393	lr=0.0396	|gn|=2.1092	time=38.69it/s
2025-11-25 23:55:45,917 epoch=34	global_step=13500	acc=0.8438	acc_avg=0.8452	loss=0.4158	loss_avg=0.4430	lr=0.0396	|gn|=1.6905	time=38.55it/s
2025-11-25 23:55:48,570 epoch=34	global_step=13600	acc=0.8438	acc_avg=0.8424	loss=0.5572	loss_avg=0.4527	lr=0.0396	|gn|=1.9169	time=39.44it/s
2025-11-25 23:55:49,916 ====================Eval Epoch 34====================
2025-11-25 23:55:51,012 epoch=34	global_step=39	acc=0.9375	acc_avg=0.8330	acc5=1.0000	acc5_avg=0.9906	loss=0.4961	loss_avg=0.5062	time=260.82it/s
2025-11-25 23:55:51,013 Eval Loss:0.5062	Eval acc: 83.30
2025-11-25 23:55:51,013 
2025-11-25 23:55:51,013 ====================Training Epoch 35====================
2025-11-25 23:55:52,490 epoch=35	global_step=13700	acc=0.8906	acc_avg=0.8621	loss=0.3358	loss_avg=0.4043	lr=0.0371	|gn|=2.0577	time=39.01it/s
2025-11-25 23:55:55,119 epoch=35	global_step=13800	acc=0.8672	acc_avg=0.8500	loss=0.4244	loss_avg=0.4356	lr=0.0371	|gn|=1.9116	time=39.39it/s
2025-11-25 23:55:57,752 epoch=35	global_step=13900	acc=0.8359	acc_avg=0.8494	loss=0.5376	loss_avg=0.4351	lr=0.0371	|gn|=1.9586	time=39.84it/s
2025-11-25 23:56:00,312 epoch=35	global_step=14000	acc=0.8359	acc_avg=0.8466	loss=0.4671	loss_avg=0.4427	lr=0.0371	|gn|=1.9355	time=43.43it/s
2025-11-25 23:56:01,348 ====================Eval Epoch 35====================
2025-11-25 23:56:02,441 epoch=35	global_step=39	acc=0.8125	acc_avg=0.8466	acc5=1.0000	acc5_avg=0.9918	loss=0.5257	loss_avg=0.4575	time=261.34it/s
2025-11-25 23:56:02,441 Eval Loss:0.4575	Eval acc: 84.66
2025-11-25 23:56:02,441 
2025-11-25 23:56:02,441 ====================Training Epoch 36====================
2025-11-25 23:56:04,147 epoch=36	global_step=14100	acc=0.8906	acc_avg=0.8642	loss=0.3090	loss_avg=0.3928	lr=0.0345	|gn|=1.7187	time=39.85it/s
2025-11-25 23:56:06,692 epoch=36	global_step=14200	acc=0.8906	acc_avg=0.8582	loss=0.3298	loss_avg=0.4053	lr=0.0345	|gn|=1.9801	time=40.00it/s
2025-11-25 23:56:09,238 epoch=36	global_step=14300	acc=0.8828	acc_avg=0.8524	loss=0.3232	loss_avg=0.4184	lr=0.0345	|gn|=1.6175	time=39.23it/s
2025-11-25 23:56:11,780 epoch=36	global_step=14400	acc=0.8906	acc_avg=0.8523	loss=0.3533	loss_avg=0.4193	lr=0.0345	|gn|=1.8186	time=39.91it/s
2025-11-25 23:56:12,563 ====================Eval Epoch 36====================
2025-11-25 23:56:13,658 epoch=36	global_step=39	acc=0.8125	acc_avg=0.8363	acc5=1.0000	acc5_avg=0.9920	loss=0.5391	loss_avg=0.4929	time=263.58it/s
2025-11-25 23:56:13,659 Eval Loss:0.4929	Eval acc: 83.63
2025-11-25 23:56:13,659 
2025-11-25 23:56:13,659 ====================Training Epoch 37====================
2025-11-25 23:56:15,642 epoch=37	global_step=14500	acc=0.8516	acc_avg=0.8648	loss=0.4417	loss_avg=0.3782	lr=0.0321	|gn|=2.1482	time=45.53it/s
2025-11-25 23:56:18,188 epoch=37	global_step=14600	acc=0.9141	acc_avg=0.8646	loss=0.3248	loss_avg=0.3838	lr=0.0321	|gn|=1.8394	time=39.55it/s
2025-11-25 23:56:20,793 epoch=37	global_step=14700	acc=0.8438	acc_avg=0.8608	loss=0.4722	loss_avg=0.3949	lr=0.0321	|gn|=2.1880	time=44.63it/s
2025-11-25 23:56:23,422 epoch=37	global_step=14800	acc=0.8984	acc_avg=0.8570	loss=0.3241	loss_avg=0.4040	lr=0.0321	|gn|=1.9840	time=38.06it/s
2025-11-25 23:56:23,961 ====================Eval Epoch 37====================
2025-11-25 23:56:25,054 epoch=37	global_step=39	acc=0.9375	acc_avg=0.8358	acc5=1.0000	acc5_avg=0.9920	loss=0.3691	loss_avg=0.4903	time=265.31it/s
2025-11-25 23:56:25,054 Eval Loss:0.4903	Eval acc: 83.58
2025-11-25 23:56:25,054 
2025-11-25 23:56:25,054 ====================Training Epoch 38====================
2025-11-25 23:56:27,288 epoch=38	global_step=14900	acc=0.8906	acc_avg=0.8723	loss=0.3425	loss_avg=0.3669	lr=0.0297	|gn|=1.9214	time=43.40it/s
2025-11-25 23:56:29,878 epoch=38	global_step=15000	acc=0.9062	acc_avg=0.8705	loss=0.2862	loss_avg=0.3749	lr=0.0297	|gn|=1.8781	time=39.20it/s
2025-11-25 23:56:32,446 epoch=38	global_step=15100	acc=0.8359	acc_avg=0.8654	loss=0.4412	loss_avg=0.3867	lr=0.0297	|gn|=2.2882	time=44.63it/s
2025-11-25 23:56:35,010 epoch=38	global_step=15200	acc=0.8516	acc_avg=0.8645	loss=0.4477	loss_avg=0.3901	lr=0.0297	|gn|=2.4210	time=40.43it/s
2025-11-25 23:56:35,276 ====================Eval Epoch 38====================
2025-11-25 23:56:36,368 epoch=38	global_step=39	acc=0.8750	acc_avg=0.8500	acc5=1.0000	acc5_avg=0.9931	loss=0.3686	loss_avg=0.4633	time=263.49it/s
2025-11-25 23:56:36,368 Eval Loss:0.4633	Eval acc: 85.00
2025-11-25 23:56:36,368 
2025-11-25 23:56:36,369 ====================Training Epoch 39====================
2025-11-25 23:56:38,805 epoch=39	global_step=15300	acc=0.8438	acc_avg=0.8757	loss=0.4033	loss_avg=0.3483	lr=0.0273	|gn|=2.6075	time=39.81it/s
2025-11-25 23:56:41,321 epoch=39	global_step=15400	acc=0.8906	acc_avg=0.8734	loss=0.3337	loss_avg=0.3601	lr=0.0273	|gn|=1.9805	time=38.60it/s
2025-11-25 23:56:43,900 epoch=39	global_step=15500	acc=0.9062	acc_avg=0.8707	loss=0.3225	loss_avg=0.3657	lr=0.0273	|gn|=2.2002	time=39.83it/s
2025-11-25 23:56:46,442 ====================Eval Epoch 39====================
2025-11-25 23:56:47,537 epoch=39	global_step=39	acc=0.9375	acc_avg=0.8357	acc5=1.0000	acc5_avg=0.9910	loss=0.3410	loss_avg=0.5022	time=262.88it/s
2025-11-25 23:56:47,537 Eval Loss:0.5022	Eval acc: 83.57
2025-11-25 23:56:47,538 
2025-11-25 23:56:47,538 ====================Training Epoch 40====================
2025-11-25 23:56:47,770 epoch=40	global_step=15600	acc=0.8750	acc_avg=0.8750	loss=0.3304	loss_avg=0.3304	lr=0.0250	|gn|=2.4812	time=32.81it/s
2025-11-25 23:56:50,370 epoch=40	global_step=15700	acc=0.8984	acc_avg=0.8852	loss=0.2727	loss_avg=0.3328	lr=0.0250	|gn|=1.9518	time=38.50it/s
2025-11-25 23:56:52,879 epoch=40	global_step=15800	acc=0.8750	acc_avg=0.8830	loss=0.3173	loss_avg=0.3358	lr=0.0250	|gn|=2.3309	time=42.44it/s
2025-11-25 23:56:55,401 epoch=40	global_step=15900	acc=0.8438	acc_avg=0.8796	loss=0.4426	loss_avg=0.3447	lr=0.0250	|gn|=2.4025	time=39.65it/s
2025-11-25 23:56:57,671 ====================Eval Epoch 40====================
2025-11-25 23:56:58,771 epoch=40	global_step=39	acc=0.8750	acc_avg=0.8565	acc5=1.0000	acc5_avg=0.9927	loss=0.4108	loss_avg=0.4445	time=260.42it/s
2025-11-25 23:56:58,771 Eval Loss:0.4445	Eval acc: 85.65
2025-11-25 23:56:58,771 
2025-11-25 23:56:58,771 ====================Training Epoch 41====================
2025-11-25 23:56:59,238 epoch=41	global_step=16000	acc=0.9141	acc_avg=0.8899	loss=0.3168	loss_avg=0.3246	lr=0.0228	|gn|=1.9965	time=43.48it/s
2025-11-25 23:57:01,772 epoch=41	global_step=16100	acc=0.8672	acc_avg=0.8944	loss=0.3038	loss_avg=0.3086	lr=0.0228	|gn|=2.2853	time=38.18it/s
2025-11-25 23:57:04,383 epoch=41	global_step=16200	acc=0.8750	acc_avg=0.8883	loss=0.3811	loss_avg=0.3194	lr=0.0228	|gn|=2.6729	time=40.12it/s
2025-11-25 23:57:06,924 epoch=41	global_step=16300	acc=0.9219	acc_avg=0.8836	loss=0.2877	loss_avg=0.3320	lr=0.0228	|gn|=1.9236	time=42.43it/s
2025-11-25 23:57:08,920 ====================Eval Epoch 41====================
2025-11-25 23:57:10,024 epoch=41	global_step=39	acc=0.9375	acc_avg=0.8588	acc5=1.0000	acc5_avg=0.9941	loss=0.2037	loss_avg=0.4309	time=261.87it/s
2025-11-25 23:57:10,024 Eval Loss:0.4309	Eval acc: 85.88
2025-11-25 23:57:10,024 
2025-11-25 23:57:10,024 ====================Training Epoch 42====================
2025-11-25 23:57:10,774 epoch=42	global_step=16400	acc=0.8906	acc_avg=0.9044	loss=0.3434	loss_avg=0.2867	lr=0.0206	|gn|=2.2548	time=37.20it/s
2025-11-25 23:57:13,421 epoch=42	global_step=16500	acc=0.8984	acc_avg=0.8991	loss=0.3095	loss_avg=0.2943	lr=0.0206	|gn|=2.4553	time=40.47it/s
2025-11-25 23:57:15,953 epoch=42	global_step=16600	acc=0.9141	acc_avg=0.8971	loss=0.2343	loss_avg=0.2963	lr=0.0206	|gn|=2.1509	time=38.36it/s
2025-11-25 23:57:18,565 epoch=42	global_step=16700	acc=0.8906	acc_avg=0.8946	loss=0.3861	loss_avg=0.3012	lr=0.0206	|gn|=2.7284	time=39.55it/s
2025-11-25 23:57:20,404 ====================Eval Epoch 42====================
2025-11-25 23:57:21,520 epoch=42	global_step=39	acc=0.9375	acc_avg=0.8524	acc5=1.0000	acc5_avg=0.9915	loss=0.2442	loss_avg=0.4649	time=256.93it/s
2025-11-25 23:57:21,520 Eval Loss:0.4649	Eval acc: 85.24
2025-11-25 23:57:21,520 
2025-11-25 23:57:21,520 ====================Training Epoch 43====================
2025-11-25 23:57:22,542 epoch=43	global_step=16800	acc=0.9141	acc_avg=0.9002	loss=0.2253	loss_avg=0.2818	lr=0.0185	|gn|=1.9080	time=43.82it/s
2025-11-25 23:57:25,115 epoch=43	global_step=16900	acc=0.9297	acc_avg=0.9033	loss=0.2561	loss_avg=0.2746	lr=0.0185	|gn|=2.5599	time=42.31it/s
2025-11-25 23:57:27,652 epoch=43	global_step=17000	acc=0.8906	acc_avg=0.9009	loss=0.3475	loss_avg=0.2831	lr=0.0185	|gn|=3.1672	time=39.99it/s
2025-11-25 23:57:30,208 epoch=43	global_step=17100	acc=0.9062	acc_avg=0.8989	loss=0.2936	loss_avg=0.2870	lr=0.0185	|gn|=2.6432	time=39.08it/s
2025-11-25 23:57:31,752 ====================Eval Epoch 43====================
2025-11-25 23:57:32,844 epoch=43	global_step=39	acc=0.8750	acc_avg=0.8567	acc5=1.0000	acc5_avg=0.9929	loss=0.4552	loss_avg=0.4617	time=247.69it/s
2025-11-25 23:57:32,844 Eval Loss:0.4617	Eval acc: 85.67
2025-11-25 23:57:32,845 
2025-11-25 23:57:32,845 ====================Training Epoch 44====================
2025-11-25 23:57:34,075 epoch=44	global_step=17200	acc=0.9375	acc_avg=0.9116	loss=0.1722	loss_avg=0.2474	lr=0.0165	|gn|=1.9214	time=38.04it/s
2025-11-25 23:57:36,594 epoch=44	global_step=17300	acc=0.9609	acc_avg=0.9090	loss=0.1780	loss_avg=0.2540	lr=0.0165	|gn|=1.7885	time=42.58it/s
2025-11-25 23:57:39,139 epoch=44	global_step=17400	acc=0.9062	acc_avg=0.9066	loss=0.2964	loss_avg=0.2639	lr=0.0165	|gn|=2.4878	time=41.57it/s
2025-11-25 23:57:41,685 epoch=44	global_step=17500	acc=0.8281	acc_avg=0.9056	loss=0.4230	loss_avg=0.2671	lr=0.0165	|gn|=3.0593	time=38.02it/s
2025-11-25 23:57:43,026 ====================Eval Epoch 44====================
2025-11-25 23:57:44,149 epoch=44	global_step=39	acc=0.9375	acc_avg=0.8615	acc5=1.0000	acc5_avg=0.9927	loss=0.4012	loss_avg=0.4454	time=256.53it/s
2025-11-25 23:57:44,150 Eval Loss:0.4454	Eval acc: 86.15
2025-11-25 23:57:44,150 
2025-11-25 23:57:44,150 ====================Training Epoch 45====================
2025-11-25 23:57:45,689 epoch=45	global_step=17600	acc=0.8672	acc_avg=0.9147	loss=0.3471	loss_avg=0.2408	lr=0.0146	|gn|=3.2617	time=38.63it/s
2025-11-25 23:57:48,295 epoch=45	global_step=17700	acc=0.8594	acc_avg=0.9148	loss=0.3907	loss_avg=0.2413	lr=0.0146	|gn|=2.9504	time=42.53it/s
2025-11-25 23:57:50,883 epoch=45	global_step=17800	acc=0.8906	acc_avg=0.9147	loss=0.3076	loss_avg=0.2434	lr=0.0146	|gn|=3.0180	time=37.62it/s
2025-11-25 23:57:53,389 epoch=45	global_step=17900	acc=0.8750	acc_avg=0.9144	loss=0.2979	loss_avg=0.2449	lr=0.0146	|gn|=3.1205	time=38.67it/s
2025-11-25 23:57:54,432 ====================Eval Epoch 45====================
2025-11-25 23:57:55,510 epoch=45	global_step=39	acc=0.8750	acc_avg=0.8569	acc5=1.0000	acc5_avg=0.9929	loss=0.4886	loss_avg=0.4780	time=260.47it/s
2025-11-25 23:57:55,510 Eval Loss:0.4780	Eval acc: 85.69
2025-11-25 23:57:55,510 
2025-11-25 23:57:55,510 ====================Training Epoch 46====================
2025-11-25 23:57:57,275 epoch=46	global_step=18000	acc=0.8828	acc_avg=0.9248	loss=0.3464	loss_avg=0.2179	lr=0.0128	|gn|=3.0597	time=39.75it/s
2025-11-25 23:57:59,857 epoch=46	global_step=18100	acc=0.9062	acc_avg=0.9250	loss=0.2519	loss_avg=0.2177	lr=0.0128	|gn|=2.9377	time=38.49it/s
2025-11-25 23:58:02,460 epoch=46	global_step=18200	acc=0.9375	acc_avg=0.9239	loss=0.1424	loss_avg=0.2173	lr=0.0128	|gn|=2.0470	time=39.68it/s
2025-11-25 23:58:05,041 epoch=46	global_step=18300	acc=0.9297	acc_avg=0.9235	loss=0.1971	loss_avg=0.2205	lr=0.0128	|gn|=2.2690	time=39.64it/s
2025-11-25 23:58:05,852 ====================Eval Epoch 46====================
2025-11-25 23:58:06,945 epoch=46	global_step=39	acc=0.8125	acc_avg=0.8648	acc5=1.0000	acc5_avg=0.9936	loss=0.6075	loss_avg=0.4547	time=264.67it/s
2025-11-25 23:58:06,945 Eval Loss:0.4547	Eval acc: 86.48
2025-11-25 23:58:06,945 
2025-11-25 23:58:06,946 ====================Training Epoch 47====================
2025-11-25 23:58:08,872 epoch=47	global_step=18400	acc=0.9453	acc_avg=0.9333	loss=0.1327	loss_avg=0.1923	lr=0.0111	|gn|=2.3808	time=44.68it/s
2025-11-25 23:58:11,388 epoch=47	global_step=18500	acc=0.9375	acc_avg=0.9311	loss=0.1632	loss_avg=0.1962	lr=0.0111	|gn|=2.4720	time=42.82it/s
2025-11-25 23:58:13,940 epoch=47	global_step=18600	acc=0.9375	acc_avg=0.9313	loss=0.1385	loss_avg=0.1956	lr=0.0111	|gn|=2.5087	time=39.66it/s
2025-11-25 23:58:16,530 epoch=47	global_step=18700	acc=0.9219	acc_avg=0.9315	loss=0.1900	loss_avg=0.1962	lr=0.0111	|gn|=2.5787	time=37.91it/s
2025-11-25 23:58:17,052 ====================Eval Epoch 47====================
2025-11-25 23:58:18,135 epoch=47	global_step=39	acc=0.9375	acc_avg=0.8607	acc5=1.0000	acc5_avg=0.9925	loss=0.5140	loss_avg=0.4744	time=262.36it/s
2025-11-25 23:58:18,135 Eval Loss:0.4744	Eval acc: 86.07
2025-11-25 23:58:18,136 
2025-11-25 23:58:18,136 ====================Training Epoch 48====================
2025-11-25 23:58:20,291 epoch=48	global_step=18800	acc=0.9219	acc_avg=0.9416	loss=0.2521	loss_avg=0.1665	lr=0.0095	|gn|=3.5877	time=40.47it/s
2025-11-25 23:58:22,856 epoch=48	global_step=18900	acc=0.9531	acc_avg=0.9416	loss=0.1482	loss_avg=0.1684	lr=0.0095	|gn|=2.3652	time=39.92it/s
2025-11-25 23:58:25,383 epoch=48	global_step=19000	acc=0.9219	acc_avg=0.9398	loss=0.2099	loss_avg=0.1718	lr=0.0095	|gn|=2.9578	time=38.90it/s
2025-11-25 23:58:27,874 epoch=48	global_step=19100	acc=0.9453	acc_avg=0.9380	loss=0.1548	loss_avg=0.1762	lr=0.0095	|gn|=2.3854	time=40.80it/s
2025-11-25 23:58:28,149 ====================Eval Epoch 48====================
2025-11-25 23:58:29,250 epoch=48	global_step=39	acc=0.8750	acc_avg=0.8615	acc5=1.0000	acc5_avg=0.9927	loss=0.4960	loss_avg=0.4778	time=245.99it/s
2025-11-25 23:58:29,250 Eval Loss:0.4778	Eval acc: 86.15
2025-11-25 23:58:29,250 
2025-11-25 23:58:29,250 ====================Training Epoch 49====================
2025-11-25 23:58:31,840 epoch=49	global_step=19200	acc=0.9531	acc_avg=0.9485	loss=0.2500	loss_avg=0.1527	lr=0.0081	|gn|=3.4190	time=42.29it/s
2025-11-25 23:58:34,428 epoch=49	global_step=19300	acc=0.9531	acc_avg=0.9486	loss=0.1191	loss_avg=0.1519	lr=0.0081	|gn|=2.3793	time=39.96it/s
2025-11-25 23:58:36,985 epoch=49	global_step=19400	acc=0.9375	acc_avg=0.9477	loss=0.1363	loss_avg=0.1531	lr=0.0081	|gn|=2.6414	time=40.15it/s
2025-11-25 23:58:39,532 ====================Eval Epoch 49====================
2025-11-25 23:58:40,617 epoch=49	global_step=39	acc=0.8750	acc_avg=0.8656	acc5=1.0000	acc5_avg=0.9928	loss=0.6546	loss_avg=0.4651	time=245.57it/s
2025-11-25 23:58:40,617 Eval Loss:0.4651	Eval acc: 86.56
2025-11-25 23:58:40,618 
2025-11-25 23:58:40,618 ====================Training Epoch 50====================
2025-11-25 23:58:40,838 epoch=50	global_step=19500	acc=0.9297	acc_avg=0.9297	loss=0.2383	loss_avg=0.2383	lr=0.0067	|gn|=3.2312	time=35.12it/s
2025-11-25 23:58:43,325 epoch=50	global_step=19600	acc=0.9609	acc_avg=0.9543	loss=0.1068	loss_avg=0.1351	lr=0.0067	|gn|=2.1756	time=39.98it/s
2025-11-25 23:58:45,802 epoch=50	global_step=19700	acc=0.9688	acc_avg=0.9564	loss=0.0865	loss_avg=0.1303	lr=0.0067	|gn|=2.2093	time=39.82it/s
2025-11-25 23:58:48,337 epoch=50	global_step=19800	acc=0.9609	acc_avg=0.9552	loss=0.0916	loss_avg=0.1322	lr=0.0067	|gn|=2.1490	time=40.18it/s
2025-11-25 23:58:50,647 ====================Eval Epoch 50====================
2025-11-25 23:58:51,734 epoch=50	global_step=39	acc=0.8125	acc_avg=0.8700	acc5=1.0000	acc5_avg=0.9933	loss=0.6741	loss_avg=0.4672	time=261.69it/s
2025-11-25 23:58:51,735 Eval Loss:0.4672	Eval acc: 87.00
2025-11-25 23:58:51,735 
2025-11-25 23:58:51,735 ====================Training Epoch 51====================
2025-11-25 23:58:52,214 epoch=51	global_step=19900	acc=0.9453	acc_avg=0.9673	loss=0.1739	loss_avg=0.1083	lr=0.0054	|gn|=3.5495	time=37.51it/s
2025-11-25 23:58:54,687 epoch=51	global_step=20000	acc=0.9844	acc_avg=0.9665	loss=0.0642	loss_avg=0.1057	lr=0.0054	|gn|=2.0942	time=39.80it/s
2025-11-25 23:58:57,140 epoch=51	global_step=20100	acc=0.9609	acc_avg=0.9637	loss=0.1249	loss_avg=0.1104	lr=0.0054	|gn|=3.2054	time=39.59it/s
2025-11-25 23:58:59,615 epoch=51	global_step=20200	acc=0.9844	acc_avg=0.9623	loss=0.0580	loss_avg=0.1120	lr=0.0054	|gn|=1.6124	time=45.31it/s
2025-11-25 23:59:01,642 ====================Eval Epoch 51====================
2025-11-25 23:59:02,748 epoch=51	global_step=39	acc=0.9375	acc_avg=0.8706	acc5=1.0000	acc5_avg=0.9916	loss=0.4767	loss_avg=0.4767	time=263.05it/s
2025-11-25 23:59:02,748 Eval Loss:0.4767	Eval acc: 87.06
2025-11-25 23:59:02,748 
2025-11-25 23:59:02,748 ====================Training Epoch 52====================
2025-11-25 23:59:03,442 epoch=52	global_step=20300	acc=0.9766	acc_avg=0.9658	loss=0.0688	loss_avg=0.0989	lr=0.0043	|gn|=2.1311	time=43.08it/s
2025-11-25 23:59:05,906 epoch=52	global_step=20400	acc=0.9844	acc_avg=0.9678	loss=0.0917	loss_avg=0.0977	lr=0.0043	|gn|=2.1724	time=39.56it/s
2025-11-25 23:59:08,445 epoch=52	global_step=20500	acc=0.9766	acc_avg=0.9691	loss=0.1078	loss_avg=0.0938	lr=0.0043	|gn|=2.6556	time=39.87it/s
2025-11-25 23:59:11,016 epoch=52	global_step=20600	acc=0.9766	acc_avg=0.9675	loss=0.0693	loss_avg=0.0984	lr=0.0043	|gn|=1.8040	time=39.46it/s
2025-11-25 23:59:12,858 ====================Eval Epoch 52====================
2025-11-25 23:59:13,952 epoch=52	global_step=39	acc=0.8750	acc_avg=0.8748	acc5=1.0000	acc5_avg=0.9931	loss=0.5903	loss_avg=0.4760	time=268.57it/s
2025-11-25 23:59:13,952 Eval Loss:0.4760	Eval acc: 87.48
2025-11-25 23:59:13,952 
2025-11-25 23:59:13,952 ====================Training Epoch 53====================
2025-11-25 23:59:14,909 epoch=53	global_step=20700	acc=0.9688	acc_avg=0.9728	loss=0.1132	loss_avg=0.0873	lr=0.0033	|gn|=2.3091	time=43.58it/s
2025-11-25 23:59:17,468 epoch=53	global_step=20800	acc=0.9766	acc_avg=0.9739	loss=0.1010	loss_avg=0.0813	lr=0.0033	|gn|=2.8902	time=39.44it/s
2025-11-25 23:59:20,080 epoch=53	global_step=20900	acc=0.9688	acc_avg=0.9744	loss=0.0953	loss_avg=0.0787	lr=0.0033	|gn|=2.7998	time=40.27it/s
2025-11-25 23:59:22,607 epoch=53	global_step=21000	acc=1.0000	acc_avg=0.9737	loss=0.0422	loss_avg=0.0803	lr=0.0033	|gn|=1.8846	time=42.60it/s
2025-11-25 23:59:24,130 ====================Eval Epoch 53====================
2025-11-25 23:59:25,228 epoch=53	global_step=39	acc=0.9375	acc_avg=0.8739	acc5=1.0000	acc5_avg=0.9918	loss=0.4676	loss_avg=0.4859	time=260.50it/s
2025-11-25 23:59:25,228 Eval Loss:0.4859	Eval acc: 87.39
2025-11-25 23:59:25,228 
2025-11-25 23:59:25,228 ====================Training Epoch 54====================
2025-11-25 23:59:26,438 epoch=54	global_step=21100	acc=0.9688	acc_avg=0.9758	loss=0.0797	loss_avg=0.0804	lr=0.0024	|gn|=2.8382	time=38.78it/s
2025-11-25 23:59:28,937 epoch=54	global_step=21200	acc=0.9688	acc_avg=0.9782	loss=0.0690	loss_avg=0.0729	lr=0.0024	|gn|=2.4346	time=41.30it/s
2025-11-25 23:59:31,452 epoch=54	global_step=21300	acc=0.9922	acc_avg=0.9776	loss=0.0346	loss_avg=0.0721	lr=0.0024	|gn|=1.2546	time=39.36it/s
2025-11-25 23:59:33,932 epoch=54	global_step=21400	acc=0.9688	acc_avg=0.9769	loss=0.0636	loss_avg=0.0723	lr=0.0024	|gn|=2.7025	time=40.08it/s
2025-11-25 23:59:35,228 ====================Eval Epoch 54====================
2025-11-25 23:59:36,300 epoch=54	global_step=39	acc=0.9375	acc_avg=0.8835	acc5=1.0000	acc5_avg=0.9932	loss=0.4993	loss_avg=0.4417	time=260.60it/s
2025-11-25 23:59:36,300 Eval Loss:0.4417	Eval acc: 88.35
2025-11-25 23:59:36,300 
2025-11-25 23:59:36,300 ====================Training Epoch 55====================
2025-11-25 23:59:37,802 epoch=55	global_step=21500	acc=0.9609	acc_avg=0.9798	loss=0.0767	loss_avg=0.0662	lr=0.0017	|gn|=2.4176	time=39.81it/s
2025-11-25 23:59:40,375 epoch=55	global_step=21600	acc=0.9766	acc_avg=0.9792	loss=0.0935	loss_avg=0.0693	lr=0.0017	|gn|=2.7821	time=45.18it/s
2025-11-25 23:59:42,880 epoch=55	global_step=21700	acc=0.9922	acc_avg=0.9792	loss=0.0291	loss_avg=0.0675	lr=0.0017	|gn|=1.6192	time=39.76it/s
2025-11-25 23:59:45,486 epoch=55	global_step=21800	acc=1.0000	acc_avg=0.9802	loss=0.0291	loss_avg=0.0650	lr=0.0017	|gn|=1.4531	time=38.21it/s
2025-11-25 23:59:46,554 ====================Eval Epoch 55====================
2025-11-25 23:59:47,646 epoch=55	global_step=39	acc=0.9375	acc_avg=0.8784	acc5=1.0000	acc5_avg=0.9928	loss=0.4981	loss_avg=0.4621	time=264.56it/s
2025-11-25 23:59:47,647 Eval Loss:0.4621	Eval acc: 87.84
2025-11-25 23:59:47,647 
2025-11-25 23:59:47,647 ====================Training Epoch 56====================
2025-11-25 23:59:49,460 epoch=56	global_step=21900	acc=0.9844	acc_avg=0.9816	loss=0.0496	loss_avg=0.0580	lr=0.0011	|gn|=1.9340	time=42.79it/s
2025-11-25 23:59:51,965 epoch=56	global_step=22000	acc=0.9844	acc_avg=0.9808	loss=0.0427	loss_avg=0.0597	lr=0.0011	|gn|=1.8333	time=37.96it/s
2025-11-25 23:59:54,650 epoch=56	global_step=22100	acc=0.9844	acc_avg=0.9812	loss=0.0475	loss_avg=0.0583	lr=0.0011	|gn|=1.8015	time=36.13it/s
2025-11-25 23:59:57,200 epoch=56	global_step=22200	acc=0.9766	acc_avg=0.9816	loss=0.0614	loss_avg=0.0577	lr=0.0011	|gn|=2.3173	time=39.92it/s
2025-11-25 23:59:57,987 ====================Eval Epoch 56====================
2025-11-25 23:59:59,087 epoch=56	global_step=39	acc=0.9375	acc_avg=0.8777	acc5=1.0000	acc5_avg=0.9926	loss=0.4965	loss_avg=0.4619	time=254.71it/s
2025-11-25 23:59:59,088 Eval Loss:0.4619	Eval acc: 87.77
2025-11-25 23:59:59,088 
2025-11-25 23:59:59,088 ====================Training Epoch 57====================
2025-11-26 00:00:01,102 epoch=57	global_step=22300	acc=0.9922	acc_avg=0.9842	loss=0.0267	loss_avg=0.0535	lr=0.0006	|gn|=1.1617	time=38.06it/s
2025-11-26 00:00:03,658 epoch=57	global_step=22400	acc=0.9688	acc_avg=0.9822	loss=0.0995	loss_avg=0.0550	lr=0.0006	|gn|=2.4301	time=38.64it/s
2025-11-26 00:00:06,251 epoch=57	global_step=22500	acc=0.9766	acc_avg=0.9831	loss=0.0687	loss_avg=0.0540	lr=0.0006	|gn|=2.4118	time=43.51it/s
2025-11-26 00:00:08,804 epoch=57	global_step=22600	acc=0.9922	acc_avg=0.9839	loss=0.0276	loss_avg=0.0527	lr=0.0006	|gn|=1.5187	time=41.19it/s
2025-11-26 00:00:09,354 ====================Eval Epoch 57====================
2025-11-26 00:00:10,454 epoch=57	global_step=39	acc=0.9375	acc_avg=0.8802	acc5=1.0000	acc5_avg=0.9937	loss=0.4552	loss_avg=0.4578	time=262.05it/s
2025-11-26 00:00:10,454 Eval Loss:0.4578	Eval acc: 88.02
2025-11-26 00:00:10,454 
2025-11-26 00:00:10,454 ====================Training Epoch 58====================
2025-11-26 00:00:12,776 epoch=58	global_step=22700	acc=0.9766	acc_avg=0.9849	loss=0.0707	loss_avg=0.0507	lr=0.0003	|gn|=2.3838	time=39.05it/s
2025-11-26 00:00:15,419 epoch=58	global_step=22800	acc=0.9844	acc_avg=0.9855	loss=0.0452	loss_avg=0.0501	lr=0.0003	|gn|=1.8758	time=41.80it/s
2025-11-26 00:00:18,055 epoch=58	global_step=22900	acc=0.9922	acc_avg=0.9849	loss=0.0390	loss_avg=0.0512	lr=0.0003	|gn|=1.7769	time=38.90it/s
2025-11-26 00:00:20,703 epoch=58	global_step=23000	acc=0.9844	acc_avg=0.9854	loss=0.0508	loss_avg=0.0505	lr=0.0003	|gn|=2.4071	time=40.07it/s
2025-11-26 00:00:20,984 ====================Eval Epoch 58====================
2025-11-26 00:00:22,087 epoch=58	global_step=39	acc=0.9375	acc_avg=0.8781	acc5=1.0000	acc5_avg=0.9935	loss=0.4779	loss_avg=0.4499	time=261.43it/s
2025-11-26 00:00:22,088 Eval Loss:0.4499	Eval acc: 87.81
2025-11-26 00:00:22,088 
2025-11-26 00:00:22,088 ====================Training Epoch 59====================
2025-11-26 00:00:24,579 epoch=59	global_step=23100	acc=0.9609	acc_avg=0.9845	loss=0.1109	loss_avg=0.0516	lr=0.0001	|gn|=3.3344	time=37.88it/s
2025-11-26 00:00:27,154 epoch=59	global_step=23200	acc=0.9766	acc_avg=0.9862	loss=0.0873	loss_avg=0.0473	lr=0.0001	|gn|=3.0291	time=38.75it/s
2025-11-26 00:00:29,743 epoch=59	global_step=23300	acc=1.0000	acc_avg=0.9854	loss=0.0270	loss_avg=0.0494	lr=0.0001	|gn|=1.1960	time=39.20it/s
2025-11-26 00:00:32,342 ====================Eval Epoch 59====================
2025-11-26 00:00:33,448 epoch=59	global_step=39	acc=0.9375	acc_avg=0.8790	acc5=1.0000	acc5_avg=0.9937	loss=0.4627	loss_avg=0.4568	time=259.84it/s
2025-11-26 00:00:33,449 Eval Loss:0.4568	Eval acc: 87.90
2025-11-26 00:00:33,451 Running Cost 0.01 Days 

