2025-11-25 23:49:08,772 PyTorch Version: 2.6.0
2025-11-25 23:49:08,793 GPU List: ['NVIDIA L40S']
2025-11-25 23:49:08,797 num_classes: 10
2025-11-25 23:49:08,797 epochs: 60
2025-11-25 23:49:08,797 grad_clip: 5.0
2025-11-25 23:49:08,797 log_frequency: 100
2025-11-25 23:49:08,797 model: {'name': 'ResNet18', 'num_classes': 10}
2025-11-25 23:49:08,797 criterion: {'name': 'CrossEntropyLoss'}
2025-11-25 23:49:08,797 optimizer: {'name': 'SGD', 'lr': 0.1, 'weight_decay': 0.0005, 'momentum': 0.9}
2025-11-25 23:49:08,797 scheduler: {'name': 'CosineAnnealingLR', 'T_max': 60, 'eta_min': 0.0}
2025-11-25 23:49:08,797 dataset: {'name': 'DatasetGenerator', 'train_batch_size': 512, 'eval_batch_size': 512}
2025-11-25 23:49:08,799 seed: 0
2025-11-25 23:49:08,799 version: resnet18
2025-11-25 23:49:08,799 exp_name: experiment/classwise/model_training2025-11-25 23:49:08.767797
2025-11-25 23:49:08,799 config_path: configs/cifar10
2025-11-25 23:49:08,799 load_model: False
2025-11-25 23:49:08,799 data_parallel: False
2025-11-25 23:49:08,799 train: True
2025-11-25 23:49:08,799 save_frequency: -1
2025-11-25 23:49:08,799 train_face: False
2025-11-25 23:49:08,799 train_portion: 1.0
2025-11-25 23:49:08,799 train_batch_size: 128
2025-11-25 23:49:08,799 eval_batch_size: 256
2025-11-25 23:49:08,799 num_of_workers: 6
2025-11-25 23:49:08,799 train_data_type: CIFAR10
2025-11-25 23:49:08,799 test_data_type: CIFAR10
2025-11-25 23:49:08,799 train_data_path: ../dataset
2025-11-25 23:49:08,800 test_data_path: ../dataset
2025-11-25 23:49:08,800 perturb_type: classwise
2025-11-25 23:49:08,800 patch_location: center
2025-11-25 23:49:08,800 poison_rate: 1.0
2025-11-25 23:49:08,800 perturb_tensor_filepath: None
2025-11-25 23:49:08,800 generator_filepath: ./LSP/cifar10_samplewise_saved_perturbation.pt
2025-11-25 23:49:08,800 use_generator: False
2025-11-25 23:49:08,800 gue: False
2025-11-25 23:49:08,800 filter_type: low
2025-11-25 23:49:08,800 cutoff: 0.5
2025-11-25 23:49:08,800 image_size: 32
2025-11-25 23:49:08,800 img_denoise: 30
2025-11-25 23:49:08,800 jpeg_defense: True
2025-11-25 23:49:15,511 Training Dataset: Dataset CIFAR10
    Number of datapoints: 50000
    Root location: ../dataset
    Split: Train
    StandardTransform
Transform: Compose(
               RandomCrop(size=(32, 32), padding=4)
               RandomHorizontalFlip(p=0.5)
               RandomRotation(degrees=[-10.0, 10.0], interpolation=nearest, expand=False, fill=0)
               ToTensor()
           )
2025-11-25 23:49:15,512 Test Dataset: Dataset CIFAR10
    Number of datapoints: 10000
    Root location: ../dataset
    Split: Test
    StandardTransform
Transform: Compose(
               ToTensor()
           )
2025-11-25 23:49:15,755 param size = 13.682862MB
2025-11-25 23:49:15,756 
2025-11-25 23:49:15,756 ====================Training Epoch 0====================
------Using JPEG compression as defense for clean CIFAR10 train------
train_dataset
2025-11-25 23:49:17,086 epoch=0	global_step=0	acc=0.0938	acc_avg=0.0938	loss=2.4126	loss_avg=2.4126	lr=0.1000	|gn|=7.9906	time=1.05it/s
2025-11-25 23:49:19,902 epoch=0	global_step=100	acc=0.2969	acc_avg=0.2504	loss=1.8725	loss_avg=2.1250	lr=0.1000	|gn|=0.8425	time=38.11it/s
2025-11-25 23:49:22,688 epoch=0	global_step=200	acc=0.3281	acc_avg=0.3048	loss=1.6540	loss_avg=1.9198	lr=0.1000	|gn|=0.6056	time=38.52it/s
2025-11-25 23:49:25,270 epoch=0	global_step=300	acc=0.4297	acc_avg=0.3378	loss=1.6849	loss_avg=1.8140	lr=0.1000	|gn|=1.1882	time=39.25it/s
2025-11-25 23:49:27,621 ====================Eval Epoch 0====================
2025-11-25 23:49:28,982 epoch=0	global_step=39	acc=0.5000	acc_avg=0.4430	acc5=0.8750	acc5_avg=0.9169	loss=1.4372	loss_avg=1.5698	time=15.43it/s
2025-11-25 23:49:28,983 Eval Loss:1.5698	Eval acc: 44.30
2025-11-25 23:49:28,983 
2025-11-25 23:49:28,983 ====================Training Epoch 1====================
2025-11-25 23:49:29,524 epoch=1	global_step=400	acc=0.3984	acc_avg=0.4538	loss=1.5871	loss_avg=1.5072	lr=0.0999	|gn|=1.1646	time=38.26it/s
2025-11-25 23:49:32,213 epoch=1	global_step=500	acc=0.4844	acc_avg=0.4558	loss=1.4327	loss_avg=1.4824	lr=0.0999	|gn|=0.9346	time=38.70it/s
2025-11-25 23:49:34,880 epoch=1	global_step=600	acc=0.4531	acc_avg=0.4692	loss=1.5984	loss_avg=1.4505	lr=0.0999	|gn|=1.0841	time=38.78it/s
2025-11-25 23:49:37,465 epoch=1	global_step=700	acc=0.4922	acc_avg=0.4817	loss=1.4561	loss_avg=1.4214	lr=0.0999	|gn|=1.0172	time=38.00it/s
2025-11-25 23:49:39,503 ====================Eval Epoch 1====================
2025-11-25 23:49:40,632 epoch=1	global_step=39	acc=0.5625	acc_avg=0.5245	acc5=0.9375	acc5_avg=0.9471	loss=1.1655	loss_avg=1.3018	time=257.30it/s
2025-11-25 23:49:40,632 Eval Loss:1.3018	Eval acc: 52.45
2025-11-25 23:49:40,633 
2025-11-25 23:49:40,633 ====================Training Epoch 2====================
2025-11-25 23:49:41,432 epoch=2	global_step=800	acc=0.4844	acc_avg=0.5242	loss=1.5063	loss_avg=1.2978	lr=0.0997	|gn|=1.3245	time=35.62it/s
2025-11-25 23:49:44,071 epoch=2	global_step=900	acc=0.5703	acc_avg=0.5380	loss=1.1470	loss_avg=1.2710	lr=0.0997	|gn|=0.9964	time=37.94it/s
2025-11-25 23:49:46,708 epoch=2	global_step=1000	acc=0.5703	acc_avg=0.5461	loss=1.1879	loss_avg=1.2584	lr=0.0997	|gn|=0.9060	time=41.98it/s
2025-11-25 23:49:49,303 epoch=2	global_step=1100	acc=0.6016	acc_avg=0.5558	loss=1.2599	loss_avg=1.2376	lr=0.0997	|gn|=1.0939	time=37.82it/s
2025-11-25 23:49:51,195 ====================Eval Epoch 2====================
2025-11-25 23:49:52,339 epoch=2	global_step=39	acc=0.6875	acc_avg=0.6277	acc5=1.0000	acc5_avg=0.9651	loss=0.9911	loss_avg=1.0474	time=243.87it/s
2025-11-25 23:49:52,339 Eval Loss:1.0474	Eval acc: 62.77
2025-11-25 23:49:52,339 
2025-11-25 23:49:52,339 ====================Training Epoch 3====================
2025-11-25 23:49:53,368 epoch=3	global_step=1200	acc=0.5781	acc_avg=0.5862	loss=1.2645	loss_avg=1.1708	lr=0.0994	|gn|=1.1765	time=39.64it/s
2025-11-25 23:49:55,881 epoch=3	global_step=1300	acc=0.5312	acc_avg=0.5910	loss=1.2120	loss_avg=1.1530	lr=0.0994	|gn|=1.3991	time=38.95it/s
2025-11-25 23:49:58,446 epoch=3	global_step=1400	acc=0.5938	acc_avg=0.5941	loss=1.0629	loss_avg=1.1403	lr=0.0994	|gn|=1.1166	time=42.30it/s
2025-11-25 23:50:01,005 epoch=3	global_step=1500	acc=0.5469	acc_avg=0.6001	loss=1.1552	loss_avg=1.1242	lr=0.0994	|gn|=1.1714	time=39.91it/s
2025-11-25 23:50:02,557 ====================Eval Epoch 3====================
2025-11-25 23:50:03,664 epoch=3	global_step=39	acc=0.8125	acc_avg=0.6657	acc5=1.0000	acc5_avg=0.9724	loss=0.5408	loss_avg=0.9336	time=262.70it/s
2025-11-25 23:50:03,664 Eval Loss:0.9336	Eval acc: 66.57
2025-11-25 23:50:03,664 
2025-11-25 23:50:03,664 ====================Training Epoch 4====================
2025-11-25 23:50:04,935 epoch=4	global_step=1600	acc=0.5781	acc_avg=0.6328	loss=1.1458	loss_avg=1.0437	lr=0.0989	|gn|=1.1636	time=39.25it/s
2025-11-25 23:50:07,482 epoch=4	global_step=1700	acc=0.6250	acc_avg=0.6318	loss=1.0254	loss_avg=1.0451	lr=0.0989	|gn|=1.0696	time=40.24it/s
2025-11-25 23:50:09,999 epoch=4	global_step=1800	acc=0.6250	acc_avg=0.6345	loss=0.9845	loss_avg=1.0350	lr=0.0989	|gn|=1.0512	time=38.01it/s
2025-11-25 23:50:12,592 epoch=4	global_step=1900	acc=0.6719	acc_avg=0.6350	loss=0.9277	loss_avg=1.0321	lr=0.0989	|gn|=0.8617	time=40.29it/s
2025-11-25 23:50:13,940 ====================Eval Epoch 4====================
2025-11-25 23:50:15,056 epoch=4	global_step=39	acc=0.8125	acc_avg=0.6825	acc5=1.0000	acc5_avg=0.9761	loss=0.5474	loss_avg=0.9114	time=258.57it/s
2025-11-25 23:50:15,056 Eval Loss:0.9114	Eval acc: 68.25
2025-11-25 23:50:15,056 
2025-11-25 23:50:15,056 ====================Training Epoch 5====================
2025-11-25 23:50:16,635 epoch=5	global_step=2000	acc=0.6953	acc_avg=0.6517	loss=0.8509	loss_avg=0.9886	lr=0.0983	|gn|=1.0231	time=45.61it/s
2025-11-25 23:50:19,132 epoch=5	global_step=2100	acc=0.6875	acc_avg=0.6546	loss=0.8073	loss_avg=0.9828	lr=0.0983	|gn|=0.9411	time=40.26it/s
2025-11-25 23:50:21,683 epoch=5	global_step=2200	acc=0.6953	acc_avg=0.6540	loss=0.8426	loss_avg=0.9832	lr=0.0983	|gn|=1.0654	time=42.23it/s
2025-11-25 23:50:24,198 epoch=5	global_step=2300	acc=0.6953	acc_avg=0.6545	loss=0.8160	loss_avg=0.9829	lr=0.0983	|gn|=0.9226	time=40.57it/s
2025-11-25 23:50:25,228 ====================Eval Epoch 5====================
2025-11-25 23:50:26,338 epoch=5	global_step=39	acc=0.6250	acc_avg=0.6492	acc5=0.9375	acc5_avg=0.9652	loss=0.7899	loss_avg=1.0143	time=254.63it/s
2025-11-25 23:50:26,338 Eval Loss:1.0143	Eval acc: 64.92
2025-11-25 23:50:26,339 
2025-11-25 23:50:26,339 ====================Training Epoch 6====================
2025-11-25 23:50:28,055 epoch=6	global_step=2400	acc=0.6953	acc_avg=0.6633	loss=0.8696	loss_avg=0.9398	lr=0.0976	|gn|=1.0972	time=39.77it/s
2025-11-25 23:50:30,528 epoch=6	global_step=2500	acc=0.7344	acc_avg=0.6696	loss=0.7885	loss_avg=0.9263	lr=0.0976	|gn|=1.1317	time=44.77it/s
2025-11-25 23:50:32,981 epoch=6	global_step=2600	acc=0.6484	acc_avg=0.6692	loss=1.0073	loss_avg=0.9354	lr=0.0976	|gn|=1.1748	time=42.77it/s
2025-11-25 23:50:35,496 epoch=6	global_step=2700	acc=0.6875	acc_avg=0.6675	loss=0.8857	loss_avg=0.9399	lr=0.0976	|gn|=1.0428	time=42.01it/s
2025-11-25 23:50:36,277 ====================Eval Epoch 6====================
2025-11-25 23:50:37,403 epoch=6	global_step=39	acc=0.8125	acc_avg=0.7139	acc5=1.0000	acc5_avg=0.9775	loss=0.4247	loss_avg=0.8453	time=243.42it/s
2025-11-25 23:50:37,403 Eval Loss:0.8453	Eval acc: 71.39
2025-11-25 23:50:37,404 
2025-11-25 23:50:37,404 ====================Training Epoch 7====================
2025-11-25 23:50:39,536 epoch=7	global_step=2800	acc=0.6328	acc_avg=0.6773	loss=0.9385	loss_avg=0.9222	lr=0.0967	|gn|=1.1336	time=37.69it/s
2025-11-25 23:50:42,191 epoch=7	global_step=2900	acc=0.6797	acc_avg=0.6816	loss=1.0439	loss_avg=0.9055	lr=0.0967	|gn|=1.2959	time=39.92it/s
2025-11-25 23:50:44,785 epoch=7	global_step=3000	acc=0.7578	acc_avg=0.6800	loss=0.7267	loss_avg=0.9104	lr=0.0967	|gn|=0.9492	time=39.63it/s
2025-11-25 23:50:47,401 epoch=7	global_step=3100	acc=0.6875	acc_avg=0.6799	loss=0.8690	loss_avg=0.9121	lr=0.0967	|gn|=1.2563	time=38.83it/s
2025-11-25 23:50:47,938 ====================Eval Epoch 7====================
2025-11-25 23:50:49,060 epoch=7	global_step=39	acc=0.7500	acc_avg=0.7187	acc5=1.0000	acc5_avg=0.9789	loss=0.6308	loss_avg=0.8044	time=264.08it/s
2025-11-25 23:50:49,061 Eval Loss:0.8044	Eval acc: 71.87
2025-11-25 23:50:49,061 
2025-11-25 23:50:49,061 ====================Training Epoch 8====================
2025-11-25 23:50:51,353 epoch=8	global_step=3200	acc=0.7422	acc_avg=0.6886	loss=0.7944	loss_avg=0.8849	lr=0.0957	|gn|=1.2006	time=41.98it/s
2025-11-25 23:50:53,917 epoch=8	global_step=3300	acc=0.7109	acc_avg=0.6899	loss=0.9047	loss_avg=0.8879	lr=0.0957	|gn|=1.1357	time=40.38it/s
2025-11-25 23:50:56,436 epoch=8	global_step=3400	acc=0.7188	acc_avg=0.6895	loss=0.8489	loss_avg=0.8911	lr=0.0957	|gn|=1.1537	time=40.81it/s
2025-11-25 23:50:58,976 epoch=8	global_step=3500	acc=0.5938	acc_avg=0.6873	loss=0.9968	loss_avg=0.8920	lr=0.0957	|gn|=1.2553	time=40.93it/s
2025-11-25 23:50:59,258 ====================Eval Epoch 8====================
2025-11-25 23:51:00,357 epoch=8	global_step=39	acc=0.8750	acc_avg=0.7210	acc5=1.0000	acc5_avg=0.9786	loss=0.3506	loss_avg=0.8160	time=260.81it/s
2025-11-25 23:51:00,358 Eval Loss:0.8160	Eval acc: 72.10
2025-11-25 23:51:00,358 
2025-11-25 23:51:00,358 ====================Training Epoch 9====================
2025-11-25 23:51:02,913 epoch=9	global_step=3600	acc=0.7188	acc_avg=0.6992	loss=0.8452	loss_avg=0.8617	lr=0.0946	|gn|=1.2077	time=38.92it/s
2025-11-25 23:51:05,483 epoch=9	global_step=3700	acc=0.7344	acc_avg=0.6933	loss=0.8183	loss_avg=0.8727	lr=0.0946	|gn|=1.1629	time=38.30it/s
2025-11-25 23:51:07,975 epoch=9	global_step=3800	acc=0.7266	acc_avg=0.6943	loss=0.8582	loss_avg=0.8719	lr=0.0946	|gn|=1.1426	time=38.25it/s
2025-11-25 23:51:10,559 ====================Eval Epoch 9====================
2025-11-25 23:51:11,669 epoch=9	global_step=39	acc=0.8125	acc_avg=0.7161	acc5=1.0000	acc5_avg=0.9771	loss=0.5316	loss_avg=0.8179	time=256.91it/s
2025-11-25 23:51:11,669 Eval Loss:0.8179	Eval acc: 71.61
2025-11-25 23:51:11,669 
2025-11-25 23:51:11,669 ====================Training Epoch 10====================
2025-11-25 23:51:11,915 epoch=10	global_step=3900	acc=0.7422	acc_avg=0.7422	loss=0.7374	loss_avg=0.7374	lr=0.0933	|gn|=1.1575	time=23.14it/s
2025-11-25 23:51:14,447 epoch=10	global_step=4000	acc=0.6641	acc_avg=0.7001	loss=0.8676	loss_avg=0.8463	lr=0.0933	|gn|=1.2554	time=39.93it/s
2025-11-25 23:51:16,964 epoch=10	global_step=4100	acc=0.7266	acc_avg=0.7018	loss=0.7543	loss_avg=0.8473	lr=0.0933	|gn|=1.1787	time=42.62it/s
2025-11-25 23:51:19,453 epoch=10	global_step=4200	acc=0.7266	acc_avg=0.7004	loss=0.6991	loss_avg=0.8523	lr=0.0933	|gn|=1.2032	time=37.71it/s
2025-11-25 23:51:21,791 ====================Eval Epoch 10====================
2025-11-25 23:51:22,934 epoch=10	global_step=39	acc=0.8125	acc_avg=0.7286	acc5=1.0000	acc5_avg=0.9752	loss=0.4956	loss_avg=0.8041	time=244.88it/s
2025-11-25 23:51:22,934 Eval Loss:0.8041	Eval acc: 72.86
2025-11-25 23:51:22,934 
2025-11-25 23:51:22,934 ====================Training Epoch 11====================
2025-11-25 23:51:23,453 epoch=11	global_step=4300	acc=0.7109	acc_avg=0.7330	loss=0.7960	loss_avg=0.7681	lr=0.0919	|gn|=1.3517	time=41.13it/s
2025-11-25 23:51:26,083 epoch=11	global_step=4400	acc=0.7344	acc_avg=0.7071	loss=0.8095	loss_avg=0.8340	lr=0.0919	|gn|=1.1675	time=41.50it/s
2025-11-25 23:51:28,887 epoch=11	global_step=4500	acc=0.7188	acc_avg=0.7075	loss=0.7547	loss_avg=0.8347	lr=0.0919	|gn|=1.1626	time=36.97it/s
2025-11-25 23:51:31,741 epoch=11	global_step=4600	acc=0.6641	acc_avg=0.7071	loss=0.9876	loss_avg=0.8356	lr=0.0919	|gn|=1.3433	time=36.88it/s
2025-11-25 23:51:33,952 ====================Eval Epoch 11====================
2025-11-25 23:51:35,113 epoch=11	global_step=39	acc=0.8750	acc_avg=0.7313	acc5=1.0000	acc5_avg=0.9823	loss=0.5640	loss_avg=0.7618	time=240.69it/s
2025-11-25 23:51:35,113 Eval Loss:0.7618	Eval acc: 73.13
2025-11-25 23:51:35,113 
2025-11-25 23:51:35,113 ====================Training Epoch 12====================
2025-11-25 23:51:35,912 epoch=12	global_step=4700	acc=0.7031	acc_avg=0.7154	loss=0.8150	loss_avg=0.8217	lr=0.0905	|gn|=1.3163	time=41.41it/s
2025-11-25 23:51:38,518 epoch=12	global_step=4800	acc=0.7266	acc_avg=0.7182	loss=0.8946	loss_avg=0.8130	lr=0.0905	|gn|=1.3810	time=38.62it/s
2025-11-25 23:51:41,198 epoch=12	global_step=4900	acc=0.7109	acc_avg=0.7160	loss=0.7970	loss_avg=0.8190	lr=0.0905	|gn|=1.4096	time=37.97it/s
2025-11-25 23:51:43,722 epoch=12	global_step=5000	acc=0.6719	acc_avg=0.7143	loss=0.8669	loss_avg=0.8223	lr=0.0905	|gn|=1.4098	time=44.82it/s
2025-11-25 23:51:45,509 ====================Eval Epoch 12====================
2025-11-25 23:51:46,624 epoch=12	global_step=39	acc=0.8125	acc_avg=0.7506	acc5=1.0000	acc5_avg=0.9841	loss=0.4196	loss_avg=0.7269	time=272.87it/s
2025-11-25 23:51:46,624 Eval Loss:0.7269	Eval acc: 75.06
2025-11-25 23:51:46,624 
2025-11-25 23:51:46,624 ====================Training Epoch 13====================
2025-11-25 23:51:47,649 epoch=13	global_step=5100	acc=0.7031	acc_avg=0.7283	loss=0.9515	loss_avg=0.7757	lr=0.0889	|gn|=1.5847	time=39.78it/s
2025-11-25 23:51:50,199 epoch=13	global_step=5200	acc=0.6406	acc_avg=0.7206	loss=0.9833	loss_avg=0.8020	lr=0.0889	|gn|=1.4094	time=44.62it/s
2025-11-25 23:51:52,710 epoch=13	global_step=5300	acc=0.7031	acc_avg=0.7183	loss=0.8741	loss_avg=0.8041	lr=0.0889	|gn|=1.5757	time=43.25it/s
2025-11-25 23:51:55,241 epoch=13	global_step=5400	acc=0.6875	acc_avg=0.7158	loss=0.8725	loss_avg=0.8120	lr=0.0889	|gn|=1.4766	time=39.10it/s
2025-11-25 23:51:56,795 ====================Eval Epoch 13====================
2025-11-25 23:51:57,944 epoch=13	global_step=39	acc=0.7500	acc_avg=0.7494	acc5=1.0000	acc5_avg=0.9818	loss=0.3755	loss_avg=0.7245	time=257.38it/s
2025-11-25 23:51:57,945 Eval Loss:0.7245	Eval acc: 74.94
2025-11-25 23:51:57,945 
2025-11-25 23:51:57,945 ====================Training Epoch 14====================
2025-11-25 23:51:59,214 epoch=14	global_step=5500	acc=0.6719	acc_avg=0.7266	loss=0.8669	loss_avg=0.7880	lr=0.0872	|gn|=1.3451	time=37.64it/s
2025-11-25 23:52:01,832 epoch=14	global_step=5600	acc=0.8047	acc_avg=0.7251	loss=0.6505	loss_avg=0.7911	lr=0.0872	|gn|=1.2111	time=40.49it/s
2025-11-25 23:52:04,414 epoch=14	global_step=5700	acc=0.7266	acc_avg=0.7243	loss=0.7714	loss_avg=0.7908	lr=0.0872	|gn|=1.3069	time=39.58it/s
2025-11-25 23:52:07,043 epoch=14	global_step=5800	acc=0.7344	acc_avg=0.7224	loss=0.8341	loss_avg=0.7965	lr=0.0872	|gn|=1.3401	time=40.59it/s
2025-11-25 23:52:08,375 ====================Eval Epoch 14====================
2025-11-25 23:52:09,483 epoch=14	global_step=39	acc=0.9375	acc_avg=0.7423	acc5=1.0000	acc5_avg=0.9810	loss=0.2630	loss_avg=0.7479	time=273.80it/s
2025-11-25 23:52:09,483 Eval Loss:0.7479	Eval acc: 74.23
2025-11-25 23:52:09,483 
2025-11-25 23:52:09,483 ====================Training Epoch 15====================
2025-11-25 23:52:10,990 epoch=15	global_step=5900	acc=0.7422	acc_avg=0.7384	loss=0.7086	loss_avg=0.7531	lr=0.0854	|gn|=1.3362	time=40.43it/s
2025-11-25 23:52:13,451 epoch=15	global_step=6000	acc=0.7109	acc_avg=0.7255	loss=0.8596	loss_avg=0.7770	lr=0.0854	|gn|=1.4688	time=43.27it/s
2025-11-25 23:52:15,972 epoch=15	global_step=6100	acc=0.7578	acc_avg=0.7242	loss=0.6829	loss_avg=0.7878	lr=0.0854	|gn|=1.2633	time=42.54it/s
2025-11-25 23:52:18,399 epoch=15	global_step=6200	acc=0.6953	acc_avg=0.7257	loss=0.8553	loss_avg=0.7845	lr=0.0854	|gn|=1.5045	time=39.51it/s
2025-11-25 23:52:19,410 ====================Eval Epoch 15====================
2025-11-25 23:52:20,518 epoch=15	global_step=39	acc=0.9375	acc_avg=0.7499	acc5=1.0000	acc5_avg=0.9839	loss=0.3459	loss_avg=0.7218	time=272.13it/s
2025-11-25 23:52:20,519 Eval Loss:0.7218	Eval acc: 74.99
2025-11-25 23:52:20,519 
2025-11-25 23:52:20,519 ====================Training Epoch 16====================
2025-11-25 23:52:22,297 epoch=16	global_step=6300	acc=0.6562	acc_avg=0.7334	loss=0.9762	loss_avg=0.7538	lr=0.0835	|gn|=1.4493	time=40.66it/s
2025-11-25 23:52:24,806 epoch=16	global_step=6400	acc=0.6719	acc_avg=0.7277	loss=0.8416	loss_avg=0.7654	lr=0.0835	|gn|=1.3196	time=40.59it/s
2025-11-25 23:52:27,358 epoch=16	global_step=6500	acc=0.7188	acc_avg=0.7272	loss=0.7629	loss_avg=0.7719	lr=0.0835	|gn|=1.3438	time=40.48it/s
2025-11-25 23:52:29,877 epoch=16	global_step=6600	acc=0.7500	acc_avg=0.7276	loss=0.7326	loss_avg=0.7765	lr=0.0835	|gn|=1.1895	time=40.61it/s
2025-11-25 23:52:30,653 ====================Eval Epoch 16====================
2025-11-25 23:52:31,781 epoch=16	global_step=39	acc=0.7500	acc_avg=0.7715	acc5=1.0000	acc5_avg=0.9849	loss=0.4657	loss_avg=0.6644	time=274.19it/s
2025-11-25 23:52:31,781 Eval Loss:0.6644	Eval acc: 77.15
2025-11-25 23:52:31,781 
2025-11-25 23:52:31,781 ====================Training Epoch 17====================
2025-11-25 23:52:33,794 epoch=17	global_step=6700	acc=0.7578	acc_avg=0.7367	loss=0.7551	loss_avg=0.7432	lr=0.0815	|gn|=1.4636	time=40.61it/s
2025-11-25 23:52:36,299 epoch=17	global_step=6800	acc=0.6172	acc_avg=0.7333	loss=0.9852	loss_avg=0.7555	lr=0.0815	|gn|=1.6028	time=41.34it/s
2025-11-25 23:52:38,818 epoch=17	global_step=6900	acc=0.6875	acc_avg=0.7305	loss=0.9464	loss_avg=0.7641	lr=0.0815	|gn|=1.4869	time=44.21it/s
2025-11-25 23:52:41,244 epoch=17	global_step=7000	acc=0.7500	acc_avg=0.7308	loss=0.7596	loss_avg=0.7701	lr=0.0815	|gn|=1.3204	time=42.26it/s
2025-11-25 23:52:41,764 ====================Eval Epoch 17====================
2025-11-25 23:52:42,871 epoch=17	global_step=39	acc=0.8125	acc_avg=0.7697	acc5=1.0000	acc5_avg=0.9839	loss=0.4481	loss_avg=0.6730	time=274.71it/s
2025-11-25 23:52:42,871 Eval Loss:0.6730	Eval acc: 76.97
2025-11-25 23:52:42,872 
2025-11-25 23:52:42,872 ====================Training Epoch 18====================
2025-11-25 23:52:45,166 epoch=18	global_step=7100	acc=0.6484	acc_avg=0.7398	loss=0.8984	loss_avg=0.7358	lr=0.0794	|gn|=1.4553	time=39.59it/s
2025-11-25 23:52:47,732 epoch=18	global_step=7200	acc=0.7188	acc_avg=0.7354	loss=0.8563	loss_avg=0.7489	lr=0.0794	|gn|=1.4400	time=39.07it/s
2025-11-25 23:52:50,291 epoch=18	global_step=7300	acc=0.8047	acc_avg=0.7355	loss=0.6198	loss_avg=0.7497	lr=0.0794	|gn|=1.2127	time=40.64it/s
2025-11-25 23:52:52,844 epoch=18	global_step=7400	acc=0.7578	acc_avg=0.7353	loss=0.7028	loss_avg=0.7541	lr=0.0794	|gn|=1.2896	time=41.11it/s
2025-11-25 23:52:53,129 ====================Eval Epoch 18====================
2025-11-25 23:52:54,233 epoch=18	global_step=39	acc=0.8125	acc_avg=0.7774	acc5=1.0000	acc5_avg=0.9857	loss=0.5466	loss_avg=0.6421	time=267.29it/s
2025-11-25 23:52:54,233 Eval Loss:0.6421	Eval acc: 77.74
2025-11-25 23:52:54,233 
2025-11-25 23:52:54,233 ====================Training Epoch 19====================
2025-11-25 23:52:56,776 epoch=19	global_step=7500	acc=0.7500	acc_avg=0.7473	loss=0.8826	loss_avg=0.7318	lr=0.0772	|gn|=1.6062	time=39.99it/s
2025-11-25 23:52:59,275 epoch=19	global_step=7600	acc=0.7812	acc_avg=0.7460	loss=0.6510	loss_avg=0.7292	lr=0.0772	|gn|=1.2835	time=39.88it/s
2025-11-25 23:53:01,795 epoch=19	global_step=7700	acc=0.7266	acc_avg=0.7427	loss=0.8381	loss_avg=0.7374	lr=0.0772	|gn|=1.4035	time=41.81it/s
2025-11-25 23:53:04,343 ====================Eval Epoch 19====================
2025-11-25 23:53:05,454 epoch=19	global_step=39	acc=0.8125	acc_avg=0.7631	acc5=1.0000	acc5_avg=0.9867	loss=0.3792	loss_avg=0.6907	time=268.87it/s
2025-11-25 23:53:05,454 Eval Loss:0.6907	Eval acc: 76.31
2025-11-25 23:53:05,454 
2025-11-25 23:53:05,454 ====================Training Epoch 20====================
2025-11-25 23:53:05,703 epoch=20	global_step=7800	acc=0.7969	acc_avg=0.7969	loss=0.7076	loss_avg=0.7076	lr=0.0750	|gn|=1.3412	time=28.48it/s
2025-11-25 23:53:08,292 epoch=20	global_step=7900	acc=0.7734	acc_avg=0.7488	loss=0.7117	loss_avg=0.7192	lr=0.0750	|gn|=1.2935	time=39.99it/s
2025-11-25 23:53:10,842 epoch=20	global_step=8000	acc=0.7656	acc_avg=0.7498	loss=0.6601	loss_avg=0.7219	lr=0.0750	|gn|=1.3785	time=39.85it/s
2025-11-25 23:53:13,467 epoch=20	global_step=8100	acc=0.7422	acc_avg=0.7492	loss=0.7395	loss_avg=0.7237	lr=0.0750	|gn|=1.4209	time=44.47it/s
2025-11-25 23:53:15,868 ====================Eval Epoch 20====================
2025-11-25 23:53:17,004 epoch=20	global_step=39	acc=0.9375	acc_avg=0.7652	acc5=1.0000	acc5_avg=0.9841	loss=0.3179	loss_avg=0.6895	time=248.29it/s
2025-11-25 23:53:17,004 Eval Loss:0.6895	Eval acc: 76.52
2025-11-25 23:53:17,004 
2025-11-25 23:53:17,004 ====================Training Epoch 21====================
2025-11-25 23:53:17,540 epoch=21	global_step=8200	acc=0.7500	acc_avg=0.7408	loss=0.6660	loss_avg=0.7125	lr=0.0727	|gn|=1.3268	time=42.06it/s
2025-11-25 23:53:20,236 epoch=21	global_step=8300	acc=0.7578	acc_avg=0.7608	loss=0.7451	loss_avg=0.6968	lr=0.0727	|gn|=1.5997	time=36.90it/s
2025-11-25 23:53:22,992 epoch=21	global_step=8400	acc=0.7500	acc_avg=0.7544	loss=0.8219	loss_avg=0.7084	lr=0.0727	|gn|=1.5852	time=39.36it/s
2025-11-25 23:53:25,645 epoch=21	global_step=8500	acc=0.7500	acc_avg=0.7507	loss=0.6381	loss_avg=0.7128	lr=0.0727	|gn|=1.3492	time=39.06it/s
2025-11-25 23:53:27,773 ====================Eval Epoch 21====================
2025-11-25 23:53:28,891 epoch=21	global_step=39	acc=0.8125	acc_avg=0.7595	acc5=1.0000	acc5_avg=0.9838	loss=0.5907	loss_avg=0.7099	time=261.43it/s
2025-11-25 23:53:28,891 Eval Loss:0.7099	Eval acc: 75.95
2025-11-25 23:53:28,891 
2025-11-25 23:53:28,891 ====================Training Epoch 22====================
2025-11-25 23:53:29,648 epoch=22	global_step=8600	acc=0.7734	acc_avg=0.7556	loss=0.6972	loss_avg=0.7009	lr=0.0703	|gn|=1.3973	time=37.49it/s
2025-11-25 23:53:32,313 epoch=22	global_step=8700	acc=0.7969	acc_avg=0.7592	loss=0.6283	loss_avg=0.6848	lr=0.0703	|gn|=1.5131	time=38.00it/s
2025-11-25 23:53:34,945 epoch=22	global_step=8800	acc=0.7734	acc_avg=0.7505	loss=0.6624	loss_avg=0.7082	lr=0.0703	|gn|=1.4894	time=38.55it/s
2025-11-25 23:53:37,562 epoch=22	global_step=8900	acc=0.7969	acc_avg=0.7523	loss=0.5760	loss_avg=0.7039	lr=0.0703	|gn|=1.5108	time=37.41it/s
2025-11-25 23:53:39,411 ====================Eval Epoch 22====================
2025-11-25 23:53:40,520 epoch=22	global_step=39	acc=0.8125	acc_avg=0.7885	acc5=1.0000	acc5_avg=0.9866	loss=0.3963	loss_avg=0.6191	time=250.44it/s
2025-11-25 23:53:40,520 Eval Loss:0.6191	Eval acc: 78.85
2025-11-25 23:53:40,520 
2025-11-25 23:53:40,520 ====================Training Epoch 23====================
2025-11-25 23:53:41,527 epoch=23	global_step=9000	acc=0.7891	acc_avg=0.7825	loss=0.6090	loss_avg=0.6333	lr=0.0679	|gn|=1.6166	time=40.30it/s
2025-11-25 23:53:44,184 epoch=23	global_step=9100	acc=0.7500	acc_avg=0.7684	loss=0.7609	loss_avg=0.6666	lr=0.0679	|gn|=1.5395	time=40.36it/s
2025-11-25 23:53:46,773 epoch=23	global_step=9200	acc=0.8125	acc_avg=0.7654	loss=0.5803	loss_avg=0.6765	lr=0.0679	|gn|=1.3656	time=38.48it/s
2025-11-25 23:53:49,478 epoch=23	global_step=9300	acc=0.7422	acc_avg=0.7621	loss=0.7332	loss_avg=0.6871	lr=0.0679	|gn|=1.5646	time=38.89it/s
2025-11-25 23:53:51,111 ====================Eval Epoch 23====================
2025-11-25 23:53:52,250 epoch=23	global_step=39	acc=0.8750	acc_avg=0.7855	acc5=1.0000	acc5_avg=0.9856	loss=0.3229	loss_avg=0.6318	time=261.25it/s
2025-11-25 23:53:52,251 Eval Loss:0.6318	Eval acc: 78.55
2025-11-25 23:53:52,251 
2025-11-25 23:53:52,251 ====================Training Epoch 24====================
2025-11-25 23:53:53,524 epoch=24	global_step=9400	acc=0.7891	acc_avg=0.7696	loss=0.7126	loss_avg=0.6494	lr=0.0655	|gn|=1.5376	time=41.42it/s
2025-11-25 23:53:56,154 epoch=24	global_step=9500	acc=0.7578	acc_avg=0.7677	loss=0.7230	loss_avg=0.6670	lr=0.0655	|gn|=1.4492	time=38.97it/s
2025-11-25 23:53:58,853 epoch=24	global_step=9600	acc=0.8047	acc_avg=0.7629	loss=0.6085	loss_avg=0.6798	lr=0.0655	|gn|=1.2967	time=38.51it/s
2025-11-25 23:54:01,458 epoch=24	global_step=9700	acc=0.7656	acc_avg=0.7589	loss=0.6920	loss_avg=0.6876	lr=0.0655	|gn|=1.5072	time=40.79it/s
2025-11-25 23:54:02,774 ====================Eval Epoch 24====================
2025-11-25 23:54:03,917 epoch=24	global_step=39	acc=0.7500	acc_avg=0.7911	acc5=1.0000	acc5_avg=0.9868	loss=0.5116	loss_avg=0.6095	time=241.33it/s
2025-11-25 23:54:03,917 Eval Loss:0.6095	Eval acc: 79.11
2025-11-25 23:54:03,917 
2025-11-25 23:54:03,917 ====================Training Epoch 25====================
2025-11-25 23:54:05,509 epoch=25	global_step=9800	acc=0.7891	acc_avg=0.7777	loss=0.6632	loss_avg=0.6342	lr=0.0629	|gn|=1.5208	time=41.90it/s
2025-11-25 23:54:08,251 epoch=25	global_step=9900	acc=0.7891	acc_avg=0.7670	loss=0.6384	loss_avg=0.6562	lr=0.0629	|gn|=1.5325	time=36.46it/s
2025-11-25 23:54:10,987 epoch=25	global_step=10000	acc=0.8125	acc_avg=0.7672	loss=0.5808	loss_avg=0.6639	lr=0.0629	|gn|=1.5604	time=39.08it/s
2025-11-25 23:54:13,598 epoch=25	global_step=10100	acc=0.7734	acc_avg=0.7669	loss=0.6957	loss_avg=0.6691	lr=0.0629	|gn|=1.5617	time=37.27it/s
2025-11-25 23:54:14,689 ====================Eval Epoch 25====================
2025-11-25 23:54:15,815 epoch=25	global_step=39	acc=0.7500	acc_avg=0.7870	acc5=1.0000	acc5_avg=0.9879	loss=0.8073	loss_avg=0.6170	time=251.31it/s
2025-11-25 23:54:15,815 Eval Loss:0.6170	Eval acc: 78.70
2025-11-25 23:54:15,815 
2025-11-25 23:54:15,815 ====================Training Epoch 26====================
2025-11-25 23:54:17,641 epoch=26	global_step=10200	acc=0.8281	acc_avg=0.7796	loss=0.5733	loss_avg=0.6425	lr=0.0604	|gn|=1.4289	time=38.81it/s
2025-11-25 23:54:20,275 epoch=26	global_step=10300	acc=0.7500	acc_avg=0.7783	loss=0.6636	loss_avg=0.6443	lr=0.0604	|gn|=1.6483	time=37.39it/s
2025-11-25 23:54:22,877 epoch=26	global_step=10400	acc=0.7656	acc_avg=0.7741	loss=0.6715	loss_avg=0.6523	lr=0.0604	|gn|=1.5579	time=43.05it/s
2025-11-25 23:54:25,367 epoch=26	global_step=10500	acc=0.7734	acc_avg=0.7728	loss=0.6077	loss_avg=0.6562	lr=0.0604	|gn|=1.4044	time=45.73it/s
2025-11-25 23:54:26,151 ====================Eval Epoch 26====================
2025-11-25 23:54:27,287 epoch=26	global_step=39	acc=0.8750	acc_avg=0.7919	acc5=1.0000	acc5_avg=0.9865	loss=0.2998	loss_avg=0.6197	time=275.65it/s
2025-11-25 23:54:27,288 Eval Loss:0.6197	Eval acc: 79.19
2025-11-25 23:54:27,288 
2025-11-25 23:54:27,288 ====================Training Epoch 27====================
2025-11-25 23:54:29,305 epoch=27	global_step=10600	acc=0.7656	acc_avg=0.7705	loss=0.6009	loss_avg=0.6566	lr=0.0578	|gn|=1.6958	time=44.21it/s
2025-11-25 23:54:31,777 epoch=27	global_step=10700	acc=0.8281	acc_avg=0.7724	loss=0.5261	loss_avg=0.6501	lr=0.0578	|gn|=1.3541	time=45.47it/s
2025-11-25 23:54:34,276 epoch=27	global_step=10800	acc=0.7734	acc_avg=0.7735	loss=0.7531	loss_avg=0.6478	lr=0.0578	|gn|=1.6786	time=40.44it/s
2025-11-25 23:54:36,830 epoch=27	global_step=10900	acc=0.8594	acc_avg=0.7747	loss=0.5193	loss_avg=0.6454	lr=0.0578	|gn|=1.3262	time=39.73it/s
2025-11-25 23:54:37,369 ====================Eval Epoch 27====================
2025-11-25 23:54:38,487 epoch=27	global_step=39	acc=0.8750	acc_avg=0.7913	acc5=1.0000	acc5_avg=0.9866	loss=0.2499	loss_avg=0.6009	time=273.24it/s
2025-11-25 23:54:38,487 Eval Loss:0.6009	Eval acc: 79.13
2025-11-25 23:54:38,487 
2025-11-25 23:54:38,487 ====================Training Epoch 28====================
2025-11-25 23:54:40,793 epoch=28	global_step=11000	acc=0.7969	acc_avg=0.7844	loss=0.6036	loss_avg=0.6113	lr=0.0552	|gn|=1.5750	time=40.30it/s
2025-11-25 23:54:43,250 epoch=28	global_step=11100	acc=0.7500	acc_avg=0.7826	loss=0.7343	loss_avg=0.6280	lr=0.0552	|gn|=1.8773	time=41.56it/s
2025-11-25 23:54:45,799 epoch=28	global_step=11200	acc=0.7969	acc_avg=0.7788	loss=0.4791	loss_avg=0.6343	lr=0.0552	|gn|=1.3739	time=31.16it/s
2025-11-25 23:54:48,368 epoch=28	global_step=11300	acc=0.7969	acc_avg=0.7783	loss=0.5147	loss_avg=0.6367	lr=0.0552	|gn|=1.5556	time=39.68it/s
2025-11-25 23:54:48,629 ====================Eval Epoch 28====================
2025-11-25 23:54:49,739 epoch=28	global_step=39	acc=0.8750	acc_avg=0.7849	acc5=1.0000	acc5_avg=0.9855	loss=0.2573	loss_avg=0.6403	time=269.99it/s
2025-11-25 23:54:49,740 Eval Loss:0.6403	Eval acc: 78.49
2025-11-25 23:54:49,740 
2025-11-25 23:54:49,740 ====================Training Epoch 29====================
2025-11-25 23:54:52,119 epoch=29	global_step=11400	acc=0.7891	acc_avg=0.7834	loss=0.5490	loss_avg=0.6080	lr=0.0526	|gn|=1.7314	time=45.23it/s
2025-11-25 23:54:54,449 epoch=29	global_step=11500	acc=0.8203	acc_avg=0.7839	loss=0.5298	loss_avg=0.6151	lr=0.0526	|gn|=1.4615	time=44.43it/s
2025-11-25 23:54:56,918 epoch=29	global_step=11600	acc=0.8047	acc_avg=0.7815	loss=0.5500	loss_avg=0.6216	lr=0.0526	|gn|=1.4939	time=45.70it/s
2025-11-25 23:54:59,509 ====================Eval Epoch 29====================
2025-11-25 23:55:00,622 epoch=29	global_step=39	acc=0.8125	acc_avg=0.7808	acc5=1.0000	acc5_avg=0.9855	loss=0.4032	loss_avg=0.6535	time=253.08it/s
2025-11-25 23:55:00,622 Eval Loss:0.6535	Eval acc: 78.08
2025-11-25 23:55:00,622 
2025-11-25 23:55:00,622 ====================Training Epoch 30====================
2025-11-25 23:55:00,884 epoch=30	global_step=11700	acc=0.8125	acc_avg=0.8125	loss=0.6201	loss_avg=0.6201	lr=0.0500	|gn|=1.5775	time=33.16it/s
2025-11-25 23:55:03,413 epoch=30	global_step=11800	acc=0.7266	acc_avg=0.7934	loss=0.6689	loss_avg=0.5955	lr=0.0500	|gn|=1.9311	time=41.06it/s
2025-11-25 23:55:05,826 epoch=30	global_step=11900	acc=0.7812	acc_avg=0.7897	loss=0.7407	loss_avg=0.6051	lr=0.0500	|gn|=1.7837	time=42.90it/s
2025-11-25 23:55:08,388 epoch=30	global_step=12000	acc=0.8203	acc_avg=0.7878	loss=0.5735	loss_avg=0.6100	lr=0.0500	|gn|=1.7311	time=39.86it/s
2025-11-25 23:55:10,713 ====================Eval Epoch 30====================
2025-11-25 23:55:11,824 epoch=30	global_step=39	acc=0.8750	acc_avg=0.7952	acc5=1.0000	acc5_avg=0.9891	loss=0.5360	loss_avg=0.5989	time=271.11it/s
2025-11-25 23:55:11,824 Eval Loss:0.5989	Eval acc: 79.52
2025-11-25 23:55:11,824 
2025-11-25 23:55:11,824 ====================Training Epoch 31====================
2025-11-25 23:55:12,329 epoch=31	global_step=12100	acc=0.8125	acc_avg=0.8075	loss=0.5055	loss_avg=0.5689	lr=0.0474	|gn|=1.5793	time=42.21it/s
2025-11-25 23:55:14,923 epoch=31	global_step=12200	acc=0.7891	acc_avg=0.7984	loss=0.6344	loss_avg=0.5734	lr=0.0474	|gn|=2.0252	time=40.24it/s
2025-11-25 23:55:17,477 epoch=31	global_step=12300	acc=0.8047	acc_avg=0.7957	loss=0.5059	loss_avg=0.5832	lr=0.0474	|gn|=1.6925	time=40.37it/s
2025-11-25 23:55:20,026 epoch=31	global_step=12400	acc=0.7812	acc_avg=0.7930	loss=0.6303	loss_avg=0.5916	lr=0.0474	|gn|=1.9358	time=39.15it/s
2025-11-25 23:55:22,095 ====================Eval Epoch 31====================
2025-11-25 23:55:23,227 epoch=31	global_step=39	acc=0.9375	acc_avg=0.7993	acc5=1.0000	acc5_avg=0.9892	loss=0.2572	loss_avg=0.5905	time=269.80it/s
2025-11-25 23:55:23,227 Eval Loss:0.5905	Eval acc: 79.93
2025-11-25 23:55:23,227 
2025-11-25 23:55:23,227 ====================Training Epoch 32====================
2025-11-25 23:55:23,956 epoch=32	global_step=12500	acc=0.8125	acc_avg=0.8058	loss=0.6015	loss_avg=0.5697	lr=0.0448	|gn|=1.8910	time=40.77it/s
2025-11-25 23:55:26,534 epoch=32	global_step=12600	acc=0.7578	acc_avg=0.8048	loss=0.6446	loss_avg=0.5647	lr=0.0448	|gn|=2.1278	time=37.61it/s
2025-11-25 23:55:29,150 epoch=32	global_step=12700	acc=0.8203	acc_avg=0.8012	loss=0.5113	loss_avg=0.5706	lr=0.0448	|gn|=1.8281	time=38.50it/s
2025-11-25 23:55:31,778 epoch=32	global_step=12800	acc=0.7969	acc_avg=0.7990	loss=0.6054	loss_avg=0.5758	lr=0.0448	|gn|=1.7259	time=39.33it/s
2025-11-25 23:55:33,645 ====================Eval Epoch 32====================
2025-11-25 23:55:34,774 epoch=32	global_step=39	acc=0.8750	acc_avg=0.7892	acc5=1.0000	acc5_avg=0.9869	loss=0.4112	loss_avg=0.6217	time=270.01it/s
2025-11-25 23:55:34,774 Eval Loss:0.6217	Eval acc: 78.92
2025-11-25 23:55:34,774 
2025-11-25 23:55:34,774 ====================Training Epoch 33====================
2025-11-25 23:55:35,824 epoch=33	global_step=12900	acc=0.8203	acc_avg=0.8173	loss=0.5532	loss_avg=0.5146	lr=0.0422	|gn|=1.8938	time=38.69it/s
2025-11-25 23:55:38,435 epoch=33	global_step=13000	acc=0.8125	acc_avg=0.8078	loss=0.6128	loss_avg=0.5498	lr=0.0422	|gn|=2.1418	time=39.99it/s
2025-11-25 23:55:41,002 epoch=33	global_step=13100	acc=0.8125	acc_avg=0.8060	loss=0.5113	loss_avg=0.5575	lr=0.0422	|gn|=1.6419	time=43.66it/s
2025-11-25 23:55:43,562 epoch=33	global_step=13200	acc=0.7969	acc_avg=0.8022	loss=0.5660	loss_avg=0.5646	lr=0.0422	|gn|=2.0372	time=40.72it/s
2025-11-25 23:55:45,121 ====================Eval Epoch 33====================
2025-11-25 23:55:46,229 epoch=33	global_step=39	acc=0.8750	acc_avg=0.8067	acc5=1.0000	acc5_avg=0.9885	loss=0.4139	loss_avg=0.5656	time=257.41it/s
2025-11-25 23:55:46,229 Eval Loss:0.5656	Eval acc: 80.67
2025-11-25 23:55:46,230 
2025-11-25 23:55:46,230 ====================Training Epoch 34====================
2025-11-25 23:55:47,543 epoch=34	global_step=13300	acc=0.8203	acc_avg=0.8136	loss=0.4868	loss_avg=0.5228	lr=0.0396	|gn|=1.8793	time=38.61it/s
2025-11-25 23:55:50,022 epoch=34	global_step=13400	acc=0.8047	acc_avg=0.8123	loss=0.5272	loss_avg=0.5324	lr=0.0396	|gn|=2.0216	time=39.86it/s
2025-11-25 23:55:52,444 epoch=34	global_step=13500	acc=0.7969	acc_avg=0.8108	loss=0.5602	loss_avg=0.5379	lr=0.0396	|gn|=2.0262	time=41.41it/s
2025-11-25 23:55:54,907 epoch=34	global_step=13600	acc=0.8516	acc_avg=0.8094	loss=0.4986	loss_avg=0.5426	lr=0.0396	|gn|=1.7597	time=40.01it/s
2025-11-25 23:55:56,229 ====================Eval Epoch 34====================
2025-11-25 23:55:57,352 epoch=34	global_step=39	acc=0.8750	acc_avg=0.7990	acc5=1.0000	acc5_avg=0.9884	loss=0.3196	loss_avg=0.5961	time=264.08it/s
2025-11-25 23:55:57,353 Eval Loss:0.5961	Eval acc: 79.90
2025-11-25 23:55:57,353 
2025-11-25 23:55:57,353 ====================Training Epoch 35====================
2025-11-25 23:55:58,840 epoch=35	global_step=13700	acc=0.8594	acc_avg=0.8205	loss=0.4261	loss_avg=0.5136	lr=0.0371	|gn|=1.6776	time=40.78it/s
2025-11-25 23:56:01,328 epoch=35	global_step=13800	acc=0.8359	acc_avg=0.8207	loss=0.5158	loss_avg=0.5147	lr=0.0371	|gn|=1.9491	time=39.07it/s
2025-11-25 23:56:03,830 epoch=35	global_step=13900	acc=0.8125	acc_avg=0.8147	loss=0.4693	loss_avg=0.5265	lr=0.0371	|gn|=1.8596	time=40.29it/s
2025-11-25 23:56:06,277 epoch=35	global_step=14000	acc=0.8047	acc_avg=0.8135	loss=0.5382	loss_avg=0.5316	lr=0.0371	|gn|=2.0410	time=39.94it/s
2025-11-25 23:56:07,285 ====================Eval Epoch 35====================
2025-11-25 23:56:08,393 epoch=35	global_step=39	acc=0.8125	acc_avg=0.8189	acc5=1.0000	acc5_avg=0.9912	loss=0.5555	loss_avg=0.5462	time=254.88it/s
2025-11-25 23:56:08,393 Eval Loss:0.5462	Eval acc: 81.89
2025-11-25 23:56:08,393 
2025-11-25 23:56:08,393 ====================Training Epoch 36====================
2025-11-25 23:56:10,120 epoch=36	global_step=14100	acc=0.7656	acc_avg=0.8259	loss=0.5637	loss_avg=0.4911	lr=0.0345	|gn|=2.2792	time=40.95it/s
2025-11-25 23:56:12,601 epoch=36	global_step=14200	acc=0.7969	acc_avg=0.8216	loss=0.6427	loss_avg=0.5054	lr=0.0345	|gn|=2.2441	time=40.33it/s
2025-11-25 23:56:15,009 epoch=36	global_step=14300	acc=0.7734	acc_avg=0.8199	loss=0.7500	loss_avg=0.5110	lr=0.0345	|gn|=2.1899	time=44.05it/s
2025-11-25 23:56:17,480 epoch=36	global_step=14400	acc=0.7969	acc_avg=0.8186	loss=0.5713	loss_avg=0.5124	lr=0.0345	|gn|=1.9348	time=41.80it/s
2025-11-25 23:56:18,260 ====================Eval Epoch 36====================
2025-11-25 23:56:19,376 epoch=36	global_step=39	acc=0.9375	acc_avg=0.8074	acc5=1.0000	acc5_avg=0.9892	loss=0.3230	loss_avg=0.5749	time=263.00it/s
2025-11-25 23:56:19,376 Eval Loss:0.5749	Eval acc: 80.74
2025-11-25 23:56:19,376 
2025-11-25 23:56:19,376 ====================Training Epoch 37====================
2025-11-25 23:56:21,439 epoch=37	global_step=14500	acc=0.7969	acc_avg=0.8335	loss=0.5684	loss_avg=0.4793	lr=0.0321	|gn|=2.1101	time=44.46it/s
2025-11-25 23:56:23,990 epoch=37	global_step=14600	acc=0.8281	acc_avg=0.8304	loss=0.5685	loss_avg=0.4875	lr=0.0321	|gn|=2.1621	time=41.68it/s
2025-11-25 23:56:26,458 epoch=37	global_step=14700	acc=0.8203	acc_avg=0.8282	loss=0.4856	loss_avg=0.4947	lr=0.0321	|gn|=2.0111	time=40.48it/s
2025-11-25 23:56:28,914 epoch=37	global_step=14800	acc=0.7500	acc_avg=0.8260	loss=0.6575	loss_avg=0.4983	lr=0.0321	|gn|=2.4615	time=38.62it/s
2025-11-25 23:56:29,446 ====================Eval Epoch 37====================
2025-11-25 23:56:30,564 epoch=37	global_step=39	acc=0.8750	acc_avg=0.8189	acc5=1.0000	acc5_avg=0.9895	loss=0.2171	loss_avg=0.5352	time=261.69it/s
2025-11-25 23:56:30,565 Eval Loss:0.5352	Eval acc: 81.89
2025-11-25 23:56:30,565 
2025-11-25 23:56:30,565 ====================Training Epoch 38====================
2025-11-25 23:56:32,953 epoch=38	global_step=14900	acc=0.8047	acc_avg=0.8315	loss=0.5345	loss_avg=0.4728	lr=0.0297	|gn|=2.3011	time=38.78it/s
2025-11-25 23:56:35,612 epoch=38	global_step=15000	acc=0.7969	acc_avg=0.8363	loss=0.5693	loss_avg=0.4701	lr=0.0297	|gn|=2.3355	time=39.18it/s
2025-11-25 23:56:38,293 epoch=38	global_step=15100	acc=0.8672	acc_avg=0.8326	loss=0.4795	loss_avg=0.4783	lr=0.0297	|gn|=1.9539	time=39.30it/s
2025-11-25 23:56:40,947 epoch=38	global_step=15200	acc=0.8359	acc_avg=0.8315	loss=0.4080	loss_avg=0.4796	lr=0.0297	|gn|=1.9309	time=39.62it/s
2025-11-25 23:56:41,235 ====================Eval Epoch 38====================
2025-11-25 23:56:42,354 epoch=38	global_step=39	acc=0.8125	acc_avg=0.8226	acc5=1.0000	acc5_avg=0.9916	loss=0.4905	loss_avg=0.5178	time=249.11it/s
2025-11-25 23:56:42,354 Eval Loss:0.5178	Eval acc: 82.26
2025-11-25 23:56:42,354 
2025-11-25 23:56:42,354 ====================Training Epoch 39====================
2025-11-25 23:56:44,955 epoch=39	global_step=15300	acc=0.8594	acc_avg=0.8474	loss=0.3976	loss_avg=0.4403	lr=0.0273	|gn|=2.2203	time=40.09it/s
2025-11-25 23:56:47,537 epoch=39	global_step=15400	acc=0.8438	acc_avg=0.8445	loss=0.4108	loss_avg=0.4463	lr=0.0273	|gn|=2.0940	time=40.22it/s
2025-11-25 23:56:50,105 epoch=39	global_step=15500	acc=0.7812	acc_avg=0.8414	loss=0.5162	loss_avg=0.4534	lr=0.0273	|gn|=2.5483	time=39.92it/s
2025-11-25 23:56:52,643 ====================Eval Epoch 39====================
2025-11-25 23:56:53,754 epoch=39	global_step=39	acc=0.9375	acc_avg=0.8173	acc5=1.0000	acc5_avg=0.9907	loss=0.3328	loss_avg=0.5392	time=254.62it/s
2025-11-25 23:56:53,754 Eval Loss:0.5392	Eval acc: 81.73
2025-11-25 23:56:53,755 
2025-11-25 23:56:53,755 ====================Training Epoch 40====================
2025-11-25 23:56:54,003 epoch=40	global_step=15600	acc=0.8594	acc_avg=0.8594	loss=0.4446	loss_avg=0.4446	lr=0.0250	|gn|=2.0306	time=23.55it/s
2025-11-25 23:56:56,612 epoch=40	global_step=15700	acc=0.8750	acc_avg=0.8569	loss=0.2871	loss_avg=0.4123	lr=0.0250	|gn|=2.0281	time=43.65it/s
2025-11-25 23:56:59,220 epoch=40	global_step=15800	acc=0.8281	acc_avg=0.8510	loss=0.5474	loss_avg=0.4273	lr=0.0250	|gn|=2.6771	time=38.44it/s
2025-11-25 23:57:01,819 epoch=40	global_step=15900	acc=0.8516	acc_avg=0.8476	loss=0.4311	loss_avg=0.4351	lr=0.0250	|gn|=2.2820	time=39.84it/s
2025-11-25 23:57:04,164 ====================Eval Epoch 40====================
2025-11-25 23:57:05,271 epoch=40	global_step=39	acc=0.8750	acc_avg=0.8230	acc5=1.0000	acc5_avg=0.9884	loss=0.2990	loss_avg=0.5467	time=272.50it/s
2025-11-25 23:57:05,271 Eval Loss:0.5467	Eval acc: 82.30
2025-11-25 23:57:05,271 
2025-11-25 23:57:05,271 ====================Training Epoch 41====================
2025-11-25 23:57:05,741 epoch=41	global_step=16000	acc=0.9375	acc_avg=0.8672	loss=0.2295	loss_avg=0.3970	lr=0.0228	|gn|=1.5844	time=43.79it/s
2025-11-25 23:57:08,229 epoch=41	global_step=16100	acc=0.8594	acc_avg=0.8584	loss=0.4189	loss_avg=0.4026	lr=0.0228	|gn|=2.7053	time=40.38it/s
2025-11-25 23:57:10,792 epoch=41	global_step=16200	acc=0.8594	acc_avg=0.8570	loss=0.4365	loss_avg=0.4107	lr=0.0228	|gn|=2.4145	time=39.87it/s
2025-11-25 23:57:13,360 epoch=41	global_step=16300	acc=0.7969	acc_avg=0.8550	loss=0.4785	loss_avg=0.4166	lr=0.0228	|gn|=2.4008	time=38.22it/s
2025-11-25 23:57:15,383 ====================Eval Epoch 41====================
2025-11-25 23:57:16,505 epoch=41	global_step=39	acc=0.8125	acc_avg=0.8243	acc5=1.0000	acc5_avg=0.9906	loss=0.5498	loss_avg=0.5245	time=271.49it/s
2025-11-25 23:57:16,505 Eval Loss:0.5245	Eval acc: 82.43
2025-11-25 23:57:16,506 
2025-11-25 23:57:16,506 ====================Training Epoch 42====================
2025-11-25 23:57:17,244 epoch=42	global_step=16400	acc=0.8125	acc_avg=0.8560	loss=0.4885	loss_avg=0.4133	lr=0.0206	|gn|=2.8986	time=37.51it/s
2025-11-25 23:57:19,774 epoch=42	global_step=16500	acc=0.8750	acc_avg=0.8633	loss=0.3300	loss_avg=0.3899	lr=0.0206	|gn|=2.2260	time=39.98it/s
2025-11-25 23:57:22,338 epoch=42	global_step=16600	acc=0.8672	acc_avg=0.8617	loss=0.3995	loss_avg=0.3917	lr=0.0206	|gn|=2.3596	time=39.77it/s
2025-11-25 23:57:24,941 epoch=42	global_step=16700	acc=0.8516	acc_avg=0.8603	loss=0.4473	loss_avg=0.3974	lr=0.0206	|gn|=2.5757	time=39.33it/s
2025-11-25 23:57:26,756 ====================Eval Epoch 42====================
2025-11-25 23:57:27,862 epoch=42	global_step=39	acc=0.7500	acc_avg=0.8284	acc5=1.0000	acc5_avg=0.9906	loss=0.5874	loss_avg=0.5265	time=267.68it/s
2025-11-25 23:57:27,862 Eval Loss:0.5265	Eval acc: 82.84
2025-11-25 23:57:27,862 
2025-11-25 23:57:27,862 ====================Training Epoch 43====================
2025-11-25 23:57:28,851 epoch=43	global_step=16800	acc=0.8984	acc_avg=0.8727	loss=0.3106	loss_avg=0.3558	lr=0.0185	|gn|=2.4994	time=44.47it/s
2025-11-25 23:57:31,307 epoch=43	global_step=16900	acc=0.8594	acc_avg=0.8709	loss=0.3621	loss_avg=0.3680	lr=0.0185	|gn|=2.4540	time=39.08it/s
2025-11-25 23:57:33,807 epoch=43	global_step=17000	acc=0.8750	acc_avg=0.8705	loss=0.3388	loss_avg=0.3692	lr=0.0185	|gn|=2.1957	time=42.03it/s
2025-11-25 23:57:36,309 epoch=43	global_step=17100	acc=0.8125	acc_avg=0.8701	loss=0.5414	loss_avg=0.3701	lr=0.0185	|gn|=3.4644	time=40.09it/s
2025-11-25 23:57:37,847 ====================Eval Epoch 43====================
2025-11-25 23:57:38,964 epoch=43	global_step=39	acc=0.8750	acc_avg=0.8269	acc5=1.0000	acc5_avg=0.9896	loss=0.4124	loss_avg=0.5479	time=269.18it/s
2025-11-25 23:57:38,964 Eval Loss:0.5479	Eval acc: 82.69
2025-11-25 23:57:38,965 
2025-11-25 23:57:38,965 ====================Training Epoch 44====================
2025-11-25 23:57:40,193 epoch=44	global_step=17200	acc=0.9219	acc_avg=0.8859	loss=0.2573	loss_avg=0.3220	lr=0.0165	|gn|=2.2031	time=39.61it/s
2025-11-25 23:57:42,712 epoch=44	global_step=17300	acc=0.8438	acc_avg=0.8834	loss=0.4216	loss_avg=0.3294	lr=0.0165	|gn|=2.9603	time=38.69it/s
2025-11-25 23:57:45,352 epoch=44	global_step=17400	acc=0.8672	acc_avg=0.8793	loss=0.3347	loss_avg=0.3430	lr=0.0165	|gn|=2.4840	time=39.82it/s
2025-11-25 23:57:47,903 epoch=44	global_step=17500	acc=0.8906	acc_avg=0.8775	loss=0.2662	loss_avg=0.3454	lr=0.0165	|gn|=2.3536	time=38.36it/s
2025-11-25 23:57:49,205 ====================Eval Epoch 44====================
2025-11-25 23:57:50,320 epoch=44	global_step=39	acc=0.8125	acc_avg=0.8349	acc5=1.0000	acc5_avg=0.9916	loss=0.3644	loss_avg=0.5227	time=271.63it/s
2025-11-25 23:57:50,321 Eval Loss:0.5227	Eval acc: 83.49
2025-11-25 23:57:50,321 
2025-11-25 23:57:50,321 ====================Training Epoch 45====================
2025-11-25 23:57:51,849 epoch=45	global_step=17600	acc=0.8750	acc_avg=0.8948	loss=0.2863	loss_avg=0.3017	lr=0.0146	|gn|=2.3949	time=39.32it/s
2025-11-25 23:57:54,442 epoch=45	global_step=17700	acc=0.8047	acc_avg=0.8897	loss=0.5392	loss_avg=0.3136	lr=0.0146	|gn|=3.4750	time=45.16it/s
2025-11-25 23:57:57,017 epoch=45	global_step=17800	acc=0.8750	acc_avg=0.8892	loss=0.3555	loss_avg=0.3162	lr=0.0146	|gn|=2.7054	time=39.71it/s
2025-11-25 23:57:59,633 epoch=45	global_step=17900	acc=0.8828	acc_avg=0.8889	loss=0.3528	loss_avg=0.3190	lr=0.0146	|gn|=3.1220	time=40.40it/s
2025-11-25 23:58:00,686 ====================Eval Epoch 45====================
2025-11-25 23:58:01,800 epoch=45	global_step=39	acc=0.9375	acc_avg=0.8341	acc5=1.0000	acc5_avg=0.9915	loss=0.2245	loss_avg=0.5154	time=267.82it/s
2025-11-25 23:58:01,800 Eval Loss:0.5154	Eval acc: 83.41
2025-11-25 23:58:01,800 
2025-11-25 23:58:01,800 ====================Training Epoch 46====================
2025-11-25 23:58:03,617 epoch=46	global_step=18000	acc=0.9531	acc_avg=0.9016	loss=0.2641	loss_avg=0.2846	lr=0.0128	|gn|=2.5162	time=39.66it/s
2025-11-25 23:58:06,274 epoch=46	global_step=18100	acc=0.8828	acc_avg=0.9010	loss=0.3420	loss_avg=0.2893	lr=0.0128	|gn|=2.9971	time=42.15it/s
2025-11-25 23:58:08,921 epoch=46	global_step=18200	acc=0.9062	acc_avg=0.8984	loss=0.3355	loss_avg=0.2945	lr=0.0128	|gn|=2.6050	time=37.38it/s
2025-11-25 23:58:11,445 epoch=46	global_step=18300	acc=0.9141	acc_avg=0.8976	loss=0.2316	loss_avg=0.2951	lr=0.0128	|gn|=2.6481	time=39.12it/s
2025-11-25 23:58:12,239 ====================Eval Epoch 46====================
2025-11-25 23:58:13,352 epoch=46	global_step=39	acc=0.9375	acc_avg=0.8401	acc5=1.0000	acc5_avg=0.9911	loss=0.2747	loss_avg=0.5205	time=270.36it/s
2025-11-25 23:58:13,352 Eval Loss:0.5205	Eval acc: 84.01
2025-11-25 23:58:13,352 
2025-11-25 23:58:13,352 ====================Training Epoch 47====================
2025-11-25 23:58:15,339 epoch=47	global_step=18400	acc=0.8750	acc_avg=0.9142	loss=0.2919	loss_avg=0.2457	lr=0.0111	|gn|=2.9100	time=40.33it/s
2025-11-25 23:58:17,782 epoch=47	global_step=18500	acc=0.9375	acc_avg=0.9121	loss=0.2165	loss_avg=0.2505	lr=0.0111	|gn|=2.7926	time=37.88it/s
2025-11-25 23:58:20,274 epoch=47	global_step=18600	acc=0.9141	acc_avg=0.9098	loss=0.2393	loss_avg=0.2572	lr=0.0111	|gn|=2.6663	time=40.19it/s
2025-11-25 23:58:22,778 epoch=47	global_step=18700	acc=0.8906	acc_avg=0.9061	loss=0.3840	loss_avg=0.2653	lr=0.0111	|gn|=3.0737	time=40.67it/s
2025-11-25 23:58:23,309 ====================Eval Epoch 47====================
2025-11-25 23:58:24,420 epoch=47	global_step=39	acc=0.8125	acc_avg=0.8347	acc5=1.0000	acc5_avg=0.9922	loss=0.5258	loss_avg=0.5391	time=270.04it/s
2025-11-25 23:58:24,420 Eval Loss:0.5391	Eval acc: 83.47
2025-11-25 23:58:24,420 
2025-11-25 23:58:24,420 ====================Training Epoch 48====================
2025-11-25 23:58:26,644 epoch=48	global_step=18800	acc=0.9375	acc_avg=0.9171	loss=0.2329	loss_avg=0.2368	lr=0.0095	|gn|=2.6233	time=40.57it/s
2025-11-25 23:58:29,240 epoch=48	global_step=18900	acc=0.8438	acc_avg=0.9171	loss=0.3321	loss_avg=0.2384	lr=0.0095	|gn|=3.6437	time=39.29it/s
2025-11-25 23:58:31,868 epoch=48	global_step=19000	acc=0.9219	acc_avg=0.9153	loss=0.2675	loss_avg=0.2418	lr=0.0095	|gn|=2.8858	time=40.59it/s
2025-11-25 23:58:34,519 epoch=48	global_step=19100	acc=0.9219	acc_avg=0.9145	loss=0.2055	loss_avg=0.2439	lr=0.0095	|gn|=2.8857	time=40.78it/s
2025-11-25 23:58:34,800 ====================Eval Epoch 48====================
2025-11-25 23:58:35,909 epoch=48	global_step=39	acc=0.8125	acc_avg=0.8442	acc5=1.0000	acc5_avg=0.9915	loss=0.3958	loss_avg=0.5207	time=267.27it/s
2025-11-25 23:58:35,909 Eval Loss:0.5207	Eval acc: 84.42
2025-11-25 23:58:35,909 
2025-11-25 23:58:35,909 ====================Training Epoch 49====================
2025-11-25 23:58:38,489 epoch=49	global_step=19200	acc=0.9062	acc_avg=0.9317	loss=0.3018	loss_avg=0.2012	lr=0.0081	|gn|=3.2358	time=40.64it/s
2025-11-25 23:58:40,993 epoch=49	global_step=19300	acc=0.9219	acc_avg=0.9292	loss=0.2318	loss_avg=0.2054	lr=0.0081	|gn|=3.3070	time=42.68it/s
2025-11-25 23:58:43,511 epoch=49	global_step=19400	acc=0.8984	acc_avg=0.9268	loss=0.2564	loss_avg=0.2125	lr=0.0081	|gn|=3.2180	time=38.87it/s
2025-11-25 23:58:46,125 ====================Eval Epoch 49====================
2025-11-25 23:58:47,260 epoch=49	global_step=39	acc=0.8750	acc_avg=0.8475	acc5=1.0000	acc5_avg=0.9920	loss=0.4261	loss_avg=0.5167	time=265.75it/s
2025-11-25 23:58:47,260 Eval Loss:0.5167	Eval acc: 84.75
2025-11-25 23:58:47,260 
2025-11-25 23:58:47,260 ====================Training Epoch 50====================
2025-11-25 23:58:47,527 epoch=50	global_step=19500	acc=0.9297	acc_avg=0.9297	loss=0.1903	loss_avg=0.1903	lr=0.0067	|gn|=3.0598	time=34.40it/s
2025-11-25 23:58:50,053 epoch=50	global_step=19600	acc=0.9375	acc_avg=0.9349	loss=0.2017	loss_avg=0.1885	lr=0.0067	|gn|=2.7751	time=38.34it/s
2025-11-25 23:58:52,689 epoch=50	global_step=19700	acc=0.9297	acc_avg=0.9340	loss=0.1555	loss_avg=0.1893	lr=0.0067	|gn|=2.5465	time=44.63it/s
2025-11-25 23:58:55,288 epoch=50	global_step=19800	acc=0.9609	acc_avg=0.9339	loss=0.1537	loss_avg=0.1918	lr=0.0067	|gn|=2.1952	time=37.64it/s
2025-11-25 23:58:57,669 ====================Eval Epoch 50====================
2025-11-25 23:58:58,785 epoch=50	global_step=39	acc=0.8125	acc_avg=0.8444	acc5=1.0000	acc5_avg=0.9915	loss=0.7237	loss_avg=0.5329	time=262.14it/s
2025-11-25 23:58:58,786 Eval Loss:0.5329	Eval acc: 84.44
2025-11-25 23:58:58,786 
2025-11-25 23:58:58,786 ====================Training Epoch 51====================
2025-11-25 23:58:59,298 epoch=51	global_step=19900	acc=0.9219	acc_avg=0.9311	loss=0.2104	loss_avg=0.1942	lr=0.0054	|gn|=3.3239	time=35.75it/s
2025-11-25 23:59:01,856 epoch=51	global_step=20000	acc=0.9531	acc_avg=0.9438	loss=0.1390	loss_avg=0.1636	lr=0.0054	|gn|=2.9005	time=43.98it/s
2025-11-25 23:59:04,359 epoch=51	global_step=20100	acc=0.9766	acc_avg=0.9436	loss=0.1158	loss_avg=0.1639	lr=0.0054	|gn|=2.4184	time=43.30it/s
2025-11-25 23:59:06,872 epoch=51	global_step=20200	acc=0.9375	acc_avg=0.9426	loss=0.1422	loss_avg=0.1676	lr=0.0054	|gn|=2.9273	time=39.98it/s
2025-11-25 23:59:08,876 ====================Eval Epoch 51====================
2025-11-25 23:59:09,987 epoch=51	global_step=39	acc=0.8125	acc_avg=0.8481	acc5=1.0000	acc5_avg=0.9907	loss=0.6806	loss_avg=0.5293	time=257.89it/s
2025-11-25 23:59:09,987 Eval Loss:0.5293	Eval acc: 84.81
2025-11-25 23:59:09,987 
2025-11-25 23:59:09,987 ====================Training Epoch 52====================
2025-11-25 23:59:10,760 epoch=52	global_step=20300	acc=0.9375	acc_avg=0.9435	loss=0.1780	loss_avg=0.1607	lr=0.0043	|gn|=3.1370	time=38.06it/s
2025-11-25 23:59:13,340 epoch=52	global_step=20400	acc=0.9531	acc_avg=0.9495	loss=0.1200	loss_avg=0.1460	lr=0.0043	|gn|=2.6916	time=40.03it/s
2025-11-25 23:59:15,930 epoch=52	global_step=20500	acc=0.9766	acc_avg=0.9503	loss=0.1125	loss_avg=0.1448	lr=0.0043	|gn|=2.6791	time=39.98it/s
2025-11-25 23:59:18,549 epoch=52	global_step=20600	acc=0.9531	acc_avg=0.9490	loss=0.1338	loss_avg=0.1473	lr=0.0043	|gn|=2.9706	time=39.82it/s
2025-11-25 23:59:20,382 ====================Eval Epoch 52====================
2025-11-25 23:59:21,491 epoch=52	global_step=39	acc=0.8125	acc_avg=0.8495	acc5=1.0000	acc5_avg=0.9920	loss=0.4335	loss_avg=0.5345	time=272.85it/s
2025-11-25 23:59:21,491 Eval Loss:0.5345	Eval acc: 84.95
2025-11-25 23:59:21,491 
2025-11-25 23:59:21,491 ====================Training Epoch 53====================
2025-11-25 23:59:22,445 epoch=53	global_step=20700	acc=0.9609	acc_avg=0.9501	loss=0.1249	loss_avg=0.1408	lr=0.0033	|gn|=2.8677	time=41.12it/s
2025-11-25 23:59:24,950 epoch=53	global_step=20800	acc=0.9609	acc_avg=0.9571	loss=0.1407	loss_avg=0.1308	lr=0.0033	|gn|=2.7388	time=40.53it/s
2025-11-25 23:59:27,415 epoch=53	global_step=20900	acc=0.9844	acc_avg=0.9580	loss=0.0700	loss_avg=0.1274	lr=0.0033	|gn|=2.2799	time=45.71it/s
2025-11-25 23:59:29,944 epoch=53	global_step=21000	acc=0.9688	acc_avg=0.9580	loss=0.1061	loss_avg=0.1264	lr=0.0033	|gn|=2.4182	time=38.18it/s
2025-11-25 23:59:31,490 ====================Eval Epoch 53====================
2025-11-25 23:59:32,585 epoch=53	global_step=39	acc=0.8125	acc_avg=0.8515	acc5=1.0000	acc5_avg=0.9927	loss=0.6387	loss_avg=0.5344	time=275.22it/s
2025-11-25 23:59:32,586 Eval Loss:0.5344	Eval acc: 85.15
2025-11-25 23:59:32,586 
2025-11-25 23:59:32,586 ====================Training Epoch 54====================
2025-11-25 23:59:33,874 epoch=54	global_step=21100	acc=0.9531	acc_avg=0.9649	loss=0.1111	loss_avg=0.1111	lr=0.0024	|gn|=2.7198	time=40.82it/s
2025-11-25 23:59:36,425 epoch=54	global_step=21200	acc=0.9297	acc_avg=0.9644	loss=0.1221	loss_avg=0.1117	lr=0.0024	|gn|=3.2772	time=38.87it/s
2025-11-25 23:59:38,894 epoch=54	global_step=21300	acc=0.9844	acc_avg=0.9647	loss=0.0716	loss_avg=0.1105	lr=0.0024	|gn|=2.4487	time=40.12it/s
2025-11-25 23:59:41,456 epoch=54	global_step=21400	acc=0.9922	acc_avg=0.9636	loss=0.0485	loss_avg=0.1122	lr=0.0024	|gn|=1.7167	time=40.38it/s
2025-11-25 23:59:42,760 ====================Eval Epoch 54====================
2025-11-25 23:59:43,891 epoch=54	global_step=39	acc=0.8750	acc_avg=0.8522	acc5=1.0000	acc5_avg=0.9917	loss=0.6464	loss_avg=0.5448	time=276.83it/s
2025-11-25 23:59:43,892 Eval Loss:0.5448	Eval acc: 85.22
2025-11-25 23:59:43,892 
2025-11-25 23:59:43,892 ====================Training Epoch 55====================
2025-11-25 23:59:45,451 epoch=55	global_step=21500	acc=0.9844	acc_avg=0.9654	loss=0.0803	loss_avg=0.1033	lr=0.0017	|gn|=2.4606	time=39.65it/s
2025-11-25 23:59:47,999 epoch=55	global_step=21600	acc=0.9844	acc_avg=0.9694	loss=0.0777	loss_avg=0.0980	lr=0.0017	|gn|=2.4677	time=38.99it/s
2025-11-25 23:59:50,635 epoch=55	global_step=21700	acc=0.9688	acc_avg=0.9693	loss=0.0831	loss_avg=0.0965	lr=0.0017	|gn|=2.4783	time=39.19it/s
2025-11-25 23:59:53,316 epoch=55	global_step=21800	acc=0.9688	acc_avg=0.9683	loss=0.0749	loss_avg=0.0981	lr=0.0017	|gn|=2.5850	time=38.56it/s
2025-11-25 23:59:54,353 ====================Eval Epoch 55====================
2025-11-25 23:59:55,488 epoch=55	global_step=39	acc=0.8750	acc_avg=0.8536	acc5=1.0000	acc5_avg=0.9918	loss=0.5044	loss_avg=0.5398	time=261.49it/s
2025-11-25 23:59:55,488 Eval Loss:0.5398	Eval acc: 85.36
2025-11-25 23:59:55,488 
2025-11-25 23:59:55,488 ====================Training Epoch 56====================
2025-11-25 23:59:57,250 epoch=56	global_step=21900	acc=0.9766	acc_avg=0.9709	loss=0.0531	loss_avg=0.0898	lr=0.0011	|gn|=1.9102	time=42.82it/s
2025-11-25 23:59:59,619 epoch=56	global_step=22000	acc=0.9688	acc_avg=0.9722	loss=0.0766	loss_avg=0.0911	lr=0.0011	|gn|=2.5214	time=40.89it/s
2025-11-26 00:00:02,041 epoch=56	global_step=22100	acc=0.9531	acc_avg=0.9716	loss=0.1364	loss_avg=0.0913	lr=0.0011	|gn|=3.3012	time=43.74it/s
2025-11-26 00:00:04,425 epoch=56	global_step=22200	acc=0.9922	acc_avg=0.9725	loss=0.0431	loss_avg=0.0890	lr=0.0011	|gn|=1.6082	time=44.69it/s
2025-11-26 00:00:05,201 ====================Eval Epoch 56====================
2025-11-26 00:00:06,315 epoch=56	global_step=39	acc=0.8750	acc_avg=0.8529	acc5=1.0000	acc5_avg=0.9911	loss=0.5560	loss_avg=0.5471	time=273.73it/s
2025-11-26 00:00:06,315 Eval Loss:0.5471	Eval acc: 85.29
2025-11-26 00:00:06,316 
2025-11-26 00:00:06,316 ====================Training Epoch 57====================
2025-11-26 00:00:08,312 epoch=57	global_step=22300	acc=0.9766	acc_avg=0.9723	loss=0.0771	loss_avg=0.0856	lr=0.0006	|gn|=2.3963	time=45.32it/s
2025-11-26 00:00:10,831 epoch=57	global_step=22400	acc=0.9766	acc_avg=0.9723	loss=0.0816	loss_avg=0.0868	lr=0.0006	|gn|=2.6049	time=45.72it/s
2025-11-26 00:00:13,366 epoch=57	global_step=22500	acc=0.9609	acc_avg=0.9730	loss=0.0888	loss_avg=0.0846	lr=0.0006	|gn|=2.8690	time=44.10it/s
2025-11-26 00:00:15,937 epoch=57	global_step=22600	acc=0.9766	acc_avg=0.9733	loss=0.0678	loss_avg=0.0842	lr=0.0006	|gn|=2.5747	time=42.94it/s
2025-11-26 00:00:16,485 ====================Eval Epoch 57====================
2025-11-26 00:00:17,629 epoch=57	global_step=39	acc=0.8750	acc_avg=0.8535	acc5=1.0000	acc5_avg=0.9918	loss=0.6513	loss_avg=0.5408	time=254.56it/s
2025-11-26 00:00:17,630 Eval Loss:0.5408	Eval acc: 85.35
2025-11-26 00:00:17,630 
2025-11-26 00:00:17,630 ====================Training Epoch 58====================
2025-11-26 00:00:19,963 epoch=58	global_step=22700	acc=0.9688	acc_avg=0.9768	loss=0.0843	loss_avg=0.0784	lr=0.0003	|gn|=2.5486	time=38.96it/s
2025-11-26 00:00:22,489 epoch=58	global_step=22800	acc=0.9922	acc_avg=0.9750	loss=0.0449	loss_avg=0.0816	lr=0.0003	|gn|=1.6052	time=38.85it/s
2025-11-26 00:00:24,996 epoch=58	global_step=22900	acc=0.9844	acc_avg=0.9752	loss=0.0585	loss_avg=0.0805	lr=0.0003	|gn|=2.7226	time=40.27it/s
2025-11-26 00:00:27,479 epoch=58	global_step=23000	acc=0.9766	acc_avg=0.9755	loss=0.0733	loss_avg=0.0792	lr=0.0003	|gn|=2.3820	time=40.94it/s
2025-11-26 00:00:27,755 ====================Eval Epoch 58====================
2025-11-26 00:00:28,873 epoch=58	global_step=39	acc=0.8750	acc_avg=0.8500	acc5=1.0000	acc5_avg=0.9902	loss=0.5849	loss_avg=0.5575	time=268.44it/s
2025-11-26 00:00:28,873 Eval Loss:0.5575	Eval acc: 85.00
2025-11-26 00:00:28,873 
2025-11-26 00:00:28,873 ====================Training Epoch 59====================
2025-11-26 00:00:31,354 epoch=59	global_step=23100	acc=0.9688	acc_avg=0.9748	loss=0.0913	loss_avg=0.0783	lr=0.0001	|gn|=2.8422	time=40.36it/s
2025-11-26 00:00:33,934 epoch=59	global_step=23200	acc=0.9688	acc_avg=0.9750	loss=0.0701	loss_avg=0.0785	lr=0.0001	|gn|=2.4321	time=37.66it/s
2025-11-26 00:00:36,699 epoch=59	global_step=23300	acc=0.9453	acc_avg=0.9759	loss=0.1353	loss_avg=0.0770	lr=0.0001	|gn|=4.0513	time=37.42it/s
2025-11-26 00:00:39,475 ====================Eval Epoch 59====================
2025-11-26 00:00:40,628 epoch=59	global_step=39	acc=0.8125	acc_avg=0.8505	acc5=1.0000	acc5_avg=0.9910	loss=0.5959	loss_avg=0.5597	time=242.03it/s
2025-11-26 00:00:40,628 Eval Loss:0.5597	Eval acc: 85.05
2025-11-26 00:00:40,630 Running Cost 0.01 Days 

