2025-11-25 23:49:16,612 PyTorch Version: 2.6.0
2025-11-25 23:49:16,635 GPU List: ['NVIDIA L40S']
2025-11-25 23:49:16,640 num_classes: 10
2025-11-25 23:49:16,640 epochs: 60
2025-11-25 23:49:16,640 grad_clip: 5.0
2025-11-25 23:49:16,640 log_frequency: 100
2025-11-25 23:49:16,640 model: {'name': 'ResNet18', 'num_classes': 10}
2025-11-25 23:49:16,640 criterion: {'name': 'CrossEntropyLoss'}
2025-11-25 23:49:16,640 optimizer: {'name': 'SGD', 'lr': 0.1, 'weight_decay': 0.0005, 'momentum': 0.9}
2025-11-25 23:49:16,640 scheduler: {'name': 'CosineAnnealingLR', 'T_max': 60, 'eta_min': 0.0}
2025-11-25 23:49:16,640 dataset: {'name': 'DatasetGenerator', 'train_batch_size': 512, 'eval_batch_size': 512}
2025-11-25 23:49:16,642 seed: 0
2025-11-25 23:49:16,642 version: resnet18
2025-11-25 23:49:16,642 exp_name: experiment/classwise/model_training2025-11-25 23:49:16.608247
2025-11-25 23:49:16,642 config_path: configs/cifar10
2025-11-25 23:49:16,642 load_model: False
2025-11-25 23:49:16,642 data_parallel: False
2025-11-25 23:49:16,642 train: True
2025-11-25 23:49:16,642 save_frequency: -1
2025-11-25 23:49:16,642 train_face: False
2025-11-25 23:49:16,642 train_portion: 1.0
2025-11-25 23:49:16,642 train_batch_size: 128
2025-11-25 23:49:16,643 eval_batch_size: 256
2025-11-25 23:49:16,643 num_of_workers: 6
2025-11-25 23:49:16,643 train_data_type: CIFAR10
2025-11-25 23:49:16,643 test_data_type: CIFAR10
2025-11-25 23:49:16,643 train_data_path: ../dataset
2025-11-25 23:49:16,643 test_data_path: ../dataset
2025-11-25 23:49:16,643 perturb_type: classwise
2025-11-25 23:49:16,643 patch_location: center
2025-11-25 23:49:16,643 poison_rate: 1.0
2025-11-25 23:49:16,643 perturb_tensor_filepath: None
2025-11-25 23:49:16,643 generator_filepath: ./LSP/cifar10_samplewise_saved_perturbation.pt
2025-11-25 23:49:16,643 use_generator: False
2025-11-25 23:49:16,643 gue: False
2025-11-25 23:49:16,643 filter_type: low
2025-11-25 23:49:16,643 cutoff: 0.5
2025-11-25 23:49:16,643 image_size: 32
2025-11-25 23:49:16,643 img_denoise: 10
2025-11-25 23:49:16,643 jpeg_defense: True
2025-11-25 23:49:22,629 Training Dataset: Dataset CIFAR10
    Number of datapoints: 50000
    Root location: ../dataset
    Split: Train
    StandardTransform
Transform: Compose(
               RandomCrop(size=(32, 32), padding=4)
               RandomHorizontalFlip(p=0.5)
               RandomRotation(degrees=[-10.0, 10.0], interpolation=nearest, expand=False, fill=0)
               ToTensor()
           )
2025-11-25 23:49:22,630 Test Dataset: Dataset CIFAR10
    Number of datapoints: 10000
    Root location: ../dataset
    Split: Test
    StandardTransform
Transform: Compose(
               ToTensor()
           )
2025-11-25 23:49:22,865 param size = 13.682862MB
2025-11-25 23:49:22,867 
2025-11-25 23:49:22,867 ====================Training Epoch 0====================
------Using JPEG compression as defense for clean CIFAR10 train------
train_dataset
2025-11-25 23:49:24,591 epoch=0	global_step=0	acc=0.1016	acc_avg=0.1016	loss=2.4570	loss_avg=2.4570	lr=0.1000	|gn|=7.9653	time=0.81it/s
2025-11-25 23:49:27,142 epoch=0	global_step=100	acc=0.2969	acc_avg=0.2472	loss=1.7857	loss_avg=2.1349	lr=0.1000	|gn|=0.8240	time=40.00it/s
2025-11-25 23:49:29,680 epoch=0	global_step=200	acc=0.3281	acc_avg=0.2913	loss=1.7215	loss_avg=1.9537	lr=0.1000	|gn|=0.8696	time=40.68it/s
2025-11-25 23:49:32,247 epoch=0	global_step=300	acc=0.3750	acc_avg=0.3223	loss=1.7868	loss_avg=1.8566	lr=0.1000	|gn|=0.7218	time=40.78it/s
2025-11-25 23:49:34,557 ====================Eval Epoch 0====================
2025-11-25 23:49:35,853 epoch=0	global_step=39	acc=0.3750	acc_avg=0.4177	acc5=1.0000	acc5_avg=0.9132	loss=1.1576	loss_avg=1.5597	time=13.99it/s
2025-11-25 23:49:35,854 Eval Loss:1.5597	Eval acc: 41.77
2025-11-25 23:49:35,854 
2025-11-25 23:49:35,854 ====================Training Epoch 1====================
2025-11-25 23:49:36,319 epoch=1	global_step=400	acc=0.4375	acc_avg=0.4304	loss=1.4793	loss_avg=1.5540	lr=0.0999	|gn|=0.8280	time=44.42it/s
2025-11-25 23:49:38,759 epoch=1	global_step=500	acc=0.3438	acc_avg=0.4336	loss=1.5335	loss_avg=1.5466	lr=0.0999	|gn|=0.7797	time=45.44it/s
2025-11-25 23:49:41,156 epoch=1	global_step=600	acc=0.4141	acc_avg=0.4428	loss=1.6077	loss_avg=1.5244	lr=0.0999	|gn|=0.8106	time=43.26it/s
2025-11-25 23:49:43,686 epoch=1	global_step=700	acc=0.4922	acc_avg=0.4481	loss=1.4685	loss_avg=1.5080	lr=0.0999	|gn|=0.9055	time=38.11it/s
2025-11-25 23:49:45,811 ====================Eval Epoch 1====================
2025-11-25 23:49:46,857 epoch=1	global_step=39	acc=0.5000	acc_avg=0.5182	acc5=1.0000	acc5_avg=0.9431	loss=1.0315	loss_avg=1.3157	time=282.24it/s
2025-11-25 23:49:46,858 Eval Loss:1.3157	Eval acc: 51.82
2025-11-25 23:49:46,858 
2025-11-25 23:49:46,858 ====================Training Epoch 2====================
2025-11-25 23:49:47,565 epoch=2	global_step=800	acc=0.5234	acc_avg=0.5130	loss=1.3133	loss_avg=1.3609	lr=0.0997	|gn|=1.0464	time=39.74it/s
2025-11-25 23:49:49,974 epoch=2	global_step=900	acc=0.5078	acc_avg=0.5093	loss=1.3251	loss_avg=1.3675	lr=0.0997	|gn|=0.8955	time=46.01it/s
2025-11-25 23:49:52,421 epoch=2	global_step=1000	acc=0.4766	acc_avg=0.5099	loss=1.5190	loss_avg=1.3592	lr=0.0997	|gn|=0.9884	time=40.07it/s
2025-11-25 23:49:54,968 epoch=2	global_step=1100	acc=0.5859	acc_avg=0.5131	loss=1.2070	loss_avg=1.3483	lr=0.0997	|gn|=0.9460	time=39.57it/s
2025-11-25 23:49:56,754 ====================Eval Epoch 2====================
2025-11-25 23:49:57,823 epoch=2	global_step=39	acc=0.6875	acc_avg=0.6036	acc5=1.0000	acc5_avg=0.9611	loss=0.6954	loss_avg=1.1313	time=279.12it/s
2025-11-25 23:49:57,823 Eval Loss:1.1313	Eval acc: 60.36
2025-11-25 23:49:57,823 
2025-11-25 23:49:57,823 ====================Training Epoch 3====================
2025-11-25 23:49:58,759 epoch=3	global_step=1200	acc=0.5547	acc_avg=0.5439	loss=1.1626	loss_avg=1.2963	lr=0.0994	|gn|=1.0154	time=44.70it/s
2025-11-25 23:50:01,097 epoch=3	global_step=1300	acc=0.5234	acc_avg=0.5435	loss=1.2810	loss_avg=1.2746	lr=0.0994	|gn|=1.2107	time=45.10it/s
2025-11-25 23:50:03,608 epoch=3	global_step=1400	acc=0.5781	acc_avg=0.5471	loss=1.3299	loss_avg=1.2656	lr=0.0994	|gn|=1.0174	time=40.53it/s
2025-11-25 23:50:06,163 epoch=3	global_step=1500	acc=0.6172	acc_avg=0.5540	loss=1.1302	loss_avg=1.2484	lr=0.0994	|gn|=0.9761	time=40.53it/s
2025-11-25 23:50:07,740 ====================Eval Epoch 3====================
2025-11-25 23:50:08,977 epoch=3	global_step=39	acc=0.8750	acc_avg=0.6343	acc5=1.0000	acc5_avg=0.9663	loss=0.4569	loss_avg=1.0234	time=281.38it/s
2025-11-25 23:50:08,977 Eval Loss:1.0234	Eval acc: 63.43
2025-11-25 23:50:08,978 
2025-11-25 23:50:08,978 ====================Training Epoch 4====================
2025-11-25 23:50:10,228 epoch=4	global_step=1600	acc=0.6172	acc_avg=0.5814	loss=1.0685	loss_avg=1.1664	lr=0.0989	|gn|=0.9610	time=39.83it/s
2025-11-25 23:50:12,800 epoch=4	global_step=1700	acc=0.5469	acc_avg=0.5838	loss=1.2493	loss_avg=1.1612	lr=0.0989	|gn|=0.9885	time=38.94it/s
2025-11-25 23:50:15,356 epoch=4	global_step=1800	acc=0.6328	acc_avg=0.5854	loss=1.1261	loss_avg=1.1582	lr=0.0989	|gn|=0.9301	time=40.46it/s
2025-11-25 23:50:17,905 epoch=4	global_step=1900	acc=0.5625	acc_avg=0.5866	loss=1.2091	loss_avg=1.1598	lr=0.0989	|gn|=1.0813	time=39.40it/s
2025-11-25 23:50:19,184 ====================Eval Epoch 4====================
2025-11-25 23:50:20,230 epoch=4	global_step=39	acc=0.6875	acc_avg=0.6566	acc5=1.0000	acc5_avg=0.9668	loss=0.7779	loss_avg=0.9944	time=279.47it/s
2025-11-25 23:50:20,230 Eval Loss:0.9944	Eval acc: 65.66
2025-11-25 23:50:20,231 
2025-11-25 23:50:20,231 ====================Training Epoch 5====================
2025-11-25 23:50:21,650 epoch=5	global_step=2000	acc=0.6875	acc_avg=0.6117	loss=0.9802	loss_avg=1.1004	lr=0.0983	|gn|=1.0639	time=40.80it/s
2025-11-25 23:50:24,007 epoch=5	global_step=2100	acc=0.5547	acc_avg=0.6029	loss=1.1365	loss_avg=1.1157	lr=0.0983	|gn|=1.0627	time=44.08it/s
2025-11-25 23:50:26,330 epoch=5	global_step=2200	acc=0.6016	acc_avg=0.6049	loss=1.0422	loss_avg=1.1094	lr=0.0983	|gn|=1.0981	time=44.44it/s
2025-11-25 23:50:28,668 epoch=5	global_step=2300	acc=0.5547	acc_avg=0.6056	loss=1.1905	loss_avg=1.1070	lr=0.0983	|gn|=1.2815	time=39.72it/s
2025-11-25 23:50:29,682 ====================Eval Epoch 5====================
2025-11-25 23:50:30,735 epoch=5	global_step=39	acc=0.8125	acc_avg=0.6729	acc5=0.9375	acc5_avg=0.9696	loss=0.6627	loss_avg=0.9300	time=278.14it/s
2025-11-25 23:50:30,735 Eval Loss:0.9300	Eval acc: 67.29
2025-11-25 23:50:30,736 
2025-11-25 23:50:30,736 ====================Training Epoch 6====================
2025-11-25 23:50:32,446 epoch=6	global_step=2400	acc=0.5859	acc_avg=0.6136	loss=1.1069	loss_avg=1.0853	lr=0.0976	|gn|=1.1450	time=44.01it/s
2025-11-25 23:50:34,799 epoch=6	global_step=2500	acc=0.5938	acc_avg=0.6130	loss=1.1493	loss_avg=1.0831	lr=0.0976	|gn|=1.0876	time=42.45it/s
2025-11-25 23:50:37,168 epoch=6	global_step=2600	acc=0.5859	acc_avg=0.6168	loss=1.1565	loss_avg=1.0753	lr=0.0976	|gn|=1.0832	time=43.37it/s
2025-11-25 23:50:39,539 epoch=6	global_step=2700	acc=0.6250	acc_avg=0.6202	loss=1.0968	loss_avg=1.0682	lr=0.0976	|gn|=1.1630	time=44.22it/s
2025-11-25 23:50:40,284 ====================Eval Epoch 6====================
2025-11-25 23:50:41,349 epoch=6	global_step=39	acc=0.7500	acc_avg=0.6351	acc5=1.0000	acc5_avg=0.9660	loss=0.5879	loss_avg=1.0725	time=281.46it/s
2025-11-25 23:50:41,349 Eval Loss:1.0725	Eval acc: 63.51
2025-11-25 23:50:41,350 
2025-11-25 23:50:41,350 ====================Training Epoch 7====================
2025-11-25 23:50:43,275 epoch=7	global_step=2800	acc=0.7344	acc_avg=0.6361	loss=0.8659	loss_avg=1.0330	lr=0.0967	|gn|=1.0051	time=40.40it/s
2025-11-25 23:50:45,806 epoch=7	global_step=2900	acc=0.6484	acc_avg=0.6320	loss=1.0813	loss_avg=1.0416	lr=0.0967	|gn|=1.1190	time=40.80it/s
2025-11-25 23:50:48,344 epoch=7	global_step=3000	acc=0.7031	acc_avg=0.6311	loss=0.8877	loss_avg=1.0400	lr=0.0967	|gn|=1.0318	time=40.63it/s
2025-11-25 23:50:50,903 epoch=7	global_step=3100	acc=0.6172	acc_avg=0.6322	loss=1.0588	loss_avg=1.0392	lr=0.0967	|gn|=1.1060	time=39.54it/s
2025-11-25 23:50:51,425 ====================Eval Epoch 7====================
2025-11-25 23:50:52,491 epoch=7	global_step=39	acc=0.8125	acc_avg=0.7078	acc5=1.0000	acc5_avg=0.9749	loss=0.5340	loss_avg=0.8401	time=281.46it/s
2025-11-25 23:50:52,491 Eval Loss:0.8401	Eval acc: 70.78
2025-11-25 23:50:52,491 
2025-11-25 23:50:52,491 ====================Training Epoch 8====================
2025-11-25 23:50:54,608 epoch=8	global_step=3200	acc=0.6250	acc_avg=0.6456	loss=1.0039	loss_avg=0.9991	lr=0.0957	|gn|=1.2186	time=45.52it/s
2025-11-25 23:50:56,985 epoch=8	global_step=3300	acc=0.6250	acc_avg=0.6389	loss=1.0751	loss_avg=1.0145	lr=0.0957	|gn|=1.0376	time=44.55it/s
2025-11-25 23:50:59,466 epoch=8	global_step=3400	acc=0.6797	acc_avg=0.6429	loss=0.9830	loss_avg=1.0099	lr=0.0957	|gn|=1.1200	time=42.32it/s
2025-11-25 23:51:02,061 epoch=8	global_step=3500	acc=0.6016	acc_avg=0.6419	loss=1.1191	loss_avg=1.0113	lr=0.0957	|gn|=1.3007	time=41.42it/s
2025-11-25 23:51:02,321 ====================Eval Epoch 8====================
2025-11-25 23:51:03,378 epoch=8	global_step=39	acc=0.7500	acc_avg=0.7095	acc5=1.0000	acc5_avg=0.9775	loss=0.6330	loss_avg=0.8344	time=279.79it/s
2025-11-25 23:51:03,378 Eval Loss:0.8344	Eval acc: 70.95
2025-11-25 23:51:03,378 
2025-11-25 23:51:03,378 ====================Training Epoch 9====================
2025-11-25 23:51:05,806 epoch=9	global_step=3600	acc=0.6406	acc_avg=0.6473	loss=0.9925	loss_avg=0.9827	lr=0.0946	|gn|=1.1795	time=40.87it/s
2025-11-25 23:51:08,331 epoch=9	global_step=3700	acc=0.5781	acc_avg=0.6473	loss=1.3001	loss_avg=0.9892	lr=0.0946	|gn|=1.3082	time=40.73it/s
2025-11-25 23:51:10,834 epoch=9	global_step=3800	acc=0.6406	acc_avg=0.6480	loss=0.9802	loss_avg=0.9874	lr=0.0946	|gn|=1.0928	time=40.83it/s
2025-11-25 23:51:13,359 ====================Eval Epoch 9====================
2025-11-25 23:51:14,422 epoch=9	global_step=39	acc=0.8750	acc_avg=0.7036	acc5=1.0000	acc5_avg=0.9777	loss=0.3736	loss_avg=0.8334	time=283.07it/s
2025-11-25 23:51:14,422 Eval Loss:0.8334	Eval acc: 70.36
2025-11-25 23:51:14,422 
2025-11-25 23:51:14,422 ====================Training Epoch 10====================
2025-11-25 23:51:14,628 epoch=10	global_step=3900	acc=0.6953	acc_avg=0.6953	loss=0.9278	loss_avg=0.9278	lr=0.0933	|gn|=1.1667	time=30.55it/s
2025-11-25 23:51:17,008 epoch=10	global_step=4000	acc=0.7344	acc_avg=0.6593	loss=0.7800	loss_avg=0.9633	lr=0.0933	|gn|=0.9461	time=39.43it/s
2025-11-25 23:51:19,377 epoch=10	global_step=4100	acc=0.6328	acc_avg=0.6550	loss=1.0782	loss_avg=0.9684	lr=0.0933	|gn|=1.2518	time=44.86it/s
2025-11-25 23:51:21,741 epoch=10	global_step=4200	acc=0.6562	acc_avg=0.6551	loss=0.9950	loss_avg=0.9717	lr=0.0933	|gn|=1.2104	time=45.11it/s
2025-11-25 23:51:23,897 ====================Eval Epoch 10====================
2025-11-25 23:51:24,938 epoch=10	global_step=39	acc=0.8750	acc_avg=0.7038	acc5=1.0000	acc5_avg=0.9766	loss=0.5118	loss_avg=0.8536	time=280.82it/s
2025-11-25 23:51:24,939 Eval Loss:0.8536	Eval acc: 70.38
2025-11-25 23:51:24,939 
2025-11-25 23:51:24,939 ====================Training Epoch 11====================
2025-11-25 23:51:25,380 epoch=11	global_step=4300	acc=0.6797	acc_avg=0.6733	loss=0.8905	loss_avg=0.9421	lr=0.0919	|gn|=1.0455	time=44.26it/s
2025-11-25 23:51:27,825 epoch=11	global_step=4400	acc=0.7188	acc_avg=0.6668	loss=0.8314	loss_avg=0.9496	lr=0.0919	|gn|=1.1810	time=41.46it/s
2025-11-25 23:51:30,287 epoch=11	global_step=4500	acc=0.7031	acc_avg=0.6631	loss=0.8684	loss_avg=0.9555	lr=0.0919	|gn|=1.1448	time=44.12it/s
2025-11-25 23:51:32,672 epoch=11	global_step=4600	acc=0.5938	acc_avg=0.6609	loss=1.1103	loss_avg=0.9628	lr=0.0919	|gn|=1.3107	time=41.00it/s
2025-11-25 23:51:34,643 ====================Eval Epoch 11====================
2025-11-25 23:51:35,710 epoch=11	global_step=39	acc=0.8125	acc_avg=0.7079	acc5=1.0000	acc5_avg=0.9775	loss=0.4275	loss_avg=0.8358	time=280.86it/s
2025-11-25 23:51:35,711 Eval Loss:0.8358	Eval acc: 70.79
2025-11-25 23:51:35,711 
2025-11-25 23:51:35,711 ====================Training Epoch 12====================
2025-11-25 23:51:36,413 epoch=12	global_step=4700	acc=0.7188	acc_avg=0.6827	loss=0.8523	loss_avg=0.9127	lr=0.0905	|gn|=1.2312	time=43.93it/s
2025-11-25 23:51:38,868 epoch=12	global_step=4800	acc=0.6641	acc_avg=0.6698	loss=1.0256	loss_avg=0.9402	lr=0.0905	|gn|=1.3121	time=43.26it/s
2025-11-25 23:51:41,331 epoch=12	global_step=4900	acc=0.6484	acc_avg=0.6670	loss=1.0740	loss_avg=0.9450	lr=0.0905	|gn|=1.2793	time=44.92it/s
2025-11-25 23:51:43,741 epoch=12	global_step=5000	acc=0.5938	acc_avg=0.6667	loss=1.1033	loss_avg=0.9464	lr=0.0905	|gn|=1.3588	time=40.52it/s
2025-11-25 23:51:45,530 ====================Eval Epoch 12====================
2025-11-25 23:51:46,604 epoch=12	global_step=39	acc=0.7500	acc_avg=0.7329	acc5=1.0000	acc5_avg=0.9813	loss=0.6390	loss_avg=0.7627	time=279.97it/s
2025-11-25 23:51:46,604 Eval Loss:0.7627	Eval acc: 73.29
2025-11-25 23:51:46,604 
2025-11-25 23:51:46,604 ====================Training Epoch 13====================
2025-11-25 23:51:47,576 epoch=13	global_step=5100	acc=0.6250	acc_avg=0.6812	loss=0.9639	loss_avg=0.9068	lr=0.0889	|gn|=1.3493	time=39.58it/s
2025-11-25 23:51:50,146 epoch=13	global_step=5200	acc=0.6797	acc_avg=0.6756	loss=0.8989	loss_avg=0.9268	lr=0.0889	|gn|=1.2167	time=41.07it/s
2025-11-25 23:51:52,667 epoch=13	global_step=5300	acc=0.6016	acc_avg=0.6713	loss=1.0821	loss_avg=0.9349	lr=0.0889	|gn|=1.4391	time=40.97it/s
2025-11-25 23:51:55,243 epoch=13	global_step=5400	acc=0.6562	acc_avg=0.6696	loss=0.9902	loss_avg=0.9391	lr=0.0889	|gn|=1.2053	time=39.67it/s
2025-11-25 23:51:56,779 ====================Eval Epoch 13====================
2025-11-25 23:51:57,827 epoch=13	global_step=39	acc=0.8750	acc_avg=0.7245	acc5=1.0000	acc5_avg=0.9764	loss=0.3617	loss_avg=0.8001	time=281.67it/s
2025-11-25 23:51:57,827 Eval Loss:0.8001	Eval acc: 72.45
2025-11-25 23:51:57,827 
2025-11-25 23:51:57,827 ====================Training Epoch 14====================
2025-11-25 23:51:58,982 epoch=14	global_step=5500	acc=0.6953	acc_avg=0.6734	loss=0.9600	loss_avg=0.9342	lr=0.0872	|gn|=1.3459	time=43.56it/s
2025-11-25 23:52:01,372 epoch=14	global_step=5600	acc=0.7656	acc_avg=0.6740	loss=0.7945	loss_avg=0.9204	lr=0.0872	|gn|=1.2568	time=40.65it/s
2025-11-25 23:52:03,902 epoch=14	global_step=5700	acc=0.6719	acc_avg=0.6745	loss=1.0269	loss_avg=0.9195	lr=0.0872	|gn|=1.2386	time=40.52it/s
2025-11-25 23:52:06,448 epoch=14	global_step=5800	acc=0.6875	acc_avg=0.6744	loss=0.8413	loss_avg=0.9197	lr=0.0872	|gn|=1.2217	time=39.95it/s
2025-11-25 23:52:07,766 ====================Eval Epoch 14====================
2025-11-25 23:52:08,820 epoch=14	global_step=39	acc=0.8750	acc_avg=0.7192	acc5=1.0000	acc5_avg=0.9796	loss=0.3583	loss_avg=0.8188	time=281.55it/s
2025-11-25 23:52:08,821 Eval Loss:0.8188	Eval acc: 71.92
2025-11-25 23:52:08,821 
2025-11-25 23:52:08,821 ====================Training Epoch 15====================
2025-11-25 23:52:10,311 epoch=15	global_step=5900	acc=0.5781	acc_avg=0.6870	loss=1.2288	loss_avg=0.9010	lr=0.0854	|gn|=1.3988	time=41.04it/s
2025-11-25 23:52:12,783 epoch=15	global_step=6000	acc=0.6797	acc_avg=0.6811	loss=0.9352	loss_avg=0.9134	lr=0.0854	|gn|=1.2948	time=43.99it/s
2025-11-25 23:52:15,160 epoch=15	global_step=6100	acc=0.6562	acc_avg=0.6782	loss=0.9549	loss_avg=0.9198	lr=0.0854	|gn|=1.3103	time=43.89it/s
2025-11-25 23:52:17,549 epoch=15	global_step=6200	acc=0.6875	acc_avg=0.6801	loss=0.9100	loss_avg=0.9178	lr=0.0854	|gn|=1.1525	time=40.95it/s
2025-11-25 23:52:18,580 ====================Eval Epoch 15====================
2025-11-25 23:52:19,622 epoch=15	global_step=39	acc=0.6250	acc_avg=0.7274	acc5=1.0000	acc5_avg=0.9774	loss=0.7179	loss_avg=0.7893	time=280.93it/s
2025-11-25 23:52:19,623 Eval Loss:0.7893	Eval acc: 72.74
2025-11-25 23:52:19,623 
2025-11-25 23:52:19,623 ====================Training Epoch 16====================
2025-11-25 23:52:21,393 epoch=16	global_step=6300	acc=0.6953	acc_avg=0.6805	loss=0.9198	loss_avg=0.9078	lr=0.0835	|gn|=1.2276	time=41.07it/s
2025-11-25 23:52:23,916 epoch=16	global_step=6400	acc=0.6250	acc_avg=0.6799	loss=1.0118	loss_avg=0.9079	lr=0.0835	|gn|=1.3539	time=40.50it/s
2025-11-25 23:52:26,444 epoch=16	global_step=6500	acc=0.7188	acc_avg=0.6825	loss=0.7621	loss_avg=0.8993	lr=0.0835	|gn|=1.1754	time=39.88it/s
2025-11-25 23:52:28,967 epoch=16	global_step=6600	acc=0.6953	acc_avg=0.6823	loss=0.8803	loss_avg=0.9036	lr=0.0835	|gn|=1.1910	time=40.86it/s
2025-11-25 23:52:29,742 ====================Eval Epoch 16====================
2025-11-25 23:52:30,787 epoch=16	global_step=39	acc=0.8750	acc_avg=0.7301	acc5=1.0000	acc5_avg=0.9807	loss=0.3636	loss_avg=0.7693	time=282.05it/s
2025-11-25 23:52:30,787 Eval Loss:0.7693	Eval acc: 73.01
2025-11-25 23:52:30,787 
2025-11-25 23:52:30,788 ====================Training Epoch 17====================
2025-11-25 23:52:32,703 epoch=17	global_step=6700	acc=0.7422	acc_avg=0.6830	loss=0.7515	loss_avg=0.8975	lr=0.0815	|gn|=1.2069	time=40.82it/s
2025-11-25 23:52:35,160 epoch=17	global_step=6800	acc=0.7500	acc_avg=0.6890	loss=0.8155	loss_avg=0.8880	lr=0.0815	|gn|=1.2451	time=42.28it/s
2025-11-25 23:52:37,647 epoch=17	global_step=6900	acc=0.7031	acc_avg=0.6870	loss=0.8478	loss_avg=0.8915	lr=0.0815	|gn|=1.2945	time=39.43it/s
2025-11-25 23:52:40,099 epoch=17	global_step=7000	acc=0.7188	acc_avg=0.6871	loss=0.7619	loss_avg=0.8880	lr=0.0815	|gn|=1.3828	time=44.18it/s
2025-11-25 23:52:40,601 ====================Eval Epoch 17====================
2025-11-25 23:52:41,657 epoch=17	global_step=39	acc=0.7500	acc_avg=0.7155	acc5=1.0000	acc5_avg=0.9780	loss=0.6502	loss_avg=0.8093	time=279.81it/s
2025-11-25 23:52:41,657 Eval Loss:0.8093	Eval acc: 71.55
2025-11-25 23:52:41,657 
2025-11-25 23:52:41,657 ====================Training Epoch 18====================
2025-11-25 23:52:43,826 epoch=18	global_step=7100	acc=0.6406	acc_avg=0.6938	loss=0.9490	loss_avg=0.8657	lr=0.0794	|gn|=1.4827	time=43.95it/s
2025-11-25 23:52:46,233 epoch=18	global_step=7200	acc=0.6641	acc_avg=0.6907	loss=0.9873	loss_avg=0.8730	lr=0.0794	|gn|=1.3894	time=43.94it/s
2025-11-25 23:52:48,702 epoch=18	global_step=7300	acc=0.7344	acc_avg=0.6894	loss=0.8129	loss_avg=0.8780	lr=0.0794	|gn|=1.2480	time=41.01it/s
2025-11-25 23:52:51,215 epoch=18	global_step=7400	acc=0.6562	acc_avg=0.6866	loss=0.9511	loss_avg=0.8847	lr=0.0794	|gn|=1.4103	time=41.57it/s
2025-11-25 23:52:51,484 ====================Eval Epoch 18====================
2025-11-25 23:52:52,561 epoch=18	global_step=39	acc=0.8125	acc_avg=0.7500	acc5=1.0000	acc5_avg=0.9827	loss=0.4371	loss_avg=0.7209	time=279.36it/s
2025-11-25 23:52:52,562 Eval Loss:0.7209	Eval acc: 75.00
2025-11-25 23:52:52,562 
2025-11-25 23:52:52,562 ====================Training Epoch 19====================
2025-11-25 23:52:54,953 epoch=19	global_step=7500	acc=0.6641	acc_avg=0.6993	loss=0.8577	loss_avg=0.8564	lr=0.0772	|gn|=1.3662	time=44.43it/s
2025-11-25 23:52:57,377 epoch=19	global_step=7600	acc=0.6797	acc_avg=0.6917	loss=0.8951	loss_avg=0.8754	lr=0.0772	|gn|=1.4008	time=41.03it/s
2025-11-25 23:52:59,838 epoch=19	global_step=7700	acc=0.7188	acc_avg=0.6941	loss=0.6857	loss_avg=0.8706	lr=0.0772	|gn|=1.2177	time=41.11it/s
2025-11-25 23:53:02,341 ====================Eval Epoch 19====================
2025-11-25 23:53:03,409 epoch=19	global_step=39	acc=0.9375	acc_avg=0.7282	acc5=0.9375	acc5_avg=0.9800	loss=0.3890	loss_avg=0.7921	time=282.20it/s
2025-11-25 23:53:03,409 Eval Loss:0.7921	Eval acc: 72.82
2025-11-25 23:53:03,409 
2025-11-25 23:53:03,409 ====================Training Epoch 20====================
2025-11-25 23:53:03,627 epoch=20	global_step=7800	acc=0.6562	acc_avg=0.6562	loss=0.9434	loss_avg=0.9434	lr=0.0750	|gn|=1.4995	time=29.57it/s
2025-11-25 23:53:06,003 epoch=20	global_step=7900	acc=0.7344	acc_avg=0.7037	loss=0.8500	loss_avg=0.8503	lr=0.0750	|gn|=1.3768	time=45.57it/s
2025-11-25 23:53:08,366 epoch=20	global_step=8000	acc=0.6875	acc_avg=0.7003	loss=0.8114	loss_avg=0.8553	lr=0.0750	|gn|=1.3074	time=42.03it/s
2025-11-25 23:53:10,809 epoch=20	global_step=8100	acc=0.6562	acc_avg=0.6967	loss=0.9802	loss_avg=0.8611	lr=0.0750	|gn|=1.6054	time=45.87it/s
2025-11-25 23:53:13,037 ====================Eval Epoch 20====================
2025-11-25 23:53:14,094 epoch=20	global_step=39	acc=0.8125	acc_avg=0.7424	acc5=1.0000	acc5_avg=0.9828	loss=0.5119	loss_avg=0.7421	time=280.61it/s
2025-11-25 23:53:14,095 Eval Loss:0.7421	Eval acc: 74.24
2025-11-25 23:53:14,095 
2025-11-25 23:53:14,095 ====================Training Epoch 21====================
2025-11-25 23:53:14,552 epoch=21	global_step=8200	acc=0.7109	acc_avg=0.7131	loss=0.8275	loss_avg=0.7921	lr=0.0727	|gn|=1.4354	time=42.93it/s
2025-11-25 23:53:17,002 epoch=21	global_step=8300	acc=0.6094	acc_avg=0.7074	loss=1.0388	loss_avg=0.8287	lr=0.0727	|gn|=1.5756	time=40.81it/s
2025-11-25 23:53:19,436 epoch=21	global_step=8400	acc=0.7031	acc_avg=0.7037	loss=0.9159	loss_avg=0.8404	lr=0.0727	|gn|=1.4610	time=44.33it/s
2025-11-25 23:53:21,932 epoch=21	global_step=8500	acc=0.7344	acc_avg=0.7041	loss=0.7677	loss_avg=0.8421	lr=0.0727	|gn|=1.3590	time=41.10it/s
2025-11-25 23:53:23,967 ====================Eval Epoch 21====================
2025-11-25 23:53:25,040 epoch=21	global_step=39	acc=0.7500	acc_avg=0.7461	acc5=1.0000	acc5_avg=0.9809	loss=0.4318	loss_avg=0.7382	time=280.07it/s
2025-11-25 23:53:25,041 Eval Loss:0.7382	Eval acc: 74.61
2025-11-25 23:53:25,041 
2025-11-25 23:53:25,041 ====================Training Epoch 22====================
2025-11-25 23:53:25,735 epoch=22	global_step=8600	acc=0.6641	acc_avg=0.6912	loss=0.9497	loss_avg=0.8462	lr=0.0703	|gn|=1.4429	time=40.12it/s
2025-11-25 23:53:28,250 epoch=22	global_step=8700	acc=0.7969	acc_avg=0.7107	loss=0.5575	loss_avg=0.8145	lr=0.0703	|gn|=1.0342	time=40.25it/s
2025-11-25 23:53:30,766 epoch=22	global_step=8800	acc=0.7500	acc_avg=0.7057	loss=0.7159	loss_avg=0.8244	lr=0.0703	|gn|=1.2945	time=41.02it/s
2025-11-25 23:53:33,347 epoch=22	global_step=8900	acc=0.6875	acc_avg=0.7047	loss=0.8044	loss_avg=0.8312	lr=0.0703	|gn|=1.4386	time=39.34it/s
2025-11-25 23:53:35,192 ====================Eval Epoch 22====================
2025-11-25 23:53:36,257 epoch=22	global_step=39	acc=0.8125	acc_avg=0.7409	acc5=1.0000	acc5_avg=0.9812	loss=0.3969	loss_avg=0.7401	time=280.20it/s
2025-11-25 23:53:36,257 Eval Loss:0.7401	Eval acc: 74.09
2025-11-25 23:53:36,257 
2025-11-25 23:53:36,257 ====================Training Epoch 23====================
2025-11-25 23:53:37,240 epoch=23	global_step=9000	acc=0.7344	acc_avg=0.7165	loss=0.6904	loss_avg=0.8051	lr=0.0679	|gn|=1.3623	time=39.14it/s
2025-11-25 23:53:39,615 epoch=23	global_step=9100	acc=0.6406	acc_avg=0.7139	loss=1.0629	loss_avg=0.8144	lr=0.0679	|gn|=1.7574	time=41.29it/s
2025-11-25 23:53:42,075 epoch=23	global_step=9200	acc=0.7344	acc_avg=0.7117	loss=0.7665	loss_avg=0.8196	lr=0.0679	|gn|=1.4679	time=40.81it/s
2025-11-25 23:53:44,543 epoch=23	global_step=9300	acc=0.7734	acc_avg=0.7108	loss=0.7125	loss_avg=0.8211	lr=0.0679	|gn|=1.2802	time=40.93it/s
2025-11-25 23:53:46,073 ====================Eval Epoch 23====================
2025-11-25 23:53:47,134 epoch=23	global_step=39	acc=0.6875	acc_avg=0.7564	acc5=1.0000	acc5_avg=0.9838	loss=0.4891	loss_avg=0.7072	time=278.47it/s
2025-11-25 23:53:47,135 Eval Loss:0.7072	Eval acc: 75.64
2025-11-25 23:53:47,135 
2025-11-25 23:53:47,135 ====================Training Epoch 24====================
2025-11-25 23:53:48,286 epoch=24	global_step=9400	acc=0.6719	acc_avg=0.7292	loss=0.8824	loss_avg=0.7762	lr=0.0655	|gn|=1.6297	time=44.02it/s
2025-11-25 23:53:50,779 epoch=24	global_step=9500	acc=0.7188	acc_avg=0.7217	loss=0.7486	loss_avg=0.7900	lr=0.0655	|gn|=1.3982	time=40.90it/s
2025-11-25 23:53:53,286 epoch=24	global_step=9600	acc=0.7031	acc_avg=0.7188	loss=0.8264	loss_avg=0.8002	lr=0.0655	|gn|=1.6072	time=40.35it/s
2025-11-25 23:53:55,798 epoch=24	global_step=9700	acc=0.6562	acc_avg=0.7184	loss=0.9206	loss_avg=0.8003	lr=0.0655	|gn|=1.7166	time=41.01it/s
2025-11-25 23:53:57,075 ====================Eval Epoch 24====================
2025-11-25 23:53:58,146 epoch=24	global_step=39	acc=0.8750	acc_avg=0.7442	acc5=1.0000	acc5_avg=0.9819	loss=0.3898	loss_avg=0.7334	time=282.69it/s
2025-11-25 23:53:58,147 Eval Loss:0.7334	Eval acc: 74.42
2025-11-25 23:53:58,147 
2025-11-25 23:53:58,147 ====================Training Epoch 25====================
2025-11-25 23:53:59,638 epoch=25	global_step=9800	acc=0.7266	acc_avg=0.7217	loss=0.7664	loss_avg=0.7912	lr=0.0629	|gn|=1.6039	time=40.55it/s
2025-11-25 23:54:02,100 epoch=25	global_step=9900	acc=0.6797	acc_avg=0.7226	loss=0.8900	loss_avg=0.7875	lr=0.0629	|gn|=1.7140	time=39.80it/s
2025-11-25 23:54:04,566 epoch=25	global_step=10000	acc=0.6797	acc_avg=0.7241	loss=0.8375	loss_avg=0.7861	lr=0.0629	|gn|=1.6866	time=41.24it/s
2025-11-25 23:54:07,027 epoch=25	global_step=10100	acc=0.7422	acc_avg=0.7206	loss=0.7797	loss_avg=0.7973	lr=0.0629	|gn|=1.4351	time=45.26it/s
2025-11-25 23:54:08,049 ====================Eval Epoch 25====================
2025-11-25 23:54:09,123 epoch=25	global_step=39	acc=0.8750	acc_avg=0.7663	acc5=1.0000	acc5_avg=0.9854	loss=0.3974	loss_avg=0.6799	time=284.21it/s
2025-11-25 23:54:09,123 Eval Loss:0.6799	Eval acc: 76.63
2025-11-25 23:54:09,123 
2025-11-25 23:54:09,123 ====================Training Epoch 26====================
2025-11-25 23:54:10,893 epoch=26	global_step=10200	acc=0.7031	acc_avg=0.7300	loss=0.7690	loss_avg=0.7647	lr=0.0604	|gn|=1.6689	time=40.13it/s
2025-11-25 23:54:13,539 epoch=26	global_step=10300	acc=0.7109	acc_avg=0.7268	loss=0.7819	loss_avg=0.7771	lr=0.0604	|gn|=1.5054	time=39.44it/s
2025-11-25 23:54:16,178 epoch=26	global_step=10400	acc=0.6641	acc_avg=0.7243	loss=0.9862	loss_avg=0.7830	lr=0.0604	|gn|=1.8604	time=38.49it/s
2025-11-25 23:54:18,825 epoch=26	global_step=10500	acc=0.6562	acc_avg=0.7234	loss=0.8757	loss_avg=0.7859	lr=0.0604	|gn|=1.6299	time=39.40it/s
2025-11-25 23:54:19,618 ====================Eval Epoch 26====================
2025-11-25 23:54:20,670 epoch=26	global_step=39	acc=0.8125	acc_avg=0.7556	acc5=1.0000	acc5_avg=0.9843	loss=0.4856	loss_avg=0.7070	time=280.78it/s
2025-11-25 23:54:20,670 Eval Loss:0.7070	Eval acc: 75.56
2025-11-25 23:54:20,670 
2025-11-25 23:54:20,670 ====================Training Epoch 27====================
2025-11-25 23:54:22,639 epoch=27	global_step=10600	acc=0.7656	acc_avg=0.7235	loss=0.6457	loss_avg=0.7811	lr=0.0578	|gn|=1.4664	time=40.36it/s
2025-11-25 23:54:25,184 epoch=27	global_step=10700	acc=0.7344	acc_avg=0.7315	loss=0.7156	loss_avg=0.7681	lr=0.0578	|gn|=1.6175	time=41.04it/s
2025-11-25 23:54:27,713 epoch=27	global_step=10800	acc=0.6719	acc_avg=0.7310	loss=0.8688	loss_avg=0.7730	lr=0.0578	|gn|=1.7056	time=40.78it/s
2025-11-25 23:54:30,241 epoch=27	global_step=10900	acc=0.7500	acc_avg=0.7284	loss=0.7555	loss_avg=0.7782	lr=0.0578	|gn|=1.5726	time=40.88it/s
2025-11-25 23:54:30,766 ====================Eval Epoch 27====================
2025-11-25 23:54:31,831 epoch=27	global_step=39	acc=0.8750	acc_avg=0.7532	acc5=1.0000	acc5_avg=0.9831	loss=0.3821	loss_avg=0.7229	time=280.56it/s
2025-11-25 23:54:31,832 Eval Loss:0.7229	Eval acc: 75.32
2025-11-25 23:54:31,832 
2025-11-25 23:54:31,832 ====================Training Epoch 28====================
2025-11-25 23:54:34,124 epoch=28	global_step=11000	acc=0.7344	acc_avg=0.7357	loss=0.6938	loss_avg=0.7495	lr=0.0552	|gn|=1.7220	time=41.02it/s
2025-11-25 23:54:36,644 epoch=28	global_step=11100	acc=0.6953	acc_avg=0.7326	loss=0.8870	loss_avg=0.7609	lr=0.0552	|gn|=2.0231	time=41.03it/s
2025-11-25 23:54:39,152 epoch=28	global_step=11200	acc=0.7344	acc_avg=0.7300	loss=0.7152	loss_avg=0.7628	lr=0.0552	|gn|=1.6483	time=41.09it/s
2025-11-25 23:54:41,652 epoch=28	global_step=11300	acc=0.6328	acc_avg=0.7294	loss=0.9319	loss_avg=0.7638	lr=0.0552	|gn|=1.7515	time=41.23it/s
2025-11-25 23:54:41,926 ====================Eval Epoch 28====================
2025-11-25 23:54:42,971 epoch=28	global_step=39	acc=0.8125	acc_avg=0.7634	acc5=1.0000	acc5_avg=0.9849	loss=0.3157	loss_avg=0.7035	time=281.21it/s
2025-11-25 23:54:42,971 Eval Loss:0.7035	Eval acc: 76.34
2025-11-25 23:54:42,971 
2025-11-25 23:54:42,971 ====================Training Epoch 29====================
2025-11-25 23:54:45,350 epoch=29	global_step=11400	acc=0.7031	acc_avg=0.7464	loss=0.7890	loss_avg=0.7391	lr=0.0526	|gn|=1.8069	time=41.17it/s
2025-11-25 23:54:47,834 epoch=29	global_step=11500	acc=0.7812	acc_avg=0.7405	loss=0.6431	loss_avg=0.7437	lr=0.0526	|gn|=1.5524	time=40.94it/s
2025-11-25 23:54:50,333 epoch=29	global_step=11600	acc=0.6250	acc_avg=0.7350	loss=1.0243	loss_avg=0.7553	lr=0.0526	|gn|=1.9918	time=40.97it/s
2025-11-25 23:54:52,874 ====================Eval Epoch 29====================
2025-11-25 23:54:53,933 epoch=29	global_step=39	acc=0.7500	acc_avg=0.7727	acc5=1.0000	acc5_avg=0.9814	loss=0.5151	loss_avg=0.6828	time=282.29it/s
2025-11-25 23:54:53,933 Eval Loss:0.6828	Eval acc: 77.27
2025-11-25 23:54:53,933 
2025-11-25 23:54:53,933 ====================Training Epoch 30====================
2025-11-25 23:54:54,147 epoch=30	global_step=11700	acc=0.7344	acc_avg=0.7344	loss=0.7894	loss_avg=0.7894	lr=0.0500	|gn|=1.6542	time=30.01it/s
2025-11-25 23:54:56,708 epoch=30	global_step=11800	acc=0.7734	acc_avg=0.7531	loss=0.6322	loss_avg=0.7074	lr=0.0500	|gn|=1.5806	time=39.56it/s
2025-11-25 23:54:59,220 epoch=30	global_step=11900	acc=0.7578	acc_avg=0.7512	loss=0.7469	loss_avg=0.7160	lr=0.0500	|gn|=1.6221	time=40.70it/s
2025-11-25 23:55:01,798 epoch=30	global_step=12000	acc=0.7891	acc_avg=0.7470	loss=0.7618	loss_avg=0.7269	lr=0.0500	|gn|=1.6825	time=39.43it/s
2025-11-25 23:55:04,101 ====================Eval Epoch 30====================
2025-11-25 23:55:05,154 epoch=30	global_step=39	acc=0.8750	acc_avg=0.7559	acc5=1.0000	acc5_avg=0.9856	loss=0.3530	loss_avg=0.6901	time=280.80it/s
2025-11-25 23:55:05,154 Eval Loss:0.6901	Eval acc: 75.59
2025-11-25 23:55:05,154 
2025-11-25 23:55:05,154 ====================Training Epoch 31====================
2025-11-25 23:55:05,600 epoch=31	global_step=12100	acc=0.8047	acc_avg=0.7713	loss=0.6119	loss_avg=0.6727	lr=0.0474	|gn|=1.5372	time=43.33it/s
2025-11-25 23:55:08,018 epoch=31	global_step=12200	acc=0.6641	acc_avg=0.7538	loss=0.8400	loss_avg=0.7000	lr=0.0474	|gn|=1.9326	time=40.67it/s
2025-11-25 23:55:10,407 epoch=31	global_step=12300	acc=0.7812	acc_avg=0.7487	loss=0.7070	loss_avg=0.7131	lr=0.0474	|gn|=1.7103	time=40.96it/s
2025-11-25 23:55:12,933 epoch=31	global_step=12400	acc=0.7656	acc_avg=0.7434	loss=0.6484	loss_avg=0.7289	lr=0.0474	|gn|=1.4458	time=40.88it/s
2025-11-25 23:55:14,976 ====================Eval Epoch 31====================
2025-11-25 23:55:16,018 epoch=31	global_step=39	acc=0.8125	acc_avg=0.7687	acc5=1.0000	acc5_avg=0.9859	loss=0.7692	loss_avg=0.6729	time=281.63it/s
2025-11-25 23:55:16,019 Eval Loss:0.6729	Eval acc: 76.87
2025-11-25 23:55:16,019 
2025-11-25 23:55:16,019 ====================Training Epoch 32====================
2025-11-25 23:55:16,713 epoch=32	global_step=12500	acc=0.7734	acc_avg=0.7660	loss=0.6299	loss_avg=0.6739	lr=0.0448	|gn|=1.7018	time=39.92it/s
2025-11-25 23:55:19,183 epoch=32	global_step=12600	acc=0.7500	acc_avg=0.7523	loss=0.7885	loss_avg=0.7020	lr=0.0448	|gn|=1.9465	time=42.55it/s
2025-11-25 23:55:21,666 epoch=32	global_step=12700	acc=0.8203	acc_avg=0.7521	loss=0.5184	loss_avg=0.7067	lr=0.0448	|gn|=1.5881	time=40.91it/s
2025-11-25 23:55:24,144 epoch=32	global_step=12800	acc=0.7734	acc_avg=0.7520	loss=0.5629	loss_avg=0.7053	lr=0.0448	|gn|=1.7272	time=42.67it/s
2025-11-25 23:55:25,915 ====================Eval Epoch 32====================
2025-11-25 23:55:26,956 epoch=32	global_step=39	acc=0.6875	acc_avg=0.7773	acc5=1.0000	acc5_avg=0.9855	loss=0.5038	loss_avg=0.6393	time=281.16it/s
2025-11-25 23:55:26,956 Eval Loss:0.6393	Eval acc: 77.73
2025-11-25 23:55:26,956 
2025-11-25 23:55:26,956 ====================Training Epoch 33====================
2025-11-25 23:55:27,909 epoch=33	global_step=12900	acc=0.7734	acc_avg=0.7540	loss=0.6693	loss_avg=0.6992	lr=0.0422	|gn|=1.6519	time=43.37it/s
2025-11-25 23:55:30,391 epoch=33	global_step=13000	acc=0.8047	acc_avg=0.7604	loss=0.6003	loss_avg=0.6874	lr=0.0422	|gn|=1.7266	time=43.69it/s
2025-11-25 23:55:32,871 epoch=33	global_step=13100	acc=0.7266	acc_avg=0.7612	loss=0.7237	loss_avg=0.6906	lr=0.0422	|gn|=1.9346	time=40.04it/s
2025-11-25 23:55:35,276 epoch=33	global_step=13200	acc=0.7266	acc_avg=0.7606	loss=0.7900	loss_avg=0.6910	lr=0.0422	|gn|=2.1671	time=40.69it/s
2025-11-25 23:55:36,761 ====================Eval Epoch 33====================
2025-11-25 23:55:37,835 epoch=33	global_step=39	acc=0.6875	acc_avg=0.7719	acc5=1.0000	acc5_avg=0.9853	loss=0.6950	loss_avg=0.6561	time=278.12it/s
2025-11-25 23:55:37,836 Eval Loss:0.6561	Eval acc: 77.19
2025-11-25 23:55:37,836 
2025-11-25 23:55:37,836 ====================Training Epoch 34====================
2025-11-25 23:55:39,141 epoch=34	global_step=13300	acc=0.8125	acc_avg=0.7700	loss=0.6139	loss_avg=0.6596	lr=0.0396	|gn|=1.7689	time=39.52it/s
2025-11-25 23:55:41,687 epoch=34	global_step=13400	acc=0.6953	acc_avg=0.7707	loss=0.7665	loss_avg=0.6555	lr=0.0396	|gn|=1.9260	time=40.74it/s
2025-11-25 23:55:44,228 epoch=34	global_step=13500	acc=0.7891	acc_avg=0.7659	loss=0.6492	loss_avg=0.6685	lr=0.0396	|gn|=2.0228	time=40.83it/s
2025-11-25 23:55:46,815 epoch=34	global_step=13600	acc=0.7422	acc_avg=0.7612	loss=0.7580	loss_avg=0.6805	lr=0.0396	|gn|=1.8355	time=39.86it/s
2025-11-25 23:55:48,119 ====================Eval Epoch 34====================
2025-11-25 23:55:49,169 epoch=34	global_step=39	acc=0.8125	acc_avg=0.7702	acc5=1.0000	acc5_avg=0.9873	loss=0.2882	loss_avg=0.6596	time=281.48it/s
2025-11-25 23:55:49,169 Eval Loss:0.6596	Eval acc: 77.02
2025-11-25 23:55:49,169 
2025-11-25 23:55:49,169 ====================Training Epoch 35====================
2025-11-25 23:55:50,600 epoch=35	global_step=13700	acc=0.7734	acc_avg=0.7840	loss=0.6010	loss_avg=0.6154	lr=0.0371	|gn|=1.7677	time=40.26it/s
2025-11-25 23:55:53,070 epoch=35	global_step=13800	acc=0.7422	acc_avg=0.7771	loss=0.6473	loss_avg=0.6376	lr=0.0371	|gn|=1.8778	time=40.85it/s
2025-11-25 23:55:55,485 epoch=35	global_step=13900	acc=0.7891	acc_avg=0.7688	loss=0.6483	loss_avg=0.6513	lr=0.0371	|gn|=1.9737	time=40.46it/s
2025-11-25 23:55:57,953 epoch=35	global_step=14000	acc=0.7656	acc_avg=0.7664	loss=0.6633	loss_avg=0.6579	lr=0.0371	|gn|=2.1239	time=43.81it/s
2025-11-25 23:55:58,977 ====================Eval Epoch 35====================
2025-11-25 23:56:00,021 epoch=35	global_step=39	acc=0.8125	acc_avg=0.7845	acc5=1.0000	acc5_avg=0.9872	loss=0.4233	loss_avg=0.6292	time=281.59it/s
2025-11-25 23:56:00,022 Eval Loss:0.6292	Eval acc: 78.45
2025-11-25 23:56:00,022 
2025-11-25 23:56:00,022 ====================Training Epoch 36====================
2025-11-25 23:56:01,702 epoch=36	global_step=14100	acc=0.8125	acc_avg=0.7786	loss=0.5761	loss_avg=0.6314	lr=0.0345	|gn|=1.9400	time=39.55it/s
2025-11-25 23:56:04,190 epoch=36	global_step=14200	acc=0.7266	acc_avg=0.7799	loss=0.6852	loss_avg=0.6297	lr=0.0345	|gn|=2.1939	time=42.51it/s
2025-11-25 23:56:06,751 epoch=36	global_step=14300	acc=0.7891	acc_avg=0.7769	loss=0.5779	loss_avg=0.6368	lr=0.0345	|gn|=2.0632	time=38.64it/s
2025-11-25 23:56:09,347 epoch=36	global_step=14400	acc=0.7188	acc_avg=0.7755	loss=0.7297	loss_avg=0.6403	lr=0.0345	|gn|=2.3846	time=40.49it/s
2025-11-25 23:56:10,127 ====================Eval Epoch 36====================
2025-11-25 23:56:11,194 epoch=36	global_step=39	acc=0.8750	acc_avg=0.7773	acc5=1.0000	acc5_avg=0.9855	loss=0.2628	loss_avg=0.6529	time=281.33it/s
2025-11-25 23:56:11,194 Eval Loss:0.6529	Eval acc: 77.73
2025-11-25 23:56:11,194 
2025-11-25 23:56:11,195 ====================Training Epoch 37====================
2025-11-25 23:56:13,080 epoch=37	global_step=14500	acc=0.7422	acc_avg=0.7917	loss=0.6978	loss_avg=0.5857	lr=0.0321	|gn|=2.1891	time=41.30it/s
2025-11-25 23:56:15,523 epoch=37	global_step=14600	acc=0.8047	acc_avg=0.7879	loss=0.6010	loss_avg=0.6019	lr=0.0321	|gn|=1.9072	time=40.19it/s
2025-11-25 23:56:18,095 epoch=37	global_step=14700	acc=0.7812	acc_avg=0.7840	loss=0.6531	loss_avg=0.6124	lr=0.0321	|gn|=2.2874	time=40.23it/s
2025-11-25 23:56:20,636 epoch=37	global_step=14800	acc=0.7188	acc_avg=0.7803	loss=0.7719	loss_avg=0.6218	lr=0.0321	|gn|=2.3231	time=41.20it/s
2025-11-25 23:56:21,154 ====================Eval Epoch 37====================
2025-11-25 23:56:22,211 epoch=37	global_step=39	acc=0.8750	acc_avg=0.7892	acc5=1.0000	acc5_avg=0.9866	loss=0.2867	loss_avg=0.6091	time=280.89it/s
2025-11-25 23:56:22,211 Eval Loss:0.6091	Eval acc: 78.92
2025-11-25 23:56:22,212 
2025-11-25 23:56:22,212 ====================Training Epoch 38====================
2025-11-25 23:56:24,412 epoch=38	global_step=14900	acc=0.7812	acc_avg=0.7985	loss=0.5993	loss_avg=0.5714	lr=0.0297	|gn|=2.1205	time=42.52it/s
2025-11-25 23:56:26,908 epoch=38	global_step=15000	acc=0.7734	acc_avg=0.7938	loss=0.5923	loss_avg=0.5847	lr=0.0297	|gn|=2.3436	time=40.96it/s
2025-11-25 23:56:29,411 epoch=38	global_step=15100	acc=0.7344	acc_avg=0.7908	loss=0.8047	loss_avg=0.5923	lr=0.0297	|gn|=2.6434	time=38.93it/s
2025-11-25 23:56:31,935 epoch=38	global_step=15200	acc=0.7891	acc_avg=0.7895	loss=0.6295	loss_avg=0.5981	lr=0.0297	|gn|=2.1478	time=41.30it/s
2025-11-25 23:56:32,191 ====================Eval Epoch 38====================
2025-11-25 23:56:33,259 epoch=38	global_step=39	acc=0.9375	acc_avg=0.7870	acc5=1.0000	acc5_avg=0.9868	loss=0.2445	loss_avg=0.6221	time=281.04it/s
2025-11-25 23:56:33,260 Eval Loss:0.6221	Eval acc: 78.70
2025-11-25 23:56:33,260 
2025-11-25 23:56:33,260 ====================Training Epoch 39====================
2025-11-25 23:56:35,718 epoch=39	global_step=15300	acc=0.7500	acc_avg=0.8044	loss=0.6520	loss_avg=0.5670	lr=0.0273	|gn|=2.6176	time=39.27it/s
2025-11-25 23:56:38,250 epoch=39	global_step=15400	acc=0.8203	acc_avg=0.8012	loss=0.5365	loss_avg=0.5677	lr=0.0273	|gn|=2.2237	time=40.79it/s
2025-11-25 23:56:40,784 epoch=39	global_step=15500	acc=0.8750	acc_avg=0.7996	loss=0.4394	loss_avg=0.5720	lr=0.0273	|gn|=2.1804	time=40.42it/s
2025-11-25 23:56:43,342 ====================Eval Epoch 39====================
2025-11-25 23:56:44,421 epoch=39	global_step=39	acc=0.8750	acc_avg=0.7922	acc5=1.0000	acc5_avg=0.9865	loss=0.2951	loss_avg=0.6232	time=279.42it/s
2025-11-25 23:56:44,421 Eval Loss:0.6232	Eval acc: 79.22
2025-11-25 23:56:44,422 
2025-11-25 23:56:44,422 ====================Training Epoch 40====================
2025-11-25 23:56:44,631 epoch=40	global_step=15600	acc=0.8047	acc_avg=0.8047	loss=0.5311	loss_avg=0.5311	lr=0.0250	|gn|=2.0828	time=29.61it/s
2025-11-25 23:56:47,058 epoch=40	global_step=15700	acc=0.8359	acc_avg=0.8117	loss=0.4280	loss_avg=0.5349	lr=0.0250	|gn|=1.9715	time=40.30it/s
2025-11-25 23:56:49,608 epoch=40	global_step=15800	acc=0.8125	acc_avg=0.8126	loss=0.5159	loss_avg=0.5369	lr=0.0250	|gn|=2.4123	time=40.51it/s
2025-11-25 23:56:52,102 epoch=40	global_step=15900	acc=0.7500	acc_avg=0.8079	loss=0.6653	loss_avg=0.5488	lr=0.0250	|gn|=2.7779	time=40.08it/s
2025-11-25 23:56:54,395 ====================Eval Epoch 40====================
2025-11-25 23:56:55,471 epoch=40	global_step=39	acc=0.8750	acc_avg=0.7980	acc5=1.0000	acc5_avg=0.9889	loss=0.3155	loss_avg=0.5880	time=280.05it/s
2025-11-25 23:56:55,471 Eval Loss:0.5880	Eval acc: 79.80
2025-11-25 23:56:55,471 
2025-11-25 23:56:55,471 ====================Training Epoch 41====================
2025-11-25 23:56:55,919 epoch=41	global_step=16000	acc=0.8672	acc_avg=0.8153	loss=0.3819	loss_avg=0.5270	lr=0.0228	|gn|=2.0214	time=44.48it/s
2025-11-25 23:56:58,286 epoch=41	global_step=16100	acc=0.8359	acc_avg=0.8191	loss=0.5416	loss_avg=0.5218	lr=0.0228	|gn|=2.4146	time=45.67it/s
2025-11-25 23:57:00,749 epoch=41	global_step=16200	acc=0.7969	acc_avg=0.8180	loss=0.5359	loss_avg=0.5223	lr=0.0228	|gn|=2.8159	time=45.93it/s
2025-11-25 23:57:03,125 epoch=41	global_step=16300	acc=0.8359	acc_avg=0.8137	loss=0.5114	loss_avg=0.5310	lr=0.0228	|gn|=2.5156	time=42.35it/s
2025-11-25 23:57:05,051 ====================Eval Epoch 41====================
2025-11-25 23:57:06,102 epoch=41	global_step=39	acc=0.8125	acc_avg=0.7967	acc5=1.0000	acc5_avg=0.9867	loss=0.2979	loss_avg=0.6127	time=279.08it/s
2025-11-25 23:57:06,102 Eval Loss:0.6127	Eval acc: 79.67
2025-11-25 23:57:06,102 
2025-11-25 23:57:06,102 ====================Training Epoch 42====================
2025-11-25 23:57:06,813 epoch=42	global_step=16400	acc=0.8359	acc_avg=0.8363	loss=0.4727	loss_avg=0.4733	lr=0.0206	|gn|=2.1401	time=40.24it/s
2025-11-25 23:57:09,376 epoch=42	global_step=16500	acc=0.8203	acc_avg=0.8337	loss=0.5055	loss_avg=0.4797	lr=0.0206	|gn|=2.8905	time=40.19it/s
2025-11-25 23:57:11,915 epoch=42	global_step=16600	acc=0.8750	acc_avg=0.8274	loss=0.3550	loss_avg=0.4936	lr=0.0206	|gn|=2.0644	time=40.78it/s
2025-11-25 23:57:14,454 epoch=42	global_step=16700	acc=0.7812	acc_avg=0.8234	loss=0.6746	loss_avg=0.5014	lr=0.0206	|gn|=2.9559	time=40.68it/s
2025-11-25 23:57:16,252 ====================Eval Epoch 42====================
2025-11-25 23:57:17,331 epoch=42	global_step=39	acc=0.8125	acc_avg=0.8045	acc5=1.0000	acc5_avg=0.9869	loss=0.2891	loss_avg=0.6063	time=281.18it/s
2025-11-25 23:57:17,331 Eval Loss:0.6063	Eval acc: 80.45
2025-11-25 23:57:17,332 
2025-11-25 23:57:17,332 ====================Training Epoch 43====================
2025-11-25 23:57:18,263 epoch=43	global_step=16800	acc=0.8750	acc_avg=0.8412	loss=0.3687	loss_avg=0.4443	lr=0.0185	|gn|=2.1419	time=41.94it/s
2025-11-25 23:57:20,638 epoch=43	global_step=16900	acc=0.7891	acc_avg=0.8383	loss=0.5314	loss_avg=0.4572	lr=0.0185	|gn|=2.9518	time=40.97it/s
2025-11-25 23:57:23,010 epoch=43	global_step=17000	acc=0.8516	acc_avg=0.8346	loss=0.3856	loss_avg=0.4672	lr=0.0185	|gn|=2.4472	time=42.24it/s
2025-11-25 23:57:25,487 epoch=43	global_step=17100	acc=0.8125	acc_avg=0.8311	loss=0.5587	loss_avg=0.4793	lr=0.0185	|gn|=2.7286	time=39.88it/s
2025-11-25 23:57:27,026 ====================Eval Epoch 43====================
2025-11-25 23:57:28,099 epoch=43	global_step=39	acc=0.8125	acc_avg=0.7972	acc5=1.0000	acc5_avg=0.9856	loss=0.3130	loss_avg=0.6232	time=281.08it/s
2025-11-25 23:57:28,100 Eval Loss:0.6232	Eval acc: 79.72
2025-11-25 23:57:28,100 
2025-11-25 23:57:28,100 ====================Training Epoch 44====================
2025-11-25 23:57:29,294 epoch=44	global_step=17200	acc=0.8203	acc_avg=0.8445	loss=0.4665	loss_avg=0.4375	lr=0.0165	|gn|=2.9650	time=40.95it/s
2025-11-25 23:57:31,654 epoch=44	global_step=17300	acc=0.8984	acc_avg=0.8431	loss=0.2881	loss_avg=0.4415	lr=0.0165	|gn|=2.0367	time=40.61it/s
2025-11-25 23:57:34,011 epoch=44	global_step=17400	acc=0.8047	acc_avg=0.8405	loss=0.5025	loss_avg=0.4501	lr=0.0165	|gn|=3.0845	time=43.86it/s
2025-11-25 23:57:36,369 epoch=44	global_step=17500	acc=0.7969	acc_avg=0.8399	loss=0.5712	loss_avg=0.4542	lr=0.0165	|gn|=2.9721	time=44.99it/s
2025-11-25 23:57:37,602 ====================Eval Epoch 44====================
2025-11-25 23:57:38,676 epoch=44	global_step=39	acc=0.8125	acc_avg=0.8071	acc5=1.0000	acc5_avg=0.9869	loss=0.2076	loss_avg=0.5965	time=281.19it/s
2025-11-25 23:57:38,676 Eval Loss:0.5965	Eval acc: 80.71
2025-11-25 23:57:38,676 
2025-11-25 23:57:38,676 ====================Training Epoch 45====================
2025-11-25 23:57:40,190 epoch=45	global_step=17600	acc=0.8750	acc_avg=0.8543	loss=0.3332	loss_avg=0.4110	lr=0.0146	|gn|=2.5529	time=40.50it/s
2025-11-25 23:57:42,720 epoch=45	global_step=17700	acc=0.8984	acc_avg=0.8550	loss=0.3074	loss_avg=0.4093	lr=0.0146	|gn|=2.4575	time=40.86it/s
2025-11-25 23:57:45,251 epoch=45	global_step=17800	acc=0.8672	acc_avg=0.8539	loss=0.3910	loss_avg=0.4170	lr=0.0146	|gn|=2.8967	time=40.76it/s
2025-11-25 23:57:47,768 epoch=45	global_step=17900	acc=0.8516	acc_avg=0.8508	loss=0.3856	loss_avg=0.4229	lr=0.0146	|gn|=2.6183	time=41.18it/s
2025-11-25 23:57:48,806 ====================Eval Epoch 45====================
2025-11-25 23:57:49,889 epoch=45	global_step=39	acc=0.8125	acc_avg=0.8073	acc5=1.0000	acc5_avg=0.9893	loss=0.4123	loss_avg=0.5921	time=282.79it/s
2025-11-25 23:57:49,889 Eval Loss:0.5921	Eval acc: 80.73
2025-11-25 23:57:49,889 
2025-11-25 23:57:49,889 ====================Training Epoch 46====================
2025-11-25 23:57:51,558 epoch=46	global_step=18000	acc=0.8906	acc_avg=0.8651	loss=0.3190	loss_avg=0.3793	lr=0.0128	|gn|=2.8302	time=40.93it/s
2025-11-25 23:57:54,064 epoch=46	global_step=18100	acc=0.8359	acc_avg=0.8631	loss=0.4022	loss_avg=0.3847	lr=0.0128	|gn|=3.0365	time=39.07it/s
2025-11-25 23:57:56,614 epoch=46	global_step=18200	acc=0.8125	acc_avg=0.8597	loss=0.5191	loss_avg=0.3967	lr=0.0128	|gn|=3.4171	time=39.85it/s
2025-11-25 23:57:59,131 epoch=46	global_step=18300	acc=0.8438	acc_avg=0.8593	loss=0.4000	loss_avg=0.3979	lr=0.0128	|gn|=3.0823	time=40.87it/s
2025-11-25 23:57:59,905 ====================Eval Epoch 46====================
2025-11-25 23:58:00,955 epoch=46	global_step=39	acc=0.6875	acc_avg=0.7987	acc5=1.0000	acc5_avg=0.9861	loss=0.5380	loss_avg=0.6338	time=280.48it/s
2025-11-25 23:58:00,956 Eval Loss:0.6338	Eval acc: 79.87
2025-11-25 23:58:00,956 
2025-11-25 23:58:00,956 ====================Training Epoch 47====================
2025-11-25 23:58:02,904 epoch=47	global_step=18400	acc=0.8594	acc_avg=0.8729	loss=0.3955	loss_avg=0.3680	lr=0.0111	|gn|=3.2762	time=41.03it/s
2025-11-25 23:58:05,449 epoch=47	global_step=18500	acc=0.8203	acc_avg=0.8750	loss=0.5671	loss_avg=0.3581	lr=0.0111	|gn|=3.7975	time=38.88it/s
2025-11-25 23:58:07,903 epoch=47	global_step=18600	acc=0.8750	acc_avg=0.8735	loss=0.4049	loss_avg=0.3608	lr=0.0111	|gn|=3.6256	time=42.31it/s
2025-11-25 23:58:10,318 epoch=47	global_step=18700	acc=0.8594	acc_avg=0.8714	loss=0.3657	loss_avg=0.3661	lr=0.0111	|gn|=3.3503	time=40.36it/s
2025-11-25 23:58:10,834 ====================Eval Epoch 47====================
2025-11-25 23:58:11,899 epoch=47	global_step=39	acc=0.9375	acc_avg=0.8129	acc5=1.0000	acc5_avg=0.9881	loss=0.3443	loss_avg=0.6045	time=279.99it/s
2025-11-25 23:58:11,899 Eval Loss:0.6045	Eval acc: 81.29
2025-11-25 23:58:11,899 
2025-11-25 23:58:11,899 ====================Training Epoch 48====================
2025-11-25 23:58:14,140 epoch=48	global_step=18800	acc=0.9062	acc_avg=0.8846	loss=0.3245	loss_avg=0.3298	lr=0.0095	|gn|=3.1919	time=39.59it/s
2025-11-25 23:58:16,677 epoch=48	global_step=18900	acc=0.9219	acc_avg=0.8864	loss=0.3076	loss_avg=0.3278	lr=0.0095	|gn|=2.9802	time=40.65it/s
2025-11-25 23:58:19,220 epoch=48	global_step=19000	acc=0.8672	acc_avg=0.8842	loss=0.3782	loss_avg=0.3319	lr=0.0095	|gn|=3.4671	time=40.76it/s
2025-11-25 23:58:21,783 epoch=48	global_step=19100	acc=0.8672	acc_avg=0.8825	loss=0.3295	loss_avg=0.3369	lr=0.0095	|gn|=3.5224	time=41.22it/s
2025-11-25 23:58:22,051 ====================Eval Epoch 48====================
2025-11-25 23:58:23,116 epoch=48	global_step=39	acc=0.8750	acc_avg=0.8112	acc5=1.0000	acc5_avg=0.9887	loss=0.3723	loss_avg=0.6122	time=283.65it/s
2025-11-25 23:58:23,116 Eval Loss:0.6122	Eval acc: 81.12
2025-11-25 23:58:23,116 
2025-11-25 23:58:23,116 ====================Training Epoch 49====================
2025-11-25 23:58:25,612 epoch=49	global_step=19200	acc=0.8672	acc_avg=0.8984	loss=0.3265	loss_avg=0.3001	lr=0.0081	|gn|=3.5023	time=39.39it/s
2025-11-25 23:58:28,236 epoch=49	global_step=19300	acc=0.8594	acc_avg=0.8979	loss=0.3341	loss_avg=0.2943	lr=0.0081	|gn|=3.5754	time=39.23it/s
2025-11-25 23:58:30,819 epoch=49	global_step=19400	acc=0.8984	acc_avg=0.8968	loss=0.2843	loss_avg=0.2963	lr=0.0081	|gn|=3.0541	time=39.08it/s
2025-11-25 23:58:33,459 ====================Eval Epoch 49====================
2025-11-25 23:58:34,523 epoch=49	global_step=39	acc=0.6875	acc_avg=0.8162	acc5=1.0000	acc5_avg=0.9873	loss=0.7464	loss_avg=0.6173	time=281.36it/s
2025-11-25 23:58:34,523 Eval Loss:0.6173	Eval acc: 81.62
2025-11-25 23:58:34,523 
2025-11-25 23:58:34,524 ====================Training Epoch 50====================
2025-11-25 23:58:34,740 epoch=50	global_step=19500	acc=0.9141	acc_avg=0.9141	loss=0.2939	loss_avg=0.2939	lr=0.0067	|gn|=3.1889	time=29.16it/s
2025-11-25 23:58:37,152 epoch=50	global_step=19600	acc=0.8828	acc_avg=0.9051	loss=0.3092	loss_avg=0.2703	lr=0.0067	|gn|=3.6094	time=40.85it/s
2025-11-25 23:58:39,605 epoch=50	global_step=19700	acc=0.8750	acc_avg=0.9043	loss=0.2868	loss_avg=0.2720	lr=0.0067	|gn|=3.2208	time=43.77it/s
2025-11-25 23:58:42,060 epoch=50	global_step=19800	acc=0.8984	acc_avg=0.9044	loss=0.3278	loss_avg=0.2708	lr=0.0067	|gn|=3.5348	time=41.05it/s
2025-11-25 23:58:44,297 ====================Eval Epoch 50====================
2025-11-25 23:58:45,352 epoch=50	global_step=39	acc=0.8125	acc_avg=0.8127	acc5=1.0000	acc5_avg=0.9868	loss=0.3751	loss_avg=0.6431	time=283.76it/s
2025-11-25 23:58:45,352 Eval Loss:0.6431	Eval acc: 81.27
2025-11-25 23:58:45,352 
2025-11-25 23:58:45,352 ====================Training Epoch 51====================
2025-11-25 23:58:45,800 epoch=51	global_step=19900	acc=0.8750	acc_avg=0.9212	loss=0.2997	loss_avg=0.2392	lr=0.0054	|gn|=3.3739	time=44.32it/s
2025-11-25 23:58:48,151 epoch=51	global_step=20000	acc=0.9062	acc_avg=0.9194	loss=0.2648	loss_avg=0.2298	lr=0.0054	|gn|=3.5338	time=40.68it/s
2025-11-25 23:58:50,626 epoch=51	global_step=20100	acc=0.9141	acc_avg=0.9190	loss=0.2246	loss_avg=0.2312	lr=0.0054	|gn|=3.4166	time=41.22it/s
2025-11-25 23:58:53,048 epoch=51	global_step=20200	acc=0.9141	acc_avg=0.9179	loss=0.2489	loss_avg=0.2337	lr=0.0054	|gn|=3.5498	time=44.26it/s
2025-11-25 23:58:54,960 ====================Eval Epoch 51====================
2025-11-25 23:58:56,027 epoch=51	global_step=39	acc=0.8125	acc_avg=0.8201	acc5=1.0000	acc5_avg=0.9877	loss=0.5737	loss_avg=0.6261	time=283.05it/s
2025-11-25 23:58:56,027 Eval Loss:0.6261	Eval acc: 82.01
2025-11-25 23:58:56,027 
2025-11-25 23:58:56,027 ====================Training Epoch 52====================
2025-11-25 23:58:56,708 epoch=52	global_step=20300	acc=0.9297	acc_avg=0.9174	loss=0.2538	loss_avg=0.2271	lr=0.0043	|gn|=3.5524	time=43.68it/s
2025-11-25 23:58:59,199 epoch=52	global_step=20400	acc=0.9375	acc_avg=0.9329	loss=0.1683	loss_avg=0.1982	lr=0.0043	|gn|=2.8667	time=40.82it/s
2025-11-25 23:59:01,705 epoch=52	global_step=20500	acc=0.9609	acc_avg=0.9315	loss=0.1463	loss_avg=0.2020	lr=0.0043	|gn|=2.7506	time=41.06it/s
2025-11-25 23:59:04,210 epoch=52	global_step=20600	acc=0.9062	acc_avg=0.9310	loss=0.2587	loss_avg=0.2031	lr=0.0043	|gn|=4.1722	time=40.94it/s
2025-11-25 23:59:05,979 ====================Eval Epoch 52====================
2025-11-25 23:59:07,051 epoch=52	global_step=39	acc=0.8125	acc_avg=0.8174	acc5=1.0000	acc5_avg=0.9883	loss=0.3484	loss_avg=0.6303	time=280.26it/s
2025-11-25 23:59:07,051 Eval Loss:0.6303	Eval acc: 81.74
2025-11-25 23:59:07,052 
2025-11-25 23:59:07,052 ====================Training Epoch 53====================
2025-11-25 23:59:08,010 epoch=53	global_step=20700	acc=0.9219	acc_avg=0.9398	loss=0.2422	loss_avg=0.1837	lr=0.0033	|gn|=4.0083	time=39.24it/s
2025-11-25 23:59:10,493 epoch=53	global_step=20800	acc=0.8906	acc_avg=0.9388	loss=0.3244	loss_avg=0.1831	lr=0.0033	|gn|=4.8506	time=40.67it/s
2025-11-25 23:59:12,973 epoch=53	global_step=20900	acc=0.9688	acc_avg=0.9395	loss=0.1195	loss_avg=0.1816	lr=0.0033	|gn|=2.4135	time=42.40it/s
2025-11-25 23:59:15,457 epoch=53	global_step=21000	acc=0.9297	acc_avg=0.9394	loss=0.2113	loss_avg=0.1801	lr=0.0033	|gn|=3.7238	time=41.21it/s
2025-11-25 23:59:16,980 ====================Eval Epoch 53====================
2025-11-25 23:59:18,044 epoch=53	global_step=39	acc=0.8125	acc_avg=0.8158	acc5=1.0000	acc5_avg=0.9860	loss=0.5440	loss_avg=0.6724	time=280.22it/s
2025-11-25 23:59:18,044 Eval Loss:0.6724	Eval acc: 81.58
2025-11-25 23:59:18,044 
2025-11-25 23:59:18,044 ====================Training Epoch 54====================
2025-11-25 23:59:19,284 epoch=54	global_step=21100	acc=0.9141	acc_avg=0.9486	loss=0.2522	loss_avg=0.1697	lr=0.0024	|gn|=4.3401	time=40.00it/s
2025-11-25 23:59:21,806 epoch=54	global_step=21200	acc=0.9297	acc_avg=0.9508	loss=0.2324	loss_avg=0.1579	lr=0.0024	|gn|=4.3087	time=41.82it/s
2025-11-25 23:59:24,373 epoch=54	global_step=21300	acc=0.9141	acc_avg=0.9481	loss=0.2288	loss_avg=0.1594	lr=0.0024	|gn|=3.8647	time=39.97it/s
2025-11-25 23:59:26,946 epoch=54	global_step=21400	acc=0.9531	acc_avg=0.9483	loss=0.1684	loss_avg=0.1583	lr=0.0024	|gn|=3.1062	time=40.21it/s
2025-11-25 23:59:28,244 ====================Eval Epoch 54====================
2025-11-25 23:59:29,287 epoch=54	global_step=39	acc=0.8125	acc_avg=0.8166	acc5=1.0000	acc5_avg=0.9860	loss=0.4490	loss_avg=0.6515	time=282.33it/s
2025-11-25 23:59:29,288 Eval Loss:0.6515	Eval acc: 81.66
2025-11-25 23:59:29,288 
2025-11-25 23:59:29,288 ====================Training Epoch 55====================
2025-11-25 23:59:30,705 epoch=55	global_step=21500	acc=0.9453	acc_avg=0.9544	loss=0.1734	loss_avg=0.1388	lr=0.0017	|gn|=3.3982	time=43.44it/s
2025-11-25 23:59:33,162 epoch=55	global_step=21600	acc=0.9844	acc_avg=0.9539	loss=0.0733	loss_avg=0.1418	lr=0.0017	|gn|=2.2090	time=40.85it/s
2025-11-25 23:59:35,622 epoch=55	global_step=21700	acc=0.9531	acc_avg=0.9556	loss=0.1495	loss_avg=0.1392	lr=0.0017	|gn|=3.4807	time=40.89it/s
2025-11-25 23:59:38,084 epoch=55	global_step=21800	acc=0.9453	acc_avg=0.9556	loss=0.1711	loss_avg=0.1392	lr=0.0017	|gn|=3.5919	time=43.29it/s
2025-11-25 23:59:39,094 ====================Eval Epoch 55====================
2025-11-25 23:59:40,151 epoch=55	global_step=39	acc=0.8125	acc_avg=0.8195	acc5=1.0000	acc5_avg=0.9859	loss=0.4945	loss_avg=0.6503	time=280.80it/s
2025-11-25 23:59:40,151 Eval Loss:0.6503	Eval acc: 81.95
2025-11-25 23:59:40,151 
2025-11-25 23:59:40,151 ====================Training Epoch 56====================
2025-11-25 23:59:41,934 epoch=56	global_step=21900	acc=0.9453	acc_avg=0.9613	loss=0.1421	loss_avg=0.1227	lr=0.0011	|gn|=3.7802	time=40.91it/s
2025-11-25 23:59:44,459 epoch=56	global_step=22000	acc=0.9375	acc_avg=0.9589	loss=0.1392	loss_avg=0.1290	lr=0.0011	|gn|=3.3255	time=40.96it/s
2025-11-25 23:59:46,971 epoch=56	global_step=22100	acc=0.9609	acc_avg=0.9594	loss=0.1188	loss_avg=0.1268	lr=0.0011	|gn|=3.0650	time=41.13it/s
2025-11-25 23:59:49,493 epoch=56	global_step=22200	acc=0.9453	acc_avg=0.9593	loss=0.1581	loss_avg=0.1269	lr=0.0011	|gn|=3.4906	time=40.32it/s
2025-11-25 23:59:50,272 ====================Eval Epoch 56====================
2025-11-25 23:59:51,315 epoch=56	global_step=39	acc=0.8125	acc_avg=0.8192	acc5=1.0000	acc5_avg=0.9863	loss=0.3949	loss_avg=0.6607	time=282.41it/s
2025-11-25 23:59:51,315 Eval Loss:0.6607	Eval acc: 81.92
2025-11-25 23:59:51,315 
2025-11-25 23:59:51,315 ====================Training Epoch 57====================
2025-11-25 23:59:53,314 epoch=57	global_step=22300	acc=0.9297	acc_avg=0.9618	loss=0.2439	loss_avg=0.1173	lr=0.0006	|gn|=4.3198	time=41.79it/s
2025-11-25 23:59:55,648 epoch=57	global_step=22400	acc=0.9688	acc_avg=0.9631	loss=0.1233	loss_avg=0.1160	lr=0.0006	|gn|=3.1774	time=45.33it/s
2025-11-25 23:59:58,008 epoch=57	global_step=22500	acc=0.9609	acc_avg=0.9634	loss=0.0919	loss_avg=0.1156	lr=0.0006	|gn|=2.9780	time=43.42it/s
2025-11-26 00:00:00,376 epoch=57	global_step=22600	acc=0.9453	acc_avg=0.9635	loss=0.1749	loss_avg=0.1157	lr=0.0006	|gn|=3.9511	time=42.63it/s
2025-11-26 00:00:00,889 ====================Eval Epoch 57====================
2025-11-26 00:00:01,947 epoch=57	global_step=39	acc=0.8125	acc_avg=0.8201	acc5=1.0000	acc5_avg=0.9860	loss=0.4740	loss_avg=0.6616	time=280.78it/s
2025-11-26 00:00:01,947 Eval Loss:0.6616	Eval acc: 82.01
2025-11-26 00:00:01,948 
2025-11-26 00:00:01,948 ====================Training Epoch 58====================
2025-11-26 00:00:04,162 epoch=58	global_step=22700	acc=0.9922	acc_avg=0.9669	loss=0.0573	loss_avg=0.1052	lr=0.0003	|gn|=1.9918	time=40.61it/s
2025-11-26 00:00:06,686 epoch=58	global_step=22800	acc=0.9766	acc_avg=0.9665	loss=0.1164	loss_avg=0.1082	lr=0.0003	|gn|=4.0837	time=41.01it/s
2025-11-26 00:00:09,202 epoch=58	global_step=22900	acc=0.9609	acc_avg=0.9667	loss=0.1294	loss_avg=0.1075	lr=0.0003	|gn|=3.1647	time=40.65it/s
2025-11-26 00:00:11,722 epoch=58	global_step=23000	acc=0.9609	acc_avg=0.9665	loss=0.0935	loss_avg=0.1082	lr=0.0003	|gn|=3.1604	time=41.40it/s
2025-11-26 00:00:11,991 ====================Eval Epoch 58====================
2025-11-26 00:00:13,045 epoch=58	global_step=39	acc=0.8125	acc_avg=0.8216	acc5=1.0000	acc5_avg=0.9867	loss=0.4805	loss_avg=0.6655	time=280.52it/s
2025-11-26 00:00:13,045 Eval Loss:0.6655	Eval acc: 82.16
2025-11-26 00:00:13,045 
2025-11-26 00:00:13,045 ====================Training Epoch 59====================
2025-11-26 00:00:15,561 epoch=59	global_step=23100	acc=0.9453	acc_avg=0.9651	loss=0.1264	loss_avg=0.1056	lr=0.0001	|gn|=3.7656	time=40.44it/s
2025-11-26 00:00:18,095 epoch=59	global_step=23200	acc=0.9609	acc_avg=0.9651	loss=0.1030	loss_avg=0.1074	lr=0.0001	|gn|=3.2795	time=40.82it/s
2025-11-26 00:00:20,635 epoch=59	global_step=23300	acc=0.9609	acc_avg=0.9656	loss=0.1238	loss_avg=0.1068	lr=0.0001	|gn|=3.1752	time=40.26it/s
2025-11-26 00:00:23,184 ====================Eval Epoch 59====================
2025-11-26 00:00:24,268 epoch=59	global_step=39	acc=0.8125	acc_avg=0.8224	acc5=1.0000	acc5_avg=0.9871	loss=0.4045	loss_avg=0.6509	time=283.57it/s
2025-11-26 00:00:24,268 Eval Loss:0.6509	Eval acc: 82.24
2025-11-26 00:00:24,270 Running Cost 0.01 Days 

