2025-11-25 23:49:05,060 PyTorch Version: 2.6.0
2025-11-25 23:49:05,085 GPU List: ['NVIDIA L40S']
2025-11-25 23:49:05,090 num_classes: 10
2025-11-25 23:49:05,090 epochs: 60
2025-11-25 23:49:05,090 grad_clip: 5.0
2025-11-25 23:49:05,091 log_frequency: 100
2025-11-25 23:49:05,091 model: {'name': 'ResNet18', 'num_classes': 10}
2025-11-25 23:49:05,091 criterion: {'name': 'CrossEntropyLoss'}
2025-11-25 23:49:05,091 optimizer: {'name': 'SGD', 'lr': 0.1, 'weight_decay': 0.0005, 'momentum': 0.9}
2025-11-25 23:49:05,091 scheduler: {'name': 'CosineAnnealingLR', 'T_max': 60, 'eta_min': 0.0}
2025-11-25 23:49:05,091 dataset: {'name': 'DatasetGenerator', 'train_batch_size': 512, 'eval_batch_size': 512}
2025-11-25 23:49:05,093 seed: 0
2025-11-25 23:49:05,093 version: resnet18
2025-11-25 23:49:05,093 exp_name: experiment/classwise/model_training2025-11-25 23:49:05.056137
2025-11-25 23:49:05,093 config_path: configs/cifar10
2025-11-25 23:49:05,093 load_model: False
2025-11-25 23:49:05,093 data_parallel: False
2025-11-25 23:49:05,093 train: True
2025-11-25 23:49:05,093 save_frequency: -1
2025-11-25 23:49:05,093 train_face: False
2025-11-25 23:49:05,093 train_portion: 1.0
2025-11-25 23:49:05,093 train_batch_size: 128
2025-11-25 23:49:05,094 eval_batch_size: 256
2025-11-25 23:49:05,094 num_of_workers: 6
2025-11-25 23:49:05,094 train_data_type: CIFAR10
2025-11-25 23:49:05,094 test_data_type: CIFAR10
2025-11-25 23:49:05,094 train_data_path: ../dataset
2025-11-25 23:49:05,094 test_data_path: ../dataset
2025-11-25 23:49:05,094 perturb_type: classwise
2025-11-25 23:49:05,094 patch_location: center
2025-11-25 23:49:05,094 poison_rate: 1.0
2025-11-25 23:49:05,094 perturb_tensor_filepath: None
2025-11-25 23:49:05,094 generator_filepath: ./LSP/cifar10_samplewise_saved_perturbation.pt
2025-11-25 23:49:05,094 use_generator: False
2025-11-25 23:49:05,094 gue: False
2025-11-25 23:49:05,094 filter_type: low
2025-11-25 23:49:05,094 cutoff: 0.5
2025-11-25 23:49:05,094 image_size: 32
2025-11-25 23:49:05,094 img_denoise: 70
2025-11-25 23:49:05,094 jpeg_defense: True
2025-11-25 23:49:11,252 Training Dataset: Dataset CIFAR10
    Number of datapoints: 50000
    Root location: ../dataset
    Split: Train
    StandardTransform
Transform: Compose(
               RandomCrop(size=(32, 32), padding=4)
               RandomHorizontalFlip(p=0.5)
               RandomRotation(degrees=[-10.0, 10.0], interpolation=nearest, expand=False, fill=0)
               ToTensor()
           )
2025-11-25 23:49:11,252 Test Dataset: Dataset CIFAR10
    Number of datapoints: 10000
    Root location: ../dataset
    Split: Test
    StandardTransform
Transform: Compose(
               ToTensor()
           )
2025-11-25 23:49:11,498 param size = 13.682862MB
2025-11-25 23:49:11,499 
2025-11-25 23:49:11,499 ====================Training Epoch 0====================
------Using JPEG compression as defense for clean CIFAR10 train------
train_dataset
2025-11-25 23:49:13,292 epoch=0	global_step=0	acc=0.1094	acc_avg=0.1094	loss=2.3532	loss_avg=2.3532	lr=0.1000	|gn|=7.5860	time=0.79it/s
2025-11-25 23:49:16,097 epoch=0	global_step=100	acc=0.3125	acc_avg=0.2628	loss=1.8152	loss_avg=2.0839	lr=0.1000	|gn|=0.9490	time=37.73it/s
2025-11-25 23:49:18,766 epoch=0	global_step=200	acc=0.3594	acc_avg=0.3090	loss=1.8510	loss_avg=1.9132	lr=0.1000	|gn|=1.2945	time=39.13it/s
2025-11-25 23:49:21,448 epoch=0	global_step=300	acc=0.5156	acc_avg=0.3396	loss=1.5227	loss_avg=1.8165	lr=0.1000	|gn|=0.9037	time=39.53it/s
2025-11-25 23:49:23,889 ====================Eval Epoch 0====================
2025-11-25 23:49:25,379 epoch=0	global_step=39	acc=0.3750	acc_avg=0.4182	acc5=0.9375	acc5_avg=0.9178	loss=1.2749	loss_avg=1.5824	time=12.63it/s
2025-11-25 23:49:25,379 Eval Loss:1.5824	Eval acc: 41.82
2025-11-25 23:49:25,379 
2025-11-25 23:49:25,379 ====================Training Epoch 1====================
2025-11-25 23:49:25,938 epoch=1	global_step=400	acc=0.4609	acc_avg=0.4332	loss=1.4546	loss_avg=1.4788	lr=0.0999	|gn|=1.0163	time=37.25it/s
2025-11-25 23:49:28,703 epoch=1	global_step=500	acc=0.5000	acc_avg=0.4596	loss=1.2993	loss_avg=1.4654	lr=0.0999	|gn|=1.0449	time=38.01it/s
2025-11-25 23:49:31,319 epoch=1	global_step=600	acc=0.5312	acc_avg=0.4764	loss=1.1913	loss_avg=1.4273	lr=0.0999	|gn|=1.0558	time=41.36it/s
2025-11-25 23:49:33,911 epoch=1	global_step=700	acc=0.5234	acc_avg=0.4911	loss=1.3183	loss_avg=1.3950	lr=0.0999	|gn|=1.0212	time=40.02it/s
2025-11-25 23:49:36,053 ====================Eval Epoch 1====================
2025-11-25 23:49:37,247 epoch=1	global_step=39	acc=0.5000	acc_avg=0.5478	acc5=1.0000	acc5_avg=0.9498	loss=1.1113	loss_avg=1.2228	time=243.23it/s
2025-11-25 23:49:37,247 Eval Loss:1.2228	Eval acc: 54.78
2025-11-25 23:49:37,247 
2025-11-25 23:49:37,247 ====================Training Epoch 2====================
2025-11-25 23:49:38,045 epoch=2	global_step=800	acc=0.5234	acc_avg=0.5461	loss=1.2258	loss_avg=1.2560	lr=0.0997	|gn|=1.1615	time=39.92it/s
2025-11-25 23:49:40,672 epoch=2	global_step=900	acc=0.5312	acc_avg=0.5481	loss=1.3650	loss_avg=1.2393	lr=0.0997	|gn|=1.1762	time=38.69it/s
2025-11-25 23:49:43,285 epoch=2	global_step=1000	acc=0.6250	acc_avg=0.5635	loss=1.1051	loss_avg=1.2166	lr=0.0997	|gn|=0.9549	time=42.99it/s
2025-11-25 23:49:45,903 epoch=2	global_step=1100	acc=0.5234	acc_avg=0.5713	loss=1.2913	loss_avg=1.1991	lr=0.0997	|gn|=1.1183	time=40.41it/s
2025-11-25 23:49:47,769 ====================Eval Epoch 2====================
2025-11-25 23:49:48,957 epoch=2	global_step=39	acc=0.6875	acc_avg=0.6207	acc5=1.0000	acc5_avg=0.9663	loss=0.6326	loss_avg=1.0536	time=244.32it/s
2025-11-25 23:49:48,957 Eval Loss:1.0536	Eval acc: 62.07
2025-11-25 23:49:48,957 
2025-11-25 23:49:48,957 ====================Training Epoch 3====================
2025-11-25 23:49:50,012 epoch=3	global_step=1200	acc=0.6484	acc_avg=0.6268	loss=0.9575	loss_avg=1.0391	lr=0.0994	|gn|=1.0334	time=39.54it/s
2025-11-25 23:49:52,697 epoch=3	global_step=1300	acc=0.6172	acc_avg=0.6121	loss=1.0407	loss_avg=1.0842	lr=0.0994	|gn|=0.8904	time=38.16it/s
2025-11-25 23:49:55,401 epoch=3	global_step=1400	acc=0.6406	acc_avg=0.6142	loss=0.9699	loss_avg=1.0791	lr=0.0994	|gn|=1.0770	time=37.71it/s
2025-11-25 23:49:58,110 epoch=3	global_step=1500	acc=0.6406	acc_avg=0.6186	loss=1.0558	loss_avg=1.0735	lr=0.0994	|gn|=1.2373	time=38.93it/s
2025-11-25 23:49:59,777 ====================Eval Epoch 3====================
2025-11-25 23:50:00,969 epoch=3	global_step=39	acc=0.8125	acc_avg=0.6655	acc5=1.0000	acc5_avg=0.9701	loss=0.5581	loss_avg=0.9505	time=243.81it/s
2025-11-25 23:50:00,969 Eval Loss:0.9505	Eval acc: 66.55
2025-11-25 23:50:00,969 
2025-11-25 23:50:00,969 ====================Training Epoch 4====================
2025-11-25 23:50:02,360 epoch=4	global_step=1600	acc=0.6641	acc_avg=0.6397	loss=0.9721	loss_avg=1.0358	lr=0.0989	|gn|=1.0688	time=37.01it/s
2025-11-25 23:50:05,131 epoch=4	global_step=1700	acc=0.5859	acc_avg=0.6458	loss=1.1054	loss_avg=1.0055	lr=0.0989	|gn|=1.3296	time=38.01it/s
2025-11-25 23:50:07,899 epoch=4	global_step=1800	acc=0.5703	acc_avg=0.6481	loss=1.0693	loss_avg=0.9983	lr=0.0989	|gn|=1.3128	time=37.06it/s
2025-11-25 23:50:10,658 epoch=4	global_step=1900	acc=0.6484	acc_avg=0.6495	loss=1.0110	loss_avg=0.9950	lr=0.0989	|gn|=1.0215	time=37.96it/s
2025-11-25 23:50:12,075 ====================Eval Epoch 4====================
2025-11-25 23:50:13,251 epoch=4	global_step=39	acc=0.7500	acc_avg=0.6845	acc5=1.0000	acc5_avg=0.9749	loss=0.6949	loss_avg=0.8925	time=244.89it/s
2025-11-25 23:50:13,251 Eval Loss:0.8925	Eval acc: 68.45
2025-11-25 23:50:13,251 
2025-11-25 23:50:13,251 ====================Training Epoch 5====================
2025-11-25 23:50:14,838 epoch=5	global_step=2000	acc=0.7109	acc_avg=0.6734	loss=0.7692	loss_avg=0.9229	lr=0.0983	|gn|=0.9473	time=40.33it/s
2025-11-25 23:50:17,462 epoch=5	global_step=2100	acc=0.7031	acc_avg=0.6680	loss=0.9591	loss_avg=0.9478	lr=0.0983	|gn|=1.2332	time=35.74it/s
2025-11-25 23:50:20,216 epoch=5	global_step=2200	acc=0.6016	acc_avg=0.6676	loss=1.2155	loss_avg=0.9504	lr=0.0983	|gn|=1.3658	time=41.29it/s
2025-11-25 23:50:22,958 epoch=5	global_step=2300	acc=0.7109	acc_avg=0.6694	loss=0.8157	loss_avg=0.9426	lr=0.0983	|gn|=1.0521	time=40.45it/s
2025-11-25 23:50:24,085 ====================Eval Epoch 5====================
2025-11-25 23:50:25,278 epoch=5	global_step=39	acc=0.7500	acc_avg=0.7075	acc5=1.0000	acc5_avg=0.9778	loss=0.7552	loss_avg=0.8579	time=242.77it/s
2025-11-25 23:50:25,279 Eval Loss:0.8579	Eval acc: 70.75
2025-11-25 23:50:25,279 
2025-11-25 23:50:25,279 ====================Training Epoch 6====================
2025-11-25 23:50:27,158 epoch=6	global_step=2400	acc=0.6875	acc_avg=0.6710	loss=0.9133	loss_avg=0.9266	lr=0.0976	|gn|=1.1406	time=36.45it/s
2025-11-25 23:50:29,905 epoch=6	global_step=2500	acc=0.6562	acc_avg=0.6788	loss=0.9865	loss_avg=0.9050	lr=0.0976	|gn|=1.2789	time=37.48it/s
2025-11-25 23:50:32,683 epoch=6	global_step=2600	acc=0.6953	acc_avg=0.6827	loss=0.8132	loss_avg=0.9010	lr=0.0976	|gn|=1.0318	time=37.41it/s
2025-11-25 23:50:35,467 epoch=6	global_step=2700	acc=0.6406	acc_avg=0.6843	loss=1.0487	loss_avg=0.8998	lr=0.0976	|gn|=1.2782	time=35.76it/s
2025-11-25 23:50:36,325 ====================Eval Epoch 6====================
2025-11-25 23:50:37,522 epoch=6	global_step=39	acc=0.7500	acc_avg=0.7255	acc5=1.0000	acc5_avg=0.9773	loss=0.6163	loss_avg=0.7935	time=242.99it/s
2025-11-25 23:50:37,522 Eval Loss:0.7935	Eval acc: 72.55
2025-11-25 23:50:37,523 
2025-11-25 23:50:37,523 ====================Training Epoch 7====================
2025-11-25 23:50:39,757 epoch=7	global_step=2800	acc=0.6953	acc_avg=0.6998	loss=0.8178	loss_avg=0.8623	lr=0.0967	|gn|=1.1095	time=37.42it/s
2025-11-25 23:50:42,514 epoch=7	global_step=2900	acc=0.7656	acc_avg=0.6983	loss=0.7056	loss_avg=0.8660	lr=0.0967	|gn|=1.0582	time=37.00it/s
2025-11-25 23:50:45,271 epoch=7	global_step=3000	acc=0.7266	acc_avg=0.7013	loss=0.7850	loss_avg=0.8612	lr=0.0967	|gn|=1.1161	time=37.65it/s
2025-11-25 23:50:48,000 epoch=7	global_step=3100	acc=0.6797	acc_avg=0.7013	loss=0.9485	loss_avg=0.8607	lr=0.0967	|gn|=1.1497	time=36.94it/s
2025-11-25 23:50:48,579 ====================Eval Epoch 7====================
2025-11-25 23:50:49,782 epoch=7	global_step=39	acc=0.9375	acc_avg=0.7214	acc5=1.0000	acc5_avg=0.9812	loss=0.3873	loss_avg=0.8007	time=241.73it/s
2025-11-25 23:50:49,782 Eval Loss:0.8007	Eval acc: 72.14
2025-11-25 23:50:49,782 
2025-11-25 23:50:49,782 ====================Training Epoch 8====================
2025-11-25 23:50:52,253 epoch=8	global_step=3200	acc=0.6875	acc_avg=0.7014	loss=0.8498	loss_avg=0.8465	lr=0.0957	|gn|=1.1681	time=40.97it/s
2025-11-25 23:50:54,868 epoch=8	global_step=3300	acc=0.6875	acc_avg=0.7036	loss=0.8318	loss_avg=0.8429	lr=0.0957	|gn|=1.2010	time=37.77it/s
2025-11-25 23:50:57,486 epoch=8	global_step=3400	acc=0.7109	acc_avg=0.7026	loss=0.8127	loss_avg=0.8464	lr=0.0957	|gn|=1.1224	time=41.70it/s
2025-11-25 23:51:00,100 epoch=8	global_step=3500	acc=0.7578	acc_avg=0.7040	loss=0.6975	loss_avg=0.8427	lr=0.0957	|gn|=1.1822	time=38.21it/s
2025-11-25 23:51:00,409 ====================Eval Epoch 8====================
2025-11-25 23:51:01,599 epoch=8	global_step=39	acc=0.8750	acc_avg=0.7445	acc5=0.9375	acc5_avg=0.9829	loss=0.5899	loss_avg=0.7336	time=241.70it/s
2025-11-25 23:51:01,599 Eval Loss:0.7336	Eval acc: 74.45
2025-11-25 23:51:01,599 
2025-11-25 23:51:01,599 ====================Training Epoch 9====================
2025-11-25 23:51:04,320 epoch=9	global_step=3600	acc=0.7422	acc_avg=0.7101	loss=0.7919	loss_avg=0.8320	lr=0.0946	|gn|=1.1314	time=36.76it/s
2025-11-25 23:51:07,028 epoch=9	global_step=3700	acc=0.7031	acc_avg=0.7103	loss=0.8792	loss_avg=0.8233	lr=0.0946	|gn|=1.2556	time=37.88it/s
2025-11-25 23:51:09,735 epoch=9	global_step=3800	acc=0.7500	acc_avg=0.7096	loss=0.7574	loss_avg=0.8274	lr=0.0946	|gn|=1.1658	time=37.31it/s
2025-11-25 23:51:12,560 ====================Eval Epoch 9====================
2025-11-25 23:51:13,741 epoch=9	global_step=39	acc=0.8125	acc_avg=0.7360	acc5=1.0000	acc5_avg=0.9786	loss=0.6091	loss_avg=0.7749	time=240.50it/s
2025-11-25 23:51:13,741 Eval Loss:0.7749	Eval acc: 73.60
2025-11-25 23:51:13,742 
2025-11-25 23:51:13,742 ====================Training Epoch 10====================
2025-11-25 23:51:14,012 epoch=10	global_step=3900	acc=0.7188	acc_avg=0.7188	loss=0.8498	loss_avg=0.8498	lr=0.0933	|gn|=1.2080	time=28.77it/s
2025-11-25 23:51:16,788 epoch=10	global_step=4000	acc=0.7031	acc_avg=0.7169	loss=0.8688	loss_avg=0.8155	lr=0.0933	|gn|=1.4682	time=36.32it/s
2025-11-25 23:51:19,501 epoch=10	global_step=4100	acc=0.7109	acc_avg=0.7182	loss=0.8348	loss_avg=0.8083	lr=0.0933	|gn|=1.2956	time=37.53it/s
2025-11-25 23:51:22,250 epoch=10	global_step=4200	acc=0.6562	acc_avg=0.7163	loss=0.9697	loss_avg=0.8108	lr=0.0933	|gn|=1.4382	time=37.36it/s
2025-11-25 23:51:24,768 ====================Eval Epoch 10====================
2025-11-25 23:51:25,937 epoch=10	global_step=39	acc=0.7500	acc_avg=0.7415	acc5=1.0000	acc5_avg=0.9804	loss=0.5311	loss_avg=0.7828	time=247.77it/s
2025-11-25 23:51:25,938 Eval Loss:0.7828	Eval acc: 74.15
2025-11-25 23:51:25,938 
2025-11-25 23:51:25,938 ====================Training Epoch 11====================
2025-11-25 23:51:26,472 epoch=11	global_step=4300	acc=0.7188	acc_avg=0.7337	loss=0.7695	loss_avg=0.7563	lr=0.0919	|gn|=1.3588	time=40.86it/s
2025-11-25 23:51:29,166 epoch=11	global_step=4400	acc=0.7578	acc_avg=0.7268	loss=0.6933	loss_avg=0.7866	lr=0.0919	|gn|=1.2162	time=35.81it/s
2025-11-25 23:51:31,890 epoch=11	global_step=4500	acc=0.6875	acc_avg=0.7269	loss=0.9188	loss_avg=0.7889	lr=0.0919	|gn|=1.5288	time=37.33it/s
2025-11-25 23:51:34,593 epoch=11	global_step=4600	acc=0.6719	acc_avg=0.7231	loss=0.8406	loss_avg=0.7988	lr=0.0919	|gn|=1.4162	time=37.47it/s
2025-11-25 23:51:36,851 ====================Eval Epoch 11====================
2025-11-25 23:51:38,023 epoch=11	global_step=39	acc=0.6875	acc_avg=0.7594	acc5=1.0000	acc5_avg=0.9806	loss=0.6811	loss_avg=0.7156	time=242.91it/s
2025-11-25 23:51:38,023 Eval Loss:0.7156	Eval acc: 75.94
2025-11-25 23:51:38,024 
2025-11-25 23:51:38,024 ====================Training Epoch 12====================
2025-11-25 23:51:38,852 epoch=12	global_step=4700	acc=0.7500	acc_avg=0.7347	loss=0.7133	loss_avg=0.7582	lr=0.0905	|gn|=1.2845	time=35.25it/s
2025-11-25 23:51:41,568 epoch=12	global_step=4800	acc=0.7500	acc_avg=0.7357	loss=0.7290	loss_avg=0.7560	lr=0.0905	|gn|=1.2582	time=39.24it/s
2025-11-25 23:51:44,271 epoch=12	global_step=4900	acc=0.7656	acc_avg=0.7330	loss=0.7869	loss_avg=0.7641	lr=0.0905	|gn|=1.3461	time=41.46it/s
2025-11-25 23:51:47,015 epoch=12	global_step=5000	acc=0.7266	acc_avg=0.7308	loss=0.7657	loss_avg=0.7682	lr=0.0905	|gn|=1.2645	time=37.22it/s
2025-11-25 23:51:48,989 ====================Eval Epoch 12====================
2025-11-25 23:51:50,176 epoch=12	global_step=39	acc=0.6875	acc_avg=0.7550	acc5=1.0000	acc5_avg=0.9871	loss=0.7883	loss_avg=0.7068	time=241.80it/s
2025-11-25 23:51:50,176 Eval Loss:0.7068	Eval acc: 75.50
2025-11-25 23:51:50,176 
2025-11-25 23:51:50,176 ====================Training Epoch 13====================
2025-11-25 23:51:51,231 epoch=13	global_step=5100	acc=0.6953	acc_avg=0.7314	loss=0.8565	loss_avg=0.7630	lr=0.0889	|gn|=1.4128	time=40.81it/s
2025-11-25 23:51:53,855 epoch=13	global_step=5200	acc=0.6875	acc_avg=0.7362	loss=0.8640	loss_avg=0.7502	lr=0.0889	|gn|=1.3720	time=42.19it/s
2025-11-25 23:51:56,443 epoch=13	global_step=5300	acc=0.7188	acc_avg=0.7329	loss=0.7351	loss_avg=0.7609	lr=0.0889	|gn|=1.3595	time=42.01it/s
2025-11-25 23:51:59,033 epoch=13	global_step=5400	acc=0.6797	acc_avg=0.7341	loss=0.9308	loss_avg=0.7612	lr=0.0889	|gn|=1.4795	time=36.92it/s
2025-11-25 23:52:00,637 ====================Eval Epoch 13====================
2025-11-25 23:52:01,813 epoch=13	global_step=39	acc=0.8750	acc_avg=0.7443	acc5=1.0000	acc5_avg=0.9828	loss=0.4353	loss_avg=0.7385	time=235.48it/s
2025-11-25 23:52:01,813 Eval Loss:0.7385	Eval acc: 74.43
2025-11-25 23:52:01,813 
2025-11-25 23:52:01,813 ====================Training Epoch 14====================
2025-11-25 23:52:03,147 epoch=14	global_step=5500	acc=0.7266	acc_avg=0.7479	loss=0.8225	loss_avg=0.7218	lr=0.0872	|gn|=1.4993	time=37.37it/s
2025-11-25 23:52:05,872 epoch=14	global_step=5600	acc=0.7500	acc_avg=0.7452	loss=0.8188	loss_avg=0.7326	lr=0.0872	|gn|=1.3038	time=37.15it/s
2025-11-25 23:52:08,628 epoch=14	global_step=5700	acc=0.7422	acc_avg=0.7398	loss=0.7236	loss_avg=0.7469	lr=0.0872	|gn|=1.2731	time=37.08it/s
2025-11-25 23:52:11,334 epoch=14	global_step=5800	acc=0.7812	acc_avg=0.7392	loss=0.7309	loss_avg=0.7507	lr=0.0872	|gn|=1.2279	time=40.36it/s
2025-11-25 23:52:12,697 ====================Eval Epoch 14====================
2025-11-25 23:52:13,875 epoch=14	global_step=39	acc=0.7500	acc_avg=0.7587	acc5=1.0000	acc5_avg=0.9833	loss=0.5768	loss_avg=0.7126	time=241.97it/s
2025-11-25 23:52:13,875 Eval Loss:0.7126	Eval acc: 75.87
2025-11-25 23:52:13,876 
2025-11-25 23:52:13,876 ====================Training Epoch 15====================
2025-11-25 23:52:15,469 epoch=15	global_step=5900	acc=0.7109	acc_avg=0.7453	loss=0.7883	loss_avg=0.7157	lr=0.0854	|gn|=1.3967	time=39.95it/s
2025-11-25 23:52:18,111 epoch=15	global_step=6000	acc=0.7578	acc_avg=0.7449	loss=0.7420	loss_avg=0.7240	lr=0.0854	|gn|=1.3774	time=39.56it/s
2025-11-25 23:52:20,755 epoch=15	global_step=6100	acc=0.7656	acc_avg=0.7431	loss=0.5525	loss_avg=0.7306	lr=0.0854	|gn|=1.2770	time=41.93it/s
2025-11-25 23:52:23,383 epoch=15	global_step=6200	acc=0.7031	acc_avg=0.7400	loss=0.7072	loss_avg=0.7389	lr=0.0854	|gn|=1.3397	time=36.01it/s
2025-11-25 23:52:24,488 ====================Eval Epoch 15====================
2025-11-25 23:52:25,673 epoch=15	global_step=39	acc=0.8125	acc_avg=0.7593	acc5=1.0000	acc5_avg=0.9825	loss=0.5015	loss_avg=0.7075	time=240.89it/s
2025-11-25 23:52:25,673 Eval Loss:0.7075	Eval acc: 75.93
2025-11-25 23:52:25,673 
2025-11-25 23:52:25,673 ====================Training Epoch 16====================
2025-11-25 23:52:27,630 epoch=16	global_step=6300	acc=0.7500	acc_avg=0.7473	loss=0.7023	loss_avg=0.7117	lr=0.0835	|gn|=1.3592	time=36.18it/s
2025-11-25 23:52:30,334 epoch=16	global_step=6400	acc=0.7500	acc_avg=0.7503	loss=0.6643	loss_avg=0.7156	lr=0.0835	|gn|=1.4573	time=37.24it/s
2025-11-25 23:52:33,090 epoch=16	global_step=6500	acc=0.7422	acc_avg=0.7499	loss=0.6700	loss_avg=0.7165	lr=0.0835	|gn|=1.3508	time=36.72it/s
2025-11-25 23:52:35,875 epoch=16	global_step=6600	acc=0.6719	acc_avg=0.7464	loss=0.9148	loss_avg=0.7239	lr=0.0835	|gn|=1.6336	time=37.72it/s
2025-11-25 23:52:36,720 ====================Eval Epoch 16====================
2025-11-25 23:52:37,892 epoch=16	global_step=39	acc=0.8125	acc_avg=0.7747	acc5=1.0000	acc5_avg=0.9847	loss=0.4915	loss_avg=0.6521	time=242.28it/s
2025-11-25 23:52:37,893 Eval Loss:0.6521	Eval acc: 77.47
2025-11-25 23:52:37,893 
2025-11-25 23:52:37,893 ====================Training Epoch 17====================
2025-11-25 23:52:40,129 epoch=17	global_step=6700	acc=0.7812	acc_avg=0.7665	loss=0.6729	loss_avg=0.6789	lr=0.0815	|gn|=1.3487	time=36.27it/s
2025-11-25 23:52:42,891 epoch=17	global_step=6800	acc=0.7812	acc_avg=0.7611	loss=0.6362	loss_avg=0.6943	lr=0.0815	|gn|=1.3166	time=39.33it/s
2025-11-25 23:52:45,688 epoch=17	global_step=6900	acc=0.8125	acc_avg=0.7575	loss=0.5808	loss_avg=0.7021	lr=0.0815	|gn|=1.3481	time=37.81it/s
2025-11-25 23:52:48,472 epoch=17	global_step=7000	acc=0.7656	acc_avg=0.7546	loss=0.7224	loss_avg=0.7083	lr=0.0815	|gn|=1.3285	time=36.29it/s
2025-11-25 23:52:49,060 ====================Eval Epoch 17====================
2025-11-25 23:52:50,244 epoch=17	global_step=39	acc=0.8125	acc_avg=0.7559	acc5=1.0000	acc5_avg=0.9846	loss=0.5896	loss_avg=0.7085	time=239.76it/s
2025-11-25 23:52:50,244 Eval Loss:0.7085	Eval acc: 75.59
2025-11-25 23:52:50,245 
2025-11-25 23:52:50,245 ====================Training Epoch 18====================
2025-11-25 23:52:52,654 epoch=18	global_step=7100	acc=0.7812	acc_avg=0.7649	loss=0.7339	loss_avg=0.6791	lr=0.0794	|gn|=1.3348	time=41.87it/s
2025-11-25 23:52:55,391 epoch=18	global_step=7200	acc=0.8203	acc_avg=0.7623	loss=0.5768	loss_avg=0.6824	lr=0.0794	|gn|=1.1659	time=36.36it/s
2025-11-25 23:52:58,204 epoch=18	global_step=7300	acc=0.7500	acc_avg=0.7583	loss=0.6754	loss_avg=0.6939	lr=0.0794	|gn|=1.3781	time=36.40it/s
2025-11-25 23:53:01,005 epoch=18	global_step=7400	acc=0.7109	acc_avg=0.7576	loss=0.8391	loss_avg=0.6956	lr=0.0794	|gn|=1.6750	time=37.78it/s
2025-11-25 23:53:01,313 ====================Eval Epoch 18====================
2025-11-25 23:53:02,506 epoch=18	global_step=39	acc=0.8125	acc_avg=0.7782	acc5=1.0000	acc5_avg=0.9879	loss=0.3754	loss_avg=0.6404	time=241.72it/s
2025-11-25 23:53:02,506 Eval Loss:0.6404	Eval acc: 77.82
2025-11-25 23:53:02,506 
2025-11-25 23:53:02,506 ====================Training Epoch 19====================
2025-11-25 23:53:05,219 epoch=19	global_step=7500	acc=0.7734	acc_avg=0.7650	loss=0.6448	loss_avg=0.6767	lr=0.0772	|gn|=1.4124	time=37.74it/s
2025-11-25 23:53:07,974 epoch=19	global_step=7600	acc=0.7969	acc_avg=0.7631	loss=0.6728	loss_avg=0.6791	lr=0.0772	|gn|=1.6265	time=36.85it/s
2025-11-25 23:53:10,675 epoch=19	global_step=7700	acc=0.7969	acc_avg=0.7616	loss=0.6057	loss_avg=0.6855	lr=0.0772	|gn|=1.4224	time=41.94it/s
2025-11-25 23:53:13,409 ====================Eval Epoch 19====================
2025-11-25 23:53:14,620 epoch=19	global_step=39	acc=0.7500	acc_avg=0.7778	acc5=1.0000	acc5_avg=0.9870	loss=0.4260	loss_avg=0.6465	time=243.59it/s
2025-11-25 23:53:14,620 Eval Loss:0.6465	Eval acc: 77.78
2025-11-25 23:53:14,620 
2025-11-25 23:53:14,620 ====================Training Epoch 20====================
2025-11-25 23:53:14,887 epoch=20	global_step=7800	acc=0.7969	acc_avg=0.7969	loss=0.5658	loss_avg=0.5658	lr=0.0750	|gn|=1.4236	time=29.55it/s
2025-11-25 23:53:17,722 epoch=20	global_step=7900	acc=0.7500	acc_avg=0.7720	loss=0.7254	loss_avg=0.6495	lr=0.0750	|gn|=1.4940	time=36.14it/s
2025-11-25 23:53:20,600 epoch=20	global_step=8000	acc=0.7969	acc_avg=0.7699	loss=0.5780	loss_avg=0.6583	lr=0.0750	|gn|=1.4588	time=35.55it/s
2025-11-25 23:53:23,498 epoch=20	global_step=8100	acc=0.7422	acc_avg=0.7665	loss=0.7039	loss_avg=0.6665	lr=0.0750	|gn|=1.6676	time=37.48it/s
2025-11-25 23:53:26,057 ====================Eval Epoch 20====================
2025-11-25 23:53:27,234 epoch=20	global_step=39	acc=0.8750	acc_avg=0.7779	acc5=1.0000	acc5_avg=0.9869	loss=0.3394	loss_avg=0.6444	time=242.75it/s
2025-11-25 23:53:27,234 Eval Loss:0.6444	Eval acc: 77.79
2025-11-25 23:53:27,234 
2025-11-25 23:53:27,234 ====================Training Epoch 21====================
2025-11-25 23:53:27,762 epoch=21	global_step=8200	acc=0.8047	acc_avg=0.7585	loss=0.6073	loss_avg=0.6554	lr=0.0727	|gn|=1.3493	time=39.40it/s
2025-11-25 23:53:30,458 epoch=21	global_step=8300	acc=0.7656	acc_avg=0.7767	loss=0.6853	loss_avg=0.6415	lr=0.0727	|gn|=1.5667	time=37.38it/s
2025-11-25 23:53:33,176 epoch=21	global_step=8400	acc=0.7656	acc_avg=0.7696	loss=0.6067	loss_avg=0.6580	lr=0.0727	|gn|=1.4311	time=39.68it/s
2025-11-25 23:53:35,876 epoch=21	global_step=8500	acc=0.7969	acc_avg=0.7690	loss=0.6073	loss_avg=0.6582	lr=0.0727	|gn|=1.3585	time=37.25it/s
2025-11-25 23:53:38,100 ====================Eval Epoch 21====================
2025-11-25 23:53:39,290 epoch=21	global_step=39	acc=0.8750	acc_avg=0.7768	acc5=1.0000	acc5_avg=0.9824	loss=0.3259	loss_avg=0.6560	time=243.94it/s
2025-11-25 23:53:39,291 Eval Loss:0.6560	Eval acc: 77.68
2025-11-25 23:53:39,291 
2025-11-25 23:53:39,291 ====================Training Epoch 22====================
2025-11-25 23:53:40,119 epoch=22	global_step=8600	acc=0.7891	acc_avg=0.7909	loss=0.5898	loss_avg=0.5959	lr=0.0703	|gn|=1.4912	time=34.10it/s
2025-11-25 23:53:42,888 epoch=22	global_step=8700	acc=0.6953	acc_avg=0.7738	loss=0.7516	loss_avg=0.6362	lr=0.0703	|gn|=1.7990	time=37.42it/s
2025-11-25 23:53:45,615 epoch=22	global_step=8800	acc=0.7734	acc_avg=0.7705	loss=0.5663	loss_avg=0.6471	lr=0.0703	|gn|=1.4730	time=37.45it/s
2025-11-25 23:53:48,342 epoch=22	global_step=8900	acc=0.7344	acc_avg=0.7713	loss=0.7065	loss_avg=0.6482	lr=0.0703	|gn|=1.6894	time=39.09it/s
2025-11-25 23:53:50,295 ====================Eval Epoch 22====================
2025-11-25 23:53:51,499 epoch=22	global_step=39	acc=0.8750	acc_avg=0.7886	acc5=1.0000	acc5_avg=0.9885	loss=0.3241	loss_avg=0.6105	time=244.15it/s
2025-11-25 23:53:51,499 Eval Loss:0.6105	Eval acc: 78.86
2025-11-25 23:53:51,499 
2025-11-25 23:53:51,499 ====================Training Epoch 23====================
2025-11-25 23:53:52,564 epoch=23	global_step=9000	acc=0.8047	acc_avg=0.7830	loss=0.6284	loss_avg=0.6302	lr=0.0679	|gn|=1.4375	time=41.04it/s
2025-11-25 23:53:55,134 epoch=23	global_step=9100	acc=0.8281	acc_avg=0.7790	loss=0.4987	loss_avg=0.6346	lr=0.0679	|gn|=1.4013	time=42.53it/s
2025-11-25 23:53:57,766 epoch=23	global_step=9200	acc=0.7500	acc_avg=0.7778	loss=0.6637	loss_avg=0.6387	lr=0.0679	|gn|=1.5307	time=37.32it/s
2025-11-25 23:54:00,475 epoch=23	global_step=9300	acc=0.7969	acc_avg=0.7774	loss=0.5701	loss_avg=0.6394	lr=0.0679	|gn|=1.5016	time=37.72it/s
2025-11-25 23:54:02,122 ====================Eval Epoch 23====================
2025-11-25 23:54:03,296 epoch=23	global_step=39	acc=0.7500	acc_avg=0.7776	acc5=1.0000	acc5_avg=0.9852	loss=0.5298	loss_avg=0.6575	time=242.18it/s
2025-11-25 23:54:03,296 Eval Loss:0.6575	Eval acc: 77.76
2025-11-25 23:54:03,296 
2025-11-25 23:54:03,296 ====================Training Epoch 24====================
2025-11-25 23:54:04,658 epoch=24	global_step=9400	acc=0.8125	acc_avg=0.7965	loss=0.6197	loss_avg=0.5977	lr=0.0655	|gn|=1.4303	time=38.30it/s
2025-11-25 23:54:07,374 epoch=24	global_step=9500	acc=0.8047	acc_avg=0.7916	loss=0.5124	loss_avg=0.6065	lr=0.0655	|gn|=1.5307	time=38.82it/s
2025-11-25 23:54:10,073 epoch=24	global_step=9600	acc=0.7656	acc_avg=0.7853	loss=0.5671	loss_avg=0.6199	lr=0.0655	|gn|=1.5773	time=37.51it/s
2025-11-25 23:54:12,757 epoch=24	global_step=9700	acc=0.7812	acc_avg=0.7831	loss=0.6410	loss_avg=0.6230	lr=0.0655	|gn|=1.5988	time=37.52it/s
2025-11-25 23:54:14,164 ====================Eval Epoch 24====================
2025-11-25 23:54:15,336 epoch=24	global_step=39	acc=0.8750	acc_avg=0.7857	acc5=1.0000	acc5_avg=0.9867	loss=0.3942	loss_avg=0.6271	time=244.05it/s
2025-11-25 23:54:15,336 Eval Loss:0.6271	Eval acc: 78.57
2025-11-25 23:54:15,336 
2025-11-25 23:54:15,336 ====================Training Epoch 25====================
2025-11-25 23:54:17,031 epoch=25	global_step=9800	acc=0.7812	acc_avg=0.7903	loss=0.6645	loss_avg=0.6086	lr=0.0629	|gn|=1.6641	time=35.55it/s
2025-11-25 23:54:19,722 epoch=25	global_step=9900	acc=0.7578	acc_avg=0.7859	loss=0.7784	loss_avg=0.6168	lr=0.0629	|gn|=1.8221	time=36.70it/s
2025-11-25 23:54:22,443 epoch=25	global_step=10000	acc=0.7422	acc_avg=0.7855	loss=0.7079	loss_avg=0.6197	lr=0.0629	|gn|=1.7114	time=37.45it/s
2025-11-25 23:54:25,175 epoch=25	global_step=10100	acc=0.8125	acc_avg=0.7859	loss=0.5342	loss_avg=0.6176	lr=0.0629	|gn|=1.6010	time=37.85it/s
2025-11-25 23:54:26,292 ====================Eval Epoch 25====================
2025-11-25 23:54:27,462 epoch=25	global_step=39	acc=0.8125	acc_avg=0.7827	acc5=1.0000	acc5_avg=0.9863	loss=0.4238	loss_avg=0.6509	time=244.03it/s
2025-11-25 23:54:27,463 Eval Loss:0.6509	Eval acc: 78.27
2025-11-25 23:54:27,463 
2025-11-25 23:54:27,463 ====================Training Epoch 26====================
2025-11-25 23:54:29,335 epoch=26	global_step=10200	acc=0.7734	acc_avg=0.8016	loss=0.5820	loss_avg=0.5596	lr=0.0604	|gn|=1.7487	time=40.12it/s
2025-11-25 23:54:32,020 epoch=26	global_step=10300	acc=0.7266	acc_avg=0.7921	loss=0.7656	loss_avg=0.5873	lr=0.0604	|gn|=1.8066	time=37.48it/s
2025-11-25 23:54:34,780 epoch=26	global_step=10400	acc=0.7969	acc_avg=0.7886	loss=0.6231	loss_avg=0.5977	lr=0.0604	|gn|=1.5950	time=37.14it/s
2025-11-25 23:54:37,557 epoch=26	global_step=10500	acc=0.8125	acc_avg=0.7879	loss=0.5261	loss_avg=0.6037	lr=0.0604	|gn|=1.6007	time=37.89it/s
2025-11-25 23:54:38,414 ====================Eval Epoch 26====================
2025-11-25 23:54:39,608 epoch=26	global_step=39	acc=0.9375	acc_avg=0.7953	acc5=1.0000	acc5_avg=0.9890	loss=0.2096	loss_avg=0.6053	time=242.35it/s
2025-11-25 23:54:39,608 Eval Loss:0.6053	Eval acc: 79.53
2025-11-25 23:54:39,608 
2025-11-25 23:54:39,609 ====================Training Epoch 27====================
2025-11-25 23:54:41,855 epoch=27	global_step=10600	acc=0.8516	acc_avg=0.8039	loss=0.4199	loss_avg=0.5734	lr=0.0578	|gn|=1.5424	time=42.26it/s
2025-11-25 23:54:44,508 epoch=27	global_step=10700	acc=0.8203	acc_avg=0.7971	loss=0.5171	loss_avg=0.5779	lr=0.0578	|gn|=1.5482	time=36.91it/s
2025-11-25 23:54:47,171 epoch=27	global_step=10800	acc=0.8203	acc_avg=0.7969	loss=0.4986	loss_avg=0.5796	lr=0.0578	|gn|=1.5760	time=37.80it/s
2025-11-25 23:54:49,806 epoch=27	global_step=10900	acc=0.7969	acc_avg=0.7958	loss=0.6502	loss_avg=0.5849	lr=0.0578	|gn|=1.7910	time=37.94it/s
2025-11-25 23:54:50,384 ====================Eval Epoch 27====================
2025-11-25 23:54:51,562 epoch=27	global_step=39	acc=0.8750	acc_avg=0.7910	acc5=1.0000	acc5_avg=0.9874	loss=0.3155	loss_avg=0.6174	time=239.58it/s
2025-11-25 23:54:51,563 Eval Loss:0.6174	Eval acc: 79.10
2025-11-25 23:54:51,563 
2025-11-25 23:54:51,563 ====================Training Epoch 28====================
2025-11-25 23:54:53,963 epoch=28	global_step=11000	acc=0.8516	acc_avg=0.8025	loss=0.3745	loss_avg=0.5602	lr=0.0552	|gn|=1.4938	time=37.42it/s
2025-11-25 23:54:56,560 epoch=28	global_step=11100	acc=0.7969	acc_avg=0.8033	loss=0.6303	loss_avg=0.5663	lr=0.0552	|gn|=1.9397	time=37.12it/s
2025-11-25 23:54:59,209 epoch=28	global_step=11200	acc=0.8047	acc_avg=0.8012	loss=0.5747	loss_avg=0.5716	lr=0.0552	|gn|=1.6265	time=37.05it/s
2025-11-25 23:55:01,934 epoch=28	global_step=11300	acc=0.7656	acc_avg=0.8000	loss=0.5818	loss_avg=0.5744	lr=0.0552	|gn|=1.8037	time=38.43it/s
2025-11-25 23:55:02,238 ====================Eval Epoch 28====================
2025-11-25 23:55:03,438 epoch=28	global_step=39	acc=1.0000	acc_avg=0.8113	acc5=1.0000	acc5_avg=0.9892	loss=0.0731	loss_avg=0.5661	time=244.34it/s
2025-11-25 23:55:03,438 Eval Loss:0.5661	Eval acc: 81.13
2025-11-25 23:55:03,438 
2025-11-25 23:55:03,438 ====================Training Epoch 29====================
2025-11-25 23:55:06,169 epoch=29	global_step=11400	acc=0.7656	acc_avg=0.8115	loss=0.6824	loss_avg=0.5466	lr=0.0526	|gn|=1.8845	time=37.74it/s
2025-11-25 23:55:08,899 epoch=29	global_step=11500	acc=0.8359	acc_avg=0.8112	loss=0.5221	loss_avg=0.5468	lr=0.0526	|gn|=1.5635	time=37.36it/s
2025-11-25 23:55:11,650 epoch=29	global_step=11600	acc=0.8125	acc_avg=0.8072	loss=0.4521	loss_avg=0.5552	lr=0.0526	|gn|=1.6802	time=37.57it/s
2025-11-25 23:55:14,439 ====================Eval Epoch 29====================
2025-11-25 23:55:15,618 epoch=29	global_step=39	acc=0.8125	acc_avg=0.8100	acc5=1.0000	acc5_avg=0.9895	loss=0.2910	loss_avg=0.5636	time=238.06it/s
2025-11-25 23:55:15,619 Eval Loss:0.5636	Eval acc: 81.00
2025-11-25 23:55:15,619 
2025-11-25 23:55:15,619 ====================Training Epoch 30====================
2025-11-25 23:55:15,901 epoch=30	global_step=11700	acc=0.8047	acc_avg=0.8047	loss=0.6291	loss_avg=0.6291	lr=0.0500	|gn|=1.7151	time=29.75it/s
2025-11-25 23:55:18,512 epoch=30	global_step=11800	acc=0.8125	acc_avg=0.8066	loss=0.5782	loss_avg=0.5508	lr=0.0500	|gn|=1.6772	time=39.31it/s
2025-11-25 23:55:21,147 epoch=30	global_step=11900	acc=0.8281	acc_avg=0.8083	loss=0.5102	loss_avg=0.5504	lr=0.0500	|gn|=1.8549	time=41.46it/s
2025-11-25 23:55:23,803 epoch=30	global_step=12000	acc=0.8594	acc_avg=0.8072	loss=0.4320	loss_avg=0.5523	lr=0.0500	|gn|=1.5049	time=37.71it/s
2025-11-25 23:55:26,255 ====================Eval Epoch 30====================
2025-11-25 23:55:27,436 epoch=30	global_step=39	acc=0.8750	acc_avg=0.8068	acc5=1.0000	acc5_avg=0.9905	loss=0.2314	loss_avg=0.5752	time=241.73it/s
2025-11-25 23:55:27,436 Eval Loss:0.5752	Eval acc: 80.68
2025-11-25 23:55:27,437 
2025-11-25 23:55:27,437 ====================Training Epoch 31====================
2025-11-25 23:55:27,972 epoch=31	global_step=12100	acc=0.8438	acc_avg=0.8132	loss=0.4225	loss_avg=0.5171	lr=0.0474	|gn|=1.6016	time=37.24it/s
2025-11-25 23:55:30,709 epoch=31	global_step=12200	acc=0.8125	acc_avg=0.8167	loss=0.6122	loss_avg=0.5231	lr=0.0474	|gn|=2.0321	time=39.07it/s
2025-11-25 23:55:33,439 epoch=31	global_step=12300	acc=0.8047	acc_avg=0.8145	loss=0.6220	loss_avg=0.5303	lr=0.0474	|gn|=1.9300	time=37.47it/s
2025-11-25 23:55:36,254 epoch=31	global_step=12400	acc=0.8047	acc_avg=0.8130	loss=0.5465	loss_avg=0.5339	lr=0.0474	|gn|=1.8539	time=37.47it/s
2025-11-25 23:55:38,525 ====================Eval Epoch 31====================
2025-11-25 23:55:39,713 epoch=31	global_step=39	acc=0.8125	acc_avg=0.8076	acc5=1.0000	acc5_avg=0.9888	loss=0.3044	loss_avg=0.5781	time=244.30it/s
2025-11-25 23:55:39,714 Eval Loss:0.5781	Eval acc: 80.76
2025-11-25 23:55:39,714 
2025-11-25 23:55:39,714 ====================Training Epoch 32====================
2025-11-25 23:55:40,548 epoch=32	global_step=12500	acc=0.9062	acc_avg=0.8199	loss=0.3946	loss_avg=0.5118	lr=0.0448	|gn|=1.4564	time=35.89it/s
2025-11-25 23:55:43,372 epoch=32	global_step=12600	acc=0.8203	acc_avg=0.8241	loss=0.5095	loss_avg=0.5056	lr=0.0448	|gn|=1.9346	time=36.49it/s
2025-11-25 23:55:46,151 epoch=32	global_step=12700	acc=0.8125	acc_avg=0.8203	loss=0.5560	loss_avg=0.5159	lr=0.0448	|gn|=1.9057	time=36.18it/s
2025-11-25 23:55:48,960 epoch=32	global_step=12800	acc=0.7969	acc_avg=0.8204	loss=0.5052	loss_avg=0.5196	lr=0.0448	|gn|=1.8528	time=36.21it/s
2025-11-25 23:55:50,967 ====================Eval Epoch 32====================
2025-11-25 23:55:52,166 epoch=32	global_step=39	acc=0.9375	acc_avg=0.8299	acc5=1.0000	acc5_avg=0.9906	loss=0.2510	loss_avg=0.5050	time=244.62it/s
2025-11-25 23:55:52,166 Eval Loss:0.5050	Eval acc: 82.99
2025-11-25 23:55:52,166 
2025-11-25 23:55:52,167 ====================Training Epoch 33====================
2025-11-25 23:55:53,260 epoch=33	global_step=12900	acc=0.8516	acc_avg=0.8233	loss=0.4095	loss_avg=0.4915	lr=0.0422	|gn|=1.6655	time=37.09it/s
2025-11-25 23:55:55,862 epoch=33	global_step=13000	acc=0.8125	acc_avg=0.8252	loss=0.5175	loss_avg=0.4927	lr=0.0422	|gn|=1.9403	time=42.57it/s
2025-11-25 23:55:58,577 epoch=33	global_step=13100	acc=0.8203	acc_avg=0.8243	loss=0.5147	loss_avg=0.5022	lr=0.0422	|gn|=2.0142	time=37.53it/s
2025-11-25 23:56:01,276 epoch=33	global_step=13200	acc=0.8203	acc_avg=0.8242	loss=0.5454	loss_avg=0.5044	lr=0.0422	|gn|=1.8057	time=37.24it/s
2025-11-25 23:56:02,929 ====================Eval Epoch 33====================
2025-11-25 23:56:04,118 epoch=33	global_step=39	acc=0.8750	acc_avg=0.8205	acc5=1.0000	acc5_avg=0.9896	loss=0.3277	loss_avg=0.5379	time=248.43it/s
2025-11-25 23:56:04,118 Eval Loss:0.5379	Eval acc: 82.05
2025-11-25 23:56:04,119 
2025-11-25 23:56:04,119 ====================Training Epoch 34====================
2025-11-25 23:56:05,441 epoch=34	global_step=13300	acc=0.8203	acc_avg=0.8308	loss=0.4425	loss_avg=0.4737	lr=0.0396	|gn|=1.5992	time=38.16it/s
2025-11-25 23:56:08,051 epoch=34	global_step=13400	acc=0.8203	acc_avg=0.8321	loss=0.4907	loss_avg=0.4770	lr=0.0396	|gn|=2.1207	time=41.88it/s
2025-11-25 23:56:10,741 epoch=34	global_step=13500	acc=0.8203	acc_avg=0.8310	loss=0.4942	loss_avg=0.4857	lr=0.0396	|gn|=1.9586	time=38.00it/s
2025-11-25 23:56:13,488 epoch=34	global_step=13600	acc=0.8516	acc_avg=0.8280	loss=0.4695	loss_avg=0.4936	lr=0.0396	|gn|=1.7700	time=37.82it/s
2025-11-25 23:56:14,897 ====================Eval Epoch 34====================
2025-11-25 23:56:16,072 epoch=34	global_step=39	acc=0.9375	acc_avg=0.8194	acc5=1.0000	acc5_avg=0.9909	loss=0.1567	loss_avg=0.5438	time=245.14it/s
2025-11-25 23:56:16,072 Eval Loss:0.5438	Eval acc: 81.94
2025-11-25 23:56:16,072 
2025-11-25 23:56:16,072 ====================Training Epoch 35====================
2025-11-25 23:56:17,715 epoch=35	global_step=13700	acc=0.8359	acc_avg=0.8438	loss=0.3928	loss_avg=0.4453	lr=0.0371	|gn|=1.7535	time=36.43it/s
2025-11-25 23:56:20,380 epoch=35	global_step=13800	acc=0.8281	acc_avg=0.8380	loss=0.5131	loss_avg=0.4647	lr=0.0371	|gn|=2.1826	time=37.80it/s
2025-11-25 23:56:23,097 epoch=35	global_step=13900	acc=0.8203	acc_avg=0.8363	loss=0.3803	loss_avg=0.4734	lr=0.0371	|gn|=1.9053	time=37.52it/s
2025-11-25 23:56:25,853 epoch=35	global_step=14000	acc=0.8203	acc_avg=0.8356	loss=0.5086	loss_avg=0.4735	lr=0.0371	|gn|=2.1212	time=41.40it/s
2025-11-25 23:56:26,959 ====================Eval Epoch 35====================
2025-11-25 23:56:28,149 epoch=35	global_step=39	acc=0.8750	acc_avg=0.8202	acc5=1.0000	acc5_avg=0.9914	loss=0.2281	loss_avg=0.5480	time=243.30it/s
2025-11-25 23:56:28,149 Eval Loss:0.5480	Eval acc: 82.02
2025-11-25 23:56:28,149 
2025-11-25 23:56:28,149 ====================Training Epoch 36====================
2025-11-25 23:56:30,008 epoch=36	global_step=14100	acc=0.8672	acc_avg=0.8487	loss=0.4712	loss_avg=0.4413	lr=0.0345	|gn|=2.0911	time=42.24it/s
2025-11-25 23:56:32,571 epoch=36	global_step=14200	acc=0.8594	acc_avg=0.8475	loss=0.4387	loss_avg=0.4429	lr=0.0345	|gn|=2.1218	time=41.71it/s
2025-11-25 23:56:35,079 epoch=36	global_step=14300	acc=0.8672	acc_avg=0.8444	loss=0.4002	loss_avg=0.4486	lr=0.0345	|gn|=1.9967	time=40.62it/s
2025-11-25 23:56:37,659 epoch=36	global_step=14400	acc=0.8281	acc_avg=0.8406	loss=0.4963	loss_avg=0.4589	lr=0.0345	|gn|=2.2941	time=42.96it/s
2025-11-25 23:56:38,505 ====================Eval Epoch 36====================
2025-11-25 23:56:39,685 epoch=36	global_step=39	acc=0.9375	acc_avg=0.8232	acc5=1.0000	acc5_avg=0.9913	loss=0.1949	loss_avg=0.5236	time=245.94it/s
2025-11-25 23:56:39,685 Eval Loss:0.5236	Eval acc: 82.32
2025-11-25 23:56:39,685 
2025-11-25 23:56:39,685 ====================Training Epoch 37====================
2025-11-25 23:56:41,926 epoch=37	global_step=14500	acc=0.8359	acc_avg=0.8579	loss=0.4910	loss_avg=0.4078	lr=0.0321	|gn|=2.1810	time=36.54it/s
2025-11-25 23:56:44,600 epoch=37	global_step=14600	acc=0.8828	acc_avg=0.8530	loss=0.4039	loss_avg=0.4246	lr=0.0321	|gn|=2.0198	time=37.74it/s
2025-11-25 23:56:47,374 epoch=37	global_step=14700	acc=0.8359	acc_avg=0.8498	loss=0.3944	loss_avg=0.4341	lr=0.0321	|gn|=2.1623	time=36.40it/s
2025-11-25 23:56:50,143 epoch=37	global_step=14800	acc=0.8281	acc_avg=0.8463	loss=0.5573	loss_avg=0.4415	lr=0.0321	|gn|=2.1755	time=40.35it/s
2025-11-25 23:56:50,722 ====================Eval Epoch 37====================
2025-11-25 23:56:51,934 epoch=37	global_step=39	acc=0.7500	acc_avg=0.8323	acc5=1.0000	acc5_avg=0.9907	loss=0.5211	loss_avg=0.5065	time=241.80it/s
2025-11-25 23:56:51,935 Eval Loss:0.5065	Eval acc: 83.23
2025-11-25 23:56:51,935 
2025-11-25 23:56:51,935 ====================Training Epoch 38====================
2025-11-25 23:56:54,400 epoch=38	global_step=14900	acc=0.8906	acc_avg=0.8616	loss=0.3183	loss_avg=0.3984	lr=0.0297	|gn|=1.8593	time=37.56it/s
2025-11-25 23:56:57,136 epoch=38	global_step=15000	acc=0.9219	acc_avg=0.8573	loss=0.2673	loss_avg=0.4075	lr=0.0297	|gn|=1.6863	time=37.18it/s
2025-11-25 23:56:59,865 epoch=38	global_step=15100	acc=0.8516	acc_avg=0.8552	loss=0.3618	loss_avg=0.4130	lr=0.0297	|gn|=2.2279	time=37.98it/s
2025-11-25 23:57:02,594 epoch=38	global_step=15200	acc=0.8125	acc_avg=0.8533	loss=0.4886	loss_avg=0.4189	lr=0.0297	|gn|=2.7654	time=38.34it/s
2025-11-25 23:57:02,896 ====================Eval Epoch 38====================
2025-11-25 23:57:04,070 epoch=38	global_step=39	acc=0.8750	acc_avg=0.8311	acc5=1.0000	acc5_avg=0.9910	loss=0.4425	loss_avg=0.5288	time=240.57it/s
2025-11-25 23:57:04,071 Eval Loss:0.5288	Eval acc: 83.11
2025-11-25 23:57:04,071 
2025-11-25 23:57:04,071 ====================Training Epoch 39====================
2025-11-25 23:57:06,731 epoch=39	global_step=15300	acc=0.8203	acc_avg=0.8644	loss=0.4590	loss_avg=0.3925	lr=0.0273	|gn|=2.5524	time=38.14it/s
2025-11-25 23:57:09,311 epoch=39	global_step=15400	acc=0.8672	acc_avg=0.8606	loss=0.3454	loss_avg=0.3947	lr=0.0273	|gn|=2.2420	time=41.30it/s
2025-11-25 23:57:11,901 epoch=39	global_step=15500	acc=0.8516	acc_avg=0.8599	loss=0.4775	loss_avg=0.3976	lr=0.0273	|gn|=2.3972	time=40.72it/s
2025-11-25 23:57:14,529 ====================Eval Epoch 39====================
2025-11-25 23:57:15,698 epoch=39	global_step=39	acc=0.7500	acc_avg=0.8356	acc5=1.0000	acc5_avg=0.9926	loss=0.4244	loss_avg=0.5065	time=243.42it/s
2025-11-25 23:57:15,698 Eval Loss:0.5065	Eval acc: 83.56
2025-11-25 23:57:15,699 
2025-11-25 23:57:15,699 ====================Training Epoch 40====================
2025-11-25 23:57:15,970 epoch=40	global_step=15600	acc=0.8750	acc_avg=0.8750	loss=0.3441	loss_avg=0.3441	lr=0.0250	|gn|=2.2701	time=25.36it/s
2025-11-25 23:57:18,631 epoch=40	global_step=15700	acc=0.8906	acc_avg=0.8753	loss=0.2935	loss_avg=0.3548	lr=0.0250	|gn|=2.1299	time=37.65it/s
2025-11-25 23:57:21,272 epoch=40	global_step=15800	acc=0.8594	acc_avg=0.8705	loss=0.3683	loss_avg=0.3693	lr=0.0250	|gn|=2.4311	time=40.97it/s
2025-11-25 23:57:23,984 epoch=40	global_step=15900	acc=0.8438	acc_avg=0.8669	loss=0.3984	loss_avg=0.3780	lr=0.0250	|gn|=2.2610	time=40.46it/s
2025-11-25 23:57:26,435 ====================Eval Epoch 40====================
2025-11-25 23:57:27,637 epoch=40	global_step=39	acc=0.8125	acc_avg=0.8390	acc5=1.0000	acc5_avg=0.9917	loss=0.4992	loss_avg=0.5047	time=244.45it/s
2025-11-25 23:57:27,638 Eval Loss:0.5047	Eval acc: 83.90
2025-11-25 23:57:27,638 
2025-11-25 23:57:27,638 ====================Training Epoch 41====================
2025-11-25 23:57:28,185 epoch=41	global_step=16000	acc=0.8750	acc_avg=0.8757	loss=0.3643	loss_avg=0.3474	lr=0.0228	|gn|=2.6014	time=36.69it/s
2025-11-25 23:57:30,903 epoch=41	global_step=16100	acc=0.8281	acc_avg=0.8797	loss=0.4993	loss_avg=0.3515	lr=0.0228	|gn|=2.9386	time=38.14it/s
2025-11-25 23:57:33,655 epoch=41	global_step=16200	acc=0.8594	acc_avg=0.8761	loss=0.3728	loss_avg=0.3537	lr=0.0228	|gn|=2.4736	time=37.38it/s
2025-11-25 23:57:36,402 epoch=41	global_step=16300	acc=0.9062	acc_avg=0.8754	loss=0.3452	loss_avg=0.3564	lr=0.0228	|gn|=2.6065	time=38.24it/s
2025-11-25 23:57:38,525 ====================Eval Epoch 41====================
2025-11-25 23:57:39,721 epoch=41	global_step=39	acc=0.8750	acc_avg=0.8359	acc5=1.0000	acc5_avg=0.9916	loss=0.5029	loss_avg=0.5129	time=241.40it/s
2025-11-25 23:57:39,722 Eval Loss:0.5129	Eval acc: 83.59
2025-11-25 23:57:39,722 
2025-11-25 23:57:39,722 ====================Training Epoch 42====================
2025-11-25 23:57:40,522 epoch=42	global_step=16400	acc=0.9297	acc_avg=0.8906	loss=0.2184	loss_avg=0.3332	lr=0.0206	|gn|=1.7601	time=39.56it/s
2025-11-25 23:57:43,164 epoch=42	global_step=16500	acc=0.8828	acc_avg=0.8851	loss=0.3574	loss_avg=0.3358	lr=0.0206	|gn|=2.3054	time=41.49it/s
2025-11-25 23:57:45,861 epoch=42	global_step=16600	acc=0.8281	acc_avg=0.8818	loss=0.3956	loss_avg=0.3396	lr=0.0206	|gn|=2.8502	time=37.72it/s
2025-11-25 23:57:48,530 epoch=42	global_step=16700	acc=0.9141	acc_avg=0.8819	loss=0.2970	loss_avg=0.3396	lr=0.0206	|gn|=2.3089	time=35.96it/s
2025-11-25 23:57:50,494 ====================Eval Epoch 42====================
2025-11-25 23:57:51,659 epoch=42	global_step=39	acc=0.8125	acc_avg=0.8387	acc5=1.0000	acc5_avg=0.9901	loss=0.4020	loss_avg=0.5216	time=243.68it/s
2025-11-25 23:57:51,660 Eval Loss:0.5216	Eval acc: 83.87
2025-11-25 23:57:51,660 
2025-11-25 23:57:51,660 ====================Training Epoch 43====================
2025-11-25 23:57:52,716 epoch=43	global_step=16800	acc=0.9219	acc_avg=0.8994	loss=0.2578	loss_avg=0.3012	lr=0.0185	|gn|=1.9937	time=37.31it/s
2025-11-25 23:57:55,312 epoch=43	global_step=16900	acc=0.8906	acc_avg=0.8947	loss=0.2918	loss_avg=0.3002	lr=0.0185	|gn|=2.5623	time=42.99it/s
2025-11-25 23:57:57,901 epoch=43	global_step=17000	acc=0.9219	acc_avg=0.8923	loss=0.2334	loss_avg=0.3078	lr=0.0185	|gn|=1.9504	time=37.57it/s
2025-11-25 23:58:00,506 epoch=43	global_step=17100	acc=0.8828	acc_avg=0.8911	loss=0.3165	loss_avg=0.3125	lr=0.0185	|gn|=2.5814	time=39.13it/s
2025-11-25 23:58:02,147 ====================Eval Epoch 43====================
2025-11-25 23:58:03,334 epoch=43	global_step=39	acc=0.8750	acc_avg=0.8496	acc5=1.0000	acc5_avg=0.9924	loss=0.3503	loss_avg=0.4739	time=243.35it/s
2025-11-25 23:58:03,335 Eval Loss:0.4739	Eval acc: 84.96
2025-11-25 23:58:03,335 
2025-11-25 23:58:03,335 ====================Training Epoch 44====================
2025-11-25 23:58:04,745 epoch=44	global_step=17200	acc=0.8750	acc_avg=0.8977	loss=0.3059	loss_avg=0.2876	lr=0.0165	|gn|=2.8329	time=35.59it/s
2025-11-25 23:58:07,461 epoch=44	global_step=17300	acc=0.8906	acc_avg=0.9008	loss=0.3362	loss_avg=0.2844	lr=0.0165	|gn|=2.6985	time=38.03it/s
2025-11-25 23:58:10,218 epoch=44	global_step=17400	acc=0.8984	acc_avg=0.8986	loss=0.3137	loss_avg=0.2915	lr=0.0165	|gn|=3.0627	time=37.74it/s
2025-11-25 23:58:13,025 epoch=44	global_step=17500	acc=0.8750	acc_avg=0.8977	loss=0.3157	loss_avg=0.2946	lr=0.0165	|gn|=3.0066	time=37.65it/s
2025-11-25 23:58:14,449 ====================Eval Epoch 44====================
2025-11-25 23:58:15,633 epoch=44	global_step=39	acc=0.8125	acc_avg=0.8437	acc5=1.0000	acc5_avg=0.9922	loss=0.5028	loss_avg=0.5014	time=243.01it/s
2025-11-25 23:58:15,633 Eval Loss:0.5014	Eval acc: 84.37
2025-11-25 23:58:15,633 
2025-11-25 23:58:15,634 ====================Training Epoch 45====================
2025-11-25 23:58:17,246 epoch=45	global_step=17600	acc=0.9375	acc_avg=0.9145	loss=0.1863	loss_avg=0.2521	lr=0.0146	|gn|=2.3136	time=37.16it/s
2025-11-25 23:58:20,017 epoch=45	global_step=17700	acc=0.8828	acc_avg=0.9119	loss=0.3400	loss_avg=0.2579	lr=0.0146	|gn|=2.8950	time=37.97it/s
2025-11-25 23:58:22,797 epoch=45	global_step=17800	acc=0.8828	acc_avg=0.9085	loss=0.2924	loss_avg=0.2636	lr=0.0146	|gn|=2.6086	time=36.93it/s
2025-11-25 23:58:25,599 epoch=45	global_step=17900	acc=0.9219	acc_avg=0.9079	loss=0.2221	loss_avg=0.2650	lr=0.0146	|gn|=2.4939	time=36.25it/s
2025-11-25 23:58:26,756 ====================Eval Epoch 45====================
2025-11-25 23:58:27,937 epoch=45	global_step=39	acc=0.8750	acc_avg=0.8453	acc5=1.0000	acc5_avg=0.9933	loss=0.3701	loss_avg=0.4935	time=244.30it/s
2025-11-25 23:58:27,938 Eval Loss:0.4935	Eval acc: 84.53
2025-11-25 23:58:27,938 
2025-11-25 23:58:27,938 ====================Training Epoch 46====================
2025-11-25 23:58:29,799 epoch=46	global_step=18000	acc=0.9297	acc_avg=0.9200	loss=0.1939	loss_avg=0.2323	lr=0.0128	|gn|=2.4787	time=38.27it/s
2025-11-25 23:58:32,363 epoch=46	global_step=18100	acc=0.9062	acc_avg=0.9178	loss=0.2404	loss_avg=0.2337	lr=0.0128	|gn|=2.8709	time=42.73it/s
2025-11-25 23:58:34,957 epoch=46	global_step=18200	acc=0.9219	acc_avg=0.9181	loss=0.2624	loss_avg=0.2370	lr=0.0128	|gn|=2.7267	time=36.91it/s
2025-11-25 23:58:37,720 epoch=46	global_step=18300	acc=0.9062	acc_avg=0.9157	loss=0.2287	loss_avg=0.2423	lr=0.0128	|gn|=3.0442	time=37.54it/s
2025-11-25 23:58:38,583 ====================Eval Epoch 46====================
2025-11-25 23:58:39,781 epoch=46	global_step=39	acc=0.8125	acc_avg=0.8522	acc5=1.0000	acc5_avg=0.9924	loss=0.4513	loss_avg=0.4740	time=244.49it/s
2025-11-25 23:58:39,781 Eval Loss:0.4740	Eval acc: 85.22
2025-11-25 23:58:39,782 
2025-11-25 23:58:39,782 ====================Training Epoch 47====================
2025-11-25 23:58:41,984 epoch=47	global_step=18400	acc=0.9141	acc_avg=0.9173	loss=0.1866	loss_avg=0.2294	lr=0.0111	|gn|=2.3883	time=40.04it/s
2025-11-25 23:58:44,686 epoch=47	global_step=18500	acc=0.9141	acc_avg=0.9233	loss=0.2293	loss_avg=0.2190	lr=0.0111	|gn|=2.7857	time=36.68it/s
2025-11-25 23:58:47,420 epoch=47	global_step=18600	acc=0.8906	acc_avg=0.9231	loss=0.3155	loss_avg=0.2204	lr=0.0111	|gn|=3.2185	time=37.44it/s
2025-11-25 23:58:50,167 epoch=47	global_step=18700	acc=0.9219	acc_avg=0.9220	loss=0.1788	loss_avg=0.2223	lr=0.0111	|gn|=2.7007	time=37.96it/s
2025-11-25 23:58:50,745 ====================Eval Epoch 47====================
2025-11-25 23:58:51,925 epoch=47	global_step=39	acc=0.8750	acc_avg=0.8500	acc5=1.0000	acc5_avg=0.9925	loss=0.4999	loss_avg=0.5021	time=242.35it/s
2025-11-25 23:58:51,925 Eval Loss:0.5021	Eval acc: 85.00
2025-11-25 23:58:51,926 
2025-11-25 23:58:51,926 ====================Training Epoch 48====================
2025-11-25 23:58:54,299 epoch=48	global_step=18800	acc=0.9531	acc_avg=0.9372	loss=0.1374	loss_avg=0.1822	lr=0.0095	|gn|=2.4012	time=39.06it/s
2025-11-25 23:58:56,957 epoch=48	global_step=18900	acc=0.9609	acc_avg=0.9367	loss=0.1494	loss_avg=0.1836	lr=0.0095	|gn|=2.6178	time=41.92it/s
2025-11-25 23:58:59,663 epoch=48	global_step=19000	acc=0.9297	acc_avg=0.9341	loss=0.2190	loss_avg=0.1892	lr=0.0095	|gn|=3.2668	time=37.69it/s
2025-11-25 23:59:02,388 epoch=48	global_step=19100	acc=0.9375	acc_avg=0.9318	loss=0.2057	loss_avg=0.1944	lr=0.0095	|gn|=2.9759	time=40.49it/s
2025-11-25 23:59:02,687 ====================Eval Epoch 48====================
2025-11-25 23:59:03,863 epoch=48	global_step=39	acc=0.9375	acc_avg=0.8530	acc5=1.0000	acc5_avg=0.9933	loss=0.3792	loss_avg=0.4939	time=242.89it/s
2025-11-25 23:59:03,864 Eval Loss:0.4939	Eval acc: 85.30
2025-11-25 23:59:03,864 
2025-11-25 23:59:03,864 ====================Training Epoch 49====================
2025-11-25 23:59:06,511 epoch=49	global_step=19200	acc=0.9453	acc_avg=0.9450	loss=0.2057	loss_avg=0.1653	lr=0.0081	|gn|=2.8402	time=37.03it/s
2025-11-25 23:59:09,243 epoch=49	global_step=19300	acc=0.8984	acc_avg=0.9440	loss=0.2239	loss_avg=0.1667	lr=0.0081	|gn|=3.4002	time=36.64it/s
2025-11-25 23:59:11,970 epoch=49	global_step=19400	acc=0.9531	acc_avg=0.9424	loss=0.1520	loss_avg=0.1688	lr=0.0081	|gn|=2.6233	time=39.23it/s
2025-11-25 23:59:14,708 ====================Eval Epoch 49====================
2025-11-25 23:59:15,892 epoch=49	global_step=39	acc=0.9375	acc_avg=0.8590	acc5=1.0000	acc5_avg=0.9930	loss=0.3732	loss_avg=0.4852	time=245.24it/s
2025-11-25 23:59:15,892 Eval Loss:0.4852	Eval acc: 85.90
2025-11-25 23:59:15,892 
2025-11-25 23:59:15,892 ====================Training Epoch 50====================
2025-11-25 23:59:16,171 epoch=50	global_step=19500	acc=0.9297	acc_avg=0.9297	loss=0.1424	loss_avg=0.1424	lr=0.0067	|gn|=2.8867	time=29.92it/s
2025-11-25 23:59:18,819 epoch=50	global_step=19600	acc=0.9453	acc_avg=0.9502	loss=0.1495	loss_avg=0.1484	lr=0.0067	|gn|=2.9171	time=39.31it/s
2025-11-25 23:59:21,563 epoch=50	global_step=19700	acc=0.9141	acc_avg=0.9497	loss=0.2222	loss_avg=0.1486	lr=0.0067	|gn|=3.4448	time=35.90it/s
2025-11-25 23:59:24,279 epoch=50	global_step=19800	acc=0.9375	acc_avg=0.9500	loss=0.1753	loss_avg=0.1482	lr=0.0067	|gn|=3.0243	time=37.74it/s
2025-11-25 23:59:26,735 ====================Eval Epoch 50====================
2025-11-25 23:59:27,913 epoch=50	global_step=39	acc=0.8125	acc_avg=0.8579	acc5=1.0000	acc5_avg=0.9912	loss=0.5923	loss_avg=0.5062	time=242.45it/s
2025-11-25 23:59:27,913 Eval Loss:0.5062	Eval acc: 85.79
2025-11-25 23:59:27,913 
2025-11-25 23:59:27,913 ====================Training Epoch 51====================
2025-11-25 23:59:28,430 epoch=51	global_step=19900	acc=0.9609	acc_avg=0.9673	loss=0.1457	loss_avg=0.1059	lr=0.0054	|gn|=2.5023	time=40.89it/s
2025-11-25 23:59:31,169 epoch=51	global_step=20000	acc=0.9453	acc_avg=0.9561	loss=0.1463	loss_avg=0.1277	lr=0.0054	|gn|=2.9517	time=38.10it/s
2025-11-25 23:59:33,897 epoch=51	global_step=20100	acc=0.9531	acc_avg=0.9580	loss=0.1741	loss_avg=0.1250	lr=0.0054	|gn|=3.0965	time=37.95it/s
2025-11-25 23:59:36,659 epoch=51	global_step=20200	acc=0.9766	acc_avg=0.9568	loss=0.1372	loss_avg=0.1282	lr=0.0054	|gn|=2.3815	time=35.78it/s
2025-11-25 23:59:38,898 ====================Eval Epoch 51====================
2025-11-25 23:59:40,081 epoch=51	global_step=39	acc=0.8125	acc_avg=0.8643	acc5=1.0000	acc5_avg=0.9907	loss=0.7328	loss_avg=0.5035	time=241.29it/s
2025-11-25 23:59:40,081 Eval Loss:0.5035	Eval acc: 86.43
2025-11-25 23:59:40,081 
2025-11-25 23:59:40,081 ====================Training Epoch 52====================
2025-11-25 23:59:40,874 epoch=52	global_step=20300	acc=0.9453	acc_avg=0.9598	loss=0.1915	loss_avg=0.1206	lr=0.0043	|gn|=3.3399	time=42.18it/s
2025-11-25 23:59:43,533 epoch=52	global_step=20400	acc=0.9766	acc_avg=0.9610	loss=0.1014	loss_avg=0.1160	lr=0.0043	|gn|=2.6137	time=40.18it/s
2025-11-25 23:59:46,239 epoch=52	global_step=20500	acc=0.9609	acc_avg=0.9618	loss=0.1288	loss_avg=0.1143	lr=0.0043	|gn|=3.0908	time=37.40it/s
2025-11-25 23:59:48,938 epoch=52	global_step=20600	acc=0.9688	acc_avg=0.9628	loss=0.0916	loss_avg=0.1119	lr=0.0043	|gn|=2.5573	time=37.88it/s
2025-11-25 23:59:50,867 ====================Eval Epoch 52====================
2025-11-25 23:59:52,063 epoch=52	global_step=39	acc=0.9375	acc_avg=0.8646	acc5=1.0000	acc5_avg=0.9929	loss=0.3352	loss_avg=0.4925	time=241.75it/s
2025-11-25 23:59:52,063 Eval Loss:0.4925	Eval acc: 86.46
2025-11-25 23:59:52,064 
2025-11-25 23:59:52,064 ====================Training Epoch 53====================
2025-11-25 23:59:53,123 epoch=53	global_step=20700	acc=0.9922	acc_avg=0.9690	loss=0.0485	loss_avg=0.1014	lr=0.0033	|gn|=1.6852	time=38.31it/s
2025-11-25 23:59:55,809 epoch=53	global_step=20800	acc=0.9766	acc_avg=0.9690	loss=0.0959	loss_avg=0.0965	lr=0.0033	|gn|=2.2371	time=38.14it/s
2025-11-25 23:59:58,466 epoch=53	global_step=20900	acc=0.9531	acc_avg=0.9691	loss=0.1436	loss_avg=0.0950	lr=0.0033	|gn|=3.1922	time=37.21it/s
2025-11-26 00:00:01,158 epoch=53	global_step=21000	acc=0.9766	acc_avg=0.9693	loss=0.0631	loss_avg=0.0953	lr=0.0033	|gn|=1.9112	time=38.57it/s
2025-11-26 00:00:02,848 ====================Eval Epoch 53====================
2025-11-26 00:00:04,062 epoch=53	global_step=39	acc=0.8750	acc_avg=0.8633	acc5=1.0000	acc5_avg=0.9929	loss=0.5471	loss_avg=0.5065	time=243.36it/s
2025-11-26 00:00:04,062 Eval Loss:0.5065	Eval acc: 86.33
2025-11-26 00:00:04,062 
2025-11-26 00:00:04,062 ====================Training Epoch 54====================
2025-11-26 00:00:05,448 epoch=54	global_step=21100	acc=0.9609	acc_avg=0.9691	loss=0.1215	loss_avg=0.0890	lr=0.0024	|gn|=3.0818	time=37.49it/s
2025-11-26 00:00:08,087 epoch=54	global_step=21200	acc=0.9531	acc_avg=0.9726	loss=0.1416	loss_avg=0.0850	lr=0.0024	|gn|=3.0845	time=39.79it/s
2025-11-26 00:00:10,669 epoch=54	global_step=21300	acc=0.9766	acc_avg=0.9734	loss=0.0655	loss_avg=0.0836	lr=0.0024	|gn|=2.2332	time=43.67it/s
2025-11-26 00:00:13,382 epoch=54	global_step=21400	acc=0.9688	acc_avg=0.9733	loss=0.1353	loss_avg=0.0851	lr=0.0024	|gn|=2.7945	time=37.66it/s
2025-11-26 00:00:14,786 ====================Eval Epoch 54====================
2025-11-26 00:00:15,963 epoch=54	global_step=39	acc=0.9375	acc_avg=0.8715	acc5=1.0000	acc5_avg=0.9930	loss=0.3491	loss_avg=0.4863	time=238.50it/s
2025-11-26 00:00:15,964 Eval Loss:0.4863	Eval acc: 87.15
2025-11-26 00:00:15,964 
2025-11-26 00:00:15,964 ====================Training Epoch 55====================
2025-11-26 00:00:17,656 epoch=55	global_step=21500	acc=0.9844	acc_avg=0.9766	loss=0.0607	loss_avg=0.0745	lr=0.0017	|gn|=2.0144	time=37.16it/s
2025-11-26 00:00:20,436 epoch=55	global_step=21600	acc=0.9766	acc_avg=0.9785	loss=0.0862	loss_avg=0.0697	lr=0.0017	|gn|=2.7483	time=37.88it/s
2025-11-26 00:00:23,217 epoch=55	global_step=21700	acc=0.9531	acc_avg=0.9779	loss=0.0610	loss_avg=0.0702	lr=0.0017	|gn|=2.7905	time=36.25it/s
2025-11-26 00:00:26,018 epoch=55	global_step=21800	acc=0.9844	acc_avg=0.9781	loss=0.0815	loss_avg=0.0699	lr=0.0017	|gn|=2.0645	time=37.49it/s
2025-11-26 00:00:27,158 ====================Eval Epoch 55====================
2025-11-26 00:00:28,350 epoch=55	global_step=39	acc=0.8750	acc_avg=0.8675	acc5=1.0000	acc5_avg=0.9929	loss=0.3954	loss_avg=0.4872	time=244.84it/s
2025-11-26 00:00:28,351 Eval Loss:0.4872	Eval acc: 86.75
2025-11-26 00:00:28,351 
2025-11-26 00:00:28,351 ====================Training Epoch 56====================
2025-11-26 00:00:30,312 epoch=56	global_step=21900	acc=0.9688	acc_avg=0.9799	loss=0.1085	loss_avg=0.0656	lr=0.0011	|gn|=3.0887	time=37.19it/s
2025-11-26 00:00:33,027 epoch=56	global_step=22000	acc=0.9844	acc_avg=0.9787	loss=0.0449	loss_avg=0.0674	lr=0.0011	|gn|=1.9554	time=42.21it/s
2025-11-26 00:00:35,756 epoch=56	global_step=22100	acc=0.9766	acc_avg=0.9798	loss=0.0573	loss_avg=0.0651	lr=0.0011	|gn|=2.2036	time=37.49it/s
2025-11-26 00:00:38,522 epoch=56	global_step=22200	acc=0.9766	acc_avg=0.9799	loss=0.0918	loss_avg=0.0645	lr=0.0011	|gn|=2.2979	time=37.75it/s
2025-11-26 00:00:39,372 ====================Eval Epoch 56====================
2025-11-26 00:00:40,553 epoch=56	global_step=39	acc=0.8750	acc_avg=0.8676	acc5=1.0000	acc5_avg=0.9932	loss=0.4413	loss_avg=0.4939	time=241.55it/s
2025-11-26 00:00:40,553 Eval Loss:0.4939	Eval acc: 86.76
2025-11-26 00:00:40,554 
2025-11-26 00:00:40,554 ====================Training Epoch 57====================
2025-11-26 00:00:42,690 epoch=57	global_step=22300	acc=0.9766	acc_avg=0.9807	loss=0.0640	loss_avg=0.0637	lr=0.0006	|gn|=2.3147	time=37.51it/s
2025-11-26 00:00:45,385 epoch=57	global_step=22400	acc=0.9844	acc_avg=0.9809	loss=0.0562	loss_avg=0.0611	lr=0.0006	|gn|=2.3858	time=37.63it/s
2025-11-26 00:00:47,933 epoch=57	global_step=22500	acc=0.9844	acc_avg=0.9815	loss=0.0492	loss_avg=0.0617	lr=0.0006	|gn|=2.1884	time=42.71it/s
2025-11-26 00:00:50,464 epoch=57	global_step=22600	acc=0.9922	acc_avg=0.9819	loss=0.0315	loss_avg=0.0608	lr=0.0006	|gn|=1.4870	time=43.05it/s
2025-11-26 00:00:51,033 ====================Eval Epoch 57====================
2025-11-26 00:00:52,219 epoch=57	global_step=39	acc=0.8750	acc_avg=0.8698	acc5=1.0000	acc5_avg=0.9919	loss=0.4196	loss_avg=0.4865	time=240.84it/s
2025-11-26 00:00:52,220 Eval Loss:0.4865	Eval acc: 86.98
2025-11-26 00:00:52,220 
2025-11-26 00:00:52,220 ====================Training Epoch 58====================
2025-11-26 00:00:54,622 epoch=58	global_step=22700	acc=0.9922	acc_avg=0.9810	loss=0.0505	loss_avg=0.0599	lr=0.0003	|gn|=1.8593	time=37.23it/s
2025-11-26 00:00:57,284 epoch=58	global_step=22800	acc=0.9844	acc_avg=0.9823	loss=0.0525	loss_avg=0.0577	lr=0.0003	|gn|=1.9854	time=40.81it/s
2025-11-26 00:00:59,939 epoch=58	global_step=22900	acc=0.9922	acc_avg=0.9814	loss=0.0438	loss_avg=0.0589	lr=0.0003	|gn|=1.7379	time=40.50it/s
2025-11-26 00:01:02,601 epoch=58	global_step=23000	acc=1.0000	acc_avg=0.9821	loss=0.0251	loss_avg=0.0585	lr=0.0003	|gn|=1.0949	time=38.38it/s
2025-11-26 00:01:02,901 ====================Eval Epoch 58====================
2025-11-26 00:01:04,082 epoch=58	global_step=39	acc=0.8750	acc_avg=0.8708	acc5=1.0000	acc5_avg=0.9929	loss=0.4169	loss_avg=0.4854	time=241.29it/s
2025-11-26 00:01:04,082 Eval Loss:0.4854	Eval acc: 87.08
2025-11-26 00:01:04,083 
2025-11-26 00:01:04,083 ====================Training Epoch 59====================
2025-11-26 00:01:06,717 epoch=59	global_step=23100	acc=0.9922	acc_avg=0.9813	loss=0.0448	loss_avg=0.0600	lr=0.0001	|gn|=1.8977	time=41.31it/s
2025-11-26 00:01:09,365 epoch=59	global_step=23200	acc=0.9922	acc_avg=0.9825	loss=0.0545	loss_avg=0.0571	lr=0.0001	|gn|=2.1769	time=41.04it/s
2025-11-26 00:01:11,983 epoch=59	global_step=23300	acc=0.9844	acc_avg=0.9824	loss=0.0487	loss_avg=0.0576	lr=0.0001	|gn|=2.0952	time=41.05it/s
2025-11-26 00:01:14,652 ====================Eval Epoch 59====================
2025-11-26 00:01:15,835 epoch=59	global_step=39	acc=0.8750	acc_avg=0.8725	acc5=1.0000	acc5_avg=0.9920	loss=0.5046	loss_avg=0.4832	time=240.68it/s
2025-11-26 00:01:15,835 Eval Loss:0.4832	Eval acc: 87.25
2025-11-26 00:01:15,837 Running Cost 0.01 Days 

