2025-11-25 23:49:08,337 PyTorch Version: 2.6.0
2025-11-25 23:49:08,362 GPU List: ['NVIDIA L40S']
2025-11-25 23:49:08,368 num_classes: 10
2025-11-25 23:49:08,368 epochs: 60
2025-11-25 23:49:08,368 grad_clip: 5.0
2025-11-25 23:49:08,368 log_frequency: 100
2025-11-25 23:49:08,368 model: {'name': 'ResNet18', 'num_classes': 10}
2025-11-25 23:49:08,368 criterion: {'name': 'CrossEntropyLoss'}
2025-11-25 23:49:08,368 optimizer: {'name': 'SGD', 'lr': 0.1, 'weight_decay': 0.0005, 'momentum': 0.9}
2025-11-25 23:49:08,368 scheduler: {'name': 'CosineAnnealingLR', 'T_max': 60, 'eta_min': 0.0}
2025-11-25 23:49:08,368 dataset: {'name': 'DatasetGenerator', 'train_batch_size': 512, 'eval_batch_size': 512}
2025-11-25 23:49:08,370 seed: 0
2025-11-25 23:49:08,370 version: resnet18
2025-11-25 23:49:08,370 exp_name: experiment/classwise/model_training2025-11-25 23:49:08.332933
2025-11-25 23:49:08,370 config_path: configs/cifar10
2025-11-25 23:49:08,371 load_model: False
2025-11-25 23:49:08,371 data_parallel: False
2025-11-25 23:49:08,371 train: True
2025-11-25 23:49:08,371 save_frequency: -1
2025-11-25 23:49:08,371 train_face: False
2025-11-25 23:49:08,371 train_portion: 1.0
2025-11-25 23:49:08,371 train_batch_size: 128
2025-11-25 23:49:08,371 eval_batch_size: 256
2025-11-25 23:49:08,371 num_of_workers: 6
2025-11-25 23:49:08,371 train_data_type: CIFAR10
2025-11-25 23:49:08,371 test_data_type: CIFAR10
2025-11-25 23:49:08,371 train_data_path: ../dataset
2025-11-25 23:49:08,371 test_data_path: ../dataset
2025-11-25 23:49:08,371 perturb_type: classwise
2025-11-25 23:49:08,371 patch_location: center
2025-11-25 23:49:08,371 poison_rate: 1.0
2025-11-25 23:49:08,371 perturb_tensor_filepath: None
2025-11-25 23:49:08,371 generator_filepath: ./LSP/cifar10_samplewise_saved_perturbation.pt
2025-11-25 23:49:08,371 use_generator: False
2025-11-25 23:49:08,371 gue: False
2025-11-25 23:49:08,371 filter_type: low
2025-11-25 23:49:08,371 cutoff: 0.5
2025-11-25 23:49:08,371 image_size: 32
2025-11-25 23:49:08,371 img_denoise: 50
2025-11-25 23:49:08,371 jpeg_defense: True
2025-11-25 23:49:14,798 Training Dataset: Dataset CIFAR10
    Number of datapoints: 50000
    Root location: ../dataset
    Split: Train
    StandardTransform
Transform: Compose(
               RandomCrop(size=(32, 32), padding=4)
               RandomHorizontalFlip(p=0.5)
               RandomRotation(degrees=[-10.0, 10.0], interpolation=nearest, expand=False, fill=0)
               ToTensor()
           )
2025-11-25 23:49:14,798 Test Dataset: Dataset CIFAR10
    Number of datapoints: 10000
    Root location: ../dataset
    Split: Test
    StandardTransform
Transform: Compose(
               ToTensor()
           )
2025-11-25 23:49:15,108 param size = 13.682862MB
2025-11-25 23:49:15,110 
2025-11-25 23:49:15,110 ====================Training Epoch 0====================
------Using JPEG compression as defense for clean CIFAR10 train------
train_dataset
2025-11-25 23:49:16,809 epoch=0	global_step=0	acc=0.1094	acc_avg=0.1094	loss=2.4238	loss_avg=2.4238	lr=0.1000	|gn|=7.0934	time=0.80it/s
2025-11-25 23:49:19,369 epoch=0	global_step=100	acc=0.2656	acc_avg=0.2282	loss=1.7902	loss_avg=2.1779	lr=0.1000	|gn|=0.8350	time=42.92it/s
2025-11-25 23:49:21,857 epoch=0	global_step=200	acc=0.3281	acc_avg=0.2862	loss=1.7523	loss_avg=1.9585	lr=0.1000	|gn|=0.8603	time=40.79it/s
2025-11-25 23:49:24,381 epoch=0	global_step=300	acc=0.3984	acc_avg=0.3210	loss=1.6301	loss_avg=1.8503	lr=0.1000	|gn|=0.8274	time=40.91it/s
2025-11-25 23:49:26,649 ====================Eval Epoch 0====================
2025-11-25 23:49:27,966 epoch=0	global_step=39	acc=0.5625	acc_avg=0.4036	acc5=1.0000	acc5_avg=0.8954	loss=1.1671	loss_avg=1.6573	time=15.92it/s
2025-11-25 23:49:27,966 Eval Loss:1.6573	Eval acc: 40.36
2025-11-25 23:49:27,966 
2025-11-25 23:49:27,966 ====================Training Epoch 1====================
2025-11-25 23:49:28,447 epoch=1	global_step=400	acc=0.4922	acc_avg=0.4226	loss=1.4037	loss_avg=1.5379	lr=0.0999	|gn|=0.7715	time=41.80it/s
2025-11-25 23:49:30,883 epoch=1	global_step=500	acc=0.4531	acc_avg=0.4532	loss=1.5073	loss_avg=1.4965	lr=0.0999	|gn|=0.9414	time=40.71it/s
2025-11-25 23:49:33,317 epoch=1	global_step=600	acc=0.4609	acc_avg=0.4585	loss=1.4694	loss_avg=1.4753	lr=0.0999	|gn|=1.0840	time=44.05it/s
2025-11-25 23:49:35,683 epoch=1	global_step=700	acc=0.5469	acc_avg=0.4713	loss=1.3301	loss_avg=1.4480	lr=0.0999	|gn|=1.0186	time=45.68it/s
2025-11-25 23:49:37,626 ====================Eval Epoch 1====================
2025-11-25 23:49:38,716 epoch=1	global_step=39	acc=0.3750	acc_avg=0.5447	acc5=0.9375	acc5_avg=0.9513	loss=1.2475	loss_avg=1.2581	time=283.23it/s
2025-11-25 23:49:38,717 Eval Loss:1.2581	Eval acc: 54.47
2025-11-25 23:49:38,717 
2025-11-25 23:49:38,717 ====================Training Epoch 2====================
2025-11-25 23:49:39,426 epoch=2	global_step=800	acc=0.4453	acc_avg=0.5231	loss=1.5045	loss_avg=1.3111	lr=0.0997	|gn|=1.0969	time=44.54it/s
2025-11-25 23:49:41,849 epoch=2	global_step=900	acc=0.6094	acc_avg=0.5360	loss=1.1225	loss_avg=1.2848	lr=0.0997	|gn|=0.9060	time=44.04it/s
2025-11-25 23:49:44,292 epoch=2	global_step=1000	acc=0.5859	acc_avg=0.5427	loss=1.2652	loss_avg=1.2661	lr=0.0997	|gn|=1.1207	time=41.22it/s
2025-11-25 23:49:46,825 epoch=2	global_step=1100	acc=0.5547	acc_avg=0.5512	loss=1.2491	loss_avg=1.2427	lr=0.0997	|gn|=1.0984	time=40.50it/s
2025-11-25 23:49:48,619 ====================Eval Epoch 2====================
2025-11-25 23:49:49,691 epoch=2	global_step=39	acc=0.4375	acc_avg=0.6037	acc5=1.0000	acc5_avg=0.9540	loss=0.9580	loss_avg=1.1364	time=280.74it/s
2025-11-25 23:49:49,691 Eval Loss:1.1364	Eval acc: 60.37
2025-11-25 23:49:49,691 
2025-11-25 23:49:49,691 ====================Training Epoch 3====================
2025-11-25 23:49:50,677 epoch=3	global_step=1200	acc=0.6016	acc_avg=0.5948	loss=1.2365	loss_avg=1.1228	lr=0.0994	|gn|=1.2305	time=38.21it/s
2025-11-25 23:49:53,196 epoch=3	global_step=1300	acc=0.5312	acc_avg=0.5931	loss=1.2679	loss_avg=1.1329	lr=0.0994	|gn|=1.1166	time=41.22it/s
2025-11-25 23:49:55,709 epoch=3	global_step=1400	acc=0.6094	acc_avg=0.5964	loss=1.1034	loss_avg=1.1228	lr=0.0994	|gn|=1.0911	time=40.71it/s
2025-11-25 23:49:58,222 epoch=3	global_step=1500	acc=0.6719	acc_avg=0.6009	loss=0.9259	loss_avg=1.1134	lr=0.0994	|gn|=0.8960	time=41.03it/s
2025-11-25 23:49:59,756 ====================Eval Epoch 3====================
2025-11-25 23:50:00,829 epoch=3	global_step=39	acc=0.6250	acc_avg=0.6552	acc5=1.0000	acc5_avg=0.9719	loss=0.8027	loss_avg=0.9827	time=285.06it/s
2025-11-25 23:50:00,829 Eval Loss:0.9827	Eval acc: 65.52
2025-11-25 23:50:00,829 
2025-11-25 23:50:00,829 ====================Training Epoch 4====================
2025-11-25 23:50:02,020 epoch=4	global_step=1600	acc=0.6953	acc_avg=0.6319	loss=1.0329	loss_avg=1.0416	lr=0.0989	|gn|=1.1245	time=40.11it/s
2025-11-25 23:50:04,541 epoch=4	global_step=1700	acc=0.6094	acc_avg=0.6324	loss=1.0811	loss_avg=1.0347	lr=0.0989	|gn|=1.3539	time=40.68it/s
2025-11-25 23:50:07,067 epoch=4	global_step=1800	acc=0.6641	acc_avg=0.6379	loss=0.9087	loss_avg=1.0242	lr=0.0989	|gn|=0.9727	time=40.83it/s
2025-11-25 23:50:09,591 epoch=4	global_step=1900	acc=0.7109	acc_avg=0.6381	loss=0.8940	loss_avg=1.0236	lr=0.0989	|gn|=1.0370	time=40.37it/s
2025-11-25 23:50:10,888 ====================Eval Epoch 4====================
2025-11-25 23:50:11,987 epoch=4	global_step=39	acc=0.7500	acc_avg=0.6998	acc5=1.0000	acc5_avg=0.9727	loss=0.5261	loss_avg=0.8652	time=281.63it/s
2025-11-25 23:50:11,988 Eval Loss:0.8652	Eval acc: 69.98
2025-11-25 23:50:11,988 
2025-11-25 23:50:11,988 ====================Training Epoch 5====================
2025-11-25 23:50:13,436 epoch=5	global_step=2000	acc=0.6328	acc_avg=0.6585	loss=0.9652	loss_avg=0.9645	lr=0.0983	|gn|=1.1728	time=40.08it/s
2025-11-25 23:50:15,789 epoch=5	global_step=2100	acc=0.6172	acc_avg=0.6556	loss=1.0736	loss_avg=0.9714	lr=0.0983	|gn|=1.1824	time=41.52it/s
2025-11-25 23:50:18,316 epoch=5	global_step=2200	acc=0.5781	acc_avg=0.6569	loss=1.0694	loss_avg=0.9710	lr=0.0983	|gn|=1.2860	time=40.49it/s
2025-11-25 23:50:20,808 epoch=5	global_step=2300	acc=0.5938	acc_avg=0.6579	loss=0.9146	loss_avg=0.9674	lr=0.0983	|gn|=1.0265	time=43.83it/s
2025-11-25 23:50:21,840 ====================Eval Epoch 5====================
2025-11-25 23:50:22,932 epoch=5	global_step=39	acc=0.7500	acc_avg=0.7070	acc5=1.0000	acc5_avg=0.9776	loss=0.8412	loss_avg=0.8569	time=280.93it/s
2025-11-25 23:50:22,932 Eval Loss:0.8569	Eval acc: 70.70
2025-11-25 23:50:22,932 
2025-11-25 23:50:22,932 ====================Training Epoch 6====================
2025-11-25 23:50:24,631 epoch=6	global_step=2400	acc=0.6406	acc_avg=0.6706	loss=1.0347	loss_avg=0.9306	lr=0.0976	|gn|=1.1009	time=40.69it/s
2025-11-25 23:50:27,049 epoch=6	global_step=2500	acc=0.6719	acc_avg=0.6723	loss=0.8572	loss_avg=0.9274	lr=0.0976	|gn|=1.1213	time=40.72it/s
2025-11-25 23:50:29,468 epoch=6	global_step=2600	acc=0.6875	acc_avg=0.6730	loss=0.8912	loss_avg=0.9267	lr=0.0976	|gn|=1.0099	time=41.49it/s
2025-11-25 23:50:31,973 epoch=6	global_step=2700	acc=0.5469	acc_avg=0.6763	loss=0.9836	loss_avg=0.9218	lr=0.0976	|gn|=1.2493	time=40.71it/s
2025-11-25 23:50:32,762 ====================Eval Epoch 6====================
2025-11-25 23:50:33,852 epoch=6	global_step=39	acc=0.8125	acc_avg=0.6617	acc5=1.0000	acc5_avg=0.9721	loss=0.5019	loss_avg=0.9712	time=279.40it/s
2025-11-25 23:50:33,852 Eval Loss:0.9712	Eval acc: 66.17
2025-11-25 23:50:33,853 
2025-11-25 23:50:33,853 ====================Training Epoch 7====================
2025-11-25 23:50:35,724 epoch=7	global_step=2800	acc=0.7188	acc_avg=0.6903	loss=0.8407	loss_avg=0.8804	lr=0.0967	|gn|=1.0805	time=42.14it/s
2025-11-25 23:50:38,133 epoch=7	global_step=2900	acc=0.6641	acc_avg=0.6886	loss=0.9538	loss_avg=0.8864	lr=0.0967	|gn|=1.2362	time=41.21it/s
2025-11-25 23:50:40,637 epoch=7	global_step=3000	acc=0.6797	acc_avg=0.6909	loss=1.0014	loss_avg=0.8852	lr=0.0967	|gn|=1.3715	time=40.62it/s
2025-11-25 23:50:43,102 epoch=7	global_step=3100	acc=0.6875	acc_avg=0.6904	loss=0.9648	loss_avg=0.8845	lr=0.0967	|gn|=1.2006	time=39.62it/s
2025-11-25 23:50:43,643 ====================Eval Epoch 7====================
2025-11-25 23:50:44,718 epoch=7	global_step=39	acc=0.6875	acc_avg=0.7109	acc5=1.0000	acc5_avg=0.9785	loss=0.4733	loss_avg=0.8278	time=282.03it/s
2025-11-25 23:50:44,718 Eval Loss:0.8278	Eval acc: 71.09
2025-11-25 23:50:44,718 
2025-11-25 23:50:44,718 ====================Training Epoch 8====================
2025-11-25 23:50:46,916 epoch=8	global_step=3200	acc=0.6562	acc_avg=0.7018	loss=0.9786	loss_avg=0.8540	lr=0.0957	|gn|=1.2030	time=41.18it/s
2025-11-25 23:50:49,288 epoch=8	global_step=3300	acc=0.6719	acc_avg=0.6986	loss=0.8712	loss_avg=0.8677	lr=0.0957	|gn|=1.1879	time=46.30it/s
2025-11-25 23:50:51,689 epoch=8	global_step=3400	acc=0.6641	acc_avg=0.6963	loss=0.9288	loss_avg=0.8699	lr=0.0957	|gn|=1.2574	time=40.76it/s
2025-11-25 23:50:54,142 epoch=8	global_step=3500	acc=0.6875	acc_avg=0.6950	loss=0.9666	loss_avg=0.8730	lr=0.0957	|gn|=1.2322	time=41.59it/s
2025-11-25 23:50:54,416 ====================Eval Epoch 8====================
2025-11-25 23:50:55,501 epoch=8	global_step=39	acc=0.8125	acc_avg=0.7379	acc5=1.0000	acc5_avg=0.9803	loss=0.3146	loss_avg=0.7555	time=280.12it/s
2025-11-25 23:50:55,501 Eval Loss:0.7555	Eval acc: 73.79
2025-11-25 23:50:55,501 
2025-11-25 23:50:55,501 ====================Training Epoch 9====================
2025-11-25 23:50:57,991 epoch=9	global_step=3600	acc=0.6719	acc_avg=0.7037	loss=0.8444	loss_avg=0.8498	lr=0.0946	|gn|=1.2907	time=40.52it/s
2025-11-25 23:51:00,550 epoch=9	global_step=3700	acc=0.6875	acc_avg=0.6988	loss=0.8853	loss_avg=0.8580	lr=0.0946	|gn|=1.3228	time=39.81it/s
2025-11-25 23:51:03,081 epoch=9	global_step=3800	acc=0.7500	acc_avg=0.7019	loss=0.7745	loss_avg=0.8511	lr=0.0946	|gn|=1.2370	time=39.95it/s
2025-11-25 23:51:05,600 ====================Eval Epoch 9====================
2025-11-25 23:51:06,663 epoch=9	global_step=39	acc=0.7500	acc_avg=0.7370	acc5=1.0000	acc5_avg=0.9822	loss=0.6527	loss_avg=0.7487	time=280.99it/s
2025-11-25 23:51:06,664 Eval Loss:0.7487	Eval acc: 73.70
2025-11-25 23:51:06,664 
2025-11-25 23:51:06,664 ====================Training Epoch 10====================
2025-11-25 23:51:06,899 epoch=10	global_step=3900	acc=0.7344	acc_avg=0.7344	loss=0.7410	loss_avg=0.7410	lr=0.0933	|gn|=1.1537	time=27.58it/s
2025-11-25 23:51:09,232 epoch=10	global_step=4000	acc=0.6875	acc_avg=0.7140	loss=0.7018	loss_avg=0.8204	lr=0.0933	|gn|=1.1405	time=42.97it/s
2025-11-25 23:51:11,619 epoch=10	global_step=4100	acc=0.7812	acc_avg=0.7145	loss=0.6626	loss_avg=0.8197	lr=0.0933	|gn|=1.2769	time=38.36it/s
2025-11-25 23:51:14,202 epoch=10	global_step=4200	acc=0.6406	acc_avg=0.7123	loss=1.0612	loss_avg=0.8242	lr=0.0933	|gn|=1.6272	time=43.90it/s
2025-11-25 23:51:16,399 ====================Eval Epoch 10====================
2025-11-25 23:51:17,478 epoch=10	global_step=39	acc=0.8125	acc_avg=0.7446	acc5=1.0000	acc5_avg=0.9819	loss=0.5055	loss_avg=0.7498	time=281.82it/s
2025-11-25 23:51:17,478 Eval Loss:0.7498	Eval acc: 74.46
2025-11-25 23:51:17,478 
2025-11-25 23:51:17,478 ====================Training Epoch 11====================
2025-11-25 23:51:17,958 epoch=11	global_step=4300	acc=0.7500	acc_avg=0.7443	loss=0.7242	loss_avg=0.7511	lr=0.0919	|gn|=1.2092	time=40.39it/s
2025-11-25 23:51:20,465 epoch=11	global_step=4400	acc=0.6953	acc_avg=0.7221	loss=0.8474	loss_avg=0.8013	lr=0.0919	|gn|=1.4458	time=41.20it/s
2025-11-25 23:51:22,964 epoch=11	global_step=4500	acc=0.7188	acc_avg=0.7180	loss=0.7963	loss_avg=0.8092	lr=0.0919	|gn|=1.3742	time=41.38it/s
2025-11-25 23:51:25,475 epoch=11	global_step=4600	acc=0.7344	acc_avg=0.7155	loss=0.7105	loss_avg=0.8125	lr=0.0919	|gn|=1.1810	time=40.62it/s
2025-11-25 23:51:27,510 ====================Eval Epoch 11====================
2025-11-25 23:51:28,579 epoch=11	global_step=39	acc=0.6250	acc_avg=0.7347	acc5=1.0000	acc5_avg=0.9788	loss=0.6088	loss_avg=0.7609	time=281.40it/s
2025-11-25 23:51:28,579 Eval Loss:0.7609	Eval acc: 73.47
2025-11-25 23:51:28,580 
2025-11-25 23:51:28,580 ====================Training Epoch 12====================
2025-11-25 23:51:29,322 epoch=12	global_step=4700	acc=0.7500	acc_avg=0.7124	loss=0.7306	loss_avg=0.8080	lr=0.0905	|gn|=1.1782	time=40.05it/s
2025-11-25 23:51:31,841 epoch=12	global_step=4800	acc=0.7422	acc_avg=0.7279	loss=0.7546	loss_avg=0.7910	lr=0.0905	|gn|=1.3148	time=40.82it/s
2025-11-25 23:51:34,362 epoch=12	global_step=4900	acc=0.6719	acc_avg=0.7230	loss=0.8379	loss_avg=0.7992	lr=0.0905	|gn|=1.3401	time=40.84it/s
2025-11-25 23:51:36,881 epoch=12	global_step=5000	acc=0.7734	acc_avg=0.7235	loss=0.5480	loss_avg=0.7972	lr=0.0905	|gn|=1.0316	time=40.49it/s
2025-11-25 23:51:38,642 ====================Eval Epoch 12====================
2025-11-25 23:51:39,712 epoch=12	global_step=39	acc=0.8125	acc_avg=0.7427	acc5=1.0000	acc5_avg=0.9798	loss=0.3983	loss_avg=0.7515	time=283.28it/s
2025-11-25 23:51:39,712 Eval Loss:0.7515	Eval acc: 74.27
2025-11-25 23:51:39,712 
2025-11-25 23:51:39,712 ====================Training Epoch 13====================
2025-11-25 23:51:40,701 epoch=13	global_step=5100	acc=0.7109	acc_avg=0.7243	loss=0.8034	loss_avg=0.7823	lr=0.0889	|gn|=1.3139	time=41.21it/s
2025-11-25 23:51:43,126 epoch=13	global_step=5200	acc=0.7188	acc_avg=0.7269	loss=0.8403	loss_avg=0.7793	lr=0.0889	|gn|=1.4472	time=46.22it/s
2025-11-25 23:51:45,557 epoch=13	global_step=5300	acc=0.6953	acc_avg=0.7273	loss=0.9137	loss_avg=0.7825	lr=0.0889	|gn|=1.7626	time=41.52it/s
2025-11-25 23:51:47,985 epoch=13	global_step=5400	acc=0.7344	acc_avg=0.7262	loss=0.8323	loss_avg=0.7865	lr=0.0889	|gn|=1.1928	time=40.63it/s
2025-11-25 23:51:49,485 ====================Eval Epoch 13====================
2025-11-25 23:51:50,554 epoch=13	global_step=39	acc=0.8125	acc_avg=0.7128	acc5=1.0000	acc5_avg=0.9745	loss=0.4505	loss_avg=0.8628	time=280.82it/s
2025-11-25 23:51:50,554 Eval Loss:0.8628	Eval acc: 71.28
2025-11-25 23:51:50,554 
2025-11-25 23:51:50,554 ====================Training Epoch 14====================
2025-11-25 23:51:51,795 epoch=14	global_step=5500	acc=0.7109	acc_avg=0.7346	loss=0.7267	loss_avg=0.7489	lr=0.0872	|gn|=1.3375	time=40.14it/s
2025-11-25 23:51:54,319 epoch=14	global_step=5600	acc=0.6328	acc_avg=0.7329	loss=0.9094	loss_avg=0.7576	lr=0.0872	|gn|=1.4887	time=41.06it/s
2025-11-25 23:51:56,843 epoch=14	global_step=5700	acc=0.7734	acc_avg=0.7317	loss=0.7446	loss_avg=0.7672	lr=0.0872	|gn|=1.2227	time=41.07it/s
2025-11-25 23:51:59,376 epoch=14	global_step=5800	acc=0.6875	acc_avg=0.7314	loss=0.9125	loss_avg=0.7670	lr=0.0872	|gn|=1.3932	time=41.00it/s
2025-11-25 23:52:00,644 ====================Eval Epoch 14====================
2025-11-25 23:52:01,721 epoch=14	global_step=39	acc=0.8750	acc_avg=0.7721	acc5=1.0000	acc5_avg=0.9851	loss=0.4857	loss_avg=0.6657	time=282.86it/s
2025-11-25 23:52:01,721 Eval Loss:0.6657	Eval acc: 77.21
2025-11-25 23:52:01,722 
2025-11-25 23:52:01,722 ====================Training Epoch 15====================
2025-11-25 23:52:03,157 epoch=15	global_step=5900	acc=0.7344	acc_avg=0.7394	loss=0.6731	loss_avg=0.7390	lr=0.0854	|gn|=1.4371	time=44.25it/s
2025-11-25 23:52:05,569 epoch=15	global_step=6000	acc=0.7969	acc_avg=0.7356	loss=0.6793	loss_avg=0.7530	lr=0.0854	|gn|=1.3580	time=41.09it/s
2025-11-25 23:52:08,076 epoch=15	global_step=6100	acc=0.7266	acc_avg=0.7359	loss=0.7941	loss_avg=0.7519	lr=0.0854	|gn|=1.5003	time=41.27it/s
2025-11-25 23:52:10,581 epoch=15	global_step=6200	acc=0.8047	acc_avg=0.7334	loss=0.6336	loss_avg=0.7602	lr=0.0854	|gn|=1.3388	time=40.28it/s
2025-11-25 23:52:11,612 ====================Eval Epoch 15====================
2025-11-25 23:52:12,673 epoch=15	global_step=39	acc=0.6875	acc_avg=0.7653	acc5=1.0000	acc5_avg=0.9864	loss=0.5614	loss_avg=0.6732	time=282.31it/s
2025-11-25 23:52:12,674 Eval Loss:0.6732	Eval acc: 76.53
2025-11-25 23:52:12,674 
2025-11-25 23:52:12,674 ====================Training Epoch 16====================
2025-11-25 23:52:14,323 epoch=16	global_step=6300	acc=0.7578	acc_avg=0.7460	loss=0.6452	loss_avg=0.7286	lr=0.0835	|gn|=1.3040	time=46.10it/s
2025-11-25 23:52:16,824 epoch=16	global_step=6400	acc=0.7266	acc_avg=0.7418	loss=0.8487	loss_avg=0.7404	lr=0.0835	|gn|=1.4600	time=40.51it/s
2025-11-25 23:52:19,308 epoch=16	global_step=6500	acc=0.7578	acc_avg=0.7407	loss=0.6960	loss_avg=0.7438	lr=0.0835	|gn|=1.3730	time=40.58it/s
2025-11-25 23:52:21,770 epoch=16	global_step=6600	acc=0.6875	acc_avg=0.7380	loss=1.0732	loss_avg=0.7517	lr=0.0835	|gn|=1.6308	time=40.84it/s
2025-11-25 23:52:22,542 ====================Eval Epoch 16====================
2025-11-25 23:52:23,635 epoch=16	global_step=39	acc=0.8750	acc_avg=0.7646	acc5=1.0000	acc5_avg=0.9827	loss=0.3882	loss_avg=0.6896	time=282.88it/s
2025-11-25 23:52:23,635 Eval Loss:0.6896	Eval acc: 76.46
2025-11-25 23:52:23,635 
2025-11-25 23:52:23,635 ====================Training Epoch 17====================
2025-11-25 23:52:25,567 epoch=17	global_step=6700	acc=0.7266	acc_avg=0.7537	loss=0.8257	loss_avg=0.7185	lr=0.0815	|gn|=1.5942	time=40.52it/s
2025-11-25 23:52:28,077 epoch=17	global_step=6800	acc=0.6953	acc_avg=0.7491	loss=0.9832	loss_avg=0.7278	lr=0.0815	|gn|=1.7261	time=41.17it/s
2025-11-25 23:52:30,566 epoch=17	global_step=6900	acc=0.7422	acc_avg=0.7452	loss=0.6564	loss_avg=0.7307	lr=0.0815	|gn|=1.3729	time=40.39it/s
2025-11-25 23:52:32,970 epoch=17	global_step=7000	acc=0.7266	acc_avg=0.7438	loss=0.8344	loss_avg=0.7332	lr=0.0815	|gn|=1.6349	time=40.94it/s
2025-11-25 23:52:33,480 ====================Eval Epoch 17====================
2025-11-25 23:52:34,556 epoch=17	global_step=39	acc=1.0000	acc_avg=0.7719	acc5=1.0000	acc5_avg=0.9854	loss=0.2366	loss_avg=0.6669	time=285.60it/s
2025-11-25 23:52:34,556 Eval Loss:0.6669	Eval acc: 77.19
2025-11-25 23:52:34,556 
2025-11-25 23:52:34,556 ====================Training Epoch 18====================
2025-11-25 23:52:36,832 epoch=18	global_step=7100	acc=0.7188	acc_avg=0.7411	loss=0.8477	loss_avg=0.7463	lr=0.0794	|gn|=1.4776	time=40.88it/s
2025-11-25 23:52:39,355 epoch=18	global_step=7200	acc=0.7344	acc_avg=0.7406	loss=0.7521	loss_avg=0.7381	lr=0.0794	|gn|=1.6563	time=41.01it/s
2025-11-25 23:52:41,961 epoch=18	global_step=7300	acc=0.7500	acc_avg=0.7447	loss=0.7246	loss_avg=0.7305	lr=0.0794	|gn|=1.4396	time=40.11it/s
2025-11-25 23:52:44,572 epoch=18	global_step=7400	acc=0.7656	acc_avg=0.7452	loss=0.6139	loss_avg=0.7304	lr=0.0794	|gn|=1.2113	time=41.49it/s
2025-11-25 23:52:44,844 ====================Eval Epoch 18====================
2025-11-25 23:52:45,930 epoch=18	global_step=39	acc=0.7500	acc_avg=0.7669	acc5=1.0000	acc5_avg=0.9856	loss=0.4807	loss_avg=0.6754	time=277.90it/s
2025-11-25 23:52:45,931 Eval Loss:0.6754	Eval acc: 76.69
2025-11-25 23:52:45,931 
2025-11-25 23:52:45,931 ====================Training Epoch 19====================
2025-11-25 23:52:48,387 epoch=19	global_step=7500	acc=0.6875	acc_avg=0.7564	loss=0.8141	loss_avg=0.6885	lr=0.0772	|gn|=1.7315	time=42.80it/s
2025-11-25 23:52:50,868 epoch=19	global_step=7600	acc=0.7578	acc_avg=0.7539	loss=0.7008	loss_avg=0.7042	lr=0.0772	|gn|=1.4184	time=39.05it/s
2025-11-25 23:52:53,393 epoch=19	global_step=7700	acc=0.7344	acc_avg=0.7513	loss=0.7396	loss_avg=0.7155	lr=0.0772	|gn|=1.4328	time=41.07it/s
2025-11-25 23:52:55,942 ====================Eval Epoch 19====================
2025-11-25 23:52:57,024 epoch=19	global_step=39	acc=0.8125	acc_avg=0.7743	acc5=1.0000	acc5_avg=0.9864	loss=0.2961	loss_avg=0.6477	time=279.64it/s
2025-11-25 23:52:57,024 Eval Loss:0.6477	Eval acc: 77.43
2025-11-25 23:52:57,024 
2025-11-25 23:52:57,024 ====================Training Epoch 20====================
2025-11-25 23:52:57,250 epoch=20	global_step=7800	acc=0.7188	acc_avg=0.7188	loss=0.8028	loss_avg=0.8028	lr=0.0750	|gn|=1.4998	time=36.65it/s
2025-11-25 23:52:59,778 epoch=20	global_step=7900	acc=0.6719	acc_avg=0.7611	loss=0.9371	loss_avg=0.6809	lr=0.0750	|gn|=1.8702	time=40.35it/s
2025-11-25 23:53:02,302 epoch=20	global_step=8000	acc=0.7656	acc_avg=0.7568	loss=0.7201	loss_avg=0.6936	lr=0.0750	|gn|=1.4760	time=40.84it/s
2025-11-25 23:53:04,825 epoch=20	global_step=8100	acc=0.7500	acc_avg=0.7551	loss=0.7529	loss_avg=0.7000	lr=0.0750	|gn|=1.4869	time=40.93it/s
2025-11-25 23:53:07,127 ====================Eval Epoch 20====================
2025-11-25 23:53:08,217 epoch=20	global_step=39	acc=0.6875	acc_avg=0.7693	acc5=1.0000	acc5_avg=0.9856	loss=0.5789	loss_avg=0.6678	time=282.20it/s
2025-11-25 23:53:08,217 Eval Loss:0.6678	Eval acc: 76.93
2025-11-25 23:53:08,217 
2025-11-25 23:53:08,217 ====================Training Epoch 21====================
2025-11-25 23:53:08,689 epoch=21	global_step=8200	acc=0.7734	acc_avg=0.7621	loss=0.6551	loss_avg=0.7095	lr=0.0727	|gn|=1.4106	time=38.95it/s
2025-11-25 23:53:11,246 epoch=21	global_step=8300	acc=0.8125	acc_avg=0.7570	loss=0.5513	loss_avg=0.6887	lr=0.0727	|gn|=1.3002	time=41.23it/s
2025-11-25 23:53:13,840 epoch=21	global_step=8400	acc=0.7344	acc_avg=0.7601	loss=0.7457	loss_avg=0.6860	lr=0.0727	|gn|=1.5306	time=39.36it/s
2025-11-25 23:53:16,462 epoch=21	global_step=8500	acc=0.7109	acc_avg=0.7603	loss=0.9714	loss_avg=0.6879	lr=0.0727	|gn|=1.7554	time=39.32it/s
2025-11-25 23:53:18,542 ====================Eval Epoch 21====================
2025-11-25 23:53:19,618 epoch=21	global_step=39	acc=0.9375	acc_avg=0.7851	acc5=1.0000	acc5_avg=0.9873	loss=0.2983	loss_avg=0.6310	time=280.80it/s
2025-11-25 23:53:19,618 Eval Loss:0.6310	Eval acc: 78.51
2025-11-25 23:53:19,619 
2025-11-25 23:53:19,619 ====================Training Epoch 22====================
2025-11-25 23:53:20,316 epoch=22	global_step=8600	acc=0.8203	acc_avg=0.7682	loss=0.6969	loss_avg=0.6693	lr=0.0703	|gn|=1.4315	time=42.35it/s
2025-11-25 23:53:22,812 epoch=22	global_step=8700	acc=0.7891	acc_avg=0.7649	loss=0.5430	loss_avg=0.6738	lr=0.0703	|gn|=1.4410	time=40.62it/s
2025-11-25 23:53:25,335 epoch=22	global_step=8800	acc=0.7109	acc_avg=0.7642	loss=0.8060	loss_avg=0.6779	lr=0.0703	|gn|=1.6632	time=40.45it/s
2025-11-25 23:53:27,852 epoch=22	global_step=8900	acc=0.7656	acc_avg=0.7657	loss=0.6034	loss_avg=0.6727	lr=0.0703	|gn|=1.5807	time=40.84it/s
2025-11-25 23:53:29,636 ====================Eval Epoch 22====================
2025-11-25 23:53:30,715 epoch=22	global_step=39	acc=0.8750	acc_avg=0.7771	acc5=1.0000	acc5_avg=0.9871	loss=0.3688	loss_avg=0.6391	time=277.82it/s
2025-11-25 23:53:30,715 Eval Loss:0.6391	Eval acc: 77.71
2025-11-25 23:53:30,715 
2025-11-25 23:53:30,715 ====================Training Epoch 23====================
2025-11-25 23:53:31,699 epoch=23	global_step=9000	acc=0.8047	acc_avg=0.7795	loss=0.5719	loss_avg=0.6389	lr=0.0679	|gn|=1.5037	time=39.72it/s
2025-11-25 23:53:34,234 epoch=23	global_step=9100	acc=0.7266	acc_avg=0.7678	loss=0.8623	loss_avg=0.6630	lr=0.0679	|gn|=1.7466	time=39.99it/s
2025-11-25 23:53:36,757 epoch=23	global_step=9200	acc=0.7344	acc_avg=0.7701	loss=0.7220	loss_avg=0.6577	lr=0.0679	|gn|=1.4606	time=41.01it/s
2025-11-25 23:53:39,282 epoch=23	global_step=9300	acc=0.7812	acc_avg=0.7695	loss=0.6173	loss_avg=0.6601	lr=0.0679	|gn|=1.4416	time=40.45it/s
2025-11-25 23:53:40,809 ====================Eval Epoch 23====================
2025-11-25 23:53:41,892 epoch=23	global_step=39	acc=0.8750	acc_avg=0.7968	acc5=1.0000	acc5_avg=0.9880	loss=0.3318	loss_avg=0.5822	time=279.88it/s
2025-11-25 23:53:41,892 Eval Loss:0.5822	Eval acc: 79.68
2025-11-25 23:53:41,892 
2025-11-25 23:53:41,892 ====================Training Epoch 24====================
2025-11-25 23:53:43,156 epoch=24	global_step=9400	acc=0.7969	acc_avg=0.7797	loss=0.6198	loss_avg=0.6321	lr=0.0655	|gn|=1.4610	time=39.86it/s
2025-11-25 23:53:45,745 epoch=24	global_step=9500	acc=0.7500	acc_avg=0.7758	loss=0.7067	loss_avg=0.6414	lr=0.0655	|gn|=1.7211	time=40.07it/s
2025-11-25 23:53:48,308 epoch=24	global_step=9600	acc=0.7812	acc_avg=0.7748	loss=0.6136	loss_avg=0.6467	lr=0.0655	|gn|=1.5773	time=41.01it/s
2025-11-25 23:53:50,854 epoch=24	global_step=9700	acc=0.8125	acc_avg=0.7720	loss=0.5969	loss_avg=0.6522	lr=0.0655	|gn|=1.4001	time=38.80it/s
2025-11-25 23:53:52,143 ====================Eval Epoch 24====================
2025-11-25 23:53:53,230 epoch=24	global_step=39	acc=0.8750	acc_avg=0.7909	acc5=1.0000	acc5_avg=0.9863	loss=0.3722	loss_avg=0.6127	time=281.55it/s
2025-11-25 23:53:53,231 Eval Loss:0.6127	Eval acc: 79.09
2025-11-25 23:53:53,231 
2025-11-25 23:53:53,231 ====================Training Epoch 25====================
2025-11-25 23:53:54,745 epoch=25	global_step=9800	acc=0.7500	acc_avg=0.7837	loss=0.7203	loss_avg=0.6216	lr=0.0629	|gn|=1.7015	time=40.79it/s
2025-11-25 23:53:57,245 epoch=25	global_step=9900	acc=0.7500	acc_avg=0.7840	loss=0.7305	loss_avg=0.6231	lr=0.0629	|gn|=1.7810	time=40.92it/s
2025-11-25 23:53:59,753 epoch=25	global_step=10000	acc=0.7812	acc_avg=0.7803	loss=0.6488	loss_avg=0.6325	lr=0.0629	|gn|=1.3530	time=40.98it/s
2025-11-25 23:54:02,247 epoch=25	global_step=10100	acc=0.7656	acc_avg=0.7771	loss=0.7837	loss_avg=0.6415	lr=0.0629	|gn|=1.6409	time=40.79it/s
2025-11-25 23:54:03,256 ====================Eval Epoch 25====================
2025-11-25 23:54:04,343 epoch=25	global_step=39	acc=0.8125	acc_avg=0.8047	acc5=1.0000	acc5_avg=0.9871	loss=0.4708	loss_avg=0.5886	time=282.43it/s
2025-11-25 23:54:04,344 Eval Loss:0.5886	Eval acc: 80.47
2025-11-25 23:54:04,344 
2025-11-25 23:54:04,344 ====================Training Epoch 26====================
2025-11-25 23:54:05,973 epoch=26	global_step=10200	acc=0.8203	acc_avg=0.7834	loss=0.7358	loss_avg=0.6188	lr=0.0604	|gn|=1.8017	time=41.84it/s
2025-11-25 23:54:08,389 epoch=26	global_step=10300	acc=0.7734	acc_avg=0.7816	loss=0.7010	loss_avg=0.6229	lr=0.0604	|gn|=1.7343	time=41.44it/s
2025-11-25 23:54:10,804 epoch=26	global_step=10400	acc=0.7500	acc_avg=0.7802	loss=0.6910	loss_avg=0.6291	lr=0.0604	|gn|=1.7117	time=43.75it/s
2025-11-25 23:54:13,184 epoch=26	global_step=10500	acc=0.7734	acc_avg=0.7792	loss=0.6217	loss_avg=0.6346	lr=0.0604	|gn|=1.5557	time=45.83it/s
2025-11-25 23:54:13,918 ====================Eval Epoch 26====================
2025-11-25 23:54:14,995 epoch=26	global_step=39	acc=0.8750	acc_avg=0.7891	acc5=1.0000	acc5_avg=0.9870	loss=0.3310	loss_avg=0.6212	time=281.59it/s
2025-11-25 23:54:14,996 Eval Loss:0.6212	Eval acc: 78.91
2025-11-25 23:54:14,996 
2025-11-25 23:54:14,996 ====================Training Epoch 27====================
2025-11-25 23:54:16,965 epoch=27	global_step=10600	acc=0.7734	acc_avg=0.7960	loss=0.6185	loss_avg=0.5872	lr=0.0578	|gn|=1.6674	time=43.73it/s
2025-11-25 23:54:19,481 epoch=27	global_step=10700	acc=0.7031	acc_avg=0.7928	loss=0.7303	loss_avg=0.6030	lr=0.0578	|gn|=1.9878	time=41.11it/s
2025-11-25 23:54:21,999 epoch=27	global_step=10800	acc=0.8203	acc_avg=0.7885	loss=0.6362	loss_avg=0.6113	lr=0.0578	|gn|=1.5314	time=40.75it/s
2025-11-25 23:54:24,525 epoch=27	global_step=10900	acc=0.7500	acc_avg=0.7861	loss=0.7316	loss_avg=0.6162	lr=0.0578	|gn|=1.8943	time=40.93it/s
2025-11-25 23:54:25,041 ====================Eval Epoch 27====================
2025-11-25 23:54:26,115 epoch=27	global_step=39	acc=0.8750	acc_avg=0.7769	acc5=1.0000	acc5_avg=0.9871	loss=0.3483	loss_avg=0.6548	time=280.91it/s
2025-11-25 23:54:26,116 Eval Loss:0.6548	Eval acc: 77.69
2025-11-25 23:54:26,116 
2025-11-25 23:54:26,116 ====================Training Epoch 28====================
2025-11-25 23:54:28,320 epoch=28	global_step=11000	acc=0.7891	acc_avg=0.7980	loss=0.5522	loss_avg=0.5789	lr=0.0552	|gn|=1.8668	time=43.54it/s
2025-11-25 23:54:30,731 epoch=28	global_step=11100	acc=0.7812	acc_avg=0.7915	loss=0.5736	loss_avg=0.6013	lr=0.0552	|gn|=1.6623	time=45.23it/s
2025-11-25 23:54:33,253 epoch=28	global_step=11200	acc=0.7578	acc_avg=0.7893	loss=0.7196	loss_avg=0.6083	lr=0.0552	|gn|=1.8508	time=37.79it/s
2025-11-25 23:54:35,828 epoch=28	global_step=11300	acc=0.7578	acc_avg=0.7881	loss=0.6341	loss_avg=0.6087	lr=0.0552	|gn|=1.9094	time=41.19it/s
2025-11-25 23:54:36,100 ====================Eval Epoch 28====================
2025-11-25 23:54:37,169 epoch=28	global_step=39	acc=0.8750	acc_avg=0.7939	acc5=1.0000	acc5_avg=0.9852	loss=0.4264	loss_avg=0.6191	time=280.59it/s
2025-11-25 23:54:37,169 Eval Loss:0.6191	Eval acc: 79.39
2025-11-25 23:54:37,170 
2025-11-25 23:54:37,170 ====================Training Epoch 29====================
2025-11-25 23:54:39,607 epoch=29	global_step=11400	acc=0.7891	acc_avg=0.8012	loss=0.4818	loss_avg=0.5758	lr=0.0526	|gn|=1.4635	time=45.39it/s
2025-11-25 23:54:42,011 epoch=29	global_step=11500	acc=0.7734	acc_avg=0.7963	loss=0.7307	loss_avg=0.5818	lr=0.0526	|gn|=1.7691	time=41.72it/s
2025-11-25 23:54:44,497 epoch=29	global_step=11600	acc=0.8281	acc_avg=0.7922	loss=0.5717	loss_avg=0.5904	lr=0.0526	|gn|=1.6909	time=39.44it/s
2025-11-25 23:54:47,040 ====================Eval Epoch 29====================
2025-11-25 23:54:48,109 epoch=29	global_step=39	acc=0.8125	acc_avg=0.8031	acc5=1.0000	acc5_avg=0.9889	loss=0.2901	loss_avg=0.5829	time=282.48it/s
2025-11-25 23:54:48,109 Eval Loss:0.5829	Eval acc: 80.31
2025-11-25 23:54:48,109 
2025-11-25 23:54:48,109 ====================Training Epoch 30====================
2025-11-25 23:54:48,332 epoch=30	global_step=11700	acc=0.8906	acc_avg=0.8906	loss=0.3780	loss_avg=0.3780	lr=0.0500	|gn|=1.2160	time=28.07it/s
2025-11-25 23:54:50,765 epoch=30	global_step=11800	acc=0.8359	acc_avg=0.8134	loss=0.5032	loss_avg=0.5491	lr=0.0500	|gn|=1.8289	time=42.77it/s
2025-11-25 23:54:53,233 epoch=30	global_step=11900	acc=0.7969	acc_avg=0.8014	loss=0.5867	loss_avg=0.5694	lr=0.0500	|gn|=1.6522	time=40.89it/s
2025-11-25 23:54:55,709 epoch=30	global_step=12000	acc=0.8125	acc_avg=0.7987	loss=0.5800	loss_avg=0.5787	lr=0.0500	|gn|=1.7062	time=40.75it/s
2025-11-25 23:54:57,972 ====================Eval Epoch 30====================
2025-11-25 23:54:59,062 epoch=30	global_step=39	acc=0.8125	acc_avg=0.7911	acc5=1.0000	acc5_avg=0.9856	loss=0.2785	loss_avg=0.6172	time=282.58it/s
2025-11-25 23:54:59,062 Eval Loss:0.6172	Eval acc: 79.11
2025-11-25 23:54:59,063 
2025-11-25 23:54:59,063 ====================Training Epoch 31====================
2025-11-25 23:54:59,532 epoch=31	global_step=12100	acc=0.8203	acc_avg=0.8168	loss=0.4967	loss_avg=0.5308	lr=0.0474	|gn|=1.6605	time=41.99it/s
2025-11-25 23:55:01,882 epoch=31	global_step=12200	acc=0.7969	acc_avg=0.8069	loss=0.5903	loss_avg=0.5533	lr=0.0474	|gn|=1.8778	time=42.44it/s
2025-11-25 23:55:04,367 epoch=31	global_step=12300	acc=0.8125	acc_avg=0.8041	loss=0.5229	loss_avg=0.5605	lr=0.0474	|gn|=1.5548	time=40.68it/s
2025-11-25 23:55:06,897 epoch=31	global_step=12400	acc=0.8125	acc_avg=0.8020	loss=0.5774	loss_avg=0.5648	lr=0.0474	|gn|=1.8021	time=40.42it/s
2025-11-25 23:55:08,923 ====================Eval Epoch 31====================
2025-11-25 23:55:09,998 epoch=31	global_step=39	acc=0.8125	acc_avg=0.8069	acc5=1.0000	acc5_avg=0.9889	loss=0.2505	loss_avg=0.5564	time=284.40it/s
2025-11-25 23:55:09,999 Eval Loss:0.5564	Eval acc: 80.69
2025-11-25 23:55:09,999 
2025-11-25 23:55:09,999 ====================Training Epoch 32====================
2025-11-25 23:55:10,705 epoch=32	global_step=12500	acc=0.8906	acc_avg=0.8129	loss=0.3957	loss_avg=0.5459	lr=0.0448	|gn|=1.3263	time=45.26it/s
2025-11-25 23:55:13,211 epoch=32	global_step=12600	acc=0.8125	acc_avg=0.8168	loss=0.5921	loss_avg=0.5377	lr=0.0448	|gn|=2.0425	time=40.61it/s
2025-11-25 23:55:15,769 epoch=32	global_step=12700	acc=0.8281	acc_avg=0.8128	loss=0.4829	loss_avg=0.5439	lr=0.0448	|gn|=1.6964	time=38.60it/s
2025-11-25 23:55:18,265 epoch=32	global_step=12800	acc=0.7969	acc_avg=0.8119	loss=0.6348	loss_avg=0.5454	lr=0.0448	|gn|=1.9791	time=43.74it/s
2025-11-25 23:55:20,014 ====================Eval Epoch 32====================
2025-11-25 23:55:21,085 epoch=32	global_step=39	acc=0.8750	acc_avg=0.7949	acc5=1.0000	acc5_avg=0.9857	loss=0.2973	loss_avg=0.6184	time=280.27it/s
2025-11-25 23:55:21,085 Eval Loss:0.6184	Eval acc: 79.49
2025-11-25 23:55:21,086 
2025-11-25 23:55:21,086 ====================Training Epoch 33====================
2025-11-25 23:55:22,023 epoch=33	global_step=12900	acc=0.7891	acc_avg=0.8223	loss=0.5863	loss_avg=0.5155	lr=0.0422	|gn|=2.1065	time=44.52it/s
2025-11-25 23:55:24,537 epoch=33	global_step=13000	acc=0.8125	acc_avg=0.8194	loss=0.5077	loss_avg=0.5226	lr=0.0422	|gn|=1.6516	time=40.81it/s
2025-11-25 23:55:27,061 epoch=33	global_step=13100	acc=0.8438	acc_avg=0.8144	loss=0.4537	loss_avg=0.5303	lr=0.0422	|gn|=1.8285	time=41.04it/s
2025-11-25 23:55:29,589 epoch=33	global_step=13200	acc=0.7812	acc_avg=0.8136	loss=0.6587	loss_avg=0.5368	lr=0.0422	|gn|=2.2495	time=40.22it/s
2025-11-25 23:55:31,113 ====================Eval Epoch 33====================
2025-11-25 23:55:32,189 epoch=33	global_step=39	acc=0.8125	acc_avg=0.8108	acc5=1.0000	acc5_avg=0.9868	loss=0.2378	loss_avg=0.5630	time=279.03it/s
2025-11-25 23:55:32,190 Eval Loss:0.5630	Eval acc: 81.08
2025-11-25 23:55:32,190 
2025-11-25 23:55:32,190 ====================Training Epoch 34====================
2025-11-25 23:55:33,387 epoch=34	global_step=13300	acc=0.8594	acc_avg=0.8350	loss=0.3756	loss_avg=0.4741	lr=0.0396	|gn|=1.7726	time=43.53it/s
2025-11-25 23:55:35,907 epoch=34	global_step=13400	acc=0.8359	acc_avg=0.8277	loss=0.4461	loss_avg=0.4953	lr=0.0396	|gn|=1.8892	time=40.64it/s
2025-11-25 23:55:38,441 epoch=34	global_step=13500	acc=0.7734	acc_avg=0.8224	loss=0.6885	loss_avg=0.5092	lr=0.0396	|gn|=2.3621	time=40.74it/s
2025-11-25 23:55:40,967 epoch=34	global_step=13600	acc=0.9141	acc_avg=0.8214	loss=0.3112	loss_avg=0.5139	lr=0.0396	|gn|=1.3527	time=41.07it/s
2025-11-25 23:55:42,249 ====================Eval Epoch 34====================
2025-11-25 23:55:43,324 epoch=34	global_step=39	acc=0.7500	acc_avg=0.8147	acc5=1.0000	acc5_avg=0.9873	loss=0.6240	loss_avg=0.5691	time=279.75it/s
2025-11-25 23:55:43,324 Eval Loss:0.5691	Eval acc: 81.47
2025-11-25 23:55:43,324 
2025-11-25 23:55:43,324 ====================Training Epoch 35====================
2025-11-25 23:55:44,872 epoch=35	global_step=13700	acc=0.8828	acc_avg=0.8295	loss=0.3674	loss_avg=0.4915	lr=0.0371	|gn|=1.4652	time=38.90it/s
2025-11-25 23:55:47,469 epoch=35	global_step=13800	acc=0.8047	acc_avg=0.8281	loss=0.5146	loss_avg=0.4897	lr=0.0371	|gn|=2.1089	time=39.87it/s
2025-11-25 23:55:50,049 epoch=35	global_step=13900	acc=0.8750	acc_avg=0.8262	loss=0.3523	loss_avg=0.4962	lr=0.0371	|gn|=1.6365	time=40.77it/s
2025-11-25 23:55:52,638 epoch=35	global_step=14000	acc=0.7734	acc_avg=0.8254	loss=0.6579	loss_avg=0.4978	lr=0.0371	|gn|=2.1445	time=40.22it/s
2025-11-25 23:55:53,700 ====================Eval Epoch 35====================
2025-11-25 23:55:54,762 epoch=35	global_step=39	acc=0.9375	acc_avg=0.8212	acc5=1.0000	acc5_avg=0.9885	loss=0.2617	loss_avg=0.5352	time=284.38it/s
2025-11-25 23:55:54,762 Eval Loss:0.5352	Eval acc: 82.12
2025-11-25 23:55:54,762 
2025-11-25 23:55:54,762 ====================Training Epoch 36====================
2025-11-25 23:55:56,438 epoch=36	global_step=14100	acc=0.7656	acc_avg=0.8341	loss=0.6028	loss_avg=0.4670	lr=0.0345	|gn|=2.3505	time=45.11it/s
2025-11-25 23:55:58,928 epoch=36	global_step=14200	acc=0.8203	acc_avg=0.8360	loss=0.4565	loss_avg=0.4654	lr=0.0345	|gn|=2.1651	time=40.98it/s
2025-11-25 23:56:01,468 epoch=36	global_step=14300	acc=0.8125	acc_avg=0.8324	loss=0.4820	loss_avg=0.4741	lr=0.0345	|gn|=2.0816	time=39.83it/s
2025-11-25 23:56:04,031 epoch=36	global_step=14400	acc=0.8750	acc_avg=0.8309	loss=0.4018	loss_avg=0.4819	lr=0.0345	|gn|=1.6745	time=38.82it/s
2025-11-25 23:56:04,833 ====================Eval Epoch 36====================
2025-11-25 23:56:05,902 epoch=36	global_step=39	acc=0.9375	acc_avg=0.8161	acc5=1.0000	acc5_avg=0.9897	loss=0.1954	loss_avg=0.5646	time=278.93it/s
2025-11-25 23:56:05,902 Eval Loss:0.5646	Eval acc: 81.61
2025-11-25 23:56:05,902 
2025-11-25 23:56:05,902 ====================Training Epoch 37====================
2025-11-25 23:56:07,913 epoch=37	global_step=14500	acc=0.8594	acc_avg=0.8473	loss=0.4394	loss_avg=0.4358	lr=0.0321	|gn|=2.0880	time=45.00it/s
2025-11-25 23:56:10,442 epoch=37	global_step=14600	acc=0.8281	acc_avg=0.8418	loss=0.5072	loss_avg=0.4513	lr=0.0321	|gn|=2.2589	time=46.23it/s
2025-11-25 23:56:12,918 epoch=37	global_step=14700	acc=0.8828	acc_avg=0.8384	loss=0.4098	loss_avg=0.4614	lr=0.0321	|gn|=1.8145	time=39.51it/s
2025-11-25 23:56:15,414 epoch=37	global_step=14800	acc=0.8672	acc_avg=0.8377	loss=0.4298	loss_avg=0.4673	lr=0.0321	|gn|=1.7486	time=40.06it/s
2025-11-25 23:56:15,943 ====================Eval Epoch 37====================
2025-11-25 23:56:17,028 epoch=37	global_step=39	acc=0.7500	acc_avg=0.8291	acc5=1.0000	acc5_avg=0.9911	loss=0.6289	loss_avg=0.5135	time=282.39it/s
2025-11-25 23:56:17,028 Eval Loss:0.5135	Eval acc: 82.91
2025-11-25 23:56:17,028 
2025-11-25 23:56:17,029 ====================Training Epoch 38====================
2025-11-25 23:56:19,182 epoch=38	global_step=14900	acc=0.8359	acc_avg=0.8496	loss=0.3908	loss_avg=0.4349	lr=0.0297	|gn|=2.1289	time=40.75it/s
2025-11-25 23:56:21,584 epoch=38	global_step=15000	acc=0.8438	acc_avg=0.8493	loss=0.5219	loss_avg=0.4380	lr=0.0297	|gn|=2.4304	time=43.64it/s
2025-11-25 23:56:23,960 epoch=38	global_step=15100	acc=0.8281	acc_avg=0.8460	loss=0.5151	loss_avg=0.4468	lr=0.0297	|gn|=2.5073	time=45.87it/s
2025-11-25 23:56:26,309 epoch=38	global_step=15200	acc=0.8516	acc_avg=0.8448	loss=0.3715	loss_avg=0.4465	lr=0.0297	|gn|=2.1056	time=41.41it/s
2025-11-25 23:56:26,584 ====================Eval Epoch 38====================
2025-11-25 23:56:27,674 epoch=38	global_step=39	acc=0.8125	acc_avg=0.8213	acc5=1.0000	acc5_avg=0.9899	loss=0.4647	loss_avg=0.5489	time=282.86it/s
2025-11-25 23:56:27,674 Eval Loss:0.5489	Eval acc: 82.13
2025-11-25 23:56:27,674 
2025-11-25 23:56:27,674 ====================Training Epoch 39====================
2025-11-25 23:56:30,120 epoch=39	global_step=15300	acc=0.8359	acc_avg=0.8515	loss=0.4505	loss_avg=0.4223	lr=0.0273	|gn|=2.1911	time=40.94it/s
2025-11-25 23:56:32,665 epoch=39	global_step=15400	acc=0.7812	acc_avg=0.8518	loss=0.5881	loss_avg=0.4232	lr=0.0273	|gn|=2.6882	time=41.22it/s
2025-11-25 23:56:35,193 epoch=39	global_step=15500	acc=0.7969	acc_avg=0.8511	loss=0.6887	loss_avg=0.4251	lr=0.0273	|gn|=2.8823	time=39.85it/s
2025-11-25 23:56:37,747 ====================Eval Epoch 39====================
2025-11-25 23:56:38,839 epoch=39	global_step=39	acc=0.8125	acc_avg=0.8334	acc5=1.0000	acc5_avg=0.9918	loss=0.2533	loss_avg=0.5015	time=279.36it/s
2025-11-25 23:56:38,839 Eval Loss:0.5015	Eval acc: 83.34
2025-11-25 23:56:38,839 
2025-11-25 23:56:38,839 ====================Training Epoch 40====================
2025-11-25 23:56:39,068 epoch=40	global_step=15600	acc=0.8281	acc_avg=0.8281	loss=0.4451	loss_avg=0.4451	lr=0.0250	|gn|=2.3383	time=35.93it/s
2025-11-25 23:56:41,527 epoch=40	global_step=15700	acc=0.8750	acc_avg=0.8667	loss=0.3892	loss_avg=0.3788	lr=0.0250	|gn|=2.1580	time=40.80it/s
2025-11-25 23:56:44,046 epoch=40	global_step=15800	acc=0.7891	acc_avg=0.8593	loss=0.5608	loss_avg=0.3983	lr=0.0250	|gn|=2.6962	time=41.06it/s
2025-11-25 23:56:46,563 epoch=40	global_step=15900	acc=0.8828	acc_avg=0.8574	loss=0.3772	loss_avg=0.4048	lr=0.0250	|gn|=2.1886	time=40.80it/s
2025-11-25 23:56:48,859 ====================Eval Epoch 40====================
2025-11-25 23:56:49,936 epoch=40	global_step=39	acc=0.8750	acc_avg=0.8317	acc5=1.0000	acc5_avg=0.9903	loss=0.2872	loss_avg=0.5165	time=282.64it/s
2025-11-25 23:56:49,936 Eval Loss:0.5165	Eval acc: 83.17
2025-11-25 23:56:49,936 
2025-11-25 23:56:49,936 ====================Training Epoch 41====================
2025-11-25 23:56:50,410 epoch=41	global_step=16000	acc=0.8672	acc_avg=0.8615	loss=0.3891	loss_avg=0.3809	lr=0.0228	|gn|=2.1662	time=40.43it/s
2025-11-25 23:56:53,027 epoch=41	global_step=16100	acc=0.8984	acc_avg=0.8726	loss=0.3578	loss_avg=0.3651	lr=0.0228	|gn|=2.1683	time=38.37it/s
2025-11-25 23:56:55,601 epoch=41	global_step=16200	acc=0.8203	acc_avg=0.8676	loss=0.4388	loss_avg=0.3775	lr=0.0228	|gn|=2.5523	time=39.47it/s
2025-11-25 23:56:58,183 epoch=41	global_step=16300	acc=0.8984	acc_avg=0.8651	loss=0.3241	loss_avg=0.3858	lr=0.0228	|gn|=2.0616	time=39.54it/s
2025-11-25 23:57:00,276 ====================Eval Epoch 41====================
2025-11-25 23:57:01,352 epoch=41	global_step=39	acc=0.8750	acc_avg=0.8307	acc5=1.0000	acc5_avg=0.9898	loss=0.5663	loss_avg=0.5292	time=281.55it/s
2025-11-25 23:57:01,352 Eval Loss:0.5292	Eval acc: 83.07
2025-11-25 23:57:01,353 
2025-11-25 23:57:01,353 ====================Training Epoch 42====================
2025-11-25 23:57:02,060 epoch=42	global_step=16400	acc=0.8984	acc_avg=0.8705	loss=0.3784	loss_avg=0.3687	lr=0.0206	|gn|=2.3159	time=45.50it/s
2025-11-25 23:57:04,410 epoch=42	global_step=16500	acc=0.8750	acc_avg=0.8747	loss=0.3725	loss_avg=0.3532	lr=0.0206	|gn|=2.4028	time=45.58it/s
2025-11-25 23:57:06,914 epoch=42	global_step=16600	acc=0.8359	acc_avg=0.8726	loss=0.4458	loss_avg=0.3600	lr=0.0206	|gn|=2.6876	time=40.79it/s
2025-11-25 23:57:09,445 epoch=42	global_step=16700	acc=0.8516	acc_avg=0.8699	loss=0.4213	loss_avg=0.3684	lr=0.0206	|gn|=2.9064	time=40.66it/s
2025-11-25 23:57:11,239 ====================Eval Epoch 42====================
2025-11-25 23:57:12,304 epoch=42	global_step=39	acc=0.8750	acc_avg=0.8362	acc5=1.0000	acc5_avg=0.9912	loss=0.3316	loss_avg=0.5066	time=279.60it/s
2025-11-25 23:57:12,305 Eval Loss:0.5066	Eval acc: 83.62
2025-11-25 23:57:12,305 
2025-11-25 23:57:12,305 ====================Training Epoch 43====================
2025-11-25 23:57:13,273 epoch=43	global_step=16800	acc=0.8984	acc_avg=0.8876	loss=0.2933	loss_avg=0.3225	lr=0.0185	|gn|=2.0900	time=40.35it/s
2025-11-25 23:57:15,712 epoch=43	global_step=16900	acc=0.8359	acc_avg=0.8869	loss=0.4673	loss_avg=0.3226	lr=0.0185	|gn|=2.9497	time=42.84it/s
2025-11-25 23:57:18,174 epoch=43	global_step=17000	acc=0.8906	acc_avg=0.8846	loss=0.2562	loss_avg=0.3312	lr=0.0185	|gn|=2.1104	time=41.00it/s
2025-11-25 23:57:20,652 epoch=43	global_step=17100	acc=0.8750	acc_avg=0.8825	loss=0.3202	loss_avg=0.3362	lr=0.0185	|gn|=2.2569	time=45.96it/s
2025-11-25 23:57:22,141 ====================Eval Epoch 43====================
2025-11-25 23:57:23,203 epoch=43	global_step=39	acc=0.9375	acc_avg=0.8332	acc5=1.0000	acc5_avg=0.9908	loss=0.2282	loss_avg=0.5179	time=281.35it/s
2025-11-25 23:57:23,204 Eval Loss:0.5179	Eval acc: 83.32
2025-11-25 23:57:23,204 
2025-11-25 23:57:23,204 ====================Training Epoch 44====================
2025-11-25 23:57:24,358 epoch=44	global_step=17200	acc=0.9453	acc_avg=0.8927	loss=0.2258	loss_avg=0.3090	lr=0.0165	|gn|=2.2100	time=45.91it/s
2025-11-25 23:57:26,882 epoch=44	global_step=17300	acc=0.8906	acc_avg=0.8922	loss=0.2907	loss_avg=0.3105	lr=0.0165	|gn|=2.4080	time=39.78it/s
2025-11-25 23:57:29,410 epoch=44	global_step=17400	acc=0.8828	acc_avg=0.8914	loss=0.3664	loss_avg=0.3125	lr=0.0165	|gn|=2.4239	time=40.87it/s
2025-11-25 23:57:31,943 epoch=44	global_step=17500	acc=0.9062	acc_avg=0.8896	loss=0.3524	loss_avg=0.3172	lr=0.0165	|gn|=2.4361	time=40.85it/s
2025-11-25 23:57:33,224 ====================Eval Epoch 44====================
2025-11-25 23:57:34,297 epoch=44	global_step=39	acc=0.8750	acc_avg=0.8398	acc5=1.0000	acc5_avg=0.9919	loss=0.1761	loss_avg=0.4965	time=282.20it/s
2025-11-25 23:57:34,297 Eval Loss:0.4965	Eval acc: 83.98
2025-11-25 23:57:34,298 
2025-11-25 23:57:34,298 ====================Training Epoch 45====================
2025-11-25 23:57:35,754 epoch=45	global_step=17600	acc=0.8984	acc_avg=0.8992	loss=0.2863	loss_avg=0.2953	lr=0.0146	|gn|=2.7050	time=42.94it/s
2025-11-25 23:57:38,173 epoch=45	global_step=17700	acc=0.8594	acc_avg=0.9041	loss=0.4048	loss_avg=0.2813	lr=0.0146	|gn|=3.3181	time=43.44it/s
2025-11-25 23:57:40,655 epoch=45	global_step=17800	acc=0.8672	acc_avg=0.9015	loss=0.3002	loss_avg=0.2838	lr=0.0146	|gn|=2.8789	time=41.26it/s
2025-11-25 23:57:43,161 epoch=45	global_step=17900	acc=0.8984	acc_avg=0.8989	loss=0.2710	loss_avg=0.2923	lr=0.0146	|gn|=2.4762	time=40.51it/s
2025-11-25 23:57:44,172 ====================Eval Epoch 45====================
2025-11-25 23:57:45,245 epoch=45	global_step=39	acc=0.9375	acc_avg=0.8436	acc5=1.0000	acc5_avg=0.9927	loss=0.4378	loss_avg=0.4952	time=279.68it/s
2025-11-25 23:57:45,245 Eval Loss:0.4952	Eval acc: 84.36
2025-11-25 23:57:45,245 
2025-11-25 23:57:45,246 ====================Training Epoch 46====================
2025-11-25 23:57:46,945 epoch=46	global_step=18000	acc=0.9062	acc_avg=0.9048	loss=0.2734	loss_avg=0.2700	lr=0.0128	|gn|=2.5231	time=44.33it/s
2025-11-25 23:57:49,325 epoch=46	global_step=18100	acc=0.9375	acc_avg=0.9055	loss=0.2545	loss_avg=0.2686	lr=0.0128	|gn|=2.4584	time=44.02it/s
2025-11-25 23:57:51,744 epoch=46	global_step=18200	acc=0.9219	acc_avg=0.9047	loss=0.2401	loss_avg=0.2686	lr=0.0128	|gn|=2.8769	time=40.72it/s
2025-11-25 23:57:54,100 epoch=46	global_step=18300	acc=0.8984	acc_avg=0.9036	loss=0.2896	loss_avg=0.2720	lr=0.0128	|gn|=3.0490	time=45.56it/s
2025-11-25 23:57:54,843 ====================Eval Epoch 46====================
2025-11-25 23:57:55,921 epoch=46	global_step=39	acc=0.9375	acc_avg=0.8451	acc5=1.0000	acc5_avg=0.9924	loss=0.1036	loss_avg=0.5004	time=282.46it/s
2025-11-25 23:57:55,921 Eval Loss:0.5004	Eval acc: 84.51
2025-11-25 23:57:55,921 
2025-11-25 23:57:55,921 ====================Training Epoch 47====================
2025-11-25 23:57:57,948 epoch=47	global_step=18400	acc=0.9531	acc_avg=0.9125	loss=0.1403	loss_avg=0.2550	lr=0.0111	|gn|=2.0599	time=39.91it/s
2025-11-25 23:58:00,512 epoch=47	global_step=18500	acc=0.9219	acc_avg=0.9131	loss=0.2134	loss_avg=0.2515	lr=0.0111	|gn|=2.6928	time=40.01it/s
2025-11-25 23:58:03,074 epoch=47	global_step=18600	acc=0.8984	acc_avg=0.9151	loss=0.2604	loss_avg=0.2468	lr=0.0111	|gn|=3.0455	time=39.30it/s
2025-11-25 23:58:05,648 epoch=47	global_step=18700	acc=0.9062	acc_avg=0.9144	loss=0.2224	loss_avg=0.2466	lr=0.0111	|gn|=3.0751	time=40.55it/s
2025-11-25 23:58:06,172 ====================Eval Epoch 47====================
2025-11-25 23:58:07,239 epoch=47	global_step=39	acc=0.9375	acc_avg=0.8461	acc5=1.0000	acc5_avg=0.9917	loss=0.1393	loss_avg=0.5030	time=281.61it/s
2025-11-25 23:58:07,239 Eval Loss:0.5030	Eval acc: 84.61
2025-11-25 23:58:07,239 
2025-11-25 23:58:07,239 ====================Training Epoch 48====================
2025-11-25 23:58:09,408 epoch=48	global_step=18800	acc=0.9531	acc_avg=0.9274	loss=0.1360	loss_avg=0.2132	lr=0.0095	|gn|=2.1159	time=45.28it/s
2025-11-25 23:58:11,870 epoch=48	global_step=18900	acc=0.9688	acc_avg=0.9276	loss=0.1376	loss_avg=0.2103	lr=0.0095	|gn|=2.3163	time=41.05it/s
2025-11-25 23:58:14,313 epoch=48	global_step=19000	acc=0.8906	acc_avg=0.9260	loss=0.1803	loss_avg=0.2135	lr=0.0095	|gn|=2.8869	time=40.60it/s
2025-11-25 23:58:16,761 epoch=48	global_step=19100	acc=0.8750	acc_avg=0.9235	loss=0.2785	loss_avg=0.2189	lr=0.0095	|gn|=3.1612	time=41.41it/s
2025-11-25 23:58:17,031 ====================Eval Epoch 48====================
2025-11-25 23:58:18,090 epoch=48	global_step=39	acc=0.9375	acc_avg=0.8493	acc5=1.0000	acc5_avg=0.9932	loss=0.2905	loss_avg=0.5000	time=280.01it/s
2025-11-25 23:58:18,091 Eval Loss:0.5000	Eval acc: 84.93
2025-11-25 23:58:18,091 
2025-11-25 23:58:18,091 ====================Training Epoch 49====================
2025-11-25 23:58:20,414 epoch=49	global_step=19200	acc=0.9062	acc_avg=0.9329	loss=0.2429	loss_avg=0.1923	lr=0.0081	|gn|=3.0536	time=45.50it/s
2025-11-25 23:58:22,754 epoch=49	global_step=19300	acc=0.9375	acc_avg=0.9332	loss=0.1908	loss_avg=0.1925	lr=0.0081	|gn|=2.9187	time=39.99it/s
2025-11-25 23:58:25,294 epoch=49	global_step=19400	acc=0.9219	acc_avg=0.9338	loss=0.2337	loss_avg=0.1932	lr=0.0081	|gn|=3.1447	time=40.29it/s
2025-11-25 23:58:27,857 ====================Eval Epoch 49====================
2025-11-25 23:58:28,936 epoch=49	global_step=39	acc=0.9375	acc_avg=0.8570	acc5=1.0000	acc5_avg=0.9926	loss=0.1037	loss_avg=0.4933	time=279.08it/s
2025-11-25 23:58:28,936 Eval Loss:0.4933	Eval acc: 85.70
2025-11-25 23:58:28,936 
2025-11-25 23:58:28,936 ====================Training Epoch 50====================
2025-11-25 23:58:29,173 epoch=50	global_step=19500	acc=0.9062	acc_avg=0.9062	loss=0.1932	loss_avg=0.1932	lr=0.0067	|gn|=3.5764	time=27.55it/s
2025-11-25 23:58:31,592 epoch=50	global_step=19600	acc=0.9453	acc_avg=0.9452	loss=0.1418	loss_avg=0.1606	lr=0.0067	|gn|=2.3796	time=44.75it/s
2025-11-25 23:58:34,019 epoch=50	global_step=19700	acc=0.9219	acc_avg=0.9425	loss=0.1922	loss_avg=0.1659	lr=0.0067	|gn|=3.3229	time=39.47it/s
2025-11-25 23:58:36,550 epoch=50	global_step=19800	acc=0.9375	acc_avg=0.9414	loss=0.1991	loss_avg=0.1701	lr=0.0067	|gn|=2.9572	time=41.05it/s
2025-11-25 23:58:38,836 ====================Eval Epoch 50====================
2025-11-25 23:58:39,915 epoch=50	global_step=39	acc=0.9375	acc_avg=0.8586	acc5=1.0000	acc5_avg=0.9929	loss=0.4329	loss_avg=0.4934	time=281.01it/s
2025-11-25 23:58:39,915 Eval Loss:0.4934	Eval acc: 85.86
2025-11-25 23:58:39,915 
2025-11-25 23:58:39,915 ====================Training Epoch 51====================
2025-11-25 23:58:40,393 epoch=51	global_step=19900	acc=0.9609	acc_avg=0.9439	loss=0.1345	loss_avg=0.1478	lr=0.0054	|gn|=2.8361	time=39.31it/s
2025-11-25 23:58:42,957 epoch=51	global_step=20000	acc=0.9688	acc_avg=0.9488	loss=0.1042	loss_avg=0.1449	lr=0.0054	|gn|=2.4729	time=41.18it/s
2025-11-25 23:58:45,500 epoch=51	global_step=20100	acc=0.9609	acc_avg=0.9502	loss=0.1472	loss_avg=0.1425	lr=0.0054	|gn|=2.8792	time=41.01it/s
2025-11-25 23:58:48,047 epoch=51	global_step=20200	acc=0.9453	acc_avg=0.9507	loss=0.1574	loss_avg=0.1415	lr=0.0054	|gn|=3.3272	time=38.58it/s
2025-11-25 23:58:50,132 ====================Eval Epoch 51====================
2025-11-25 23:58:51,201 epoch=51	global_step=39	acc=0.9375	acc_avg=0.8580	acc5=1.0000	acc5_avg=0.9923	loss=0.3078	loss_avg=0.5161	time=281.36it/s
2025-11-25 23:58:51,201 Eval Loss:0.5161	Eval acc: 85.80
2025-11-25 23:58:51,201 
2025-11-25 23:58:51,201 ====================Training Epoch 52====================
2025-11-25 23:58:51,911 epoch=52	global_step=20300	acc=0.9141	acc_avg=0.9516	loss=0.1783	loss_avg=0.1410	lr=0.0043	|gn|=3.8359	time=42.79it/s
2025-11-25 23:58:54,316 epoch=52	global_step=20400	acc=0.9766	acc_avg=0.9589	loss=0.0743	loss_avg=0.1245	lr=0.0043	|gn|=2.1155	time=44.64it/s
2025-11-25 23:58:56,711 epoch=52	global_step=20500	acc=0.9375	acc_avg=0.9562	loss=0.1409	loss_avg=0.1293	lr=0.0043	|gn|=3.6117	time=42.79it/s
2025-11-25 23:58:59,180 epoch=52	global_step=20600	acc=0.9688	acc_avg=0.9560	loss=0.1166	loss_avg=0.1298	lr=0.0043	|gn|=3.0493	time=40.76it/s
2025-11-25 23:59:00,857 ====================Eval Epoch 52====================
2025-11-25 23:59:01,959 epoch=52	global_step=39	acc=0.8750	acc_avg=0.8560	acc5=1.0000	acc5_avg=0.9929	loss=0.4918	loss_avg=0.5179	time=280.46it/s
2025-11-25 23:59:01,959 Eval Loss:0.5179	Eval acc: 85.60
2025-11-25 23:59:01,959 
2025-11-25 23:59:01,959 ====================Training Epoch 53====================
2025-11-25 23:59:02,965 epoch=53	global_step=20700	acc=0.9688	acc_avg=0.9569	loss=0.1145	loss_avg=0.1240	lr=0.0033	|gn|=2.5464	time=38.74it/s
2025-11-25 23:59:05,419 epoch=53	global_step=20800	acc=0.9688	acc_avg=0.9639	loss=0.0732	loss_avg=0.1120	lr=0.0033	|gn|=2.2599	time=45.80it/s
2025-11-25 23:59:07,790 epoch=53	global_step=20900	acc=0.9297	acc_avg=0.9632	loss=0.1644	loss_avg=0.1119	lr=0.0033	|gn|=3.5419	time=43.90it/s
2025-11-25 23:59:10,151 epoch=53	global_step=21000	acc=0.9766	acc_avg=0.9627	loss=0.0987	loss_avg=0.1129	lr=0.0033	|gn|=2.0755	time=45.08it/s
2025-11-25 23:59:11,595 ====================Eval Epoch 53====================
2025-11-25 23:59:12,665 epoch=53	global_step=39	acc=0.9375	acc_avg=0.8544	acc5=1.0000	acc5_avg=0.9906	loss=0.2970	loss_avg=0.5320	time=279.64it/s
2025-11-25 23:59:12,665 Eval Loss:0.5320	Eval acc: 85.44
2025-11-25 23:59:12,665 
2025-11-25 23:59:12,665 ====================Training Epoch 54====================
2025-11-25 23:59:13,837 epoch=54	global_step=21100	acc=0.9688	acc_avg=0.9638	loss=0.1098	loss_avg=0.1084	lr=0.0024	|gn|=3.1109	time=46.17it/s
2025-11-25 23:59:16,300 epoch=54	global_step=21200	acc=0.9766	acc_avg=0.9687	loss=0.0952	loss_avg=0.0963	lr=0.0024	|gn|=2.6645	time=40.71it/s
2025-11-25 23:59:18,808 epoch=54	global_step=21300	acc=0.9688	acc_avg=0.9685	loss=0.1074	loss_avg=0.0957	lr=0.0024	|gn|=2.2886	time=40.46it/s
2025-11-25 23:59:21,324 epoch=54	global_step=21400	acc=0.9766	acc_avg=0.9690	loss=0.0722	loss_avg=0.0955	lr=0.0024	|gn|=2.5195	time=39.98it/s
2025-11-25 23:59:22,615 ====================Eval Epoch 54====================
2025-11-25 23:59:23,696 epoch=54	global_step=39	acc=0.9375	acc_avg=0.8585	acc5=1.0000	acc5_avg=0.9928	loss=0.3054	loss_avg=0.5130	time=281.82it/s
2025-11-25 23:59:23,696 Eval Loss:0.5130	Eval acc: 85.85
2025-11-25 23:59:23,697 
2025-11-25 23:59:23,697 ====================Training Epoch 55====================
2025-11-25 23:59:25,203 epoch=55	global_step=21500	acc=0.9609	acc_avg=0.9753	loss=0.1078	loss_avg=0.0779	lr=0.0017	|gn|=3.1159	time=40.46it/s
2025-11-25 23:59:27,727 epoch=55	global_step=21600	acc=0.9844	acc_avg=0.9746	loss=0.0616	loss_avg=0.0813	lr=0.0017	|gn|=2.3564	time=39.56it/s
2025-11-25 23:59:30,285 epoch=55	global_step=21700	acc=0.9531	acc_avg=0.9739	loss=0.1312	loss_avg=0.0815	lr=0.0017	|gn|=3.3916	time=39.27it/s
2025-11-25 23:59:32,876 epoch=55	global_step=21800	acc=0.9844	acc_avg=0.9738	loss=0.0603	loss_avg=0.0816	lr=0.0017	|gn|=2.8102	time=40.51it/s
2025-11-25 23:59:33,920 ====================Eval Epoch 55====================
2025-11-25 23:59:34,983 epoch=55	global_step=39	acc=0.9375	acc_avg=0.8608	acc5=1.0000	acc5_avg=0.9919	loss=0.4056	loss_avg=0.5163	time=280.80it/s
2025-11-25 23:59:34,983 Eval Loss:0.5163	Eval acc: 86.08
2025-11-25 23:59:34,983 
2025-11-25 23:59:34,983 ====================Training Epoch 56====================
2025-11-25 23:59:36,701 epoch=56	global_step=21900	acc=0.9844	acc_avg=0.9758	loss=0.0487	loss_avg=0.0746	lr=0.0011	|gn|=1.8200	time=43.70it/s
2025-11-25 23:59:39,107 epoch=56	global_step=22000	acc=0.9375	acc_avg=0.9765	loss=0.1618	loss_avg=0.0756	lr=0.0011	|gn|=4.2019	time=41.41it/s
2025-11-25 23:59:41,626 epoch=56	global_step=22100	acc=0.9453	acc_avg=0.9757	loss=0.1344	loss_avg=0.0774	lr=0.0011	|gn|=3.6219	time=39.84it/s
2025-11-25 23:59:44,185 epoch=56	global_step=22200	acc=0.9922	acc_avg=0.9758	loss=0.0423	loss_avg=0.0771	lr=0.0011	|gn|=1.6301	time=40.89it/s
2025-11-25 23:59:44,963 ====================Eval Epoch 56====================
2025-11-25 23:59:46,044 epoch=56	global_step=39	acc=0.9375	acc_avg=0.8622	acc5=1.0000	acc5_avg=0.9924	loss=0.4122	loss_avg=0.5097	time=280.89it/s
2025-11-25 23:59:46,045 Eval Loss:0.5097	Eval acc: 86.22
2025-11-25 23:59:46,045 
2025-11-25 23:59:46,045 ====================Training Epoch 57====================
2025-11-25 23:59:47,998 epoch=57	global_step=22300	acc=0.9922	acc_avg=0.9754	loss=0.0473	loss_avg=0.0725	lr=0.0006	|gn|=2.3346	time=40.87it/s
2025-11-25 23:59:50,533 epoch=57	global_step=22400	acc=0.9844	acc_avg=0.9764	loss=0.0643	loss_avg=0.0702	lr=0.0006	|gn|=2.1924	time=40.70it/s
2025-11-25 23:59:53,060 epoch=57	global_step=22500	acc=0.9375	acc_avg=0.9767	loss=0.1296	loss_avg=0.0699	lr=0.0006	|gn|=3.6467	time=40.86it/s
2025-11-25 23:59:55,589 epoch=57	global_step=22600	acc=0.9922	acc_avg=0.9767	loss=0.0701	loss_avg=0.0706	lr=0.0006	|gn|=2.4226	time=41.02it/s
2025-11-25 23:59:56,124 ====================Eval Epoch 57====================
2025-11-25 23:59:57,199 epoch=57	global_step=39	acc=0.9375	acc_avg=0.8599	acc5=1.0000	acc5_avg=0.9915	loss=0.3611	loss_avg=0.5300	time=282.24it/s
2025-11-25 23:59:57,199 Eval Loss:0.5300	Eval acc: 85.99
2025-11-25 23:59:57,199 
2025-11-25 23:59:57,199 ====================Training Epoch 58====================
2025-11-25 23:59:59,488 epoch=58	global_step=22700	acc=0.9766	acc_avg=0.9793	loss=0.0741	loss_avg=0.0681	lr=0.0003	|gn|=2.7538	time=40.68it/s
2025-11-26 00:00:01,870 epoch=58	global_step=22800	acc=0.9922	acc_avg=0.9807	loss=0.0426	loss_avg=0.0638	lr=0.0003	|gn|=1.6154	time=45.13it/s
2025-11-26 00:00:04,196 epoch=58	global_step=22900	acc=0.9922	acc_avg=0.9803	loss=0.0653	loss_avg=0.0644	lr=0.0003	|gn|=2.2209	time=40.76it/s
2025-11-26 00:00:06,555 epoch=58	global_step=23000	acc=0.9766	acc_avg=0.9800	loss=0.0506	loss_avg=0.0645	lr=0.0003	|gn|=2.0560	time=41.59it/s
2025-11-26 00:00:06,833 ====================Eval Epoch 58====================
2025-11-26 00:00:07,927 epoch=58	global_step=39	acc=0.9375	acc_avg=0.8588	acc5=1.0000	acc5_avg=0.9917	loss=0.3411	loss_avg=0.5256	time=280.18it/s
2025-11-26 00:00:07,927 Eval Loss:0.5256	Eval acc: 85.88
2025-11-26 00:00:07,928 
2025-11-26 00:00:07,928 ====================Training Epoch 59====================
2025-11-26 00:00:10,347 epoch=59	global_step=23100	acc=0.9844	acc_avg=0.9810	loss=0.0492	loss_avg=0.0632	lr=0.0001	|gn|=1.9398	time=41.77it/s
2025-11-26 00:00:12,782 epoch=59	global_step=23200	acc=0.9688	acc_avg=0.9801	loss=0.0641	loss_avg=0.0637	lr=0.0001	|gn|=2.6392	time=40.72it/s
2025-11-26 00:00:15,250 epoch=59	global_step=23300	acc=0.9844	acc_avg=0.9804	loss=0.0492	loss_avg=0.0641	lr=0.0001	|gn|=2.0024	time=42.51it/s
2025-11-26 00:00:17,766 ====================Eval Epoch 59====================
2025-11-26 00:00:18,863 epoch=59	global_step=39	acc=0.9375	acc_avg=0.8609	acc5=1.0000	acc5_avg=0.9917	loss=0.3629	loss_avg=0.5164	time=281.16it/s
2025-11-26 00:00:18,863 Eval Loss:0.5164	Eval acc: 86.09
2025-11-26 00:00:18,865 Running Cost 0.01 Days 

