2025-11-14 16:09:10,748 PyTorch Version: 2.6.0
2025-11-14 16:09:10,771 GPU List: ['NVIDIA L40S']
2025-11-14 16:09:10,776 num_classes: 10
2025-11-14 16:09:10,776 epochs: 60
2025-11-14 16:09:10,776 grad_clip: 5.0
2025-11-14 16:09:10,776 log_frequency: 100
2025-11-14 16:09:10,776 model: {'name': 'ResNet18', 'num_classes': 10}
2025-11-14 16:09:10,776 criterion: {'name': 'CrossEntropyLoss'}
2025-11-14 16:09:10,776 optimizer: {'name': 'SGD', 'lr': 0.1, 'weight_decay': 0.0005, 'momentum': 0.9}
2025-11-14 16:09:10,776 scheduler: {'name': 'CosineAnnealingLR', 'T_max': 60, 'eta_min': 0.0}
2025-11-14 16:09:10,776 dataset: {'name': 'DatasetGenerator', 'train_batch_size': 512, 'eval_batch_size': 512}
2025-11-14 16:09:10,778 seed: 0
2025-11-14 16:09:10,778 version: resnet18
2025-11-14 16:09:10,778 exp_name: experiment/classwise/model_training2025-11-14 16:09:10.742919
2025-11-14 16:09:10,778 config_path: configs/cifar10
2025-11-14 16:09:10,778 load_model: False
2025-11-14 16:09:10,778 data_parallel: False
2025-11-14 16:09:10,778 train: True
2025-11-14 16:09:10,778 save_frequency: -1
2025-11-14 16:09:10,778 train_face: False
2025-11-14 16:09:10,778 train_portion: 1.0
2025-11-14 16:09:10,778 train_batch_size: 128
2025-11-14 16:09:10,778 eval_batch_size: 256
2025-11-14 16:09:10,778 num_of_workers: 6
2025-11-14 16:09:10,778 train_data_type: PoisonCIFAR10
2025-11-14 16:09:10,778 test_data_type: CIFAR10
2025-11-14 16:09:10,778 train_data_path: ../dataset
2025-11-14 16:09:10,778 test_data_path: ../dataset
2025-11-14 16:09:10,778 perturb_type: classwise
2025-11-14 16:09:10,778 patch_location: center
2025-11-14 16:09:10,778 poison_rate: 1.0
2025-11-14 16:09:10,778 perturb_tensor_filepath: None
2025-11-14 16:09:10,778 generator_filepath: ./experiment/classwise/noise_generation/generator.pth
2025-11-14 16:09:10,778 use_generator: True
2025-11-14 16:09:10,779 gue: False
2025-11-14 16:09:10,779 filter_type: low
2025-11-14 16:09:10,779 cutoff: 0.5
2025-11-14 16:09:10,779 image_size: 32
2025-11-14 16:09:10,779 img_denoise: 70
2025-11-14 16:12:38,550 Training Dataset: Dataset PoisonCIFAR10
    Number of datapoints: 50000
    Root location: ../dataset
    Split: Train
    StandardTransform
Transform: Compose(
               RandomCrop(size=(32, 32), padding=4)
               RandomHorizontalFlip(p=0.5)
               RandomRotation(degrees=[-10.0, 10.0], interpolation=nearest, expand=False, fill=0)
               ToTensor()
           )
2025-11-14 16:12:38,550 Test Dataset: Dataset CIFAR10
    Number of datapoints: 10000
    Root location: ../dataset
    Split: Test
    StandardTransform
Transform: Compose(
               ToTensor()
           )
2025-11-14 16:12:38,635 param size = 13.682862MB
2025-11-14 16:12:38,635 
2025-11-14 16:12:38,635 ====================Training Epoch 0====================
Generator ./experiment/classwise/noise_generation/generator.pth loaded!
add_uniform_noise:  False
Poison samples: 50000/50000
Generator ./experiment/classwise/noise_generation/generator.pth loaded!
add_uniform_noise:  False
Poison samples: 50000/50000
train_dataset
2025-11-14 16:12:40,371 epoch=0	global_step=0	acc=0.0781	acc_avg=0.0781	loss=2.3485	loss_avg=2.3485	lr=0.1000	|gn|=7.3654	time=0.90it/s
2025-11-14 16:12:42,999 epoch=0	global_step=100	acc=0.3203	acc_avg=0.2569	loss=1.8001	loss_avg=2.1355	lr=0.1000	|gn|=1.4419	time=40.25it/s
2025-11-14 16:12:45,577 epoch=0	global_step=200	acc=0.7422	acc_avg=0.3923	loss=0.6286	loss_avg=1.7130	lr=0.1000	|gn|=1.3705	time=40.03it/s
2025-11-14 16:12:48,155 epoch=0	global_step=300	acc=0.7734	acc_avg=0.5162	loss=0.5880	loss_avg=1.3630	lr=0.1000	|gn|=1.1990	time=40.01it/s
2025-11-14 16:12:50,525 ====================Eval Epoch 0====================
2025-11-14 16:12:51,955 epoch=0	global_step=39	acc=0.1250	acc_avg=0.2077	acc5=0.5000	acc5_avg=0.5935	loss=7.9973	loss_avg=7.9790	time=18.21it/s
2025-11-14 16:12:51,955 Eval Loss:7.9790	Eval acc: 20.77
2025-11-14 16:12:51,955 
2025-11-14 16:12:51,955 ====================Training Epoch 1====================
2025-11-14 16:12:52,490 epoch=1	global_step=400	acc=0.8672	acc_avg=0.8430	loss=0.3414	loss_avg=0.4351	lr=0.0999	|gn|=0.9122	time=40.32it/s
2025-11-14 16:12:55,021 epoch=1	global_step=500	acc=0.8438	acc_avg=0.8440	loss=0.4420	loss_avg=0.4334	lr=0.0999	|gn|=1.0285	time=40.13it/s
2025-11-14 16:12:57,615 epoch=1	global_step=600	acc=0.8516	acc_avg=0.8555	loss=0.4160	loss_avg=0.4028	lr=0.0999	|gn|=1.0175	time=39.06it/s
2025-11-14 16:13:00,214 epoch=1	global_step=700	acc=0.8672	acc_avg=0.8598	loss=0.3189	loss_avg=0.3880	lr=0.0999	|gn|=0.9698	time=40.23it/s
2025-11-14 16:13:02,320 ====================Eval Epoch 1====================
2025-11-14 16:13:03,516 epoch=1	global_step=39	acc=0.0625	acc_avg=0.1653	acc5=0.3125	acc5_avg=0.5675	loss=9.7375	loss_avg=9.0534	time=267.73it/s
2025-11-14 16:13:03,516 Eval Loss:9.0534	Eval acc: 16.53
2025-11-14 16:13:03,516 
2025-11-14 16:13:03,516 ====================Training Epoch 2====================
2025-11-14 16:13:04,322 epoch=2	global_step=800	acc=0.9141	acc_avg=0.8865	loss=0.2310	loss_avg=0.3012	lr=0.0997	|gn|=0.8333	time=39.44it/s
2025-11-14 16:13:06,942 epoch=2	global_step=900	acc=0.9375	acc_avg=0.8835	loss=0.2183	loss_avg=0.3219	lr=0.0997	|gn|=0.5980	time=40.14it/s
2025-11-14 16:13:09,550 epoch=2	global_step=1000	acc=0.8750	acc_avg=0.8908	loss=0.3664	loss_avg=0.3043	lr=0.0997	|gn|=1.0450	time=38.03it/s
2025-11-14 16:13:12,149 epoch=2	global_step=1100	acc=0.8984	acc_avg=0.8921	loss=0.2845	loss_avg=0.3000	lr=0.0997	|gn|=1.0706	time=39.98it/s
2025-11-14 16:13:14,019 ====================Eval Epoch 2====================
2025-11-14 16:13:15,192 epoch=2	global_step=39	acc=0.1875	acc_avg=0.2031	acc5=0.3750	acc5_avg=0.5679	loss=8.7871	loss_avg=8.1496	time=262.87it/s
2025-11-14 16:13:15,193 Eval Loss:8.1496	Eval acc: 20.31
2025-11-14 16:13:15,193 
2025-11-14 16:13:15,193 ====================Training Epoch 3====================
2025-11-14 16:13:16,291 epoch=3	global_step=1200	acc=0.8984	acc_avg=0.9035	loss=0.2834	loss_avg=0.2779	lr=0.0994	|gn|=0.9073	time=37.69it/s
2025-11-14 16:13:18,872 epoch=3	global_step=1300	acc=0.9062	acc_avg=0.9062	loss=0.2203	loss_avg=0.2660	lr=0.0994	|gn|=0.7475	time=40.13it/s
2025-11-14 16:13:21,464 epoch=3	global_step=1400	acc=0.8906	acc_avg=0.9046	loss=0.2160	loss_avg=0.2656	lr=0.0994	|gn|=0.6768	time=40.06it/s
2025-11-14 16:13:24,044 epoch=3	global_step=1500	acc=0.8984	acc_avg=0.9053	loss=0.3235	loss_avg=0.2662	lr=0.0994	|gn|=1.0351	time=39.77it/s
2025-11-14 16:13:25,643 ====================Eval Epoch 3====================
2025-11-14 16:13:26,829 epoch=3	global_step=39	acc=0.1875	acc_avg=0.1979	acc5=0.3750	acc5_avg=0.5948	loss=8.4054	loss_avg=8.3446	time=265.33it/s
2025-11-14 16:13:26,829 Eval Loss:8.3446	Eval acc: 19.79
2025-11-14 16:13:26,829 
2025-11-14 16:13:26,829 ====================Training Epoch 4====================
2025-11-14 16:13:28,142 epoch=4	global_step=1600	acc=0.9297	acc_avg=0.9238	loss=0.2216	loss_avg=0.2200	lr=0.0989	|gn|=0.7793	time=43.35it/s
2025-11-14 16:13:30,689 epoch=4	global_step=1700	acc=0.9219	acc_avg=0.9210	loss=0.2442	loss_avg=0.2226	lr=0.0989	|gn|=0.8056	time=39.44it/s
2025-11-14 16:13:33,232 epoch=4	global_step=1800	acc=0.8750	acc_avg=0.9151	loss=0.2498	loss_avg=0.2325	lr=0.0989	|gn|=0.7508	time=38.56it/s
2025-11-14 16:13:35,770 epoch=4	global_step=1900	acc=0.9141	acc_avg=0.9167	loss=0.2498	loss_avg=0.2275	lr=0.0989	|gn|=0.8911	time=41.22it/s
2025-11-14 16:13:37,078 ====================Eval Epoch 4====================
2025-11-14 16:13:38,252 epoch=4	global_step=39	acc=0.1875	acc_avg=0.1798	acc5=0.3750	acc5_avg=0.5792	loss=8.6800	loss_avg=8.4184	time=265.55it/s
2025-11-14 16:13:38,252 Eval Loss:8.4184	Eval acc: 17.98
2025-11-14 16:13:38,252 
2025-11-14 16:13:38,252 ====================Training Epoch 5====================
2025-11-14 16:13:39,798 epoch=5	global_step=2000	acc=0.9297	acc_avg=0.9233	loss=0.1818	loss_avg=0.2113	lr=0.0983	|gn|=0.7994	time=40.05it/s
2025-11-14 16:13:42,273 epoch=5	global_step=2100	acc=0.9375	acc_avg=0.9229	loss=0.1928	loss_avg=0.2069	lr=0.0983	|gn|=0.6981	time=44.85it/s
2025-11-14 16:13:44,796 epoch=5	global_step=2200	acc=0.8906	acc_avg=0.9231	loss=0.2244	loss_avg=0.2051	lr=0.0983	|gn|=0.8111	time=44.02it/s
2025-11-14 16:13:47,315 epoch=5	global_step=2300	acc=0.9375	acc_avg=0.9252	loss=0.2038	loss_avg=0.2028	lr=0.0983	|gn|=0.8386	time=40.20it/s
2025-11-14 16:13:48,370 ====================Eval Epoch 5====================
2025-11-14 16:13:49,559 epoch=5	global_step=39	acc=0.1875	acc_avg=0.1528	acc5=0.3750	acc5_avg=0.5742	loss=7.2164	loss_avg=6.8034	time=264.46it/s
2025-11-14 16:13:49,560 Eval Loss:6.8034	Eval acc: 15.28
2025-11-14 16:13:49,560 
2025-11-14 16:13:49,560 ====================Training Epoch 6====================
2025-11-14 16:13:51,296 epoch=6	global_step=2400	acc=0.9688	acc_avg=0.9230	loss=0.1367	loss_avg=0.2080	lr=0.0976	|gn|=0.7032	time=40.01it/s
2025-11-14 16:13:53,880 epoch=6	global_step=2500	acc=0.9531	acc_avg=0.9267	loss=0.1429	loss_avg=0.1991	lr=0.0976	|gn|=0.6470	time=38.78it/s
2025-11-14 16:13:56,530 epoch=6	global_step=2600	acc=0.8828	acc_avg=0.9257	loss=0.2495	loss_avg=0.2015	lr=0.0976	|gn|=1.2072	time=40.36it/s
2025-11-14 16:13:59,151 epoch=6	global_step=2700	acc=0.8906	acc_avg=0.9259	loss=0.2455	loss_avg=0.2015	lr=0.0976	|gn|=0.8833	time=39.06it/s
2025-11-14 16:13:59,965 ====================Eval Epoch 6====================
2025-11-14 16:14:01,169 epoch=6	global_step=39	acc=0.1875	acc_avg=0.2009	acc5=0.3750	acc5_avg=0.6053	loss=6.3106	loss_avg=6.2846	time=267.44it/s
2025-11-14 16:14:01,169 Eval Loss:6.2846	Eval acc: 20.09
2025-11-14 16:14:01,169 
2025-11-14 16:14:01,169 ====================Training Epoch 7====================
2025-11-14 16:14:03,174 epoch=7	global_step=2800	acc=0.9297	acc_avg=0.9275	loss=0.1870	loss_avg=0.1990	lr=0.0967	|gn|=0.6971	time=40.01it/s
2025-11-14 16:14:05,732 epoch=7	global_step=2900	acc=0.9375	acc_avg=0.9313	loss=0.2331	loss_avg=0.1899	lr=0.0967	|gn|=0.8753	time=39.79it/s
2025-11-14 16:14:08,309 epoch=7	global_step=3000	acc=0.9453	acc_avg=0.9308	loss=0.1535	loss_avg=0.1917	lr=0.0967	|gn|=0.5535	time=40.28it/s
2025-11-14 16:14:10,882 epoch=7	global_step=3100	acc=0.9219	acc_avg=0.9311	loss=0.2184	loss_avg=0.1922	lr=0.0967	|gn|=0.9289	time=40.22it/s
2025-11-14 16:14:11,430 ====================Eval Epoch 7====================
2025-11-14 16:14:12,609 epoch=7	global_step=39	acc=0.1875	acc_avg=0.1713	acc5=0.4375	acc5_avg=0.5985	loss=6.8282	loss_avg=6.5435	time=266.44it/s
2025-11-14 16:14:12,609 Eval Loss:6.5435	Eval acc: 17.13
2025-11-14 16:14:12,609 
2025-11-14 16:14:12,609 ====================Training Epoch 8====================
2025-11-14 16:14:14,887 epoch=8	global_step=3200	acc=0.9062	acc_avg=0.9280	loss=0.2365	loss_avg=0.1859	lr=0.0957	|gn|=0.9020	time=40.18it/s
2025-11-14 16:14:17,401 epoch=8	global_step=3300	acc=0.9453	acc_avg=0.9303	loss=0.1116	loss_avg=0.1878	lr=0.0957	|gn|=0.5734	time=40.82it/s
2025-11-14 16:14:19,986 epoch=8	global_step=3400	acc=0.8906	acc_avg=0.9293	loss=0.3039	loss_avg=0.1899	lr=0.0957	|gn|=1.0227	time=45.20it/s
2025-11-14 16:14:22,485 epoch=8	global_step=3500	acc=0.9219	acc_avg=0.9294	loss=0.1570	loss_avg=0.1913	lr=0.0957	|gn|=0.7538	time=40.64it/s
2025-11-14 16:14:22,782 ====================Eval Epoch 8====================
2025-11-14 16:14:23,945 epoch=8	global_step=39	acc=0.1250	acc_avg=0.1988	acc5=0.3750	acc5_avg=0.6037	loss=6.4607	loss_avg=6.1951	time=264.31it/s
2025-11-14 16:14:23,945 Eval Loss:6.1951	Eval acc: 19.88
2025-11-14 16:14:23,946 
2025-11-14 16:14:23,946 ====================Training Epoch 9====================
2025-11-14 16:14:26,506 epoch=9	global_step=3600	acc=0.9219	acc_avg=0.9329	loss=0.2264	loss_avg=0.1902	lr=0.0946	|gn|=0.9198	time=40.27it/s
2025-11-14 16:14:28,964 epoch=9	global_step=3700	acc=0.9688	acc_avg=0.9349	loss=0.1080	loss_avg=0.1804	lr=0.0946	|gn|=0.7774	time=42.02it/s
2025-11-14 16:14:31,387 epoch=9	global_step=3800	acc=0.9375	acc_avg=0.9334	loss=0.1569	loss_avg=0.1844	lr=0.0946	|gn|=0.7217	time=43.95it/s
2025-11-14 16:14:33,975 ====================Eval Epoch 9====================
2025-11-14 16:14:35,169 epoch=9	global_step=39	acc=0.1875	acc_avg=0.1867	acc5=0.2500	acc5_avg=0.5881	loss=7.0199	loss_avg=6.6483	time=267.78it/s
2025-11-14 16:14:35,170 Eval Loss:6.6483	Eval acc: 18.67
2025-11-14 16:14:35,170 
2025-11-14 16:14:35,170 ====================Training Epoch 10====================
2025-11-14 16:14:35,457 epoch=10	global_step=3900	acc=0.9219	acc_avg=0.9219	loss=0.1448	loss_avg=0.1448	lr=0.0933	|gn|=0.7707	time=34.19it/s
2025-11-14 16:14:38,136 epoch=10	global_step=4000	acc=0.9688	acc_avg=0.9344	loss=0.1487	loss_avg=0.1811	lr=0.0933	|gn|=0.5834	time=39.08it/s
2025-11-14 16:14:40,828 epoch=10	global_step=4100	acc=0.9688	acc_avg=0.9332	loss=0.1413	loss_avg=0.1848	lr=0.0933	|gn|=0.6223	time=38.89it/s
2025-11-14 16:14:43,502 epoch=10	global_step=4200	acc=0.9453	acc_avg=0.9331	loss=0.2131	loss_avg=0.1841	lr=0.0933	|gn|=1.0320	time=39.20it/s
2025-11-14 16:14:45,928 ====================Eval Epoch 10====================
2025-11-14 16:14:47,119 epoch=10	global_step=39	acc=0.1250	acc_avg=0.2262	acc5=0.3750	acc5_avg=0.6035	loss=6.2123	loss_avg=5.7292	time=265.11it/s
2025-11-14 16:14:47,119 Eval Loss:5.7292	Eval acc: 22.62
2025-11-14 16:14:47,119 
2025-11-14 16:14:47,119 ====================Training Epoch 11====================
2025-11-14 16:14:47,649 epoch=11	global_step=4300	acc=0.9062	acc_avg=0.9283	loss=0.2495	loss_avg=0.1827	lr=0.0919	|gn|=1.0231	time=40.10it/s
2025-11-14 16:14:50,281 epoch=11	global_step=4400	acc=0.9609	acc_avg=0.9369	loss=0.1548	loss_avg=0.1753	lr=0.0919	|gn|=0.8751	time=38.91it/s
2025-11-14 16:14:52,889 epoch=11	global_step=4500	acc=0.9141	acc_avg=0.9358	loss=0.2200	loss_avg=0.1766	lr=0.0919	|gn|=0.9718	time=40.27it/s
2025-11-14 16:14:55,481 epoch=11	global_step=4600	acc=0.9297	acc_avg=0.9347	loss=0.1749	loss_avg=0.1801	lr=0.0919	|gn|=0.8994	time=40.00it/s
2025-11-14 16:14:57,586 ====================Eval Epoch 11====================
2025-11-14 16:14:58,765 epoch=11	global_step=39	acc=0.1250	acc_avg=0.2033	acc5=0.4375	acc5_avg=0.6152	loss=6.3009	loss_avg=5.7935	time=265.75it/s
2025-11-14 16:14:58,765 Eval Loss:5.7935	Eval acc: 20.33
2025-11-14 16:14:58,765 
2025-11-14 16:14:58,765 ====================Training Epoch 12====================
2025-11-14 16:14:59,537 epoch=12	global_step=4700	acc=0.9453	acc_avg=0.9427	loss=0.1560	loss_avg=0.1539	lr=0.0905	|gn|=0.8559	time=43.76it/s
2025-11-14 16:15:01,955 epoch=12	global_step=4800	acc=0.9141	acc_avg=0.9401	loss=0.2347	loss_avg=0.1667	lr=0.0905	|gn|=0.8912	time=44.71it/s
2025-11-14 16:15:04,383 epoch=12	global_step=4900	acc=0.9531	acc_avg=0.9382	loss=0.1563	loss_avg=0.1722	lr=0.0905	|gn|=0.9554	time=43.55it/s
2025-11-14 16:15:06,805 epoch=12	global_step=5000	acc=0.9688	acc_avg=0.9372	loss=0.1626	loss_avg=0.1743	lr=0.0905	|gn|=0.8726	time=40.92it/s
2025-11-14 16:15:08,559 ====================Eval Epoch 12====================
2025-11-14 16:15:09,739 epoch=12	global_step=39	acc=0.1875	acc_avg=0.2173	acc5=0.5000	acc5_avg=0.6412	loss=5.9897	loss_avg=5.5735	time=268.21it/s
2025-11-14 16:15:09,740 Eval Loss:5.5735	Eval acc: 21.73
2025-11-14 16:15:09,740 
2025-11-14 16:15:09,740 ====================Training Epoch 13====================
2025-11-14 16:15:10,766 epoch=13	global_step=5100	acc=0.9375	acc_avg=0.9299	loss=0.1666	loss_avg=0.1872	lr=0.0889	|gn|=0.9935	time=44.08it/s
2025-11-14 16:15:13,282 epoch=13	global_step=5200	acc=0.9609	acc_avg=0.9361	loss=0.1414	loss_avg=0.1746	lr=0.0889	|gn|=0.6882	time=43.53it/s
2025-11-14 16:15:15,822 epoch=13	global_step=5300	acc=0.8984	acc_avg=0.9373	loss=0.2068	loss_avg=0.1727	lr=0.0889	|gn|=1.0417	time=42.06it/s
2025-11-14 16:15:18,348 epoch=13	global_step=5400	acc=0.9609	acc_avg=0.9374	loss=0.1326	loss_avg=0.1715	lr=0.0889	|gn|=0.6792	time=40.44it/s
2025-11-14 16:15:19,917 ====================Eval Epoch 13====================
2025-11-14 16:15:21,088 epoch=13	global_step=39	acc=0.1875	acc_avg=0.1909	acc5=0.5000	acc5_avg=0.5906	loss=6.3446	loss_avg=6.2069	time=267.10it/s
2025-11-14 16:15:21,088 Eval Loss:6.2069	Eval acc: 19.09
2025-11-14 16:15:21,088 
2025-11-14 16:15:21,088 ====================Training Epoch 14====================
2025-11-14 16:15:22,427 epoch=14	global_step=5500	acc=0.9297	acc_avg=0.9423	loss=0.2108	loss_avg=0.1505	lr=0.0872	|gn|=0.8423	time=36.81it/s
2025-11-14 16:15:25,028 epoch=14	global_step=5600	acc=0.8984	acc_avg=0.9427	loss=0.2095	loss_avg=0.1561	lr=0.0872	|gn|=1.0491	time=39.37it/s
2025-11-14 16:15:27,626 epoch=14	global_step=5700	acc=0.9531	acc_avg=0.9401	loss=0.1237	loss_avg=0.1651	lr=0.0872	|gn|=0.7324	time=39.68it/s
2025-11-14 16:15:30,218 epoch=14	global_step=5800	acc=0.9062	acc_avg=0.9383	loss=0.2428	loss_avg=0.1680	lr=0.0872	|gn|=1.0758	time=40.16it/s
2025-11-14 16:15:31,535 ====================Eval Epoch 14====================
2025-11-14 16:15:32,720 epoch=14	global_step=39	acc=0.0625	acc_avg=0.1377	acc5=0.4375	acc5_avg=0.5813	loss=7.9993	loss_avg=7.4059	time=266.80it/s
2025-11-14 16:15:32,720 Eval Loss:7.4059	Eval acc: 13.77
2025-11-14 16:15:32,721 
2025-11-14 16:15:32,721 ====================Training Epoch 15====================
2025-11-14 16:15:34,242 epoch=15	global_step=5900	acc=0.9453	acc_avg=0.9403	loss=0.1862	loss_avg=0.1631	lr=0.0854	|gn|=0.8587	time=43.89it/s
2025-11-14 16:15:36,815 epoch=15	global_step=6000	acc=0.9375	acc_avg=0.9376	loss=0.1978	loss_avg=0.1702	lr=0.0854	|gn|=0.7418	time=37.26it/s
2025-11-14 16:15:39,422 epoch=15	global_step=6100	acc=0.8984	acc_avg=0.9392	loss=0.2617	loss_avg=0.1664	lr=0.0854	|gn|=1.0063	time=39.47it/s
2025-11-14 16:15:42,021 epoch=15	global_step=6200	acc=0.9531	acc_avg=0.9398	loss=0.1387	loss_avg=0.1647	lr=0.0854	|gn|=0.6068	time=39.27it/s
2025-11-14 16:15:43,092 ====================Eval Epoch 15====================
2025-11-14 16:15:44,284 epoch=15	global_step=39	acc=0.1875	acc_avg=0.1828	acc5=0.3125	acc5_avg=0.5619	loss=7.0909	loss_avg=6.6177	time=266.83it/s
2025-11-14 16:15:44,285 Eval Loss:6.6177	Eval acc: 18.28
2025-11-14 16:15:44,285 
2025-11-14 16:15:44,285 ====================Training Epoch 16====================
2025-11-14 16:15:46,140 epoch=16	global_step=6300	acc=0.8672	acc_avg=0.9390	loss=0.2165	loss_avg=0.1627	lr=0.0835	|gn|=1.1624	time=39.71it/s
2025-11-14 16:15:48,738 epoch=16	global_step=6400	acc=0.9141	acc_avg=0.9352	loss=0.2348	loss_avg=0.1721	lr=0.0835	|gn|=1.3150	time=40.02it/s
2025-11-14 16:15:51,338 epoch=16	global_step=6500	acc=0.9453	acc_avg=0.9390	loss=0.1385	loss_avg=0.1644	lr=0.0835	|gn|=0.9387	time=39.80it/s
2025-11-14 16:15:53,926 epoch=16	global_step=6600	acc=0.9375	acc_avg=0.9399	loss=0.1707	loss_avg=0.1620	lr=0.0835	|gn|=0.9036	time=40.17it/s
2025-11-14 16:15:54,735 ====================Eval Epoch 16====================
2025-11-14 16:15:55,914 epoch=16	global_step=39	acc=0.1250	acc_avg=0.1568	acc5=0.2500	acc5_avg=0.5919	loss=7.3474	loss_avg=6.9229	time=265.18it/s
2025-11-14 16:15:55,914 Eval Loss:6.9229	Eval acc: 15.68
2025-11-14 16:15:55,914 
2025-11-14 16:15:55,914 ====================Training Epoch 17====================
2025-11-14 16:15:57,944 epoch=17	global_step=6700	acc=0.9688	acc_avg=0.9482	loss=0.1099	loss_avg=0.1437	lr=0.0815	|gn|=0.7331	time=40.07it/s
2025-11-14 16:16:00,471 epoch=17	global_step=6800	acc=0.9609	acc_avg=0.9435	loss=0.1159	loss_avg=0.1539	lr=0.0815	|gn|=0.7540	time=39.71it/s
2025-11-14 16:16:03,043 epoch=17	global_step=6900	acc=0.9531	acc_avg=0.9400	loss=0.1115	loss_avg=0.1621	lr=0.0815	|gn|=0.6931	time=40.15it/s
2025-11-14 16:16:05,594 epoch=17	global_step=7000	acc=0.9375	acc_avg=0.9404	loss=0.1254	loss_avg=0.1617	lr=0.0815	|gn|=0.6535	time=38.98it/s
2025-11-14 16:16:06,146 ====================Eval Epoch 17====================
2025-11-14 16:16:07,326 epoch=17	global_step=39	acc=0.1250	acc_avg=0.1509	acc5=0.2500	acc5_avg=0.5489	loss=7.5961	loss_avg=6.8826	time=266.15it/s
2025-11-14 16:16:07,326 Eval Loss:6.8826	Eval acc: 15.09
2025-11-14 16:16:07,326 
2025-11-14 16:16:07,326 ====================Training Epoch 18====================
2025-11-14 16:16:09,715 epoch=18	global_step=7100	acc=0.9453	acc_avg=0.9432	loss=0.1305	loss_avg=0.1490	lr=0.0794	|gn|=0.7215	time=44.26it/s
2025-11-14 16:16:12,310 epoch=18	global_step=7200	acc=0.9688	acc_avg=0.9432	loss=0.1147	loss_avg=0.1534	lr=0.0794	|gn|=0.7016	time=43.65it/s
2025-11-14 16:16:14,903 epoch=18	global_step=7300	acc=0.9844	acc_avg=0.9440	loss=0.0790	loss_avg=0.1526	lr=0.0794	|gn|=0.4952	time=40.24it/s
2025-11-14 16:16:17,441 epoch=18	global_step=7400	acc=0.9609	acc_avg=0.9439	loss=0.1076	loss_avg=0.1519	lr=0.0794	|gn|=0.7052	time=37.83it/s
2025-11-14 16:16:17,747 ====================Eval Epoch 18====================
2025-11-14 16:16:18,982 epoch=18	global_step=39	acc=0.1875	acc_avg=0.1796	acc5=0.3750	acc5_avg=0.5937	loss=7.1124	loss_avg=6.9412	time=265.77it/s
2025-11-14 16:16:18,982 Eval Loss:6.9412	Eval acc: 17.96
2025-11-14 16:16:18,982 
2025-11-14 16:16:18,982 ====================Training Epoch 19====================
2025-11-14 16:16:21,704 epoch=19	global_step=7500	acc=0.9375	acc_avg=0.9495	loss=0.1513	loss_avg=0.1395	lr=0.0772	|gn|=0.8450	time=37.70it/s
2025-11-14 16:16:24,353 epoch=19	global_step=7600	acc=0.9688	acc_avg=0.9467	loss=0.1971	loss_avg=0.1469	lr=0.0772	|gn|=0.8913	time=39.71it/s
2025-11-14 16:16:26,991 epoch=19	global_step=7700	acc=0.9375	acc_avg=0.9443	loss=0.1420	loss_avg=0.1518	lr=0.0772	|gn|=0.6598	time=38.32it/s
2025-11-14 16:16:29,621 ====================Eval Epoch 19====================
2025-11-14 16:16:30,788 epoch=19	global_step=39	acc=0.1875	acc_avg=0.2052	acc5=0.3750	acc5_avg=0.6112	loss=5.5588	loss_avg=5.5689	time=267.34it/s
2025-11-14 16:16:30,789 Eval Loss:5.5689	Eval acc: 20.52
2025-11-14 16:16:30,789 
2025-11-14 16:16:30,789 ====================Training Epoch 20====================
2025-11-14 16:16:31,085 epoch=20	global_step=7800	acc=0.9375	acc_avg=0.9375	loss=0.2058	loss_avg=0.2058	lr=0.0750	|gn|=0.9210	time=31.03it/s
2025-11-14 16:16:33,713 epoch=20	global_step=7900	acc=0.9688	acc_avg=0.9450	loss=0.1098	loss_avg=0.1497	lr=0.0750	|gn|=0.5394	time=39.24it/s
2025-11-14 16:16:36,304 epoch=20	global_step=8000	acc=0.9219	acc_avg=0.9457	loss=0.2352	loss_avg=0.1492	lr=0.0750	|gn|=1.2495	time=42.66it/s
2025-11-14 16:16:38,844 epoch=20	global_step=8100	acc=0.9531	acc_avg=0.9454	loss=0.1212	loss_avg=0.1500	lr=0.0750	|gn|=0.7989	time=40.09it/s
2025-11-14 16:16:41,177 ====================Eval Epoch 20====================
2025-11-14 16:16:42,350 epoch=20	global_step=39	acc=0.1875	acc_avg=0.1843	acc5=0.3125	acc5_avg=0.6053	loss=7.3029	loss_avg=6.8462	time=265.09it/s
2025-11-14 16:16:42,351 Eval Loss:6.8462	Eval acc: 18.43
2025-11-14 16:16:42,351 
2025-11-14 16:16:42,351 ====================Training Epoch 21====================
2025-11-14 16:16:42,899 epoch=21	global_step=8200	acc=0.9297	acc_avg=0.9517	loss=0.1444	loss_avg=0.1361	lr=0.0727	|gn|=0.9906	time=38.87it/s
2025-11-14 16:16:45,543 epoch=21	global_step=8300	acc=0.9297	acc_avg=0.9471	loss=0.1753	loss_avg=0.1446	lr=0.0727	|gn|=1.0815	time=38.85it/s
2025-11-14 16:16:48,192 epoch=21	global_step=8400	acc=0.9375	acc_avg=0.9475	loss=0.1627	loss_avg=0.1441	lr=0.0727	|gn|=0.9005	time=39.52it/s
2025-11-14 16:16:50,822 epoch=21	global_step=8500	acc=0.9297	acc_avg=0.9471	loss=0.1794	loss_avg=0.1451	lr=0.0727	|gn|=0.8269	time=40.12it/s
2025-11-14 16:16:52,945 ====================Eval Epoch 21====================
2025-11-14 16:16:54,131 epoch=21	global_step=39	acc=0.1875	acc_avg=0.1799	acc5=0.3750	acc5_avg=0.5936	loss=6.3192	loss_avg=5.7951	time=266.56it/s
2025-11-14 16:16:54,132 Eval Loss:5.7951	Eval acc: 17.99
2025-11-14 16:16:54,132 
2025-11-14 16:16:54,132 ====================Training Epoch 22====================
2025-11-14 16:16:54,891 epoch=22	global_step=8600	acc=0.9375	acc_avg=0.9416	loss=0.1125	loss_avg=0.1584	lr=0.0703	|gn|=0.7272	time=42.90it/s
2025-11-14 16:16:57,364 epoch=22	global_step=8700	acc=0.9531	acc_avg=0.9478	loss=0.1433	loss_avg=0.1402	lr=0.0703	|gn|=0.7816	time=42.99it/s
2025-11-14 16:16:59,987 epoch=22	global_step=8800	acc=0.9062	acc_avg=0.9480	loss=0.2205	loss_avg=0.1397	lr=0.0703	|gn|=1.1916	time=37.76it/s
2025-11-14 16:17:02,721 epoch=22	global_step=8900	acc=0.9531	acc_avg=0.9483	loss=0.1230	loss_avg=0.1411	lr=0.0703	|gn|=0.7878	time=38.76it/s
2025-11-14 16:17:04,616 ====================Eval Epoch 22====================
2025-11-14 16:17:05,815 epoch=22	global_step=39	acc=0.1250	acc_avg=0.1802	acc5=0.4375	acc5_avg=0.6213	loss=5.6944	loss_avg=5.8030	time=265.71it/s
2025-11-14 16:17:05,815 Eval Loss:5.8030	Eval acc: 18.02
2025-11-14 16:17:05,816 
2025-11-14 16:17:05,816 ====================Training Epoch 23====================
2025-11-14 16:17:06,837 epoch=23	global_step=9000	acc=0.9609	acc_avg=0.9521	loss=0.1301	loss_avg=0.1378	lr=0.0679	|gn|=0.7273	time=40.63it/s
2025-11-14 16:17:09,257 epoch=23	global_step=9100	acc=0.9141	acc_avg=0.9513	loss=0.2244	loss_avg=0.1367	lr=0.0679	|gn|=0.9300	time=43.94it/s
2025-11-14 16:17:11,619 epoch=23	global_step=9200	acc=0.9609	acc_avg=0.9495	loss=0.1171	loss_avg=0.1407	lr=0.0679	|gn|=0.7965	time=43.76it/s
2025-11-14 16:17:14,086 epoch=23	global_step=9300	acc=0.9609	acc_avg=0.9496	loss=0.1303	loss_avg=0.1418	lr=0.0679	|gn|=0.8374	time=43.28it/s
2025-11-14 16:17:15,629 ====================Eval Epoch 23====================
2025-11-14 16:17:16,814 epoch=23	global_step=39	acc=0.0000	acc_avg=0.2031	acc5=0.3750	acc5_avg=0.6002	loss=6.8975	loss_avg=5.6929	time=268.13it/s
2025-11-14 16:17:16,814 Eval Loss:5.6929	Eval acc: 20.31
2025-11-14 16:17:16,815 
2025-11-14 16:17:16,815 ====================Training Epoch 24====================
2025-11-14 16:17:18,083 epoch=24	global_step=9400	acc=0.9453	acc_avg=0.9466	loss=0.1650	loss_avg=0.1516	lr=0.0655	|gn|=0.9459	time=44.58it/s
2025-11-14 16:17:20,607 epoch=24	global_step=9500	acc=0.9766	acc_avg=0.9484	loss=0.0728	loss_avg=0.1431	lr=0.0655	|gn|=0.6950	time=39.76it/s
2025-11-14 16:17:23,163 epoch=24	global_step=9600	acc=0.9375	acc_avg=0.9500	loss=0.1534	loss_avg=0.1385	lr=0.0655	|gn|=1.1539	time=39.76it/s
2025-11-14 16:17:25,711 epoch=24	global_step=9700	acc=0.9688	acc_avg=0.9512	loss=0.1025	loss_avg=0.1362	lr=0.0655	|gn|=0.9110	time=42.28it/s
2025-11-14 16:17:27,019 ====================Eval Epoch 24====================
2025-11-14 16:17:28,192 epoch=24	global_step=39	acc=0.0000	acc_avg=0.1523	acc5=0.5000	acc5_avg=0.5752	loss=6.5498	loss_avg=6.5121	time=263.49it/s
2025-11-14 16:17:28,192 Eval Loss:6.5121	Eval acc: 15.23
2025-11-14 16:17:28,192 
2025-11-14 16:17:28,192 ====================Training Epoch 25====================
2025-11-14 16:17:29,719 epoch=25	global_step=9800	acc=0.9688	acc_avg=0.9521	loss=0.1157	loss_avg=0.1402	lr=0.0629	|gn|=1.0503	time=39.95it/s
2025-11-14 16:17:32,324 epoch=25	global_step=9900	acc=0.9297	acc_avg=0.9510	loss=0.1500	loss_avg=0.1367	lr=0.0629	|gn|=1.0223	time=40.14it/s
2025-11-14 16:17:34,923 epoch=25	global_step=10000	acc=0.9766	acc_avg=0.9525	loss=0.0828	loss_avg=0.1333	lr=0.0629	|gn|=0.6029	time=39.46it/s
2025-11-14 16:17:37,517 epoch=25	global_step=10100	acc=0.9453	acc_avg=0.9521	loss=0.1178	loss_avg=0.1343	lr=0.0629	|gn|=0.9055	time=39.70it/s
2025-11-14 16:17:38,597 ====================Eval Epoch 25====================
2025-11-14 16:17:39,770 epoch=25	global_step=39	acc=0.1250	acc_avg=0.1969	acc5=0.6875	acc5_avg=0.6205	loss=6.3127	loss_avg=5.9691	time=265.48it/s
2025-11-14 16:17:39,770 Eval Loss:5.9691	Eval acc: 19.69
2025-11-14 16:17:39,770 
2025-11-14 16:17:39,770 ====================Training Epoch 26====================
2025-11-14 16:17:41,588 epoch=26	global_step=10200	acc=0.9453	acc_avg=0.9522	loss=0.1542	loss_avg=0.1276	lr=0.0604	|gn|=0.8250	time=39.31it/s
2025-11-14 16:17:44,012 epoch=26	global_step=10300	acc=0.9375	acc_avg=0.9524	loss=0.1715	loss_avg=0.1268	lr=0.0604	|gn|=0.9487	time=45.25it/s
2025-11-14 16:17:46,549 epoch=26	global_step=10400	acc=0.9531	acc_avg=0.9522	loss=0.1215	loss_avg=0.1284	lr=0.0604	|gn|=0.8116	time=38.11it/s
2025-11-14 16:17:49,197 epoch=26	global_step=10500	acc=0.9688	acc_avg=0.9516	loss=0.0691	loss_avg=0.1296	lr=0.0604	|gn|=0.5633	time=38.41it/s
2025-11-14 16:17:50,009 ====================Eval Epoch 26====================
2025-11-14 16:17:51,198 epoch=26	global_step=39	acc=0.1875	acc_avg=0.1652	acc5=0.3750	acc5_avg=0.6057	loss=6.5378	loss_avg=6.1363	time=266.51it/s
2025-11-14 16:17:51,198 Eval Loss:6.1363	Eval acc: 16.52
2025-11-14 16:17:51,198 
2025-11-14 16:17:51,198 ====================Training Epoch 27====================
2025-11-14 16:17:53,344 epoch=27	global_step=10600	acc=0.9531	acc_avg=0.9552	loss=0.1428	loss_avg=0.1182	lr=0.0578	|gn|=0.8978	time=39.80it/s
2025-11-14 16:17:55,951 epoch=27	global_step=10700	acc=0.9531	acc_avg=0.9541	loss=0.1165	loss_avg=0.1251	lr=0.0578	|gn|=0.8781	time=39.09it/s
2025-11-14 16:17:58,556 epoch=27	global_step=10800	acc=0.9219	acc_avg=0.9538	loss=0.2142	loss_avg=0.1257	lr=0.0578	|gn|=1.1855	time=39.88it/s
2025-11-14 16:18:01,154 epoch=27	global_step=10900	acc=0.9375	acc_avg=0.9529	loss=0.1787	loss_avg=0.1280	lr=0.0578	|gn|=1.0569	time=38.80it/s
2025-11-14 16:18:01,703 ====================Eval Epoch 27====================
2025-11-14 16:18:02,866 epoch=27	global_step=39	acc=0.0625	acc_avg=0.1594	acc5=0.3750	acc5_avg=0.5938	loss=7.2496	loss_avg=6.5954	time=263.48it/s
2025-11-14 16:18:02,866 Eval Loss:6.5954	Eval acc: 15.94
2025-11-14 16:18:02,866 
2025-11-14 16:18:02,866 ====================Training Epoch 28====================
2025-11-14 16:18:05,209 epoch=28	global_step=11000	acc=0.9688	acc_avg=0.9575	loss=0.0937	loss_avg=0.1172	lr=0.0552	|gn|=0.6338	time=40.35it/s
2025-11-14 16:18:07,753 epoch=28	global_step=11100	acc=0.9453	acc_avg=0.9562	loss=0.1152	loss_avg=0.1197	lr=0.0552	|gn|=1.0421	time=39.82it/s
2025-11-14 16:18:10,287 epoch=28	global_step=11200	acc=0.9688	acc_avg=0.9551	loss=0.1035	loss_avg=0.1228	lr=0.0552	|gn|=0.7506	time=41.68it/s
2025-11-14 16:18:12,825 epoch=28	global_step=11300	acc=0.9766	acc_avg=0.9553	loss=0.1246	loss_avg=0.1224	lr=0.0552	|gn|=0.8727	time=40.66it/s
2025-11-14 16:18:13,116 ====================Eval Epoch 28====================
2025-11-14 16:18:14,310 epoch=28	global_step=39	acc=0.1250	acc_avg=0.1766	acc5=0.3125	acc5_avg=0.5874	loss=6.6016	loss_avg=6.3595	time=264.79it/s
2025-11-14 16:18:14,310 Eval Loss:6.3595	Eval acc: 17.66
2025-11-14 16:18:14,310 
2025-11-14 16:18:14,310 ====================Training Epoch 29====================
2025-11-14 16:18:16,831 epoch=29	global_step=11400	acc=0.9609	acc_avg=0.9557	loss=0.1352	loss_avg=0.1176	lr=0.0526	|gn|=0.9626	time=39.94it/s
2025-11-14 16:18:19,416 epoch=29	global_step=11500	acc=0.9688	acc_avg=0.9560	loss=0.0823	loss_avg=0.1185	lr=0.0526	|gn|=0.8104	time=37.84it/s
2025-11-14 16:18:22,021 epoch=29	global_step=11600	acc=0.9375	acc_avg=0.9565	loss=0.1378	loss_avg=0.1187	lr=0.0526	|gn|=1.2047	time=39.41it/s
2025-11-14 16:18:24,653 ====================Eval Epoch 29====================
2025-11-14 16:18:25,820 epoch=29	global_step=39	acc=0.0625	acc_avg=0.2016	acc5=0.3125	acc5_avg=0.5795	loss=6.3000	loss_avg=5.4912	time=265.80it/s
2025-11-14 16:18:25,820 Eval Loss:5.4912	Eval acc: 20.16
2025-11-14 16:18:25,820 
2025-11-14 16:18:25,820 ====================Training Epoch 30====================
2025-11-14 16:18:26,101 epoch=30	global_step=11700	acc=0.9688	acc_avg=0.9688	loss=0.1050	loss_avg=0.1050	lr=0.0500	|gn|=0.8603	time=31.79it/s
2025-11-14 16:18:28,688 epoch=30	global_step=11800	acc=0.9453	acc_avg=0.9569	loss=0.1306	loss_avg=0.1161	lr=0.0500	|gn|=0.9921	time=40.13it/s
2025-11-14 16:18:31,222 epoch=30	global_step=11900	acc=0.9453	acc_avg=0.9564	loss=0.1834	loss_avg=0.1179	lr=0.0500	|gn|=1.0867	time=40.12it/s
2025-11-14 16:18:33,685 epoch=30	global_step=12000	acc=0.9688	acc_avg=0.9570	loss=0.0703	loss_avg=0.1173	lr=0.0500	|gn|=0.7207	time=41.80it/s
2025-11-14 16:18:35,999 ====================Eval Epoch 30====================
2025-11-14 16:18:37,162 epoch=30	global_step=39	acc=0.0625	acc_avg=0.1985	acc5=0.5000	acc5_avg=0.6047	loss=6.5435	loss_avg=5.8620	time=263.96it/s
2025-11-14 16:18:37,163 Eval Loss:5.8620	Eval acc: 19.85
2025-11-14 16:18:37,163 
2025-11-14 16:18:37,163 ====================Training Epoch 31====================
2025-11-14 16:18:37,700 epoch=31	global_step=12100	acc=0.9844	acc_avg=0.9588	loss=0.0593	loss_avg=0.1117	lr=0.0474	|gn|=0.4924	time=38.73it/s
2025-11-14 16:18:40,331 epoch=31	global_step=12200	acc=0.9688	acc_avg=0.9579	loss=0.0884	loss_avg=0.1141	lr=0.0474	|gn|=0.7602	time=38.99it/s
2025-11-14 16:18:42,951 epoch=31	global_step=12300	acc=0.9766	acc_avg=0.9574	loss=0.0955	loss_avg=0.1154	lr=0.0474	|gn|=0.8721	time=38.62it/s
2025-11-14 16:18:45,570 epoch=31	global_step=12400	acc=0.9688	acc_avg=0.9566	loss=0.0852	loss_avg=0.1165	lr=0.0474	|gn|=0.7085	time=40.39it/s
2025-11-14 16:18:47,695 ====================Eval Epoch 31====================
2025-11-14 16:18:48,871 epoch=31	global_step=39	acc=0.0625	acc_avg=0.1426	acc5=0.3750	acc5_avg=0.5646	loss=7.0614	loss_avg=6.3169	time=264.17it/s
2025-11-14 16:18:48,871 Eval Loss:6.3169	Eval acc: 14.26
2025-11-14 16:18:48,871 
2025-11-14 16:18:48,871 ====================Training Epoch 32====================
2025-11-14 16:18:49,654 epoch=32	global_step=12500	acc=0.9531	acc_avg=0.9583	loss=0.1148	loss_avg=0.1160	lr=0.0448	|gn|=0.9230	time=39.71it/s
2025-11-14 16:18:52,106 epoch=32	global_step=12600	acc=0.9922	acc_avg=0.9589	loss=0.0395	loss_avg=0.1111	lr=0.0448	|gn|=0.5511	time=39.89it/s
2025-11-14 16:18:54,686 epoch=32	global_step=12700	acc=0.9453	acc_avg=0.9592	loss=0.1198	loss_avg=0.1096	lr=0.0448	|gn|=0.9387	time=39.65it/s
2025-11-14 16:18:57,265 epoch=32	global_step=12800	acc=0.9453	acc_avg=0.9583	loss=0.1114	loss_avg=0.1124	lr=0.0448	|gn|=0.9843	time=40.35it/s
2025-11-14 16:18:59,111 ====================Eval Epoch 32====================
2025-11-14 16:19:00,282 epoch=32	global_step=39	acc=0.1875	acc_avg=0.2015	acc5=0.4375	acc5_avg=0.6221	loss=5.3621	loss_avg=5.4305	time=267.26it/s
2025-11-14 16:19:00,282 Eval Loss:5.4305	Eval acc: 20.15
2025-11-14 16:19:00,282 
2025-11-14 16:19:00,282 ====================Training Epoch 33====================
2025-11-14 16:19:01,325 epoch=33	global_step=12900	acc=0.9844	acc_avg=0.9630	loss=0.0672	loss_avg=0.1008	lr=0.0422	|gn|=0.5372	time=37.71it/s
2025-11-14 16:19:03,807 epoch=33	global_step=13000	acc=0.9531	acc_avg=0.9582	loss=0.1256	loss_avg=0.1070	lr=0.0422	|gn|=0.8082	time=38.85it/s
2025-11-14 16:19:06,226 epoch=33	global_step=13100	acc=0.9766	acc_avg=0.9593	loss=0.1085	loss_avg=0.1083	lr=0.0422	|gn|=0.8538	time=42.23it/s
2025-11-14 16:19:08,647 epoch=33	global_step=13200	acc=0.9688	acc_avg=0.9602	loss=0.1344	loss_avg=0.1075	lr=0.0422	|gn|=0.8830	time=43.70it/s
2025-11-14 16:19:10,150 ====================Eval Epoch 33====================
2025-11-14 16:19:11,340 epoch=33	global_step=39	acc=0.1875	acc_avg=0.2032	acc5=0.4375	acc5_avg=0.6218	loss=6.2887	loss_avg=5.6564	time=266.20it/s
2025-11-14 16:19:11,341 Eval Loss:5.6564	Eval acc: 20.32
2025-11-14 16:19:11,341 
2025-11-14 16:19:11,341 ====================Training Epoch 34====================
2025-11-14 16:19:12,641 epoch=34	global_step=13300	acc=0.9688	acc_avg=0.9638	loss=0.1110	loss_avg=0.0974	lr=0.0396	|gn|=0.9727	time=41.08it/s
2025-11-14 16:19:15,115 epoch=34	global_step=13400	acc=0.9688	acc_avg=0.9653	loss=0.0842	loss_avg=0.0939	lr=0.0396	|gn|=0.6848	time=44.06it/s
2025-11-14 16:19:17,610 epoch=34	global_step=13500	acc=0.9453	acc_avg=0.9625	loss=0.1173	loss_avg=0.1009	lr=0.0396	|gn|=0.9613	time=40.08it/s
2025-11-14 16:19:20,287 epoch=34	global_step=13600	acc=0.9766	acc_avg=0.9614	loss=0.0730	loss_avg=0.1042	lr=0.0396	|gn|=0.9067	time=40.17it/s
2025-11-14 16:19:21,630 ====================Eval Epoch 34====================
2025-11-14 16:19:22,820 epoch=34	global_step=39	acc=0.0000	acc_avg=0.1963	acc5=0.3750	acc5_avg=0.5984	loss=6.3085	loss_avg=4.9598	time=267.05it/s
2025-11-14 16:19:22,820 Eval Loss:4.9598	Eval acc: 19.63
2025-11-14 16:19:22,820 
2025-11-14 16:19:22,820 ====================Training Epoch 35====================
2025-11-14 16:19:24,372 epoch=35	global_step=13700	acc=0.9609	acc_avg=0.9622	loss=0.1347	loss_avg=0.1004	lr=0.0371	|gn|=1.3798	time=44.52it/s
2025-11-14 16:19:26,756 epoch=35	global_step=13800	acc=0.9844	acc_avg=0.9647	loss=0.0647	loss_avg=0.0973	lr=0.0371	|gn|=0.7837	time=40.99it/s
2025-11-14 16:19:29,323 epoch=35	global_step=13900	acc=0.9609	acc_avg=0.9630	loss=0.0904	loss_avg=0.1015	lr=0.0371	|gn|=0.9014	time=40.37it/s
2025-11-14 16:19:31,904 epoch=35	global_step=14000	acc=0.9141	acc_avg=0.9628	loss=0.1332	loss_avg=0.1012	lr=0.0371	|gn|=1.1570	time=40.18it/s
2025-11-14 16:19:32,975 ====================Eval Epoch 35====================
2025-11-14 16:19:34,146 epoch=35	global_step=39	acc=0.1875	acc_avg=0.1896	acc5=0.3750	acc5_avg=0.6039	loss=6.9611	loss_avg=6.2791	time=266.92it/s
2025-11-14 16:19:34,146 Eval Loss:6.2791	Eval acc: 18.96
2025-11-14 16:19:34,146 
2025-11-14 16:19:34,146 ====================Training Epoch 36====================
2025-11-14 16:19:35,894 epoch=36	global_step=14100	acc=0.9688	acc_avg=0.9671	loss=0.1379	loss_avg=0.0926	lr=0.0345	|gn|=1.0209	time=45.03it/s
2025-11-14 16:19:38,438 epoch=36	global_step=14200	acc=0.9609	acc_avg=0.9656	loss=0.0920	loss_avg=0.0944	lr=0.0345	|gn|=1.1910	time=39.95it/s
2025-11-14 16:19:40,909 epoch=36	global_step=14300	acc=0.9531	acc_avg=0.9635	loss=0.1025	loss_avg=0.0983	lr=0.0345	|gn|=1.1266	time=45.54it/s
2025-11-14 16:19:43,290 epoch=36	global_step=14400	acc=0.9844	acc_avg=0.9633	loss=0.0517	loss_avg=0.0983	lr=0.0345	|gn|=0.5889	time=40.32it/s
2025-11-14 16:19:44,098 ====================Eval Epoch 36====================
2025-11-14 16:19:45,264 epoch=36	global_step=39	acc=0.1250	acc_avg=0.1683	acc5=0.5000	acc5_avg=0.6011	loss=5.9020	loss_avg=5.6844	time=264.56it/s
2025-11-14 16:19:45,265 Eval Loss:5.6844	Eval acc: 16.83
2025-11-14 16:19:45,265 
2025-11-14 16:19:45,265 ====================Training Epoch 37====================
2025-11-14 16:19:47,355 epoch=37	global_step=14500	acc=0.9609	acc_avg=0.9702	loss=0.0676	loss_avg=0.0821	lr=0.0321	|gn|=0.7321	time=40.46it/s
2025-11-14 16:19:49,791 epoch=37	global_step=14600	acc=0.9453	acc_avg=0.9673	loss=0.1161	loss_avg=0.0881	lr=0.0321	|gn|=1.0755	time=43.73it/s
2025-11-14 16:19:52,215 epoch=37	global_step=14700	acc=0.9375	acc_avg=0.9658	loss=0.1391	loss_avg=0.0924	lr=0.0321	|gn|=1.2617	time=45.38it/s
2025-11-14 16:19:54,700 epoch=37	global_step=14800	acc=0.9688	acc_avg=0.9660	loss=0.0894	loss_avg=0.0924	lr=0.0321	|gn|=0.9051	time=39.33it/s
2025-11-14 16:19:55,249 ====================Eval Epoch 37====================
2025-11-14 16:19:56,451 epoch=37	global_step=39	acc=0.1875	acc_avg=0.1781	acc5=0.5000	acc5_avg=0.6108	loss=5.9163	loss_avg=5.7329	time=267.82it/s
2025-11-14 16:19:56,451 Eval Loss:5.7329	Eval acc: 17.81
2025-11-14 16:19:56,451 
2025-11-14 16:19:56,451 ====================Training Epoch 38====================
2025-11-14 16:19:58,736 epoch=38	global_step=14900	acc=0.9766	acc_avg=0.9678	loss=0.0825	loss_avg=0.0832	lr=0.0297	|gn|=0.8215	time=41.60it/s
2025-11-14 16:20:01,277 epoch=38	global_step=15000	acc=0.9688	acc_avg=0.9674	loss=0.0603	loss_avg=0.0868	lr=0.0297	|gn|=0.8664	time=40.45it/s
2025-11-14 16:20:03,719 epoch=38	global_step=15100	acc=0.9453	acc_avg=0.9678	loss=0.0913	loss_avg=0.0862	lr=0.0297	|gn|=0.9598	time=44.33it/s
2025-11-14 16:20:06,193 epoch=38	global_step=15200	acc=0.9609	acc_avg=0.9679	loss=0.0990	loss_avg=0.0866	lr=0.0297	|gn|=0.8622	time=40.69it/s
2025-11-14 16:20:06,486 ====================Eval Epoch 38====================
2025-11-14 16:20:07,667 epoch=38	global_step=39	acc=0.0625	acc_avg=0.1461	acc5=0.4375	acc5_avg=0.5831	loss=7.5920	loss_avg=6.7620	time=266.51it/s
2025-11-14 16:20:07,667 Eval Loss:6.7620	Eval acc: 14.61
2025-11-14 16:20:07,667 
2025-11-14 16:20:07,667 ====================Training Epoch 39====================
2025-11-14 16:20:10,285 epoch=39	global_step=15300	acc=0.9609	acc_avg=0.9687	loss=0.0789	loss_avg=0.0836	lr=0.0273	|gn|=0.7839	time=40.38it/s
2025-11-14 16:20:12,877 epoch=39	global_step=15400	acc=0.9922	acc_avg=0.9677	loss=0.0426	loss_avg=0.0863	lr=0.0273	|gn|=0.8829	time=38.61it/s
2025-11-14 16:20:15,463 epoch=39	global_step=15500	acc=0.9531	acc_avg=0.9674	loss=0.1084	loss_avg=0.0881	lr=0.0273	|gn|=1.1667	time=40.19it/s
2025-11-14 16:20:18,090 ====================Eval Epoch 39====================
2025-11-14 16:20:19,262 epoch=39	global_step=39	acc=0.1250	acc_avg=0.1974	acc5=0.5625	acc5_avg=0.6241	loss=5.8002	loss_avg=5.3403	time=266.02it/s
2025-11-14 16:20:19,263 Eval Loss:5.3403	Eval acc: 19.74
2025-11-14 16:20:19,263 
2025-11-14 16:20:19,263 ====================Training Epoch 40====================
2025-11-14 16:20:19,563 epoch=40	global_step=15600	acc=0.9688	acc_avg=0.9688	loss=0.0873	loss_avg=0.0873	lr=0.0250	|gn|=1.1081	time=31.25it/s
2025-11-14 16:20:22,050 epoch=40	global_step=15700	acc=0.9688	acc_avg=0.9732	loss=0.1172	loss_avg=0.0755	lr=0.0250	|gn|=1.0404	time=39.76it/s
2025-11-14 16:20:24,641 epoch=40	global_step=15800	acc=0.9609	acc_avg=0.9715	loss=0.0956	loss_avg=0.0782	lr=0.0250	|gn|=0.9261	time=39.83it/s
2025-11-14 16:20:27,229 epoch=40	global_step=15900	acc=0.9844	acc_avg=0.9709	loss=0.0554	loss_avg=0.0795	lr=0.0250	|gn|=1.3314	time=40.14it/s
2025-11-14 16:20:29,593 ====================Eval Epoch 40====================
2025-11-14 16:20:30,761 epoch=40	global_step=39	acc=0.1875	acc_avg=0.1927	acc5=0.5000	acc5_avg=0.6213	loss=5.4539	loss_avg=5.5922	time=266.14it/s
2025-11-14 16:20:30,761 Eval Loss:5.5922	Eval acc: 19.27
2025-11-14 16:20:30,761 
2025-11-14 16:20:30,761 ====================Training Epoch 41====================
2025-11-14 16:20:31,300 epoch=41	global_step=16000	acc=0.9688	acc_avg=0.9688	loss=0.0998	loss_avg=0.0764	lr=0.0228	|gn|=1.5014	time=39.63it/s
2025-11-14 16:20:33,929 epoch=41	global_step=16100	acc=0.9688	acc_avg=0.9713	loss=0.0926	loss_avg=0.0758	lr=0.0228	|gn|=1.2341	time=39.52it/s
2025-11-14 16:20:36,518 epoch=41	global_step=16200	acc=0.9922	acc_avg=0.9713	loss=0.0474	loss_avg=0.0761	lr=0.0228	|gn|=0.7383	time=39.88it/s
2025-11-14 16:20:39,105 epoch=41	global_step=16300	acc=0.9688	acc_avg=0.9712	loss=0.1313	loss_avg=0.0777	lr=0.0228	|gn|=1.2618	time=40.23it/s
2025-11-14 16:20:41,191 ====================Eval Epoch 41====================
2025-11-14 16:20:42,357 epoch=41	global_step=39	acc=0.0625	acc_avg=0.1858	acc5=0.4375	acc5_avg=0.5979	loss=6.3869	loss_avg=5.6656	time=266.15it/s
2025-11-14 16:20:42,357 Eval Loss:5.6656	Eval acc: 18.58
2025-11-14 16:20:42,357 
2025-11-14 16:20:42,357 ====================Training Epoch 42====================
2025-11-14 16:20:43,135 epoch=42	global_step=16400	acc=0.9922	acc_avg=0.9710	loss=0.0387	loss_avg=0.0793	lr=0.0206	|gn|=0.5065	time=43.05it/s
2025-11-14 16:20:45,658 epoch=42	global_step=16500	acc=0.9531	acc_avg=0.9766	loss=0.0892	loss_avg=0.0654	lr=0.0206	|gn|=1.3741	time=40.07it/s
2025-11-14 16:20:48,233 epoch=42	global_step=16600	acc=0.9688	acc_avg=0.9742	loss=0.0813	loss_avg=0.0703	lr=0.0206	|gn|=1.3446	time=39.83it/s
2025-11-14 16:20:50,806 epoch=42	global_step=16700	acc=0.9688	acc_avg=0.9734	loss=0.0678	loss_avg=0.0714	lr=0.0206	|gn|=0.9892	time=40.29it/s
2025-11-14 16:20:52,635 ====================Eval Epoch 42====================
2025-11-14 16:20:53,815 epoch=42	global_step=39	acc=0.0000	acc_avg=0.1626	acc5=0.5000	acc5_avg=0.5890	loss=6.8418	loss_avg=5.8997	time=266.53it/s
2025-11-14 16:20:53,815 Eval Loss:5.8997	Eval acc: 16.26
2025-11-14 16:20:53,815 
2025-11-14 16:20:53,815 ====================Training Epoch 43====================
2025-11-14 16:20:54,869 epoch=43	global_step=16800	acc=0.9766	acc_avg=0.9700	loss=0.1083	loss_avg=0.0820	lr=0.0185	|gn|=1.0535	time=39.96it/s
2025-11-14 16:20:57,404 epoch=43	global_step=16900	acc=0.9766	acc_avg=0.9720	loss=0.0685	loss_avg=0.0749	lr=0.0185	|gn|=1.1802	time=40.25it/s
2025-11-14 16:20:59,910 epoch=43	global_step=17000	acc=0.9688	acc_avg=0.9739	loss=0.0930	loss_avg=0.0708	lr=0.0185	|gn|=1.0655	time=38.90it/s
2025-11-14 16:21:02,529 epoch=43	global_step=17100	acc=0.9688	acc_avg=0.9740	loss=0.0768	loss_avg=0.0712	lr=0.0185	|gn|=1.0038	time=40.04it/s
2025-11-14 16:21:04,135 ====================Eval Epoch 43====================
2025-11-14 16:21:05,291 epoch=43	global_step=39	acc=0.0625	acc_avg=0.1847	acc5=0.5625	acc5_avg=0.6010	loss=6.0476	loss_avg=5.5203	time=264.61it/s
2025-11-14 16:21:05,292 Eval Loss:5.5203	Eval acc: 18.47
2025-11-14 16:21:05,292 
2025-11-14 16:21:05,292 ====================Training Epoch 44====================
2025-11-14 16:21:06,572 epoch=44	global_step=17200	acc=0.9766	acc_avg=0.9741	loss=0.0604	loss_avg=0.0695	lr=0.0165	|gn|=1.2321	time=39.61it/s
2025-11-14 16:21:09,033 epoch=44	global_step=17300	acc=0.9844	acc_avg=0.9764	loss=0.0450	loss_avg=0.0647	lr=0.0165	|gn|=0.6687	time=44.15it/s
2025-11-14 16:21:11,454 epoch=44	global_step=17400	acc=0.9844	acc_avg=0.9761	loss=0.0552	loss_avg=0.0632	lr=0.0165	|gn|=0.7881	time=38.54it/s
2025-11-14 16:21:14,094 epoch=44	global_step=17500	acc=0.9766	acc_avg=0.9757	loss=0.0409	loss_avg=0.0649	lr=0.0165	|gn|=0.7017	time=39.29it/s
2025-11-14 16:21:15,437 ====================Eval Epoch 44====================
2025-11-14 16:21:16,611 epoch=44	global_step=39	acc=0.0625	acc_avg=0.1983	acc5=0.5000	acc5_avg=0.6125	loss=6.8723	loss_avg=5.6715	time=264.37it/s
2025-11-14 16:21:16,611 Eval Loss:5.6715	Eval acc: 19.83
2025-11-14 16:21:16,611 
2025-11-14 16:21:16,611 ====================Training Epoch 45====================
2025-11-14 16:21:18,164 epoch=45	global_step=17600	acc=0.9922	acc_avg=0.9766	loss=0.0257	loss_avg=0.0627	lr=0.0146	|gn|=0.7514	time=42.73it/s
2025-11-14 16:21:20,655 epoch=45	global_step=17700	acc=0.9766	acc_avg=0.9766	loss=0.0586	loss_avg=0.0644	lr=0.0146	|gn|=0.6139	time=41.98it/s
2025-11-14 16:21:23,184 epoch=45	global_step=17800	acc=1.0000	acc_avg=0.9779	loss=0.0255	loss_avg=0.0608	lr=0.0146	|gn|=0.5324	time=40.28it/s
2025-11-14 16:21:25,758 epoch=45	global_step=17900	acc=0.9453	acc_avg=0.9781	loss=0.1002	loss_avg=0.0606	lr=0.0146	|gn|=1.3612	time=40.15it/s
2025-11-14 16:21:26,820 ====================Eval Epoch 45====================
2025-11-14 16:21:27,996 epoch=45	global_step=39	acc=0.0625	acc_avg=0.2039	acc5=0.5000	acc5_avg=0.6178	loss=5.8106	loss_avg=5.2700	time=266.69it/s
2025-11-14 16:21:27,996 Eval Loss:5.2700	Eval acc: 20.39
2025-11-14 16:21:27,996 
2025-11-14 16:21:27,996 ====================Training Epoch 46====================
2025-11-14 16:21:29,893 epoch=46	global_step=18000	acc=1.0000	acc_avg=0.9750	loss=0.0157	loss_avg=0.0651	lr=0.0128	|gn|=0.5440	time=40.09it/s
2025-11-14 16:21:32,502 epoch=46	global_step=18100	acc=0.9844	acc_avg=0.9782	loss=0.0598	loss_avg=0.0585	lr=0.0128	|gn|=0.7152	time=38.01it/s
2025-11-14 16:21:35,090 epoch=46	global_step=18200	acc=0.9531	acc_avg=0.9785	loss=0.0669	loss_avg=0.0581	lr=0.0128	|gn|=1.4791	time=39.96it/s
2025-11-14 16:21:37,695 epoch=46	global_step=18300	acc=0.9531	acc_avg=0.9784	loss=0.1080	loss_avg=0.0579	lr=0.0128	|gn|=1.5340	time=40.06it/s
2025-11-14 16:21:38,501 ====================Eval Epoch 46====================
2025-11-14 16:21:39,691 epoch=46	global_step=39	acc=0.1250	acc_avg=0.1962	acc5=0.5000	acc5_avg=0.6121	loss=5.5417	loss_avg=5.0744	time=264.47it/s
2025-11-14 16:21:39,691 Eval Loss:5.0744	Eval acc: 19.62
2025-11-14 16:21:39,691 
2025-11-14 16:21:39,691 ====================Training Epoch 47====================
2025-11-14 16:21:41,695 epoch=47	global_step=18400	acc=1.0000	acc_avg=0.9826	loss=0.0193	loss_avg=0.0503	lr=0.0111	|gn|=0.4058	time=44.80it/s
2025-11-14 16:21:44,124 epoch=47	global_step=18500	acc=0.9688	acc_avg=0.9818	loss=0.0626	loss_avg=0.0505	lr=0.0111	|gn|=0.9835	time=42.89it/s
2025-11-14 16:21:46,549 epoch=47	global_step=18600	acc=0.9688	acc_avg=0.9820	loss=0.0500	loss_avg=0.0501	lr=0.0111	|gn|=1.5310	time=43.17it/s
2025-11-14 16:21:49,145 epoch=47	global_step=18700	acc=0.9688	acc_avg=0.9816	loss=0.0899	loss_avg=0.0511	lr=0.0111	|gn|=1.2985	time=39.95it/s
2025-11-14 16:21:49,693 ====================Eval Epoch 47====================
2025-11-14 16:21:50,887 epoch=47	global_step=39	acc=0.0625	acc_avg=0.1872	acc5=0.4375	acc5_avg=0.6176	loss=6.5033	loss_avg=5.6935	time=264.94it/s
2025-11-14 16:21:50,887 Eval Loss:5.6935	Eval acc: 18.72
2025-11-14 16:21:50,887 
2025-11-14 16:21:50,887 ====================Training Epoch 48====================
2025-11-14 16:21:53,187 epoch=48	global_step=18800	acc=0.9688	acc_avg=0.9829	loss=0.0786	loss_avg=0.0476	lr=0.0095	|gn|=1.3142	time=43.46it/s
2025-11-14 16:21:55,743 epoch=48	global_step=18900	acc=0.9531	acc_avg=0.9817	loss=0.1016	loss_avg=0.0492	lr=0.0095	|gn|=1.4712	time=38.78it/s
2025-11-14 16:21:58,326 epoch=48	global_step=19000	acc=0.9922	acc_avg=0.9824	loss=0.0615	loss_avg=0.0470	lr=0.0095	|gn|=1.1424	time=40.20it/s
2025-11-14 16:22:00,902 epoch=48	global_step=19100	acc=0.9844	acc_avg=0.9821	loss=0.0516	loss_avg=0.0479	lr=0.0095	|gn|=1.7998	time=41.02it/s
2025-11-14 16:22:01,191 ====================Eval Epoch 48====================
2025-11-14 16:22:02,368 epoch=48	global_step=39	acc=0.0625	acc_avg=0.1832	acc5=0.5000	acc5_avg=0.6054	loss=6.1090	loss_avg=5.6379	time=264.78it/s
2025-11-14 16:22:02,368 Eval Loss:5.6379	Eval acc: 18.32
2025-11-14 16:22:02,368 
2025-11-14 16:22:02,368 ====================Training Epoch 49====================
2025-11-14 16:22:04,898 epoch=49	global_step=19200	acc=0.9922	acc_avg=0.9834	loss=0.0260	loss_avg=0.0466	lr=0.0081	|gn|=0.5327	time=39.38it/s
2025-11-14 16:22:07,426 epoch=49	global_step=19300	acc=0.9844	acc_avg=0.9837	loss=0.0505	loss_avg=0.0461	lr=0.0081	|gn|=1.4806	time=40.21it/s
2025-11-14 16:22:09,912 epoch=49	global_step=19400	acc=0.9922	acc_avg=0.9831	loss=0.0473	loss_avg=0.0460	lr=0.0081	|gn|=0.9839	time=39.95it/s
2025-11-14 16:22:12,536 ====================Eval Epoch 49====================
2025-11-14 16:22:13,708 epoch=49	global_step=39	acc=0.0625	acc_avg=0.2028	acc5=0.3750	acc5_avg=0.6103	loss=6.3475	loss_avg=5.3366	time=263.49it/s
2025-11-14 16:22:13,709 Eval Loss:5.3366	Eval acc: 20.28
2025-11-14 16:22:13,709 
2025-11-14 16:22:13,709 ====================Training Epoch 50====================
2025-11-14 16:22:14,006 epoch=50	global_step=19500	acc=0.9922	acc_avg=0.9922	loss=0.0251	loss_avg=0.0251	lr=0.0067	|gn|=0.5515	time=29.83it/s
2025-11-14 16:22:16,523 epoch=50	global_step=19600	acc=0.9844	acc_avg=0.9867	loss=0.0462	loss_avg=0.0385	lr=0.0067	|gn|=1.2107	time=38.96it/s
2025-11-14 16:22:19,052 epoch=50	global_step=19700	acc=0.9922	acc_avg=0.9862	loss=0.0485	loss_avg=0.0405	lr=0.0067	|gn|=1.1408	time=41.88it/s
2025-11-14 16:22:21,620 epoch=50	global_step=19800	acc=1.0000	acc_avg=0.9861	loss=0.0092	loss_avg=0.0404	lr=0.0067	|gn|=0.2913	time=39.28it/s
2025-11-14 16:22:23,990 ====================Eval Epoch 50====================
2025-11-14 16:22:25,170 epoch=50	global_step=39	acc=0.0625	acc_avg=0.2008	acc5=0.4375	acc5_avg=0.6252	loss=5.3054	loss_avg=4.7726	time=265.77it/s
2025-11-14 16:22:25,170 Eval Loss:4.7726	Eval acc: 20.08
2025-11-14 16:22:25,170 
2025-11-14 16:22:25,170 ====================Training Epoch 51====================
2025-11-14 16:22:25,713 epoch=51	global_step=19900	acc=0.9922	acc_avg=0.9865	loss=0.0164	loss_avg=0.0333	lr=0.0054	|gn|=0.4768	time=42.79it/s
2025-11-14 16:22:28,256 epoch=51	global_step=20000	acc=1.0000	acc_avg=0.9879	loss=0.0157	loss_avg=0.0351	lr=0.0054	|gn|=0.5677	time=43.98it/s
2025-11-14 16:22:30,795 epoch=51	global_step=20100	acc=0.9688	acc_avg=0.9872	loss=0.0696	loss_avg=0.0358	lr=0.0054	|gn|=1.1600	time=38.89it/s
2025-11-14 16:22:33,335 epoch=51	global_step=20200	acc=0.9531	acc_avg=0.9863	loss=0.1018	loss_avg=0.0375	lr=0.0054	|gn|=1.7708	time=39.61it/s
2025-11-14 16:22:35,419 ====================Eval Epoch 51====================
2025-11-14 16:22:36,620 epoch=51	global_step=39	acc=0.0625	acc_avg=0.2028	acc5=0.5625	acc5_avg=0.6223	loss=5.4367	loss_avg=5.0170	time=265.01it/s
2025-11-14 16:22:36,620 Eval Loss:5.0170	Eval acc: 20.28
2025-11-14 16:22:36,621 
2025-11-14 16:22:36,621 ====================Training Epoch 52====================
2025-11-14 16:22:37,401 epoch=52	global_step=20300	acc=0.9844	acc_avg=0.9866	loss=0.0376	loss_avg=0.0361	lr=0.0043	|gn|=1.0028	time=39.62it/s
2025-11-14 16:22:39,939 epoch=52	global_step=20400	acc=0.9922	acc_avg=0.9872	loss=0.0127	loss_avg=0.0344	lr=0.0043	|gn|=0.9127	time=42.15it/s
2025-11-14 16:22:42,482 epoch=52	global_step=20500	acc=0.9766	acc_avg=0.9882	loss=0.0333	loss_avg=0.0336	lr=0.0043	|gn|=1.2483	time=39.71it/s
2025-11-14 16:22:45,018 epoch=52	global_step=20600	acc=0.9688	acc_avg=0.9882	loss=0.1002	loss_avg=0.0337	lr=0.0043	|gn|=1.7084	time=39.78it/s
2025-11-14 16:22:46,836 ====================Eval Epoch 52====================
2025-11-14 16:22:48,022 epoch=52	global_step=39	acc=0.0625	acc_avg=0.1989	acc5=0.5625	acc5_avg=0.6161	loss=5.7007	loss_avg=5.1708	time=266.47it/s
2025-11-14 16:22:48,022 Eval Loss:5.1708	Eval acc: 19.89
2025-11-14 16:22:48,022 
2025-11-14 16:22:48,022 ====================Training Epoch 53====================
2025-11-14 16:22:49,014 epoch=53	global_step=20700	acc=1.0000	acc_avg=0.9879	loss=0.0128	loss_avg=0.0326	lr=0.0033	|gn|=0.3841	time=43.66it/s
2025-11-14 16:22:51,531 epoch=53	global_step=20800	acc=0.9688	acc_avg=0.9863	loss=0.0496	loss_avg=0.0377	lr=0.0033	|gn|=1.6290	time=39.54it/s
2025-11-14 16:22:54,111 epoch=53	global_step=20900	acc=1.0000	acc_avg=0.9880	loss=0.0104	loss_avg=0.0340	lr=0.0033	|gn|=0.4325	time=39.89it/s
2025-11-14 16:22:56,687 epoch=53	global_step=21000	acc=0.9922	acc_avg=0.9886	loss=0.0192	loss_avg=0.0325	lr=0.0033	|gn|=0.6974	time=40.00it/s
2025-11-14 16:22:58,283 ====================Eval Epoch 53====================
2025-11-14 16:22:59,481 epoch=53	global_step=39	acc=0.0625	acc_avg=0.1936	acc5=0.5000	acc5_avg=0.6160	loss=5.7906	loss_avg=5.3361	time=267.65it/s
2025-11-14 16:22:59,481 Eval Loss:5.3361	Eval acc: 19.36
2025-11-14 16:22:59,481 
2025-11-14 16:22:59,481 ====================Training Epoch 54====================
2025-11-14 16:23:00,748 epoch=54	global_step=21100	acc=0.9844	acc_avg=0.9884	loss=0.0375	loss_avg=0.0308	lr=0.0024	|gn|=0.9771	time=39.94it/s
2025-11-14 16:23:03,297 epoch=54	global_step=21200	acc=0.9922	acc_avg=0.9880	loss=0.0269	loss_avg=0.0317	lr=0.0024	|gn|=0.8019	time=40.03it/s
2025-11-14 16:23:05,879 epoch=54	global_step=21300	acc=0.9922	acc_avg=0.9888	loss=0.0279	loss_avg=0.0309	lr=0.0024	|gn|=1.0115	time=40.06it/s
2025-11-14 16:23:08,467 epoch=54	global_step=21400	acc=0.9922	acc_avg=0.9894	loss=0.0220	loss_avg=0.0301	lr=0.0024	|gn|=0.9876	time=39.91it/s
2025-11-14 16:23:09,812 ====================Eval Epoch 54====================
2025-11-14 16:23:11,001 epoch=54	global_step=39	acc=0.0625	acc_avg=0.1931	acc5=0.4375	acc5_avg=0.6054	loss=6.0923	loss_avg=5.3133	time=266.22it/s
2025-11-14 16:23:11,001 Eval Loss:5.3133	Eval acc: 19.31
2025-11-14 16:23:11,001 
2025-11-14 16:23:11,001 ====================Training Epoch 55====================
2025-11-14 16:23:12,611 epoch=55	global_step=21500	acc=0.9922	acc_avg=0.9894	loss=0.0221	loss_avg=0.0296	lr=0.0017	|gn|=1.0243	time=40.53it/s
2025-11-14 16:23:15,230 epoch=55	global_step=21600	acc=0.9922	acc_avg=0.9912	loss=0.0205	loss_avg=0.0261	lr=0.0017	|gn|=1.1289	time=38.94it/s
2025-11-14 16:23:17,843 epoch=55	global_step=21700	acc=0.9922	acc_avg=0.9908	loss=0.0177	loss_avg=0.0270	lr=0.0017	|gn|=0.7967	time=40.18it/s
2025-11-14 16:23:20,386 epoch=55	global_step=21800	acc=0.9766	acc_avg=0.9907	loss=0.0367	loss_avg=0.0272	lr=0.0017	|gn|=1.4507	time=40.01it/s
2025-11-14 16:23:21,453 ====================Eval Epoch 55====================
2025-11-14 16:23:22,628 epoch=55	global_step=39	acc=0.0625	acc_avg=0.1998	acc5=0.5625	acc5_avg=0.6181	loss=5.6225	loss_avg=5.1057	time=269.06it/s
2025-11-14 16:23:22,628 Eval Loss:5.1057	Eval acc: 19.98
2025-11-14 16:23:22,628 
2025-11-14 16:23:22,628 ====================Training Epoch 56====================
2025-11-14 16:23:24,390 epoch=56	global_step=21900	acc=1.0000	acc_avg=0.9928	loss=0.0095	loss_avg=0.0222	lr=0.0011	|gn|=0.4237	time=43.59it/s
2025-11-14 16:23:26,972 epoch=56	global_step=22000	acc=0.9844	acc_avg=0.9908	loss=0.0632	loss_avg=0.0261	lr=0.0011	|gn|=1.1825	time=39.98it/s
2025-11-14 16:23:29,563 epoch=56	global_step=22100	acc=0.9922	acc_avg=0.9910	loss=0.0275	loss_avg=0.0256	lr=0.0011	|gn|=1.1198	time=38.10it/s
2025-11-14 16:23:32,151 epoch=56	global_step=22200	acc=1.0000	acc_avg=0.9907	loss=0.0116	loss_avg=0.0266	lr=0.0011	|gn|=0.5285	time=39.87it/s
2025-11-14 16:23:32,966 ====================Eval Epoch 56====================
2025-11-14 16:23:34,140 epoch=56	global_step=39	acc=0.0625	acc_avg=0.1974	acc5=0.5000	acc5_avg=0.6131	loss=6.1161	loss_avg=5.3763	time=273.07it/s
2025-11-14 16:23:34,140 Eval Loss:5.3763	Eval acc: 19.74
2025-11-14 16:23:34,141 
2025-11-14 16:23:34,141 ====================Training Epoch 57====================
2025-11-14 16:23:36,253 epoch=57	global_step=22300	acc=1.0000	acc_avg=0.9934	loss=0.0140	loss_avg=0.0220	lr=0.0006	|gn|=0.8279	time=40.04it/s
2025-11-14 16:23:38,846 epoch=57	global_step=22400	acc=0.9844	acc_avg=0.9926	loss=0.0378	loss_avg=0.0238	lr=0.0006	|gn|=1.5426	time=39.47it/s
2025-11-14 16:23:41,425 epoch=57	global_step=22500	acc=0.9922	acc_avg=0.9920	loss=0.0259	loss_avg=0.0241	lr=0.0006	|gn|=0.9769	time=39.19it/s
2025-11-14 16:23:44,017 epoch=57	global_step=22600	acc=0.9844	acc_avg=0.9917	loss=0.0549	loss_avg=0.0249	lr=0.0006	|gn|=1.6706	time=38.41it/s
2025-11-14 16:23:44,579 ====================Eval Epoch 57====================
2025-11-14 16:23:45,764 epoch=57	global_step=39	acc=0.0625	acc_avg=0.2027	acc5=0.6250	acc5_avg=0.6170	loss=5.8828	loss_avg=5.1344	time=270.18it/s
2025-11-14 16:23:45,764 Eval Loss:5.1344	Eval acc: 20.27
2025-11-14 16:23:45,765 
2025-11-14 16:23:45,765 ====================Training Epoch 58====================
2025-11-14 16:23:48,075 epoch=58	global_step=22700	acc=0.9922	acc_avg=0.9938	loss=0.0214	loss_avg=0.0218	lr=0.0003	|gn|=1.0171	time=39.62it/s
2025-11-14 16:23:50,543 epoch=58	global_step=22800	acc=1.0000	acc_avg=0.9927	loss=0.0119	loss_avg=0.0228	lr=0.0003	|gn|=0.6698	time=44.54it/s
2025-11-14 16:23:52,951 epoch=58	global_step=22900	acc=1.0000	acc_avg=0.9929	loss=0.0088	loss_avg=0.0224	lr=0.0003	|gn|=0.4916	time=39.89it/s
2025-11-14 16:23:55,464 epoch=58	global_step=23000	acc=0.9922	acc_avg=0.9927	loss=0.0173	loss_avg=0.0227	lr=0.0003	|gn|=0.7930	time=43.57it/s
2025-11-14 16:23:55,749 ====================Eval Epoch 58====================
2025-11-14 16:23:56,950 epoch=58	global_step=39	acc=0.0625	acc_avg=0.1890	acc5=0.4375	acc5_avg=0.6081	loss=6.5645	loss_avg=5.6154	time=264.59it/s
2025-11-14 16:23:56,951 Eval Loss:5.6154	Eval acc: 20.15
2025-11-14 16:23:56,951 
2025-11-14 16:23:56,951 ====================Training Epoch 59====================
2025-11-14 16:23:59,595 epoch=59	global_step=23100	acc=0.9922	acc_avg=0.9925	loss=0.0255	loss_avg=0.0219	lr=0.0001	|gn|=1.0126	time=39.47it/s
2025-11-14 16:24:02,195 epoch=59	global_step=23200	acc=0.9844	acc_avg=0.9924	loss=0.0348	loss_avg=0.0225	lr=0.0001	|gn|=1.3294	time=40.27it/s
2025-11-14 16:24:04,801 epoch=59	global_step=23300	acc=0.9922	acc_avg=0.9923	loss=0.0181	loss_avg=0.0230	lr=0.0001	|gn|=1.0087	time=40.04it/s
2025-11-14 16:24:07,369 ====================Eval Epoch 59====================
2025-11-14 16:24:08,544 epoch=59	global_step=39	acc=0.0625	acc_avg=0.2015	acc5=0.6250	acc5_avg=0.6171	loss=6.0236	loss_avg=5.2397	time=272.43it/s
2025-11-14 16:24:08,544 Eval Loss:5.2397	Eval acc: 18.90
2025-11-14 16:24:08,548 Running Cost 0.01 Days 

