2025-11-14 16:09:20,517 PyTorch Version: 2.6.0
2025-11-14 16:09:20,540 GPU List: ['NVIDIA L40S']
2025-11-14 16:09:20,544 num_classes: 10
2025-11-14 16:09:20,544 epochs: 60
2025-11-14 16:09:20,544 grad_clip: 5.0
2025-11-14 16:09:20,544 log_frequency: 100
2025-11-14 16:09:20,544 model: {'name': 'ResNet18', 'num_classes': 10}
2025-11-14 16:09:20,544 criterion: {'name': 'CrossEntropyLoss'}
2025-11-14 16:09:20,544 optimizer: {'name': 'SGD', 'lr': 0.1, 'weight_decay': 0.0005, 'momentum': 0.9}
2025-11-14 16:09:20,544 scheduler: {'name': 'CosineAnnealingLR', 'T_max': 60, 'eta_min': 0.0}
2025-11-14 16:09:20,544 dataset: {'name': 'DatasetGenerator', 'train_batch_size': 512, 'eval_batch_size': 512}
2025-11-14 16:09:20,546 seed: 0
2025-11-14 16:09:20,547 version: resnet18
2025-11-14 16:09:20,547 exp_name: experiment/classwise/model_training2025-11-14 16:09:20.511023
2025-11-14 16:09:20,547 config_path: configs/cifar10
2025-11-14 16:09:20,547 load_model: False
2025-11-14 16:09:20,547 data_parallel: False
2025-11-14 16:09:20,547 train: True
2025-11-14 16:09:20,547 save_frequency: -1
2025-11-14 16:09:20,547 train_face: False
2025-11-14 16:09:20,547 train_portion: 1.0
2025-11-14 16:09:20,547 train_batch_size: 128
2025-11-14 16:09:20,547 eval_batch_size: 256
2025-11-14 16:09:20,547 num_of_workers: 6
2025-11-14 16:09:20,547 train_data_type: PoisonCIFAR10
2025-11-14 16:09:20,547 test_data_type: CIFAR10
2025-11-14 16:09:20,547 train_data_path: ../dataset
2025-11-14 16:09:20,547 test_data_path: ../dataset
2025-11-14 16:09:20,547 perturb_type: classwise
2025-11-14 16:09:20,547 patch_location: center
2025-11-14 16:09:20,547 poison_rate: 1.0
2025-11-14 16:09:20,547 perturb_tensor_filepath: None
2025-11-14 16:09:20,547 generator_filepath: ./experiment/classwise/noise_generation/generator.pth
2025-11-14 16:09:20,547 use_generator: True
2025-11-14 16:09:20,547 gue: False
2025-11-14 16:09:20,547 filter_type: low
2025-11-14 16:09:20,547 cutoff: 0.5
2025-11-14 16:09:20,547 image_size: 32
2025-11-14 16:09:20,547 img_denoise: 20
2025-11-14 16:12:58,628 Training Dataset: Dataset PoisonCIFAR10
    Number of datapoints: 50000
    Root location: ../dataset
    Split: Train
    StandardTransform
Transform: Compose(
               RandomCrop(size=(32, 32), padding=4)
               RandomHorizontalFlip(p=0.5)
               RandomRotation(degrees=[-10.0, 10.0], interpolation=nearest, expand=False, fill=0)
               ToTensor()
           )
2025-11-14 16:12:58,628 Test Dataset: Dataset CIFAR10
    Number of datapoints: 10000
    Root location: ../dataset
    Split: Test
    StandardTransform
Transform: Compose(
               ToTensor()
           )
2025-11-14 16:12:58,713 param size = 13.682862MB
2025-11-14 16:12:58,713 
2025-11-14 16:12:58,714 ====================Training Epoch 0====================
Generator ./experiment/classwise/noise_generation/generator.pth loaded!
add_uniform_noise:  False
Poison samples: 50000/50000
Generator ./experiment/classwise/noise_generation/generator.pth loaded!
add_uniform_noise:  False
Poison samples: 50000/50000
train_dataset
2025-11-14 16:12:59,725 epoch=0	global_step=0	acc=0.0703	acc_avg=0.0703	loss=2.4922	loss_avg=2.4922	lr=0.1000	|gn|=8.1098	time=1.57it/s
2025-11-14 16:13:02,263 epoch=0	global_step=100	acc=0.2344	acc_avg=0.1948	loss=2.0099	loss_avg=2.4741	lr=0.1000	|gn|=0.8230	time=39.11it/s
2025-11-14 16:13:04,912 epoch=0	global_step=200	acc=0.3203	acc_avg=0.2665	loss=1.7671	loss_avg=2.1386	lr=0.1000	|gn|=0.9002	time=38.98it/s
2025-11-14 16:13:07,522 epoch=0	global_step=300	acc=0.3984	acc_avg=0.3185	loss=1.6289	loss_avg=1.9441	lr=0.1000	|gn|=1.7348	time=38.36it/s
2025-11-14 16:13:09,945 ====================Eval Epoch 0====================
2025-11-14 16:13:11,361 epoch=0	global_step=39	acc=0.2500	acc_avg=0.3193	acc5=0.8750	acc5_avg=0.8160	loss=1.7998	loss_avg=2.2057	time=18.48it/s
2025-11-14 16:13:11,361 Eval Loss:2.2057	Eval acc: 31.93
2025-11-14 16:13:11,361 
2025-11-14 16:13:11,361 ====================Training Epoch 1====================
2025-11-14 16:13:11,909 epoch=1	global_step=400	acc=0.5000	acc_avg=0.5391	loss=1.2575	loss_avg=1.2258	lr=0.0999	|gn|=1.4180	time=40.64it/s
2025-11-14 16:13:14,341 epoch=1	global_step=500	acc=0.5859	acc_avg=0.5550	loss=1.1345	loss_avg=1.2048	lr=0.0999	|gn|=1.1386	time=43.01it/s
2025-11-14 16:13:16,747 epoch=1	global_step=600	acc=0.6328	acc_avg=0.5709	loss=1.0617	loss_avg=1.1567	lr=0.0999	|gn|=1.4495	time=44.50it/s
2025-11-14 16:13:19,140 epoch=1	global_step=700	acc=0.6328	acc_avg=0.5856	loss=1.0547	loss_avg=1.1225	lr=0.0999	|gn|=1.2861	time=42.16it/s
2025-11-14 16:13:21,146 ====================Eval Epoch 1====================
2025-11-14 16:13:22,326 epoch=1	global_step=39	acc=0.2500	acc_avg=0.3414	acc5=0.9375	acc5_avg=0.8088	loss=1.9564	loss_avg=2.4899	time=271.14it/s
2025-11-14 16:13:22,326 Eval Loss:2.4899	Eval acc: 34.14
2025-11-14 16:13:22,326 
2025-11-14 16:13:22,326 ====================Training Epoch 2====================
2025-11-14 16:13:23,122 epoch=2	global_step=800	acc=0.7266	acc_avg=0.6603	loss=0.7807	loss_avg=0.9355	lr=0.0997	|gn|=1.1497	time=38.96it/s
2025-11-14 16:13:25,505 epoch=2	global_step=900	acc=0.6172	acc_avg=0.6758	loss=0.9089	loss_avg=0.8804	lr=0.0997	|gn|=1.1434	time=38.48it/s
2025-11-14 16:13:28,141 epoch=2	global_step=1000	acc=0.7109	acc_avg=0.6871	loss=0.8910	loss_avg=0.8477	lr=0.0997	|gn|=1.3951	time=40.05it/s
2025-11-14 16:13:30,785 epoch=2	global_step=1100	acc=0.7188	acc_avg=0.6962	loss=0.8166	loss_avg=0.8216	lr=0.0997	|gn|=1.1563	time=40.87it/s
2025-11-14 16:13:32,674 ====================Eval Epoch 2====================
2025-11-14 16:13:33,866 epoch=2	global_step=39	acc=0.3125	acc_avg=0.2917	acc5=0.8125	acc5_avg=0.7420	loss=2.1949	loss_avg=3.5154	time=276.10it/s
2025-11-14 16:13:33,866 Eval Loss:3.5154	Eval acc: 29.17
2025-11-14 16:13:33,866 
2025-11-14 16:13:33,866 ====================Training Epoch 3====================
2025-11-14 16:13:34,916 epoch=3	global_step=1200	acc=0.6562	acc_avg=0.7243	loss=0.7556	loss_avg=0.7270	lr=0.0994	|gn|=1.2153	time=41.47it/s
2025-11-14 16:13:37,487 epoch=3	global_step=1300	acc=0.7188	acc_avg=0.7363	loss=0.6961	loss_avg=0.7038	lr=0.0994	|gn|=1.3235	time=39.79it/s
2025-11-14 16:13:40,069 epoch=3	global_step=1400	acc=0.7031	acc_avg=0.7445	loss=0.7523	loss_avg=0.6867	lr=0.0994	|gn|=1.3426	time=40.74it/s
2025-11-14 16:13:42,663 epoch=3	global_step=1500	acc=0.6875	acc_avg=0.7458	loss=0.7610	loss_avg=0.6826	lr=0.0994	|gn|=1.2829	time=40.51it/s
2025-11-14 16:13:44,254 ====================Eval Epoch 3====================
2025-11-14 16:13:45,454 epoch=3	global_step=39	acc=0.2500	acc_avg=0.2629	acc5=0.9375	acc5_avg=0.7626	loss=2.0989	loss_avg=3.8809	time=254.93it/s
2025-11-14 16:13:45,454 Eval Loss:3.8809	Eval acc: 26.29
2025-11-14 16:13:45,454 
2025-11-14 16:13:45,454 ====================Training Epoch 4====================
2025-11-14 16:13:46,739 epoch=4	global_step=1600	acc=0.7812	acc_avg=0.7612	loss=0.4959	loss_avg=0.6361	lr=0.0989	|gn|=0.8703	time=41.69it/s
2025-11-14 16:13:49,184 epoch=4	global_step=1700	acc=0.8203	acc_avg=0.7715	loss=0.5047	loss_avg=0.6118	lr=0.0989	|gn|=0.9478	time=39.99it/s
2025-11-14 16:13:51,641 epoch=4	global_step=1800	acc=0.7969	acc_avg=0.7727	loss=0.5943	loss_avg=0.6078	lr=0.0989	|gn|=0.9922	time=43.58it/s
2025-11-14 16:13:54,088 epoch=4	global_step=1900	acc=0.7812	acc_avg=0.7755	loss=0.5501	loss_avg=0.6020	lr=0.0989	|gn|=1.1894	time=38.93it/s
2025-11-14 16:13:55,412 ====================Eval Epoch 4====================
2025-11-14 16:13:56,613 epoch=4	global_step=39	acc=0.5625	acc_avg=0.3540	acc5=0.9375	acc5_avg=0.8078	loss=1.3310	loss_avg=3.0926	time=251.01it/s
2025-11-14 16:13:56,613 Eval Loss:3.0926	Eval acc: 35.40
2025-11-14 16:13:56,613 
2025-11-14 16:13:56,613 ====================Training Epoch 5====================
2025-11-14 16:13:58,236 epoch=5	global_step=2000	acc=0.8047	acc_avg=0.7799	loss=0.5625	loss_avg=0.5747	lr=0.0983	|gn|=0.9671	time=40.42it/s
2025-11-14 16:14:00,832 epoch=5	global_step=2100	acc=0.7734	acc_avg=0.7844	loss=0.5276	loss_avg=0.5632	lr=0.0983	|gn|=1.1614	time=40.12it/s
2025-11-14 16:14:03,429 epoch=5	global_step=2200	acc=0.8047	acc_avg=0.7874	loss=0.4650	loss_avg=0.5622	lr=0.0983	|gn|=1.0308	time=38.22it/s
2025-11-14 16:14:05,961 epoch=5	global_step=2300	acc=0.8438	acc_avg=0.7885	loss=0.4516	loss_avg=0.5599	lr=0.0983	|gn|=1.0238	time=39.55it/s
2025-11-14 16:14:07,031 ====================Eval Epoch 5====================
2025-11-14 16:14:08,211 epoch=5	global_step=39	acc=0.4375	acc_avg=0.3389	acc5=0.8750	acc5_avg=0.7815	loss=1.5705	loss_avg=3.1377	time=278.16it/s
2025-11-14 16:14:08,211 Eval Loss:3.1377	Eval acc: 33.89
2025-11-14 16:14:08,211 
2025-11-14 16:14:08,211 ====================Training Epoch 6====================
2025-11-14 16:14:10,012 epoch=6	global_step=2400	acc=0.7969	acc_avg=0.8067	loss=0.4769	loss_avg=0.5138	lr=0.0976	|gn|=1.0391	time=40.33it/s
2025-11-14 16:14:12,632 epoch=6	global_step=2500	acc=0.7969	acc_avg=0.8036	loss=0.5012	loss_avg=0.5266	lr=0.0976	|gn|=1.0784	time=40.44it/s
2025-11-14 16:14:15,244 epoch=6	global_step=2600	acc=0.8359	acc_avg=0.8030	loss=0.4670	loss_avg=0.5248	lr=0.0976	|gn|=0.9833	time=35.88it/s
2025-11-14 16:14:17,834 epoch=6	global_step=2700	acc=0.7969	acc_avg=0.8018	loss=0.4854	loss_avg=0.5301	lr=0.0976	|gn|=1.0236	time=40.43it/s
2025-11-14 16:14:18,642 ====================Eval Epoch 6====================
2025-11-14 16:14:19,828 epoch=6	global_step=39	acc=0.2500	acc_avg=0.2922	acc5=0.8125	acc5_avg=0.7311	loss=3.0804	loss_avg=4.0041	time=271.58it/s
2025-11-14 16:14:19,828 Eval Loss:4.0041	Eval acc: 29.22
2025-11-14 16:14:19,828 
2025-11-14 16:14:19,828 ====================Training Epoch 7====================
2025-11-14 16:14:21,909 epoch=7	global_step=2800	acc=0.7656	acc_avg=0.8190	loss=0.6006	loss_avg=0.4874	lr=0.0967	|gn|=1.3497	time=40.90it/s
2025-11-14 16:14:24,466 epoch=7	global_step=2900	acc=0.8281	acc_avg=0.8157	loss=0.5327	loss_avg=0.4954	lr=0.0967	|gn|=1.0231	time=38.00it/s
2025-11-14 16:14:27,015 epoch=7	global_step=3000	acc=0.8203	acc_avg=0.8120	loss=0.5311	loss_avg=0.5027	lr=0.0967	|gn|=1.1683	time=40.38it/s
2025-11-14 16:14:29,554 epoch=7	global_step=3100	acc=0.8281	acc_avg=0.8097	loss=0.4348	loss_avg=0.5070	lr=0.0967	|gn|=1.0189	time=41.12it/s
2025-11-14 16:14:30,092 ====================Eval Epoch 7====================
2025-11-14 16:14:31,296 epoch=7	global_step=39	acc=0.4375	acc_avg=0.3601	acc5=0.8750	acc5_avg=0.7729	loss=2.4833	loss_avg=3.3543	time=249.54it/s
2025-11-14 16:14:31,296 Eval Loss:3.3543	Eval acc: 36.01
2025-11-14 16:14:31,297 
2025-11-14 16:14:31,297 ====================Training Epoch 8====================
2025-11-14 16:14:33,743 epoch=8	global_step=3200	acc=0.8438	acc_avg=0.8163	loss=0.3838	loss_avg=0.4864	lr=0.0957	|gn|=1.1033	time=40.14it/s
2025-11-14 16:14:36,348 epoch=8	global_step=3300	acc=0.8281	acc_avg=0.8194	loss=0.4204	loss_avg=0.4797	lr=0.0957	|gn|=1.0017	time=37.82it/s
2025-11-14 16:14:38,948 epoch=8	global_step=3400	acc=0.8203	acc_avg=0.8164	loss=0.4780	loss_avg=0.4866	lr=0.0957	|gn|=1.0338	time=38.49it/s
2025-11-14 16:14:41,537 epoch=8	global_step=3500	acc=0.8047	acc_avg=0.8151	loss=0.4627	loss_avg=0.4880	lr=0.0957	|gn|=1.1237	time=39.49it/s
2025-11-14 16:14:41,834 ====================Eval Epoch 8====================
2025-11-14 16:14:43,011 epoch=8	global_step=39	acc=0.5000	acc_avg=0.3020	acc5=1.0000	acc5_avg=0.7930	loss=2.2217	loss_avg=4.0032	time=273.23it/s
2025-11-14 16:14:43,012 Eval Loss:4.0032	Eval acc: 30.20
2025-11-14 16:14:43,012 
2025-11-14 16:14:43,012 ====================Training Epoch 9====================
2025-11-14 16:14:45,580 epoch=9	global_step=3600	acc=0.8359	acc_avg=0.8200	loss=0.4606	loss_avg=0.4841	lr=0.0946	|gn|=1.0742	time=42.30it/s
2025-11-14 16:14:48,031 epoch=9	global_step=3700	acc=0.8125	acc_avg=0.8226	loss=0.5155	loss_avg=0.4759	lr=0.0946	|gn|=1.2830	time=43.42it/s
2025-11-14 16:14:50,438 epoch=9	global_step=3800	acc=0.7578	acc_avg=0.8205	loss=0.5473	loss_avg=0.4784	lr=0.0946	|gn|=1.2665	time=43.94it/s
2025-11-14 16:14:52,948 ====================Eval Epoch 9====================
2025-11-14 16:14:54,148 epoch=9	global_step=39	acc=0.1875	acc_avg=0.3286	acc5=0.9375	acc5_avg=0.7843	loss=2.5468	loss_avg=3.6293	time=252.55it/s
2025-11-14 16:14:54,148 Eval Loss:3.6293	Eval acc: 32.86
2025-11-14 16:14:54,148 
2025-11-14 16:14:54,148 ====================Training Epoch 10====================
2025-11-14 16:14:54,453 epoch=10	global_step=3900	acc=0.8750	acc_avg=0.8750	loss=0.3540	loss_avg=0.3540	lr=0.0933	|gn|=0.8931	time=26.61it/s
2025-11-14 16:14:56,967 epoch=10	global_step=4000	acc=0.8125	acc_avg=0.8329	loss=0.5393	loss_avg=0.4477	lr=0.0933	|gn|=1.3389	time=38.67it/s
2025-11-14 16:14:59,516 epoch=10	global_step=4100	acc=0.8516	acc_avg=0.8267	loss=0.5233	loss_avg=0.4595	lr=0.0933	|gn|=1.1178	time=42.38it/s
2025-11-14 16:15:02,061 epoch=10	global_step=4200	acc=0.7969	acc_avg=0.8251	loss=0.3917	loss_avg=0.4651	lr=0.0933	|gn|=1.0345	time=40.90it/s
2025-11-14 16:15:04,415 ====================Eval Epoch 10====================
2025-11-14 16:15:05,589 epoch=10	global_step=39	acc=0.3125	acc_avg=0.3397	acc5=0.8125	acc5_avg=0.7519	loss=3.2564	loss_avg=3.6766	time=276.32it/s
2025-11-14 16:15:05,589 Eval Loss:3.6766	Eval acc: 33.97
2025-11-14 16:15:05,589 
2025-11-14 16:15:05,589 ====================Training Epoch 11====================
2025-11-14 16:15:06,161 epoch=11	global_step=4300	acc=0.8672	acc_avg=0.8317	loss=0.3716	loss_avg=0.4385	lr=0.0919	|gn|=1.0245	time=37.72it/s
2025-11-14 16:15:08,760 epoch=11	global_step=4400	acc=0.8125	acc_avg=0.8276	loss=0.4436	loss_avg=0.4589	lr=0.0919	|gn|=1.1137	time=38.55it/s
2025-11-14 16:15:11,361 epoch=11	global_step=4500	acc=0.8594	acc_avg=0.8319	loss=0.4255	loss_avg=0.4487	lr=0.0919	|gn|=1.1601	time=40.89it/s
2025-11-14 16:15:13,941 epoch=11	global_step=4600	acc=0.8438	acc_avg=0.8319	loss=0.4000	loss_avg=0.4488	lr=0.0919	|gn|=1.0000	time=40.67it/s
2025-11-14 16:15:16,027 ====================Eval Epoch 11====================
2025-11-14 16:15:17,237 epoch=11	global_step=39	acc=0.3750	acc_avg=0.3731	acc5=0.8125	acc5_avg=0.7749	loss=2.1550	loss_avg=3.2796	time=249.44it/s
2025-11-14 16:15:17,237 Eval Loss:3.2796	Eval acc: 37.31
2025-11-14 16:15:17,237 
2025-11-14 16:15:17,237 ====================Training Epoch 12====================
2025-11-14 16:15:18,027 epoch=12	global_step=4700	acc=0.8594	acc_avg=0.8400	loss=0.3526	loss_avg=0.4469	lr=0.0905	|gn|=0.9999	time=43.73it/s
2025-11-14 16:15:20,541 epoch=12	global_step=4800	acc=0.8594	acc_avg=0.8390	loss=0.4450	loss_avg=0.4350	lr=0.0905	|gn|=1.1057	time=45.60it/s
2025-11-14 16:15:23,116 epoch=12	global_step=4900	acc=0.8438	acc_avg=0.8352	loss=0.4454	loss_avg=0.4392	lr=0.0905	|gn|=1.1357	time=37.42it/s
2025-11-14 16:15:25,708 epoch=12	global_step=5000	acc=0.8359	acc_avg=0.8332	loss=0.3986	loss_avg=0.4443	lr=0.0905	|gn|=1.1670	time=40.50it/s
2025-11-14 16:15:27,540 ====================Eval Epoch 12====================
2025-11-14 16:15:28,719 epoch=12	global_step=39	acc=0.3125	acc_avg=0.3556	acc5=0.8750	acc5_avg=0.7801	loss=1.9649	loss_avg=3.2696	time=253.72it/s
2025-11-14 16:15:28,720 Eval Loss:3.2696	Eval acc: 35.56
2025-11-14 16:15:28,720 
2025-11-14 16:15:28,720 ====================Training Epoch 13====================
2025-11-14 16:15:29,798 epoch=13	global_step=5100	acc=0.8828	acc_avg=0.8407	loss=0.3623	loss_avg=0.4264	lr=0.0889	|gn|=1.0611	time=38.80it/s
2025-11-14 16:15:32,402 epoch=13	global_step=5200	acc=0.8750	acc_avg=0.8411	loss=0.3550	loss_avg=0.4268	lr=0.0889	|gn|=1.2336	time=40.02it/s
2025-11-14 16:15:35,009 epoch=13	global_step=5300	acc=0.8750	acc_avg=0.8387	loss=0.3177	loss_avg=0.4295	lr=0.0889	|gn|=0.9144	time=40.33it/s
2025-11-14 16:15:37,584 epoch=13	global_step=5400	acc=0.8672	acc_avg=0.8357	loss=0.3664	loss_avg=0.4365	lr=0.0889	|gn|=1.1416	time=44.24it/s
2025-11-14 16:15:39,137 ====================Eval Epoch 13====================
2025-11-14 16:15:40,309 epoch=13	global_step=39	acc=0.3750	acc_avg=0.3913	acc5=0.8750	acc5_avg=0.8086	loss=1.6838	loss_avg=2.9036	time=274.21it/s
2025-11-14 16:15:40,309 Eval Loss:2.9036	Eval acc: 39.13
2025-11-14 16:15:40,309 
2025-11-14 16:15:40,309 ====================Training Epoch 14====================
2025-11-14 16:15:41,623 epoch=14	global_step=5500	acc=0.8672	acc_avg=0.8443	loss=0.3558	loss_avg=0.4105	lr=0.0872	|gn|=1.0437	time=39.59it/s
2025-11-14 16:15:44,087 epoch=14	global_step=5600	acc=0.8125	acc_avg=0.8427	loss=0.5024	loss_avg=0.4200	lr=0.0872	|gn|=1.0844	time=43.50it/s
2025-11-14 16:15:46,620 epoch=14	global_step=5700	acc=0.8125	acc_avg=0.8422	loss=0.4012	loss_avg=0.4215	lr=0.0872	|gn|=1.0986	time=40.31it/s
2025-11-14 16:15:49,147 epoch=14	global_step=5800	acc=0.8281	acc_avg=0.8415	loss=0.4474	loss_avg=0.4223	lr=0.0872	|gn|=1.2893	time=39.46it/s
2025-11-14 16:15:50,445 ====================Eval Epoch 14====================
2025-11-14 16:15:51,641 epoch=14	global_step=39	acc=0.3125	acc_avg=0.3873	acc5=0.9375	acc5_avg=0.7974	loss=2.0433	loss_avg=2.8368	time=274.91it/s
2025-11-14 16:15:51,641 Eval Loss:2.8368	Eval acc: 38.73
2025-11-14 16:15:51,641 
2025-11-14 16:15:51,641 ====================Training Epoch 15====================
2025-11-14 16:15:53,268 epoch=15	global_step=5900	acc=0.8594	acc_avg=0.8453	loss=0.4104	loss_avg=0.4158	lr=0.0854	|gn|=1.0983	time=43.87it/s
2025-11-14 16:15:55,803 epoch=15	global_step=6000	acc=0.8516	acc_avg=0.8448	loss=0.3494	loss_avg=0.4114	lr=0.0854	|gn|=1.0003	time=40.43it/s
2025-11-14 16:15:58,406 epoch=15	global_step=6100	acc=0.9141	acc_avg=0.8465	loss=0.2920	loss_avg=0.4100	lr=0.0854	|gn|=0.9157	time=40.03it/s
2025-11-14 16:16:00,989 epoch=15	global_step=6200	acc=0.8359	acc_avg=0.8438	loss=0.4010	loss_avg=0.4167	lr=0.0854	|gn|=1.2602	time=39.99it/s
2025-11-14 16:16:02,055 ====================Eval Epoch 15====================
2025-11-14 16:16:03,231 epoch=15	global_step=39	acc=0.5000	acc_avg=0.3626	acc5=0.8125	acc5_avg=0.7529	loss=2.5268	loss_avg=3.4416	time=272.34it/s
2025-11-14 16:16:03,231 Eval Loss:3.4416	Eval acc: 36.26
2025-11-14 16:16:03,231 
2025-11-14 16:16:03,231 ====================Training Epoch 16====================
2025-11-14 16:16:05,021 epoch=16	global_step=6300	acc=0.8359	acc_avg=0.8461	loss=0.5457	loss_avg=0.4102	lr=0.0835	|gn|=1.5009	time=43.97it/s
2025-11-14 16:16:07,497 epoch=16	global_step=6400	acc=0.8438	acc_avg=0.8478	loss=0.4679	loss_avg=0.4085	lr=0.0835	|gn|=1.2554	time=43.44it/s
2025-11-14 16:16:09,946 epoch=16	global_step=6500	acc=0.8750	acc_avg=0.8480	loss=0.3587	loss_avg=0.4079	lr=0.0835	|gn|=1.0872	time=39.60it/s
2025-11-14 16:16:12,413 epoch=16	global_step=6600	acc=0.8984	acc_avg=0.8477	loss=0.3421	loss_avg=0.4073	lr=0.0835	|gn|=1.0298	time=40.65it/s
2025-11-14 16:16:13,188 ====================Eval Epoch 16====================
2025-11-14 16:16:14,380 epoch=16	global_step=39	acc=0.3125	acc_avg=0.3409	acc5=0.8750	acc5_avg=0.7643	loss=3.3011	loss_avg=4.2152	time=274.75it/s
2025-11-14 16:16:14,380 Eval Loss:4.2152	Eval acc: 34.09
2025-11-14 16:16:14,380 
2025-11-14 16:16:14,380 ====================Training Epoch 17====================
2025-11-14 16:16:16,459 epoch=17	global_step=6700	acc=0.8047	acc_avg=0.8585	loss=0.5255	loss_avg=0.3797	lr=0.0815	|gn|=1.3008	time=39.47it/s
2025-11-14 16:16:19,049 epoch=17	global_step=6800	acc=0.8672	acc_avg=0.8546	loss=0.4014	loss_avg=0.3939	lr=0.0815	|gn|=1.2293	time=39.38it/s
2025-11-14 16:16:21,649 epoch=17	global_step=6900	acc=0.8750	acc_avg=0.8513	loss=0.3606	loss_avg=0.3986	lr=0.0815	|gn|=1.1541	time=39.93it/s
2025-11-14 16:16:24,239 epoch=17	global_step=7000	acc=0.7812	acc_avg=0.8509	loss=0.4660	loss_avg=0.3990	lr=0.0815	|gn|=1.1594	time=40.95it/s
2025-11-14 16:16:24,768 ====================Eval Epoch 17====================
2025-11-14 16:16:25,954 epoch=17	global_step=39	acc=0.5000	acc_avg=0.3871	acc5=0.9375	acc5_avg=0.7885	loss=1.9793	loss_avg=3.2366	time=274.75it/s
2025-11-14 16:16:25,954 Eval Loss:3.2366	Eval acc: 38.71
2025-11-14 16:16:25,954 
2025-11-14 16:16:25,954 ====================Training Epoch 18====================
2025-11-14 16:16:28,260 epoch=18	global_step=7100	acc=0.8828	acc_avg=0.8509	loss=0.3201	loss_avg=0.3903	lr=0.0794	|gn|=1.1408	time=40.20it/s
2025-11-14 16:16:30,844 epoch=18	global_step=7200	acc=0.8125	acc_avg=0.8508	loss=0.5252	loss_avg=0.3985	lr=0.0794	|gn|=1.5568	time=40.16it/s
2025-11-14 16:16:33,416 epoch=18	global_step=7300	acc=0.8750	acc_avg=0.8518	loss=0.4635	loss_avg=0.3949	lr=0.0794	|gn|=1.2768	time=38.73it/s
2025-11-14 16:16:36,094 epoch=18	global_step=7400	acc=0.8906	acc_avg=0.8514	loss=0.3522	loss_avg=0.3963	lr=0.0794	|gn|=1.0510	time=38.56it/s
2025-11-14 16:16:36,394 ====================Eval Epoch 18====================
2025-11-14 16:16:37,603 epoch=18	global_step=39	acc=0.4375	acc_avg=0.3884	acc5=0.9375	acc5_avg=0.7763	loss=2.5736	loss_avg=3.0900	time=276.34it/s
2025-11-14 16:16:37,604 Eval Loss:3.0900	Eval acc: 38.84
2025-11-14 16:16:37,604 
2025-11-14 16:16:37,604 ====================Training Epoch 19====================
2025-11-14 16:16:40,138 epoch=19	global_step=7500	acc=0.8438	acc_avg=0.8626	loss=0.3728	loss_avg=0.3690	lr=0.0772	|gn|=1.1941	time=39.28it/s
2025-11-14 16:16:42,739 epoch=19	global_step=7600	acc=0.8281	acc_avg=0.8606	loss=0.3553	loss_avg=0.3719	lr=0.0772	|gn|=1.3520	time=39.17it/s
2025-11-14 16:16:45,286 epoch=19	global_step=7700	acc=0.8516	acc_avg=0.8571	loss=0.4160	loss_avg=0.3810	lr=0.0772	|gn|=1.1574	time=44.71it/s
2025-11-14 16:16:47,898 ====================Eval Epoch 19====================
2025-11-14 16:16:49,075 epoch=19	global_step=39	acc=0.4375	acc_avg=0.3697	acc5=0.9375	acc5_avg=0.8059	loss=1.7265	loss_avg=3.1655	time=276.56it/s
2025-11-14 16:16:49,076 Eval Loss:3.1655	Eval acc: 36.97
2025-11-14 16:16:49,076 
2025-11-14 16:16:49,076 ====================Training Epoch 20====================
2025-11-14 16:16:49,364 epoch=20	global_step=7800	acc=0.8828	acc_avg=0.8828	loss=0.2922	loss_avg=0.2922	lr=0.0750	|gn|=1.0485	time=31.93it/s
2025-11-14 16:16:51,850 epoch=20	global_step=7900	acc=0.8750	acc_avg=0.8601	loss=0.3946	loss_avg=0.3692	lr=0.0750	|gn|=1.0867	time=40.51it/s
2025-11-14 16:16:54,420 epoch=20	global_step=8000	acc=0.8203	acc_avg=0.8596	loss=0.4317	loss_avg=0.3708	lr=0.0750	|gn|=1.3080	time=40.71it/s
2025-11-14 16:16:56,996 epoch=20	global_step=8100	acc=0.8750	acc_avg=0.8582	loss=0.3678	loss_avg=0.3774	lr=0.0750	|gn|=1.1853	time=40.78it/s
2025-11-14 16:16:59,298 ====================Eval Epoch 20====================
2025-11-14 16:17:00,466 epoch=20	global_step=39	acc=0.2500	acc_avg=0.3432	acc5=0.8750	acc5_avg=0.7591	loss=2.8907	loss_avg=3.5421	time=273.39it/s
2025-11-14 16:17:00,466 Eval Loss:3.5421	Eval acc: 34.32
2025-11-14 16:17:00,466 
2025-11-14 16:17:00,466 ====================Training Epoch 21====================
2025-11-14 16:17:01,030 epoch=21	global_step=8200	acc=0.8359	acc_avg=0.8651	loss=0.4271	loss_avg=0.3666	lr=0.0727	|gn|=1.5497	time=40.21it/s
2025-11-14 16:17:03,669 epoch=21	global_step=8300	acc=0.8672	acc_avg=0.8656	loss=0.3583	loss_avg=0.3598	lr=0.0727	|gn|=1.3193	time=39.96it/s
2025-11-14 16:17:06,293 epoch=21	global_step=8400	acc=0.8203	acc_avg=0.8619	loss=0.4357	loss_avg=0.3698	lr=0.0727	|gn|=1.4681	time=39.89it/s
2025-11-14 16:17:08,911 epoch=21	global_step=8500	acc=0.8516	acc_avg=0.8618	loss=0.3462	loss_avg=0.3712	lr=0.0727	|gn|=1.0971	time=40.06it/s
2025-11-14 16:17:11,024 ====================Eval Epoch 21====================
2025-11-14 16:17:12,209 epoch=21	global_step=39	acc=0.4375	acc_avg=0.4182	acc5=1.0000	acc5_avg=0.8127	loss=1.6479	loss_avg=2.8809	time=274.37it/s
2025-11-14 16:17:12,209 Eval Loss:2.8809	Eval acc: 41.82
2025-11-14 16:17:12,209 
2025-11-14 16:17:12,209 ====================Training Epoch 22====================
2025-11-14 16:17:13,022 epoch=22	global_step=8600	acc=0.8672	acc_avg=0.8557	loss=0.3786	loss_avg=0.3809	lr=0.0703	|gn|=1.2243	time=37.90it/s
2025-11-14 16:17:15,548 epoch=22	global_step=8700	acc=0.8906	acc_avg=0.8608	loss=0.2413	loss_avg=0.3671	lr=0.0703	|gn|=1.0871	time=38.74it/s
2025-11-14 16:17:18,032 epoch=22	global_step=8800	acc=0.8047	acc_avg=0.8631	loss=0.4750	loss_avg=0.3618	lr=0.0703	|gn|=1.5399	time=44.08it/s
2025-11-14 16:17:20,544 epoch=22	global_step=8900	acc=0.8984	acc_avg=0.8630	loss=0.3642	loss_avg=0.3672	lr=0.0703	|gn|=1.3236	time=37.86it/s
2025-11-14 16:17:22,334 ====================Eval Epoch 22====================
2025-11-14 16:17:23,506 epoch=22	global_step=39	acc=0.4375	acc_avg=0.4148	acc5=0.8125	acc5_avg=0.8110	loss=1.9827	loss_avg=2.7853	time=262.26it/s
2025-11-14 16:17:23,506 Eval Loss:2.7853	Eval acc: 41.48
2025-11-14 16:17:23,506 
2025-11-14 16:17:23,506 ====================Training Epoch 23====================
2025-11-14 16:17:24,586 epoch=23	global_step=9000	acc=0.8438	acc_avg=0.8609	loss=0.3859	loss_avg=0.3577	lr=0.0679	|gn|=1.1366	time=39.04it/s
2025-11-14 16:17:27,180 epoch=23	global_step=9100	acc=0.8359	acc_avg=0.8603	loss=0.3613	loss_avg=0.3633	lr=0.0679	|gn|=1.3749	time=40.22it/s
2025-11-14 16:17:29,753 epoch=23	global_step=9200	acc=0.8281	acc_avg=0.8609	loss=0.5252	loss_avg=0.3641	lr=0.0679	|gn|=1.4610	time=39.95it/s
2025-11-14 16:17:32,311 epoch=23	global_step=9300	acc=0.8984	acc_avg=0.8637	loss=0.2734	loss_avg=0.3615	lr=0.0679	|gn|=1.0588	time=36.43it/s
2025-11-14 16:17:33,883 ====================Eval Epoch 23====================
2025-11-14 16:17:35,067 epoch=23	global_step=39	acc=0.2500	acc_avg=0.3386	acc5=0.8125	acc5_avg=0.7958	loss=2.7990	loss_avg=3.4785	time=274.50it/s
2025-11-14 16:17:35,067 Eval Loss:3.4785	Eval acc: 33.86
2025-11-14 16:17:35,067 
2025-11-14 16:17:35,067 ====================Training Epoch 24====================
2025-11-14 16:17:36,459 epoch=24	global_step=9400	acc=0.8672	acc_avg=0.8748	loss=0.3553	loss_avg=0.3382	lr=0.0655	|gn|=1.3189	time=38.24it/s
2025-11-14 16:17:38,955 epoch=24	global_step=9500	acc=0.8516	acc_avg=0.8685	loss=0.3730	loss_avg=0.3502	lr=0.0655	|gn|=1.3620	time=41.00it/s
2025-11-14 16:17:41,420 epoch=24	global_step=9600	acc=0.8516	acc_avg=0.8666	loss=0.3180	loss_avg=0.3504	lr=0.0655	|gn|=1.3368	time=41.57it/s
2025-11-14 16:17:43,865 epoch=24	global_step=9700	acc=0.8594	acc_avg=0.8674	loss=0.4481	loss_avg=0.3516	lr=0.0655	|gn|=1.4104	time=43.10it/s
2025-11-14 16:17:45,153 ====================Eval Epoch 24====================
2025-11-14 16:17:46,332 epoch=24	global_step=39	acc=0.3125	acc_avg=0.3742	acc5=0.9375	acc5_avg=0.7812	loss=1.7792	loss_avg=2.9167	time=267.96it/s
2025-11-14 16:17:46,332 Eval Loss:2.9167	Eval acc: 37.42
2025-11-14 16:17:46,332 
2025-11-14 16:17:46,333 ====================Training Epoch 25====================
2025-11-14 16:17:47,785 epoch=25	global_step=9800	acc=0.9062	acc_avg=0.8750	loss=0.2626	loss_avg=0.3396	lr=0.0629	|gn|=0.9380	time=45.49it/s
2025-11-14 16:17:50,423 epoch=25	global_step=9900	acc=0.8750	acc_avg=0.8726	loss=0.4044	loss_avg=0.3394	lr=0.0629	|gn|=1.5063	time=37.97it/s
2025-11-14 16:17:53,090 epoch=25	global_step=10000	acc=0.8359	acc_avg=0.8726	loss=0.3157	loss_avg=0.3391	lr=0.0629	|gn|=1.2923	time=36.93it/s
2025-11-14 16:17:55,742 epoch=25	global_step=10100	acc=0.8828	acc_avg=0.8727	loss=0.3314	loss_avg=0.3402	lr=0.0629	|gn|=1.1955	time=39.30it/s
2025-11-14 16:17:56,841 ====================Eval Epoch 25====================
2025-11-14 16:17:58,025 epoch=25	global_step=39	acc=0.3125	acc_avg=0.4091	acc5=0.8750	acc5_avg=0.8200	loss=2.6292	loss_avg=2.7184	time=275.22it/s
2025-11-14 16:17:58,026 Eval Loss:2.7184	Eval acc: 40.91
2025-11-14 16:17:58,026 
2025-11-14 16:17:58,026 ====================Training Epoch 26====================
2025-11-14 16:17:59,799 epoch=26	global_step=10200	acc=0.8906	acc_avg=0.8785	loss=0.2572	loss_avg=0.3243	lr=0.0604	|gn|=1.3630	time=45.08it/s
2025-11-14 16:18:02,363 epoch=26	global_step=10300	acc=0.8516	acc_avg=0.8784	loss=0.3147	loss_avg=0.3239	lr=0.0604	|gn|=1.3502	time=39.93it/s
2025-11-14 16:18:04,929 epoch=26	global_step=10400	acc=0.8828	acc_avg=0.8772	loss=0.3081	loss_avg=0.3263	lr=0.0604	|gn|=1.3444	time=39.59it/s
2025-11-14 16:18:07,495 epoch=26	global_step=10500	acc=0.8828	acc_avg=0.8762	loss=0.2868	loss_avg=0.3315	lr=0.0604	|gn|=1.2742	time=40.38it/s
2025-11-14 16:18:08,297 ====================Eval Epoch 26====================
2025-11-14 16:18:09,496 epoch=26	global_step=39	acc=0.4375	acc_avg=0.3806	acc5=0.8750	acc5_avg=0.7891	loss=1.7554	loss_avg=3.0335	time=262.09it/s
2025-11-14 16:18:09,496 Eval Loss:3.0335	Eval acc: 38.06
2025-11-14 16:18:09,496 
2025-11-14 16:18:09,496 ====================Training Epoch 27====================
2025-11-14 16:18:11,635 epoch=27	global_step=10600	acc=0.9141	acc_avg=0.8846	loss=0.2977	loss_avg=0.3113	lr=0.0578	|gn|=1.1574	time=40.59it/s
2025-11-14 16:18:14,187 epoch=27	global_step=10700	acc=0.9062	acc_avg=0.8829	loss=0.2850	loss_avg=0.3172	lr=0.0578	|gn|=1.2845	time=40.35it/s
2025-11-14 16:18:16,771 epoch=27	global_step=10800	acc=0.8672	acc_avg=0.8790	loss=0.3042	loss_avg=0.3266	lr=0.0578	|gn|=1.2906	time=40.61it/s
2025-11-14 16:18:19,349 epoch=27	global_step=10900	acc=0.8750	acc_avg=0.8782	loss=0.3148	loss_avg=0.3289	lr=0.0578	|gn|=1.3864	time=38.99it/s
2025-11-14 16:18:19,883 ====================Eval Epoch 27====================
2025-11-14 16:18:21,055 epoch=27	global_step=39	acc=0.4375	acc_avg=0.3735	acc5=1.0000	acc5_avg=0.8130	loss=2.4347	loss_avg=3.3466	time=273.23it/s
2025-11-14 16:18:21,055 Eval Loss:3.3466	Eval acc: 37.35
2025-11-14 16:18:21,055 
2025-11-14 16:18:21,055 ====================Training Epoch 28====================
2025-11-14 16:18:23,417 epoch=28	global_step=11000	acc=0.9297	acc_avg=0.8840	loss=0.2526	loss_avg=0.3163	lr=0.0552	|gn|=1.1390	time=40.27it/s
2025-11-14 16:18:25,984 epoch=28	global_step=11100	acc=0.8672	acc_avg=0.8795	loss=0.2638	loss_avg=0.3196	lr=0.0552	|gn|=1.1510	time=39.92it/s
2025-11-14 16:18:28,553 epoch=28	global_step=11200	acc=0.7812	acc_avg=0.8801	loss=0.5632	loss_avg=0.3192	lr=0.0552	|gn|=1.9232	time=40.51it/s
2025-11-14 16:18:31,125 epoch=28	global_step=11300	acc=0.8750	acc_avg=0.8787	loss=0.3476	loss_avg=0.3229	lr=0.0552	|gn|=1.4615	time=40.93it/s
2025-11-14 16:18:31,415 ====================Eval Epoch 28====================
2025-11-14 16:18:32,583 epoch=28	global_step=39	acc=0.3125	acc_avg=0.3783	acc5=0.9375	acc5_avg=0.8155	loss=1.8506	loss_avg=2.8325	time=275.47it/s
2025-11-14 16:18:32,583 Eval Loss:2.8325	Eval acc: 37.83
2025-11-14 16:18:32,583 
2025-11-14 16:18:32,583 ====================Training Epoch 29====================
2025-11-14 16:18:35,160 epoch=29	global_step=11400	acc=0.8828	acc_avg=0.8822	loss=0.2725	loss_avg=0.3145	lr=0.0526	|gn|=1.2863	time=40.21it/s
2025-11-14 16:18:37,775 epoch=29	global_step=11500	acc=0.8984	acc_avg=0.8811	loss=0.2636	loss_avg=0.3161	lr=0.0526	|gn|=1.1834	time=39.62it/s
2025-11-14 16:18:40,310 epoch=29	global_step=11600	acc=0.8750	acc_avg=0.8818	loss=0.3180	loss_avg=0.3137	lr=0.0526	|gn|=1.5157	time=42.01it/s
2025-11-14 16:18:42,823 ====================Eval Epoch 29====================
2025-11-14 16:18:43,999 epoch=29	global_step=39	acc=0.4375	acc_avg=0.3824	acc5=1.0000	acc5_avg=0.7887	loss=2.3721	loss_avg=3.6070	time=275.16it/s
2025-11-14 16:18:43,999 Eval Loss:3.6070	Eval acc: 38.24
2025-11-14 16:18:43,999 
2025-11-14 16:18:43,999 ====================Training Epoch 30====================
2025-11-14 16:18:44,306 epoch=30	global_step=11700	acc=0.8203	acc_avg=0.8203	loss=0.3340	loss_avg=0.3340	lr=0.0500	|gn|=1.5133	time=35.78it/s
2025-11-14 16:18:46,858 epoch=30	global_step=11800	acc=0.8516	acc_avg=0.8858	loss=0.3892	loss_avg=0.2982	lr=0.0500	|gn|=1.6217	time=39.84it/s
2025-11-14 16:18:49,430 epoch=30	global_step=11900	acc=0.8516	acc_avg=0.8829	loss=0.3060	loss_avg=0.3074	lr=0.0500	|gn|=1.3525	time=40.15it/s
2025-11-14 16:18:51,902 epoch=30	global_step=12000	acc=0.8984	acc_avg=0.8832	loss=0.3115	loss_avg=0.3072	lr=0.0500	|gn|=1.2790	time=40.88it/s
2025-11-14 16:18:54,170 ====================Eval Epoch 30====================
2025-11-14 16:18:55,342 epoch=30	global_step=39	acc=0.5000	acc_avg=0.3750	acc5=0.8750	acc5_avg=0.7651	loss=2.8213	loss_avg=3.6603	time=275.83it/s
2025-11-14 16:18:55,342 Eval Loss:3.6603	Eval acc: 37.50
2025-11-14 16:18:55,342 
2025-11-14 16:18:55,342 ====================Training Epoch 31====================
2025-11-14 16:18:55,864 epoch=31	global_step=12100	acc=0.8906	acc_avg=0.8892	loss=0.2532	loss_avg=0.2881	lr=0.0474	|gn|=1.1075	time=43.97it/s
2025-11-14 16:18:58,344 epoch=31	global_step=12200	acc=0.9141	acc_avg=0.8934	loss=0.3485	loss_avg=0.2819	lr=0.0474	|gn|=1.2557	time=40.85it/s
2025-11-14 16:19:00,805 epoch=31	global_step=12300	acc=0.8984	acc_avg=0.8895	loss=0.2920	loss_avg=0.2913	lr=0.0474	|gn|=1.4661	time=40.76it/s
2025-11-14 16:19:03,229 epoch=31	global_step=12400	acc=0.9062	acc_avg=0.8874	loss=0.1992	loss_avg=0.2978	lr=0.0474	|gn|=1.0394	time=45.29it/s
2025-11-14 16:19:05,233 ====================Eval Epoch 31====================
2025-11-14 16:19:06,398 epoch=31	global_step=39	acc=0.3750	acc_avg=0.3881	acc5=0.9375	acc5_avg=0.7938	loss=2.2391	loss_avg=3.4253	time=273.30it/s
2025-11-14 16:19:06,399 Eval Loss:3.4253	Eval acc: 38.81
2025-11-14 16:19:06,399 
2025-11-14 16:19:06,399 ====================Training Epoch 32====================
2025-11-14 16:19:07,191 epoch=32	global_step=12500	acc=0.9297	acc_avg=0.8951	loss=0.2350	loss_avg=0.2785	lr=0.0448	|gn|=1.1773	time=40.03it/s
2025-11-14 16:19:09,666 epoch=32	global_step=12600	acc=0.8438	acc_avg=0.8928	loss=0.3330	loss_avg=0.2809	lr=0.0448	|gn|=1.6857	time=40.72it/s
2025-11-14 16:19:12,352 epoch=32	global_step=12700	acc=0.8906	acc_avg=0.8919	loss=0.3374	loss_avg=0.2836	lr=0.0448	|gn|=1.4529	time=39.44it/s
2025-11-14 16:19:15,004 epoch=32	global_step=12800	acc=0.9141	acc_avg=0.8908	loss=0.2796	loss_avg=0.2874	lr=0.0448	|gn|=1.3130	time=38.77it/s
2025-11-14 16:19:16,892 ====================Eval Epoch 32====================
2025-11-14 16:19:18,072 epoch=32	global_step=39	acc=0.5000	acc_avg=0.3569	acc5=0.9375	acc5_avg=0.7757	loss=2.3695	loss_avg=3.6219	time=272.96it/s
2025-11-14 16:19:18,073 Eval Loss:3.6219	Eval acc: 35.69
2025-11-14 16:19:18,073 
2025-11-14 16:19:18,073 ====================Training Epoch 33====================
2025-11-14 16:19:19,144 epoch=33	global_step=12900	acc=0.9141	acc_avg=0.8972	loss=0.2768	loss_avg=0.2827	lr=0.0422	|gn|=1.5097	time=38.71it/s
2025-11-14 16:19:21,759 epoch=33	global_step=13000	acc=0.9219	acc_avg=0.8974	loss=0.2466	loss_avg=0.2761	lr=0.0422	|gn|=1.3034	time=39.61it/s
2025-11-14 16:19:24,350 epoch=33	global_step=13100	acc=0.9062	acc_avg=0.8956	loss=0.2847	loss_avg=0.2796	lr=0.0422	|gn|=1.3694	time=39.35it/s
2025-11-14 16:19:26,950 epoch=33	global_step=13200	acc=0.9219	acc_avg=0.8941	loss=0.2242	loss_avg=0.2816	lr=0.0422	|gn|=1.0807	time=38.82it/s
2025-11-14 16:19:28,512 ====================Eval Epoch 33====================
2025-11-14 16:19:29,669 epoch=33	global_step=39	acc=0.4375	acc_avg=0.3804	acc5=0.8750	acc5_avg=0.7940	loss=2.3712	loss_avg=3.2140	time=275.85it/s
2025-11-14 16:19:29,670 Eval Loss:3.2140	Eval acc: 38.04
2025-11-14 16:19:29,670 
2025-11-14 16:19:29,670 ====================Training Epoch 34====================
2025-11-14 16:19:30,925 epoch=34	global_step=13300	acc=0.8984	acc_avg=0.8901	loss=0.2554	loss_avg=0.2909	lr=0.0396	|gn|=1.3592	time=43.02it/s
2025-11-14 16:19:33,428 epoch=34	global_step=13400	acc=0.8984	acc_avg=0.8946	loss=0.2443	loss_avg=0.2792	lr=0.0396	|gn|=1.4500	time=42.08it/s
2025-11-14 16:19:36,016 epoch=34	global_step=13500	acc=0.9141	acc_avg=0.8942	loss=0.2532	loss_avg=0.2804	lr=0.0396	|gn|=1.7444	time=37.46it/s
2025-11-14 16:19:38,566 epoch=34	global_step=13600	acc=0.8750	acc_avg=0.8939	loss=0.2899	loss_avg=0.2808	lr=0.0396	|gn|=1.3888	time=42.94it/s
2025-11-14 16:19:39,832 ====================Eval Epoch 34====================
2025-11-14 16:19:40,994 epoch=34	global_step=39	acc=0.5000	acc_avg=0.3667	acc5=0.8750	acc5_avg=0.7903	loss=2.1687	loss_avg=3.3644	time=270.60it/s
2025-11-14 16:19:40,994 Eval Loss:3.3644	Eval acc: 36.67
2025-11-14 16:19:40,994 
2025-11-14 16:19:40,994 ====================Training Epoch 35====================
2025-11-14 16:19:42,556 epoch=35	global_step=13700	acc=0.9297	acc_avg=0.8989	loss=0.1882	loss_avg=0.2679	lr=0.0371	|gn|=1.2400	time=40.13it/s
2025-11-14 16:19:45,189 epoch=35	global_step=13800	acc=0.8906	acc_avg=0.9027	loss=0.2837	loss_avg=0.2639	lr=0.0371	|gn|=1.5807	time=38.03it/s
2025-11-14 16:19:47,815 epoch=35	global_step=13900	acc=0.8906	acc_avg=0.8993	loss=0.2990	loss_avg=0.2696	lr=0.0371	|gn|=1.3147	time=39.81it/s
2025-11-14 16:19:50,409 epoch=35	global_step=14000	acc=0.9219	acc_avg=0.8982	loss=0.2012	loss_avg=0.2707	lr=0.0371	|gn|=1.2450	time=38.14it/s
2025-11-14 16:19:51,481 ====================Eval Epoch 35====================
2025-11-14 16:19:52,642 epoch=35	global_step=39	acc=0.3750	acc_avg=0.4245	acc5=0.8750	acc5_avg=0.7928	loss=2.3066	loss_avg=3.0624	time=252.26it/s
2025-11-14 16:19:52,643 Eval Loss:3.0624	Eval acc: 42.45
2025-11-14 16:19:52,643 
2025-11-14 16:19:52,643 ====================Training Epoch 36====================
2025-11-14 16:19:54,529 epoch=36	global_step=14100	acc=0.9375	acc_avg=0.9061	loss=0.2012	loss_avg=0.2458	lr=0.0345	|gn|=1.3463	time=43.41it/s
2025-11-14 16:19:57,104 epoch=36	global_step=14200	acc=0.9141	acc_avg=0.9045	loss=0.2095	loss_avg=0.2574	lr=0.0345	|gn|=1.3361	time=39.69it/s
2025-11-14 16:19:59,656 epoch=36	global_step=14300	acc=0.8906	acc_avg=0.9037	loss=0.3449	loss_avg=0.2585	lr=0.0345	|gn|=1.8344	time=40.53it/s
2025-11-14 16:20:02,200 epoch=36	global_step=14400	acc=0.8672	acc_avg=0.9027	loss=0.2877	loss_avg=0.2598	lr=0.0345	|gn|=1.6602	time=40.61it/s
2025-11-14 16:20:02,977 ====================Eval Epoch 36====================
2025-11-14 16:20:04,152 epoch=36	global_step=39	acc=0.5000	acc_avg=0.4237	acc5=0.8750	acc5_avg=0.8051	loss=2.3479	loss_avg=3.1471	time=275.20it/s
2025-11-14 16:20:04,152 Eval Loss:3.1471	Eval acc: 42.37
2025-11-14 16:20:04,152 
2025-11-14 16:20:04,152 ====================Training Epoch 37====================
2025-11-14 16:20:06,118 epoch=37	global_step=14500	acc=0.9062	acc_avg=0.9078	loss=0.2383	loss_avg=0.2457	lr=0.0321	|gn|=1.6487	time=44.71it/s
2025-11-14 16:20:08,503 epoch=37	global_step=14600	acc=0.9062	acc_avg=0.9089	loss=0.2043	loss_avg=0.2432	lr=0.0321	|gn|=1.3860	time=44.03it/s
2025-11-14 16:20:10,870 epoch=37	global_step=14700	acc=0.9062	acc_avg=0.9081	loss=0.2498	loss_avg=0.2466	lr=0.0321	|gn|=1.4055	time=41.88it/s
2025-11-14 16:20:13,235 epoch=37	global_step=14800	acc=0.9141	acc_avg=0.9066	loss=0.2209	loss_avg=0.2483	lr=0.0321	|gn|=1.4431	time=44.54it/s
2025-11-14 16:20:13,748 ====================Eval Epoch 37====================
2025-11-14 16:20:14,921 epoch=37	global_step=39	acc=0.5625	acc_avg=0.4178	acc5=0.9375	acc5_avg=0.8088	loss=1.9629	loss_avg=3.2008	time=275.63it/s
2025-11-14 16:20:14,921 Eval Loss:3.2008	Eval acc: 41.78
2025-11-14 16:20:14,921 
2025-11-14 16:20:14,921 ====================Training Epoch 38====================
2025-11-14 16:20:17,150 epoch=38	global_step=14900	acc=0.9141	acc_avg=0.9092	loss=0.2348	loss_avg=0.2323	lr=0.0297	|gn|=1.7570	time=40.37it/s
2025-11-14 16:20:19,620 epoch=38	global_step=15000	acc=0.8828	acc_avg=0.9075	loss=0.2899	loss_avg=0.2391	lr=0.0297	|gn|=1.5532	time=42.75it/s
2025-11-14 16:20:22,090 epoch=38	global_step=15100	acc=0.8672	acc_avg=0.9051	loss=0.2981	loss_avg=0.2448	lr=0.0297	|gn|=1.7083	time=41.17it/s
2025-11-14 16:20:24,576 epoch=38	global_step=15200	acc=0.8672	acc_avg=0.9066	loss=0.3066	loss_avg=0.2436	lr=0.0297	|gn|=1.9520	time=41.06it/s
2025-11-14 16:20:24,861 ====================Eval Epoch 38====================
2025-11-14 16:20:26,039 epoch=38	global_step=39	acc=0.5000	acc_avg=0.3829	acc5=0.9375	acc5_avg=0.8048	loss=2.0729	loss_avg=3.4523	time=274.71it/s
2025-11-14 16:20:26,039 Eval Loss:3.4523	Eval acc: 38.29
2025-11-14 16:20:26,039 
2025-11-14 16:20:26,039 ====================Training Epoch 39====================
2025-11-14 16:20:28,494 epoch=39	global_step=15300	acc=0.9688	acc_avg=0.9131	loss=0.1017	loss_avg=0.2259	lr=0.0273	|gn|=0.9808	time=45.53it/s
2025-11-14 16:20:30,883 epoch=39	global_step=15400	acc=0.8906	acc_avg=0.9141	loss=0.2237	loss_avg=0.2229	lr=0.0273	|gn|=1.7632	time=44.93it/s
2025-11-14 16:20:33,277 epoch=39	global_step=15500	acc=0.9141	acc_avg=0.9125	loss=0.1997	loss_avg=0.2273	lr=0.0273	|gn|=1.6531	time=39.01it/s
2025-11-14 16:20:35,779 ====================Eval Epoch 39====================
2025-11-14 16:20:36,962 epoch=39	global_step=39	acc=0.4375	acc_avg=0.4068	acc5=0.9375	acc5_avg=0.8129	loss=1.9534	loss_avg=3.1941	time=274.84it/s
2025-11-14 16:20:36,962 Eval Loss:3.1941	Eval acc: 40.68
2025-11-14 16:20:36,962 
2025-11-14 16:20:36,962 ====================Training Epoch 40====================
2025-11-14 16:20:37,264 epoch=40	global_step=15600	acc=0.8906	acc_avg=0.8906	loss=0.3293	loss_avg=0.3293	lr=0.0250	|gn|=1.7926	time=35.19it/s
2025-11-14 16:20:39,841 epoch=40	global_step=15700	acc=0.9141	acc_avg=0.9187	loss=0.1993	loss_avg=0.2201	lr=0.0250	|gn|=1.4332	time=40.57it/s
2025-11-14 16:20:42,391 epoch=40	global_step=15800	acc=0.9219	acc_avg=0.9179	loss=0.2337	loss_avg=0.2217	lr=0.0250	|gn|=1.7293	time=40.48it/s
2025-11-14 16:20:44,935 epoch=40	global_step=15900	acc=0.9141	acc_avg=0.9160	loss=0.2492	loss_avg=0.2249	lr=0.0250	|gn|=1.7848	time=40.85it/s
2025-11-14 16:20:47,240 ====================Eval Epoch 40====================
2025-11-14 16:20:48,402 epoch=40	global_step=39	acc=0.5000	acc_avg=0.4372	acc5=0.8750	acc5_avg=0.8389	loss=1.7131	loss_avg=2.8852	time=274.93it/s
2025-11-14 16:20:48,402 Eval Loss:2.8852	Eval acc: 43.72
2025-11-14 16:20:48,402 
2025-11-14 16:20:48,402 ====================Training Epoch 41====================
2025-11-14 16:20:48,941 epoch=41	global_step=16000	acc=0.9531	acc_avg=0.9290	loss=0.1636	loss_avg=0.1964	lr=0.0228	|gn|=1.4181	time=42.24it/s
2025-11-14 16:20:51,448 epoch=41	global_step=16100	acc=0.9219	acc_avg=0.9220	loss=0.2121	loss_avg=0.2088	lr=0.0228	|gn|=1.6480	time=40.30it/s
2025-11-14 16:20:54,018 epoch=41	global_step=16200	acc=0.9297	acc_avg=0.9224	loss=0.2285	loss_avg=0.2094	lr=0.0228	|gn|=1.8574	time=39.88it/s
2025-11-14 16:20:56,573 epoch=41	global_step=16300	acc=0.8750	acc_avg=0.9220	loss=0.2613	loss_avg=0.2090	lr=0.0228	|gn|=1.9685	time=40.47it/s
2025-11-14 16:20:58,648 ====================Eval Epoch 41====================
2025-11-14 16:20:59,829 epoch=41	global_step=39	acc=0.5000	acc_avg=0.4164	acc5=0.8750	acc5_avg=0.8097	loss=2.0083	loss_avg=2.9999	time=275.52it/s
2025-11-14 16:20:59,829 Eval Loss:2.9999	Eval acc: 41.64
2025-11-14 16:20:59,830 
2025-11-14 16:20:59,830 ====================Training Epoch 42====================
2025-11-14 16:21:00,604 epoch=42	global_step=16400	acc=0.9219	acc_avg=0.9334	loss=0.1957	loss_avg=0.1829	lr=0.0206	|gn|=1.6946	time=42.97it/s
2025-11-14 16:21:03,045 epoch=42	global_step=16500	acc=0.9688	acc_avg=0.9258	loss=0.1128	loss_avg=0.1946	lr=0.0206	|gn|=1.1022	time=45.63it/s
2025-11-14 16:21:05,607 epoch=42	global_step=16600	acc=0.9297	acc_avg=0.9262	loss=0.1430	loss_avg=0.1948	lr=0.0206	|gn|=1.4439	time=40.67it/s
2025-11-14 16:21:08,172 epoch=42	global_step=16700	acc=0.9297	acc_avg=0.9260	loss=0.1773	loss_avg=0.1964	lr=0.0206	|gn|=1.7406	time=40.10it/s
2025-11-14 16:21:09,998 ====================Eval Epoch 42====================
2025-11-14 16:21:11,173 epoch=42	global_step=39	acc=0.4375	acc_avg=0.3828	acc5=0.8750	acc5_avg=0.8046	loss=2.4131	loss_avg=3.3992	time=273.40it/s
2025-11-14 16:21:11,173 Eval Loss:3.3992	Eval acc: 38.28
2025-11-14 16:21:11,173 
2025-11-14 16:21:11,173 ====================Training Epoch 43====================
2025-11-14 16:21:12,240 epoch=43	global_step=16800	acc=0.9297	acc_avg=0.9262	loss=0.1781	loss_avg=0.1978	lr=0.0185	|gn|=1.8796	time=40.28it/s
2025-11-14 16:21:14,800 epoch=43	global_step=16900	acc=0.9297	acc_avg=0.9277	loss=0.2307	loss_avg=0.1882	lr=0.0185	|gn|=1.7943	time=40.13it/s
2025-11-14 16:21:17,365 epoch=43	global_step=17000	acc=0.9141	acc_avg=0.9281	loss=0.2525	loss_avg=0.1874	lr=0.0185	|gn|=2.0472	time=40.46it/s
2025-11-14 16:21:19,912 epoch=43	global_step=17100	acc=0.9609	acc_avg=0.9271	loss=0.1374	loss_avg=0.1899	lr=0.0185	|gn|=1.3847	time=40.84it/s
2025-11-14 16:21:21,477 ====================Eval Epoch 43====================
2025-11-14 16:21:22,654 epoch=43	global_step=39	acc=0.4375	acc_avg=0.3893	acc5=0.9375	acc5_avg=0.8064	loss=2.6411	loss_avg=3.3777	time=269.04it/s
2025-11-14 16:21:22,655 Eval Loss:3.3777	Eval acc: 38.93
2025-11-14 16:21:22,655 
2025-11-14 16:21:22,655 ====================Training Epoch 44====================
2025-11-14 16:21:23,915 epoch=44	global_step=17200	acc=0.8906	acc_avg=0.9390	loss=0.2660	loss_avg=0.1742	lr=0.0165	|gn|=2.6076	time=40.86it/s
2025-11-14 16:21:26,415 epoch=44	global_step=17300	acc=0.9375	acc_avg=0.9345	loss=0.1564	loss_avg=0.1757	lr=0.0165	|gn|=1.4898	time=45.98it/s
2025-11-14 16:21:28,975 epoch=44	global_step=17400	acc=0.9453	acc_avg=0.9336	loss=0.1433	loss_avg=0.1790	lr=0.0165	|gn|=1.5270	time=40.54it/s
2025-11-14 16:21:31,523 epoch=44	global_step=17500	acc=0.9297	acc_avg=0.9341	loss=0.1413	loss_avg=0.1774	lr=0.0165	|gn|=1.5644	time=40.40it/s
2025-11-14 16:21:32,836 ====================Eval Epoch 44====================
2025-11-14 16:21:34,030 epoch=44	global_step=39	acc=0.5000	acc_avg=0.4300	acc5=0.9375	acc5_avg=0.8178	loss=1.6265	loss_avg=2.9181	time=274.96it/s
2025-11-14 16:21:34,030 Eval Loss:2.9181	Eval acc: 43.00
2025-11-14 16:21:34,030 
2025-11-14 16:21:34,030 ====================Training Epoch 45====================
2025-11-14 16:21:35,570 epoch=45	global_step=17600	acc=0.9531	acc_avg=0.9392	loss=0.1740	loss_avg=0.1640	lr=0.0146	|gn|=1.3017	time=39.89it/s
2025-11-14 16:21:38,028 epoch=45	global_step=17700	acc=0.9375	acc_avg=0.9398	loss=0.1771	loss_avg=0.1638	lr=0.0146	|gn|=1.6248	time=41.00it/s
2025-11-14 16:21:40,575 epoch=45	global_step=17800	acc=0.9688	acc_avg=0.9376	loss=0.1038	loss_avg=0.1665	lr=0.0146	|gn|=1.1573	time=41.96it/s
2025-11-14 16:21:43,109 epoch=45	global_step=17900	acc=0.9141	acc_avg=0.9367	loss=0.2186	loss_avg=0.1684	lr=0.0146	|gn|=2.2373	time=40.63it/s
2025-11-14 16:21:44,162 ====================Eval Epoch 45====================
2025-11-14 16:21:45,328 epoch=45	global_step=39	acc=0.5625	acc_avg=0.4507	acc5=1.0000	acc5_avg=0.8479	loss=1.5740	loss_avg=2.7526	time=275.54it/s
2025-11-14 16:21:45,328 Eval Loss:2.7526	Eval acc: 45.07
2025-11-14 16:21:45,328 
2025-11-14 16:21:45,328 ====================Training Epoch 46====================
2025-11-14 16:21:47,159 epoch=46	global_step=18000	acc=0.8828	acc_avg=0.9444	loss=0.2264	loss_avg=0.1442	lr=0.0128	|gn|=2.3733	time=39.91it/s
2025-11-14 16:21:49,714 epoch=46	global_step=18100	acc=0.9531	acc_avg=0.9414	loss=0.1678	loss_avg=0.1540	lr=0.0128	|gn|=1.7769	time=40.29it/s
2025-11-14 16:21:52,277 epoch=46	global_step=18200	acc=0.9062	acc_avg=0.9414	loss=0.2055	loss_avg=0.1543	lr=0.0128	|gn|=2.3310	time=40.35it/s
2025-11-14 16:21:54,827 epoch=46	global_step=18300	acc=0.9531	acc_avg=0.9415	loss=0.1332	loss_avg=0.1557	lr=0.0128	|gn|=1.7365	time=40.13it/s
2025-11-14 16:21:55,626 ====================Eval Epoch 46====================
2025-11-14 16:21:56,786 epoch=46	global_step=39	acc=0.5000	acc_avg=0.4018	acc5=0.9375	acc5_avg=0.8246	loss=2.1898	loss_avg=3.1583	time=275.49it/s
2025-11-14 16:21:56,787 Eval Loss:3.1583	Eval acc: 40.18
2025-11-14 16:21:56,787 
2025-11-14 16:21:56,787 ====================Training Epoch 47====================
2025-11-14 16:21:58,884 epoch=47	global_step=18400	acc=0.9531	acc_avg=0.9437	loss=0.1368	loss_avg=0.1458	lr=0.0111	|gn|=1.9665	time=40.22it/s
2025-11-14 16:22:01,433 epoch=47	global_step=18500	acc=0.9297	acc_avg=0.9462	loss=0.1552	loss_avg=0.1450	lr=0.0111	|gn|=1.6909	time=40.05it/s
2025-11-14 16:22:03,987 epoch=47	global_step=18600	acc=0.9844	acc_avg=0.9468	loss=0.1008	loss_avg=0.1433	lr=0.0111	|gn|=1.3587	time=40.40it/s
2025-11-14 16:22:06,533 epoch=47	global_step=18700	acc=0.9609	acc_avg=0.9451	loss=0.0959	loss_avg=0.1468	lr=0.0111	|gn|=1.3980	time=40.37it/s
2025-11-14 16:22:07,073 ====================Eval Epoch 47====================
2025-11-14 16:22:08,253 epoch=47	global_step=39	acc=0.4375	acc_avg=0.4227	acc5=0.9375	acc5_avg=0.8246	loss=2.5386	loss_avg=3.2297	time=275.05it/s
2025-11-14 16:22:08,253 Eval Loss:3.2297	Eval acc: 42.27
2025-11-14 16:22:08,253 
2025-11-14 16:22:08,253 ====================Training Epoch 48====================
2025-11-14 16:22:10,524 epoch=48	global_step=18800	acc=0.9453	acc_avg=0.9502	loss=0.1449	loss_avg=0.1299	lr=0.0095	|gn|=1.7036	time=40.80it/s
2025-11-14 16:22:12,968 epoch=48	global_step=18900	acc=0.9375	acc_avg=0.9509	loss=0.1181	loss_avg=0.1298	lr=0.0095	|gn|=1.5714	time=45.71it/s
2025-11-14 16:22:15,525 epoch=48	global_step=19000	acc=0.9297	acc_avg=0.9502	loss=0.1508	loss_avg=0.1327	lr=0.0095	|gn|=2.2575	time=40.40it/s
2025-11-14 16:22:18,074 epoch=48	global_step=19100	acc=0.9141	acc_avg=0.9505	loss=0.1743	loss_avg=0.1330	lr=0.0095	|gn|=2.5646	time=41.18it/s
2025-11-14 16:22:18,343 ====================Eval Epoch 48====================
2025-11-14 16:22:19,506 epoch=48	global_step=39	acc=0.3750	acc_avg=0.4148	acc5=0.9375	acc5_avg=0.8313	loss=2.0838	loss_avg=3.1402	time=275.47it/s
2025-11-14 16:22:19,506 Eval Loss:3.1402	Eval acc: 41.48
2025-11-14 16:22:19,507 
2025-11-14 16:22:19,507 ====================Training Epoch 49====================
2025-11-14 16:22:22,172 epoch=49	global_step=19200	acc=0.9609	acc_avg=0.9559	loss=0.1304	loss_avg=0.1183	lr=0.0081	|gn|=1.8739	time=39.00it/s
2025-11-14 16:22:24,814 epoch=49	global_step=19300	acc=0.9688	acc_avg=0.9551	loss=0.0978	loss_avg=0.1189	lr=0.0081	|gn|=1.4839	time=37.96it/s
2025-11-14 16:22:27,444 epoch=49	global_step=19400	acc=0.9609	acc_avg=0.9553	loss=0.1213	loss_avg=0.1201	lr=0.0081	|gn|=1.6080	time=38.75it/s
2025-11-14 16:22:30,023 ====================Eval Epoch 49====================
2025-11-14 16:22:31,196 epoch=49	global_step=39	acc=0.4375	acc_avg=0.4323	acc5=0.8750	acc5_avg=0.8388	loss=2.2706	loss_avg=2.9111	time=274.89it/s
2025-11-14 16:22:31,196 Eval Loss:2.9111	Eval acc: 43.23
2025-11-14 16:22:31,196 
2025-11-14 16:22:31,196 ====================Training Epoch 50====================
2025-11-14 16:22:31,490 epoch=50	global_step=19500	acc=0.9453	acc_avg=0.9453	loss=0.1283	loss_avg=0.1283	lr=0.0067	|gn|=1.8756	time=27.90it/s
2025-11-14 16:22:33,988 epoch=50	global_step=19600	acc=0.9766	acc_avg=0.9601	loss=0.0581	loss_avg=0.1038	lr=0.0067	|gn|=1.4780	time=40.59it/s
2025-11-14 16:22:36,500 epoch=50	global_step=19700	acc=0.9688	acc_avg=0.9599	loss=0.0876	loss_avg=0.1065	lr=0.0067	|gn|=1.6117	time=43.45it/s
2025-11-14 16:22:39,031 epoch=50	global_step=19800	acc=0.9688	acc_avg=0.9597	loss=0.1330	loss_avg=0.1081	lr=0.0067	|gn|=2.2723	time=38.05it/s
2025-11-14 16:22:41,417 ====================Eval Epoch 50====================
2025-11-14 16:22:42,572 epoch=50	global_step=39	acc=0.4375	acc_avg=0.4389	acc5=0.9375	acc5_avg=0.8393	loss=2.1088	loss_avg=2.8565	time=275.20it/s
2025-11-14 16:22:42,572 Eval Loss:2.8565	Eval acc: 43.89
2025-11-14 16:22:42,572 
2025-11-14 16:22:42,572 ====================Training Epoch 51====================
2025-11-14 16:22:43,134 epoch=51	global_step=19900	acc=0.9219	acc_avg=0.9595	loss=0.1646	loss_avg=0.1034	lr=0.0054	|gn|=2.8785	time=40.07it/s
2025-11-14 16:22:45,808 epoch=51	global_step=20000	acc=0.9531	acc_avg=0.9632	loss=0.1161	loss_avg=0.0984	lr=0.0054	|gn|=2.2039	time=40.04it/s
2025-11-14 16:22:48,467 epoch=51	global_step=20100	acc=0.9688	acc_avg=0.9629	loss=0.0924	loss_avg=0.0990	lr=0.0054	|gn|=1.8502	time=39.46it/s
2025-11-14 16:22:51,113 epoch=51	global_step=20200	acc=0.9453	acc_avg=0.9628	loss=0.1403	loss_avg=0.1000	lr=0.0054	|gn|=2.4118	time=38.31it/s
2025-11-14 16:22:53,236 ====================Eval Epoch 51====================
2025-11-14 16:22:54,424 epoch=51	global_step=39	acc=0.4375	acc_avg=0.4459	acc5=0.9375	acc5_avg=0.8362	loss=1.8975	loss_avg=2.8763	time=272.73it/s
2025-11-14 16:22:54,425 Eval Loss:2.8763	Eval acc: 44.59
2025-11-14 16:22:54,425 
2025-11-14 16:22:54,425 ====================Training Epoch 52====================
2025-11-14 16:22:55,208 epoch=52	global_step=20300	acc=0.9531	acc_avg=0.9736	loss=0.1069	loss_avg=0.0874	lr=0.0043	|gn|=2.2393	time=42.30it/s
2025-11-14 16:22:57,647 epoch=52	global_step=20400	acc=0.9688	acc_avg=0.9662	loss=0.0750	loss_avg=0.0923	lr=0.0043	|gn|=1.9382	time=39.79it/s
2025-11-14 16:23:00,065 epoch=52	global_step=20500	acc=0.9844	acc_avg=0.9667	loss=0.0460	loss_avg=0.0901	lr=0.0043	|gn|=1.5280	time=39.78it/s
2025-11-14 16:23:02,479 epoch=52	global_step=20600	acc=0.9766	acc_avg=0.9670	loss=0.0673	loss_avg=0.0894	lr=0.0043	|gn|=2.0493	time=43.72it/s
2025-11-14 16:23:04,223 ====================Eval Epoch 52====================
2025-11-14 16:23:05,406 epoch=52	global_step=39	acc=0.3750	acc_avg=0.4403	acc5=0.8750	acc5_avg=0.8181	loss=1.9966	loss_avg=3.0047	time=273.05it/s
2025-11-14 16:23:05,406 Eval Loss:3.0047	Eval acc: 44.03
2025-11-14 16:23:05,406 
2025-11-14 16:23:05,406 ====================Training Epoch 53====================
2025-11-14 16:23:06,439 epoch=53	global_step=20700	acc=0.9922	acc_avg=0.9703	loss=0.0507	loss_avg=0.0817	lr=0.0033	|gn|=1.1896	time=43.69it/s
2025-11-14 16:23:08,934 epoch=53	global_step=20800	acc=0.9688	acc_avg=0.9715	loss=0.0565	loss_avg=0.0811	lr=0.0033	|gn|=1.5616	time=39.76it/s
2025-11-14 16:23:11,456 epoch=53	global_step=20900	acc=0.9688	acc_avg=0.9719	loss=0.0949	loss_avg=0.0806	lr=0.0033	|gn|=2.2134	time=40.87it/s
2025-11-14 16:23:14,014 epoch=53	global_step=21000	acc=0.9688	acc_avg=0.9708	loss=0.0540	loss_avg=0.0812	lr=0.0033	|gn|=1.6328	time=41.01it/s
2025-11-14 16:23:15,565 ====================Eval Epoch 53====================
2025-11-14 16:23:16,742 epoch=53	global_step=39	acc=0.4375	acc_avg=0.4362	acc5=0.9375	acc5_avg=0.8405	loss=2.0312	loss_avg=2.9232	time=274.78it/s
2025-11-14 16:23:16,742 Eval Loss:2.9232	Eval acc: 43.62
2025-11-14 16:23:16,742 
2025-11-14 16:23:16,742 ====================Training Epoch 54====================
2025-11-14 16:23:18,004 epoch=54	global_step=21100	acc=0.9531	acc_avg=0.9745	loss=0.0964	loss_avg=0.0735	lr=0.0024	|gn|=1.8537	time=46.12it/s
2025-11-14 16:23:20,466 epoch=54	global_step=21200	acc=0.9531	acc_avg=0.9763	loss=0.1022	loss_avg=0.0709	lr=0.0024	|gn|=2.8568	time=41.47it/s
2025-11-14 16:23:22,903 epoch=54	global_step=21300	acc=0.9922	acc_avg=0.9759	loss=0.0398	loss_avg=0.0721	lr=0.0024	|gn|=1.1591	time=39.70it/s
2025-11-14 16:23:25,445 epoch=54	global_step=21400	acc=0.9844	acc_avg=0.9754	loss=0.0359	loss_avg=0.0729	lr=0.0024	|gn|=1.2416	time=40.39it/s
2025-11-14 16:23:26,752 ====================Eval Epoch 54====================
2025-11-14 16:23:27,939 epoch=54	global_step=39	acc=0.4375	acc_avg=0.4370	acc5=0.8750	acc5_avg=0.8268	loss=2.0313	loss_avg=2.9081	time=275.23it/s
2025-11-14 16:23:27,939 Eval Loss:2.9081	Eval acc: 43.70
2025-11-14 16:23:27,940 
2025-11-14 16:23:27,940 ====================Training Epoch 55====================
2025-11-14 16:23:29,514 epoch=55	global_step=21500	acc=0.9844	acc_avg=0.9828	loss=0.0773	loss_avg=0.0605	lr=0.0017	|gn|=2.0003	time=42.68it/s
2025-11-14 16:23:32,112 epoch=55	global_step=21600	acc=0.9766	acc_avg=0.9793	loss=0.0565	loss_avg=0.0626	lr=0.0017	|gn|=1.9168	time=37.89it/s
2025-11-14 16:23:34,730 epoch=55	global_step=21700	acc=0.9688	acc_avg=0.9788	loss=0.0820	loss_avg=0.0634	lr=0.0017	|gn|=2.1097	time=38.50it/s
2025-11-14 16:23:37,337 epoch=55	global_step=21800	acc=0.9922	acc_avg=0.9776	loss=0.0443	loss_avg=0.0652	lr=0.0017	|gn|=1.6119	time=39.18it/s
2025-11-14 16:23:38,404 ====================Eval Epoch 55====================
2025-11-14 16:23:39,590 epoch=55	global_step=39	acc=0.3125	acc_avg=0.4252	acc5=0.9375	acc5_avg=0.8283	loss=2.4221	loss_avg=3.0200	time=275.43it/s
2025-11-14 16:23:39,591 Eval Loss:3.0200	Eval acc: 42.52
2025-11-14 16:23:39,591 
2025-11-14 16:23:39,591 ====================Training Epoch 56====================
2025-11-14 16:23:41,450 epoch=56	global_step=21900	acc=0.9766	acc_avg=0.9784	loss=0.0765	loss_avg=0.0618	lr=0.0011	|gn|=1.8031	time=40.35it/s
2025-11-14 16:23:44,003 epoch=56	global_step=22000	acc=1.0000	acc_avg=0.9787	loss=0.0325	loss_avg=0.0614	lr=0.0011	|gn|=1.1449	time=40.92it/s
2025-11-14 16:23:46,569 epoch=56	global_step=22100	acc=0.9844	acc_avg=0.9796	loss=0.0381	loss_avg=0.0600	lr=0.0011	|gn|=1.1092	time=40.32it/s
2025-11-14 16:23:49,114 epoch=56	global_step=22200	acc=0.9766	acc_avg=0.9792	loss=0.0586	loss_avg=0.0612	lr=0.0011	|gn|=2.0323	time=40.40it/s
2025-11-14 16:23:49,893 ====================Eval Epoch 56====================
2025-11-14 16:23:51,059 epoch=56	global_step=39	acc=0.2500	acc_avg=0.4014	acc5=0.8750	acc5_avg=0.8314	loss=2.1379	loss_avg=2.9230	time=275.69it/s
2025-11-14 16:23:51,059 Eval Loss:2.9230	Eval acc: 40.14
2025-11-14 16:23:51,059 
2025-11-14 16:23:51,059 ====================Training Epoch 57====================
2025-11-14 16:23:53,167 epoch=57	global_step=22300	acc=0.9766	acc_avg=0.9799	loss=0.0608	loss_avg=0.0586	lr=0.0006	|gn|=1.8992	time=40.40it/s
2025-11-14 16:23:55,742 epoch=57	global_step=22400	acc=0.9844	acc_avg=0.9805	loss=0.0553	loss_avg=0.0571	lr=0.0006	|gn|=1.8200	time=40.16it/s
2025-11-14 16:23:58,307 epoch=57	global_step=22500	acc=0.9688	acc_avg=0.9807	loss=0.0738	loss_avg=0.0579	lr=0.0006	|gn|=2.3256	time=40.56it/s
2025-11-14 16:24:00,872 epoch=57	global_step=22600	acc=0.9922	acc_avg=0.9800	loss=0.0396	loss_avg=0.0587	lr=0.0006	|gn|=1.4264	time=40.39it/s
2025-11-14 16:24:01,397 ====================Eval Epoch 57====================
2025-11-14 16:24:02,556 epoch=57	global_step=39	acc=0.3175	acc_avg=0.3716	acc5=0.8750	acc5_avg=0.8369	loss=2.0322	loss_avg=2.7948	time=276.52it/s
2025-11-14 16:24:02,557 Eval Loss:2.7948	Eval acc: 37.16
2025-11-14 16:24:02,557 
2025-11-14 16:24:02,557 ====================Training Epoch 58====================
2025-11-14 16:24:04,760 epoch=58	global_step=22700	acc=0.9922	acc_avg=0.9806	loss=0.0374	loss_avg=0.0567	lr=0.0003	|gn|=1.4255	time=43.99it/s
2025-11-14 16:24:07,231 epoch=58	global_step=22800	acc=0.9844	acc_avg=0.9811	loss=0.0625	loss_avg=0.0569	lr=0.0003	|gn|=2.2810	time=39.47it/s
2025-11-14 16:24:09,703 epoch=58	global_step=22900	acc=0.9922	acc_avg=0.9805	loss=0.0381	loss_avg=0.0572	lr=0.0003	|gn|=1.2630	time=42.55it/s
2025-11-14 16:24:12,198 epoch=58	global_step=23000	acc=0.9844	acc_avg=0.9806	loss=0.0420	loss_avg=0.0579	lr=0.0003	|gn|=1.5630	time=41.22it/s
2025-11-14 16:24:12,470 ====================Eval Epoch 58====================
2025-11-14 16:24:13,659 epoch=58	global_step=39	acc=0.1250	acc_avg=0.3575	acc5=0.8750	acc5_avg=0.8178	loss=2.3089	loss_avg=3.0657	time=276.00it/s
2025-11-14 16:24:13,659 Eval Loss:3.0657	Eval acc: 35.75
2025-11-14 16:24:13,659 
2025-11-14 16:24:13,659 ====================Training Epoch 59====================
2025-11-14 16:24:16,301 epoch=59	global_step=23100	acc=0.9922	acc_avg=0.9814	loss=0.0456	loss_avg=0.0563	lr=0.0001	|gn|=1.3836	time=39.31it/s
2025-11-14 16:24:18,902 epoch=59	global_step=23200	acc=0.9922	acc_avg=0.9811	loss=0.0296	loss_avg=0.0564	lr=0.0001	|gn|=1.2853	time=39.06it/s
2025-11-14 16:24:21,471 epoch=59	global_step=23300	acc=0.9922	acc_avg=0.9813	loss=0.0396	loss_avg=0.0575	lr=0.0001	|gn|=1.5452	time=40.49it/s
2025-11-14 16:24:24,046 ====================Eval Epoch 59====================
2025-11-14 16:24:25,225 epoch=59	global_step=39	acc=0.3750	acc_avg=0.3516	acc5=0.8750	acc5_avg=0.8194	loss=2.2572	loss_avg=3.0596	time=275.81it/s
2025-11-14 16:24:25,225 Eval Loss:3.0596	Eval acc: 35.16
2025-11-14 16:24:25,229 Running Cost 0.01 Days 

