2025-11-14 16:09:09,875 PyTorch Version: 2.6.0
2025-11-14 16:09:09,901 GPU List: ['NVIDIA L40S']
2025-11-14 16:09:09,906 num_classes: 10
2025-11-14 16:09:09,906 epochs: 60
2025-11-14 16:09:09,906 grad_clip: 5.0
2025-11-14 16:09:09,906 log_frequency: 100
2025-11-14 16:09:09,906 model: {'name': 'ResNet18', 'num_classes': 10}
2025-11-14 16:09:09,906 criterion: {'name': 'CrossEntropyLoss'}
2025-11-14 16:09:09,906 optimizer: {'name': 'SGD', 'lr': 0.1, 'weight_decay': 0.0005, 'momentum': 0.9}
2025-11-14 16:09:09,906 scheduler: {'name': 'CosineAnnealingLR', 'T_max': 60, 'eta_min': 0.0}
2025-11-14 16:09:09,906 dataset: {'name': 'DatasetGenerator', 'train_batch_size': 512, 'eval_batch_size': 512}
2025-11-14 16:09:09,908 seed: 0
2025-11-14 16:09:09,908 version: resnet18
2025-11-14 16:09:09,908 exp_name: experiment/classwise/model_training2025-11-14 16:09:09.871955
2025-11-14 16:09:09,908 config_path: configs/cifar10
2025-11-14 16:09:09,909 load_model: False
2025-11-14 16:09:09,909 data_parallel: False
2025-11-14 16:09:09,909 train: True
2025-11-14 16:09:09,909 save_frequency: -1
2025-11-14 16:09:09,909 train_face: False
2025-11-14 16:09:09,909 train_portion: 1.0
2025-11-14 16:09:09,909 train_batch_size: 128
2025-11-14 16:09:09,909 eval_batch_size: 256
2025-11-14 16:09:09,909 num_of_workers: 6
2025-11-14 16:09:09,909 train_data_type: PoisonCIFAR10
2025-11-14 16:09:09,909 test_data_type: CIFAR10
2025-11-14 16:09:09,909 train_data_path: ../dataset
2025-11-14 16:09:09,909 test_data_path: ../dataset
2025-11-14 16:09:09,909 perturb_type: classwise
2025-11-14 16:09:09,909 patch_location: center
2025-11-14 16:09:09,909 poison_rate: 1.0
2025-11-14 16:09:09,909 perturb_tensor_filepath: None
2025-11-14 16:09:09,909 generator_filepath: ./experiment/classwise/noise_generation/generator.pth
2025-11-14 16:09:09,909 use_generator: True
2025-11-14 16:09:09,909 gue: False
2025-11-14 16:09:09,909 filter_type: low
2025-11-14 16:09:09,909 cutoff: 0.5
2025-11-14 16:09:09,909 image_size: 32
2025-11-14 16:09:09,909 img_denoise: 90
2025-11-14 16:12:46,524 Training Dataset: Dataset PoisonCIFAR10
    Number of datapoints: 50000
    Root location: ../dataset
    Split: Train
    StandardTransform
Transform: Compose(
               RandomCrop(size=(32, 32), padding=4)
               RandomHorizontalFlip(p=0.5)
               RandomRotation(degrees=[-10.0, 10.0], interpolation=nearest, expand=False, fill=0)
               ToTensor()
           )
2025-11-14 16:12:46,533 Test Dataset: Dataset CIFAR10
    Number of datapoints: 10000
    Root location: ../dataset
    Split: Test
    StandardTransform
Transform: Compose(
               ToTensor()
           )
2025-11-14 16:12:46,617 param size = 13.682862MB
2025-11-14 16:12:46,618 
2025-11-14 16:12:46,618 ====================Training Epoch 0====================
Generator ./experiment/classwise/noise_generation/generator.pth loaded!
add_uniform_noise:  False
Poison samples: 50000/50000
Generator ./experiment/classwise/noise_generation/generator.pth loaded!
add_uniform_noise:  False
Poison samples: 50000/50000
train_dataset
2025-11-14 16:12:48,189 epoch=0	global_step=0	acc=0.1016	acc_avg=0.1016	loss=2.4291	loss_avg=2.4291	lr=0.1000	|gn|=8.0265	time=0.91it/s
2025-11-14 16:12:50,623 epoch=0	global_step=100	acc=0.2891	acc_avg=0.2437	loss=1.8792	loss_avg=2.3055	lr=0.1000	|gn|=0.9227	time=39.46it/s
2025-11-14 16:12:53,240 epoch=0	global_step=200	acc=0.5312	acc_avg=0.3273	loss=1.2315	loss_avg=1.9249	lr=0.1000	|gn|=1.4399	time=39.33it/s
2025-11-14 16:12:55,739 epoch=0	global_step=300	acc=0.7891	acc_avg=0.4637	loss=0.4965	loss_avg=1.5161	lr=0.1000	|gn|=1.4471	time=44.83it/s
2025-11-14 16:12:57,958 ====================Eval Epoch 0====================
2025-11-14 16:12:59,353 epoch=0	global_step=39	acc=0.1250	acc_avg=0.1584	acc5=0.2500	acc5_avg=0.5395	loss=13.3208	loss_avg=12.5036	time=16.22it/s
2025-11-14 16:12:59,354 Eval Loss:12.5036	Eval acc: 15.84
2025-11-14 16:12:59,354 
2025-11-14 16:12:59,354 ====================Training Epoch 1====================
2025-11-14 16:12:59,882 epoch=1	global_step=400	acc=0.9297	acc_avg=0.8828	loss=0.2270	loss_avg=0.3191	lr=0.0999	|gn|=0.7737	time=44.41it/s
2025-11-14 16:13:02,270 epoch=1	global_step=500	acc=0.8828	acc_avg=0.8989	loss=0.2861	loss_avg=0.2790	lr=0.0999	|gn|=1.3244	time=44.47it/s
2025-11-14 16:13:04,607 epoch=1	global_step=600	acc=0.9062	acc_avg=0.9041	loss=0.1961	loss_avg=0.2616	lr=0.0999	|gn|=0.9062	time=45.13it/s
2025-11-14 16:13:07,000 epoch=1	global_step=700	acc=0.9609	acc_avg=0.9105	loss=0.1321	loss_avg=0.2425	lr=0.0999	|gn|=0.6834	time=45.89it/s
2025-11-14 16:13:09,042 ====================Eval Epoch 1====================
2025-11-14 16:13:10,182 epoch=1	global_step=39	acc=0.1250	acc_avg=0.1209	acc5=0.3750	acc5_avg=0.5419	loss=13.8919	loss_avg=13.1780	time=277.66it/s
2025-11-14 16:13:10,182 Eval Loss:13.1780	Eval acc: 12.09
2025-11-14 16:13:10,182 
2025-11-14 16:13:10,182 ====================Training Epoch 2====================
2025-11-14 16:13:10,978 epoch=2	global_step=800	acc=0.8984	acc_avg=0.9408	loss=0.2737	loss_avg=0.1639	lr=0.0997	|gn|=1.0745	time=39.74it/s
2025-11-14 16:13:13,480 epoch=2	global_step=900	acc=0.9375	acc_avg=0.9392	loss=0.2059	loss_avg=0.1657	lr=0.0997	|gn|=0.6861	time=41.88it/s
2025-11-14 16:13:15,850 epoch=2	global_step=1000	acc=0.9844	acc_avg=0.9402	loss=0.0656	loss_avg=0.1616	lr=0.0997	|gn|=0.2565	time=44.28it/s
2025-11-14 16:13:18,256 epoch=2	global_step=1100	acc=0.9766	acc_avg=0.9418	loss=0.0837	loss_avg=0.1570	lr=0.0997	|gn|=0.3711	time=45.42it/s
2025-11-14 16:13:19,974 ====================Eval Epoch 2====================
2025-11-14 16:13:21,107 epoch=2	global_step=39	acc=0.0625	acc_avg=0.1108	acc5=0.3125	acc5_avg=0.5562	loss=10.8396	loss_avg=10.2166	time=276.36it/s
2025-11-14 16:13:21,108 Eval Loss:10.2166	Eval acc: 11.08
2025-11-14 16:13:21,108 
2025-11-14 16:13:21,108 ====================Training Epoch 3====================
2025-11-14 16:13:22,123 epoch=3	global_step=1200	acc=0.9688	acc_avg=0.9441	loss=0.1144	loss_avg=0.1466	lr=0.0994	|gn|=0.4562	time=39.71it/s
2025-11-14 16:13:24,505 epoch=3	global_step=1300	acc=0.9531	acc_avg=0.9486	loss=0.1239	loss_avg=0.1377	lr=0.0994	|gn|=0.7689	time=43.78it/s
2025-11-14 16:13:26,842 epoch=3	global_step=1400	acc=0.9375	acc_avg=0.9483	loss=0.1317	loss_avg=0.1393	lr=0.0994	|gn|=0.7790	time=45.99it/s
2025-11-14 16:13:29,112 epoch=3	global_step=1500	acc=0.9297	acc_avg=0.9480	loss=0.1651	loss_avg=0.1402	lr=0.0994	|gn|=0.9234	time=45.64it/s
2025-11-14 16:13:30,536 ====================Eval Epoch 3====================
2025-11-14 16:13:31,670 epoch=3	global_step=39	acc=0.0625	acc_avg=0.1225	acc5=0.3750	acc5_avg=0.5465	loss=10.8026	loss_avg=10.6111	time=274.10it/s
2025-11-14 16:13:31,671 Eval Loss:10.6111	Eval acc: 12.25
2025-11-14 16:13:31,671 
2025-11-14 16:13:31,671 ====================Training Epoch 4====================
2025-11-14 16:13:32,876 epoch=4	global_step=1600	acc=0.9844	acc_avg=0.9558	loss=0.1294	loss_avg=0.1255	lr=0.0989	|gn|=0.7019	time=46.12it/s
2025-11-14 16:13:35,263 epoch=4	global_step=1700	acc=0.9453	acc_avg=0.9538	loss=0.1593	loss_avg=0.1266	lr=0.0989	|gn|=0.7275	time=45.18it/s
2025-11-14 16:13:37,662 epoch=4	global_step=1800	acc=0.9609	acc_avg=0.9546	loss=0.1293	loss_avg=0.1250	lr=0.0989	|gn|=0.5485	time=44.06it/s
2025-11-14 16:13:40,065 epoch=4	global_step=1900	acc=0.9297	acc_avg=0.9551	loss=0.1465	loss_avg=0.1229	lr=0.0989	|gn|=0.6930	time=40.48it/s
2025-11-14 16:13:41,311 ====================Eval Epoch 4====================
2025-11-14 16:13:42,442 epoch=4	global_step=39	acc=0.0625	acc_avg=0.1231	acc5=0.4375	acc5_avg=0.5483	loss=10.2945	loss_avg=9.6403	time=279.08it/s
2025-11-14 16:13:42,442 Eval Loss:9.6403	Eval acc: 12.31
2025-11-14 16:13:42,442 
2025-11-14 16:13:42,442 ====================Training Epoch 5====================
2025-11-14 16:13:43,998 epoch=5	global_step=2000	acc=0.9688	acc_avg=0.9568	loss=0.0795	loss_avg=0.1166	lr=0.0983	|gn|=0.4669	time=46.01it/s
2025-11-14 16:13:46,367 epoch=5	global_step=2100	acc=1.0000	acc_avg=0.9570	loss=0.0366	loss_avg=0.1181	lr=0.0983	|gn|=0.2639	time=45.46it/s
2025-11-14 16:13:48,882 epoch=5	global_step=2200	acc=0.9609	acc_avg=0.9579	loss=0.0719	loss_avg=0.1160	lr=0.0983	|gn|=0.5738	time=39.54it/s
2025-11-14 16:13:51,244 epoch=5	global_step=2300	acc=0.9453	acc_avg=0.9586	loss=0.1267	loss_avg=0.1134	lr=0.0983	|gn|=0.7310	time=45.95it/s
2025-11-14 16:13:52,212 ====================Eval Epoch 5====================
2025-11-14 16:13:53,384 epoch=5	global_step=39	acc=0.0625	acc_avg=0.1546	acc5=0.3750	acc5_avg=0.5513	loss=8.4643	loss_avg=7.3856	time=273.87it/s
2025-11-14 16:13:53,384 Eval Loss:7.3856	Eval acc: 15.46
2025-11-14 16:13:53,384 
2025-11-14 16:13:53,384 ====================Training Epoch 6====================
2025-11-14 16:13:55,117 epoch=6	global_step=2400	acc=0.9609	acc_avg=0.9580	loss=0.1071	loss_avg=0.1140	lr=0.0976	|gn|=0.4451	time=44.70it/s
2025-11-14 16:13:57,501 epoch=6	global_step=2500	acc=0.9375	acc_avg=0.9579	loss=0.1207	loss_avg=0.1137	lr=0.0976	|gn|=0.6746	time=43.64it/s
2025-11-14 16:13:59,907 epoch=6	global_step=2600	acc=0.9688	acc_avg=0.9588	loss=0.0835	loss_avg=0.1112	lr=0.0976	|gn|=0.6348	time=39.84it/s
2025-11-14 16:14:02,291 epoch=6	global_step=2700	acc=0.9453	acc_avg=0.9586	loss=0.1380	loss_avg=0.1125	lr=0.0976	|gn|=0.7309	time=42.02it/s
2025-11-14 16:14:03,053 ====================Eval Epoch 6====================
2025-11-14 16:14:04,225 epoch=6	global_step=39	acc=0.1250	acc_avg=0.1354	acc5=0.4375	acc5_avg=0.5452	loss=8.5440	loss_avg=8.0237	time=274.75it/s
2025-11-14 16:14:04,225 Eval Loss:8.0237	Eval acc: 13.54
2025-11-14 16:14:04,225 
2025-11-14 16:14:04,225 ====================Training Epoch 7====================
2025-11-14 16:14:06,262 epoch=7	global_step=2800	acc=0.9219	acc_avg=0.9572	loss=0.1939	loss_avg=0.1147	lr=0.0967	|gn|=0.7684	time=41.29it/s
2025-11-14 16:14:08,755 epoch=7	global_step=2900	acc=0.9766	acc_avg=0.9590	loss=0.0857	loss_avg=0.1124	lr=0.0967	|gn|=0.5578	time=41.05it/s
2025-11-14 16:14:11,239 epoch=7	global_step=3000	acc=0.9766	acc_avg=0.9600	loss=0.0917	loss_avg=0.1096	lr=0.0967	|gn|=0.6912	time=39.46it/s
2025-11-14 16:14:13,746 epoch=7	global_step=3100	acc=0.9297	acc_avg=0.9597	loss=0.1428	loss_avg=0.1100	lr=0.0967	|gn|=0.9059	time=40.49it/s
2025-11-14 16:14:14,276 ====================Eval Epoch 7====================
2025-11-14 16:14:15,423 epoch=7	global_step=39	acc=0.0625	acc_avg=0.1347	acc5=0.3750	acc5_avg=0.5470	loss=7.9420	loss_avg=7.0866	time=269.66it/s
2025-11-14 16:14:15,423 Eval Loss:7.0866	Eval acc: 13.47
2025-11-14 16:14:15,424 
2025-11-14 16:14:15,424 ====================Training Epoch 8====================
2025-11-14 16:14:17,747 epoch=8	global_step=3200	acc=0.9609	acc_avg=0.9625	loss=0.1063	loss_avg=0.1073	lr=0.0957	|gn|=0.8589	time=45.12it/s
2025-11-14 16:14:20,188 epoch=8	global_step=3300	acc=0.9609	acc_avg=0.9594	loss=0.0946	loss_avg=0.1131	lr=0.0957	|gn|=0.6361	time=41.01it/s
2025-11-14 16:14:22,732 epoch=8	global_step=3400	acc=0.9844	acc_avg=0.9591	loss=0.0756	loss_avg=0.1147	lr=0.0957	|gn|=0.4660	time=39.42it/s
2025-11-14 16:14:25,273 epoch=8	global_step=3500	acc=0.9453	acc_avg=0.9594	loss=0.1557	loss_avg=0.1139	lr=0.0957	|gn|=0.7938	time=41.14it/s
2025-11-14 16:14:25,556 ====================Eval Epoch 8====================
2025-11-14 16:14:26,693 epoch=8	global_step=39	acc=0.0625	acc_avg=0.1149	acc5=0.5625	acc5_avg=0.5463	loss=8.5688	loss_avg=8.5166	time=278.73it/s
2025-11-14 16:14:26,693 Eval Loss:8.5166	Eval acc: 11.49
2025-11-14 16:14:26,694 
2025-11-14 16:14:26,694 ====================Training Epoch 9====================
2025-11-14 16:14:29,165 epoch=9	global_step=3600	acc=0.9766	acc_avg=0.9620	loss=0.1062	loss_avg=0.1050	lr=0.0946	|gn|=0.8017	time=42.46it/s
2025-11-14 16:14:31,577 epoch=9	global_step=3700	acc=0.9609	acc_avg=0.9621	loss=0.0929	loss_avg=0.1057	lr=0.0946	|gn|=0.7398	time=45.51it/s
2025-11-14 16:14:33,853 epoch=9	global_step=3800	acc=0.9688	acc_avg=0.9621	loss=0.0859	loss_avg=0.1051	lr=0.0946	|gn|=0.7324	time=45.17it/s
2025-11-14 16:14:36,269 ====================Eval Epoch 9====================
2025-11-14 16:14:37,437 epoch=9	global_step=39	acc=0.0625	acc_avg=0.1365	acc5=0.3750	acc5_avg=0.5524	loss=8.3063	loss_avg=7.6272	time=268.16it/s
2025-11-14 16:14:37,438 Eval Loss:7.6272	Eval acc: 13.65
2025-11-14 16:14:37,438 
2025-11-14 16:14:37,438 ====================Training Epoch 10====================
2025-11-14 16:14:37,724 epoch=10	global_step=3900	acc=0.9609	acc_avg=0.9609	loss=0.1076	loss_avg=0.1076	lr=0.0933	|gn|=0.8739	time=33.35it/s
2025-11-14 16:14:40,153 epoch=10	global_step=4000	acc=0.9766	acc_avg=0.9597	loss=0.0646	loss_avg=0.1100	lr=0.0933	|gn|=0.5122	time=46.03it/s
2025-11-14 16:14:42,697 epoch=10	global_step=4100	acc=0.9609	acc_avg=0.9598	loss=0.1226	loss_avg=0.1129	lr=0.0933	|gn|=0.6794	time=43.48it/s
2025-11-14 16:14:45,244 epoch=10	global_step=4200	acc=0.9688	acc_avg=0.9606	loss=0.1210	loss_avg=0.1107	lr=0.0933	|gn|=0.8160	time=45.85it/s
2025-11-14 16:14:47,592 ====================Eval Epoch 10====================
2025-11-14 16:14:48,723 epoch=10	global_step=39	acc=0.0625	acc_avg=0.1091	acc5=0.3125	acc5_avg=0.5344	loss=10.4373	loss_avg=9.9907	time=277.95it/s
2025-11-14 16:14:48,723 Eval Loss:9.9907	Eval acc: 10.91
2025-11-14 16:14:48,724 
2025-11-14 16:14:48,724 ====================Training Epoch 11====================
2025-11-14 16:14:49,239 epoch=11	global_step=4300	acc=0.9531	acc_avg=0.9545	loss=0.1429	loss_avg=0.1183	lr=0.0919	|gn|=0.7705	time=44.76it/s
2025-11-14 16:14:51,564 epoch=11	global_step=4400	acc=0.9531	acc_avg=0.9619	loss=0.1628	loss_avg=0.1034	lr=0.0919	|gn|=0.9543	time=43.92it/s
2025-11-14 16:14:53,955 epoch=11	global_step=4500	acc=0.9141	acc_avg=0.9617	loss=0.2653	loss_avg=0.1045	lr=0.0919	|gn|=1.2560	time=45.29it/s
2025-11-14 16:14:56,345 epoch=11	global_step=4600	acc=0.9688	acc_avg=0.9609	loss=0.1125	loss_avg=0.1061	lr=0.0919	|gn|=0.7305	time=44.94it/s
2025-11-14 16:14:58,312 ====================Eval Epoch 11====================
2025-11-14 16:14:59,475 epoch=11	global_step=39	acc=0.0625	acc_avg=0.1146	acc5=0.3750	acc5_avg=0.5579	loss=9.4841	loss_avg=8.6547	time=277.29it/s
2025-11-14 16:14:59,475 Eval Loss:8.6547	Eval acc: 11.46
2025-11-14 16:14:59,476 
2025-11-14 16:14:59,476 ====================Training Epoch 12====================
2025-11-14 16:15:00,252 epoch=12	global_step=4700	acc=0.9766	acc_avg=0.9691	loss=0.0609	loss_avg=0.0853	lr=0.0905	|gn|=0.4746	time=42.66it/s
2025-11-14 16:15:02,662 epoch=12	global_step=4800	acc=0.9453	acc_avg=0.9653	loss=0.1084	loss_avg=0.0966	lr=0.0905	|gn|=0.5748	time=46.04it/s
2025-11-14 16:15:04,916 epoch=12	global_step=4900	acc=0.9844	acc_avg=0.9640	loss=0.0746	loss_avg=0.0991	lr=0.0905	|gn|=0.5487	time=45.33it/s
2025-11-14 16:15:07,214 epoch=12	global_step=5000	acc=0.9609	acc_avg=0.9644	loss=0.0969	loss_avg=0.0983	lr=0.0905	|gn|=0.7157	time=37.95it/s
2025-11-14 16:15:08,924 ====================Eval Epoch 12====================
2025-11-14 16:15:10,064 epoch=12	global_step=39	acc=0.0625	acc_avg=0.1150	acc5=0.4375	acc5_avg=0.5524	loss=9.8091	loss_avg=9.2240	time=274.21it/s
2025-11-14 16:15:10,064 Eval Loss:9.2240	Eval acc: 11.50
2025-11-14 16:15:10,065 
2025-11-14 16:15:10,065 ====================Training Epoch 13====================
2025-11-14 16:15:11,070 epoch=13	global_step=5100	acc=0.9531	acc_avg=0.9655	loss=0.1538	loss_avg=0.0933	lr=0.0889	|gn|=0.9432	time=37.36it/s
2025-11-14 16:15:13,510 epoch=13	global_step=5200	acc=0.9609	acc_avg=0.9645	loss=0.1836	loss_avg=0.0996	lr=0.0889	|gn|=0.9811	time=45.00it/s
2025-11-14 16:15:15,802 epoch=13	global_step=5300	acc=0.9688	acc_avg=0.9633	loss=0.1139	loss_avg=0.1021	lr=0.0889	|gn|=0.7510	time=45.96it/s
2025-11-14 16:15:18,085 epoch=13	global_step=5400	acc=0.9688	acc_avg=0.9629	loss=0.0837	loss_avg=0.1036	lr=0.0889	|gn|=0.4785	time=41.86it/s
2025-11-14 16:15:19,520 ====================Eval Epoch 13====================
2025-11-14 16:15:20,667 epoch=13	global_step=39	acc=0.1250	acc_avg=0.1244	acc5=0.3750	acc5_avg=0.5453	loss=7.8659	loss_avg=7.4427	time=277.93it/s
2025-11-14 16:15:20,667 Eval Loss:7.4427	Eval acc: 12.44
2025-11-14 16:15:20,667 
2025-11-14 16:15:20,667 ====================Training Epoch 14====================
2025-11-14 16:15:21,894 epoch=14	global_step=5500	acc=0.9609	acc_avg=0.9607	loss=0.0707	loss_avg=0.1030	lr=0.0872	|gn|=0.5492	time=44.15it/s
2025-11-14 16:15:24,278 epoch=14	global_step=5600	acc=0.9688	acc_avg=0.9636	loss=0.0745	loss_avg=0.0985	lr=0.0872	|gn|=0.5616	time=44.69it/s
2025-11-14 16:15:26,711 epoch=14	global_step=5700	acc=0.9531	acc_avg=0.9639	loss=0.0822	loss_avg=0.0996	lr=0.0872	|gn|=0.4593	time=39.84it/s
2025-11-14 16:15:29,117 epoch=14	global_step=5800	acc=0.9844	acc_avg=0.9642	loss=0.0472	loss_avg=0.0990	lr=0.0872	|gn|=0.3710	time=43.49it/s
2025-11-14 16:15:30,357 ====================Eval Epoch 14====================
2025-11-14 16:15:31,527 epoch=14	global_step=39	acc=0.0625	acc_avg=0.1079	acc5=0.4375	acc5_avg=0.5401	loss=9.4511	loss_avg=8.8489	time=274.98it/s
2025-11-14 16:15:31,528 Eval Loss:8.8489	Eval acc: 10.79
2025-11-14 16:15:31,528 
2025-11-14 16:15:31,528 ====================Training Epoch 15====================
2025-11-14 16:15:33,052 epoch=15	global_step=5900	acc=0.9766	acc_avg=0.9710	loss=0.0477	loss_avg=0.0783	lr=0.0854	|gn|=0.4625	time=40.22it/s
2025-11-14 16:15:35,420 epoch=15	global_step=6000	acc=0.9766	acc_avg=0.9657	loss=0.0804	loss_avg=0.0940	lr=0.0854	|gn|=0.5559	time=45.05it/s
2025-11-14 16:15:37,735 epoch=15	global_step=6100	acc=0.9766	acc_avg=0.9641	loss=0.0792	loss_avg=0.0985	lr=0.0854	|gn|=0.4896	time=44.57it/s
2025-11-14 16:15:40,132 epoch=15	global_step=6200	acc=0.9766	acc_avg=0.9638	loss=0.0738	loss_avg=0.0995	lr=0.0854	|gn|=0.8284	time=44.91it/s
2025-11-14 16:15:41,142 ====================Eval Epoch 15====================
2025-11-14 16:15:42,284 epoch=15	global_step=39	acc=0.0625	acc_avg=0.1146	acc5=0.4375	acc5_avg=0.5787	loss=8.6654	loss_avg=8.0961	time=278.49it/s
2025-11-14 16:15:42,285 Eval Loss:8.0961	Eval acc: 11.46
2025-11-14 16:15:42,285 
2025-11-14 16:15:42,285 ====================Training Epoch 16====================
2025-11-14 16:15:44,131 epoch=16	global_step=6300	acc=0.9688	acc_avg=0.9682	loss=0.0618	loss_avg=0.0896	lr=0.0835	|gn|=0.6449	time=45.48it/s
2025-11-14 16:15:46,575 epoch=16	global_step=6400	acc=0.9844	acc_avg=0.9669	loss=0.0571	loss_avg=0.0934	lr=0.0835	|gn|=0.5760	time=45.44it/s
2025-11-14 16:15:48,995 epoch=16	global_step=6500	acc=0.9453	acc_avg=0.9661	loss=0.1430	loss_avg=0.0944	lr=0.0835	|gn|=0.7729	time=40.04it/s
2025-11-14 16:15:51,524 epoch=16	global_step=6600	acc=0.9688	acc_avg=0.9665	loss=0.1040	loss_avg=0.0929	lr=0.0835	|gn|=0.6630	time=38.86it/s
2025-11-14 16:15:52,329 ====================Eval Epoch 16====================
2025-11-14 16:15:53,505 epoch=16	global_step=39	acc=0.0625	acc_avg=0.1068	acc5=0.3750	acc5_avg=0.5460	loss=9.8427	loss_avg=9.2777	time=276.72it/s
2025-11-14 16:15:53,505 Eval Loss:9.2777	Eval acc: 10.68
2025-11-14 16:15:53,506 
2025-11-14 16:15:53,506 ====================Training Epoch 17====================
2025-11-14 16:15:55,527 epoch=17	global_step=6700	acc=0.9531	acc_avg=0.9708	loss=0.1075	loss_avg=0.0838	lr=0.0815	|gn|=0.6774	time=39.27it/s
2025-11-14 16:15:58,080 epoch=17	global_step=6800	acc=0.9688	acc_avg=0.9672	loss=0.0873	loss_avg=0.0921	lr=0.0815	|gn|=0.7276	time=39.94it/s
2025-11-14 16:16:00,640 epoch=17	global_step=6900	acc=0.9375	acc_avg=0.9656	loss=0.1808	loss_avg=0.0962	lr=0.0815	|gn|=1.0329	time=38.41it/s
2025-11-14 16:16:03,215 epoch=17	global_step=7000	acc=0.9688	acc_avg=0.9657	loss=0.1003	loss_avg=0.0957	lr=0.0815	|gn|=0.7934	time=40.74it/s
2025-11-14 16:16:03,743 ====================Eval Epoch 17====================
2025-11-14 16:16:04,869 epoch=17	global_step=39	acc=0.0625	acc_avg=0.1159	acc5=0.4375	acc5_avg=0.5612	loss=7.4450	loss_avg=6.8483	time=277.40it/s
2025-11-14 16:16:04,870 Eval Loss:6.8483	Eval acc: 11.59
2025-11-14 16:16:04,870 
2025-11-14 16:16:04,870 ====================Training Epoch 18====================
2025-11-14 16:16:07,058 epoch=18	global_step=7100	acc=0.9844	acc_avg=0.9693	loss=0.0566	loss_avg=0.0864	lr=0.0794	|gn|=0.6756	time=40.25it/s
2025-11-14 16:16:09,423 epoch=18	global_step=7200	acc=0.9766	acc_avg=0.9694	loss=0.0694	loss_avg=0.0856	lr=0.0794	|gn|=0.5081	time=46.03it/s
2025-11-14 16:16:11,803 epoch=18	global_step=7300	acc=0.9297	acc_avg=0.9678	loss=0.1527	loss_avg=0.0897	lr=0.0794	|gn|=1.0364	time=39.14it/s
2025-11-14 16:16:14,204 epoch=18	global_step=7400	acc=0.9609	acc_avg=0.9681	loss=0.0715	loss_avg=0.0890	lr=0.0794	|gn|=0.6073	time=41.39it/s
2025-11-14 16:16:14,485 ====================Eval Epoch 18====================
2025-11-14 16:16:15,630 epoch=18	global_step=39	acc=0.0625	acc_avg=0.1083	acc5=0.3750	acc5_avg=0.5329	loss=8.7284	loss_avg=8.9287	time=273.80it/s
2025-11-14 16:16:15,630 Eval Loss:8.9287	Eval acc: 10.83
2025-11-14 16:16:15,630 
2025-11-14 16:16:15,631 ====================Training Epoch 19====================
2025-11-14 16:16:18,133 epoch=19	global_step=7500	acc=0.9766	acc_avg=0.9687	loss=0.0932	loss_avg=0.0896	lr=0.0772	|gn|=0.5896	time=40.84it/s
2025-11-14 16:16:20,538 epoch=19	global_step=7600	acc=0.9844	acc_avg=0.9665	loss=0.0649	loss_avg=0.0932	lr=0.0772	|gn|=0.6652	time=40.18it/s
2025-11-14 16:16:23,133 epoch=19	global_step=7700	acc=0.9688	acc_avg=0.9672	loss=0.1710	loss_avg=0.0935	lr=0.0772	|gn|=0.9917	time=38.19it/s
2025-11-14 16:16:25,686 ====================Eval Epoch 19====================
2025-11-14 16:16:26,843 epoch=19	global_step=39	acc=0.0625	acc_avg=0.1070	acc5=0.3750	acc5_avg=0.5403	loss=9.1194	loss_avg=8.4385	time=279.94it/s
2025-11-14 16:16:26,843 Eval Loss:8.4385	Eval acc: 10.70
2025-11-14 16:16:26,843 
2025-11-14 16:16:26,843 ====================Training Epoch 20====================
2025-11-14 16:16:27,118 epoch=20	global_step=7800	acc=0.9688	acc_avg=0.9688	loss=0.0703	loss_avg=0.0703	lr=0.0750	|gn|=0.7724	time=37.61it/s
2025-11-14 16:16:29,698 epoch=20	global_step=7900	acc=1.0000	acc_avg=0.9649	loss=0.0323	loss_avg=0.0985	lr=0.0750	|gn|=0.3644	time=43.71it/s
2025-11-14 16:16:32,302 epoch=20	global_step=8000	acc=0.9922	acc_avg=0.9662	loss=0.0391	loss_avg=0.0938	lr=0.0750	|gn|=0.4868	time=40.42it/s
2025-11-14 16:16:34,863 epoch=20	global_step=8100	acc=0.9766	acc_avg=0.9672	loss=0.0806	loss_avg=0.0902	lr=0.0750	|gn|=0.7612	time=39.43it/s
2025-11-14 16:16:37,258 ====================Eval Epoch 20====================
2025-11-14 16:16:38,399 epoch=20	global_step=39	acc=0.0625	acc_avg=0.1121	acc5=0.3125	acc5_avg=0.5617	loss=9.3887	loss_avg=8.7807	time=277.49it/s
2025-11-14 16:16:38,399 Eval Loss:8.7807	Eval acc: 11.21
2025-11-14 16:16:38,399 
2025-11-14 16:16:38,399 ====================Training Epoch 21====================
2025-11-14 16:16:38,930 epoch=21	global_step=8200	acc=0.9844	acc_avg=0.9723	loss=0.0547	loss_avg=0.0860	lr=0.0727	|gn|=0.6258	time=40.56it/s
2025-11-14 16:16:41,435 epoch=21	global_step=8300	acc=0.9375	acc_avg=0.9700	loss=0.2042	loss_avg=0.0827	lr=0.0727	|gn|=0.8600	time=45.10it/s
2025-11-14 16:16:43,815 epoch=21	global_step=8400	acc=0.9844	acc_avg=0.9687	loss=0.0500	loss_avg=0.0868	lr=0.0727	|gn|=0.5136	time=44.82it/s
2025-11-14 16:16:46,141 epoch=21	global_step=8500	acc=0.9688	acc_avg=0.9690	loss=0.0769	loss_avg=0.0845	lr=0.0727	|gn|=1.2474	time=43.96it/s
2025-11-14 16:16:48,063 ====================Eval Epoch 21====================
2025-11-14 16:16:49,203 epoch=21	global_step=39	acc=0.1250	acc_avg=0.1320	acc5=0.5000	acc5_avg=0.5504	loss=7.4206	loss_avg=7.3461	time=275.02it/s
2025-11-14 16:16:49,204 Eval Loss:7.3461	Eval acc: 13.20
2025-11-14 16:16:49,204 
2025-11-14 16:16:49,204 ====================Training Epoch 22====================
2025-11-14 16:16:49,958 epoch=22	global_step=8600	acc=0.9766	acc_avg=0.9621	loss=0.1017	loss_avg=0.1044	lr=0.0703	|gn|=0.7837	time=44.17it/s
2025-11-14 16:16:52,323 epoch=22	global_step=8700	acc=0.9844	acc_avg=0.9682	loss=0.0564	loss_avg=0.0869	lr=0.0703	|gn|=0.6809	time=40.85it/s
2025-11-14 16:16:54,682 epoch=22	global_step=8800	acc=0.9688	acc_avg=0.9691	loss=0.0956	loss_avg=0.0851	lr=0.0703	|gn|=0.6950	time=42.23it/s
2025-11-14 16:16:57,000 epoch=22	global_step=8900	acc=0.9844	acc_avg=0.9698	loss=0.0876	loss_avg=0.0848	lr=0.0703	|gn|=0.6097	time=45.94it/s
2025-11-14 16:16:58,698 ====================Eval Epoch 22====================
2025-11-14 16:16:59,842 epoch=22	global_step=39	acc=0.0625	acc_avg=0.1137	acc5=0.3750	acc5_avg=0.5544	loss=9.4014	loss_avg=9.1126	time=277.73it/s
2025-11-14 16:16:59,842 Eval Loss:9.1126	Eval acc: 11.37
2025-11-14 16:16:59,843 
2025-11-14 16:16:59,843 ====================Training Epoch 23====================
2025-11-14 16:17:00,892 epoch=23	global_step=9000	acc=0.9609	acc_avg=0.9708	loss=0.0879	loss_avg=0.0918	lr=0.0679	|gn|=0.4646	time=37.91it/s
2025-11-14 16:17:03,552 epoch=23	global_step=9100	acc=0.9766	acc_avg=0.9715	loss=0.0970	loss_avg=0.0824	lr=0.0679	|gn|=0.6461	time=38.67it/s
2025-11-14 16:17:06,055 epoch=23	global_step=9200	acc=0.9922	acc_avg=0.9722	loss=0.0342	loss_avg=0.0808	lr=0.0679	|gn|=0.5184	time=44.01it/s
2025-11-14 16:17:08,355 epoch=23	global_step=9300	acc=0.9766	acc_avg=0.9713	loss=0.0813	loss_avg=0.0825	lr=0.0679	|gn|=0.6750	time=46.09it/s
2025-11-14 16:17:09,799 ====================Eval Epoch 23====================
2025-11-14 16:17:10,934 epoch=23	global_step=39	acc=0.0625	acc_avg=0.1300	acc5=0.3750	acc5_avg=0.5717	loss=8.6310	loss_avg=7.8949	time=277.93it/s
2025-11-14 16:17:10,934 Eval Loss:7.8949	Eval acc: 13.00
2025-11-14 16:17:10,935 
2025-11-14 16:17:10,935 ====================Training Epoch 24====================
2025-11-14 16:17:12,177 epoch=24	global_step=9400	acc=0.9609	acc_avg=0.9726	loss=0.0837	loss_avg=0.0759	lr=0.0655	|gn|=0.7090	time=43.07it/s
2025-11-14 16:17:14,660 epoch=24	global_step=9500	acc=0.9844	acc_avg=0.9720	loss=0.0446	loss_avg=0.0776	lr=0.0655	|gn|=0.8063	time=40.18it/s
2025-11-14 16:17:17,122 epoch=24	global_step=9600	acc=0.9688	acc_avg=0.9719	loss=0.1040	loss_avg=0.0789	lr=0.0655	|gn|=0.8474	time=46.04it/s
2025-11-14 16:17:19,388 epoch=24	global_step=9700	acc=0.9844	acc_avg=0.9714	loss=0.0368	loss_avg=0.0793	lr=0.0655	|gn|=0.7209	time=45.83it/s
2025-11-14 16:17:20,612 ====================Eval Epoch 24====================
2025-11-14 16:17:21,768 epoch=24	global_step=39	acc=0.0625	acc_avg=0.1250	acc5=0.4375	acc5_avg=0.5461	loss=8.3242	loss_avg=8.0071	time=274.53it/s
2025-11-14 16:17:21,768 Eval Loss:8.0071	Eval acc: 12.50
2025-11-14 16:17:21,768 
2025-11-14 16:17:21,768 ====================Training Epoch 25====================
2025-11-14 16:17:23,190 epoch=25	global_step=9800	acc=0.9531	acc_avg=0.9727	loss=0.1019	loss_avg=0.0759	lr=0.0629	|gn|=1.0190	time=45.86it/s
2025-11-14 16:17:25,560 epoch=25	global_step=9900	acc=0.9922	acc_avg=0.9705	loss=0.0329	loss_avg=0.0789	lr=0.0629	|gn|=0.5286	time=39.20it/s
2025-11-14 16:17:27,967 epoch=25	global_step=10000	acc=0.9766	acc_avg=0.9715	loss=0.0514	loss_avg=0.0772	lr=0.0629	|gn|=0.6469	time=44.28it/s
2025-11-14 16:17:30,300 epoch=25	global_step=10100	acc=0.9609	acc_avg=0.9705	loss=0.1023	loss_avg=0.0799	lr=0.0629	|gn|=0.7490	time=45.37it/s
2025-11-14 16:17:31,309 ====================Eval Epoch 25====================
2025-11-14 16:17:32,469 epoch=25	global_step=39	acc=0.0625	acc_avg=0.1071	acc5=0.3750	acc5_avg=0.5430	loss=10.2945	loss_avg=9.6234	time=275.60it/s
2025-11-14 16:17:32,469 Eval Loss:9.6234	Eval acc: 10.71
2025-11-14 16:17:32,469 
2025-11-14 16:17:32,469 ====================Training Epoch 26====================
2025-11-14 16:17:34,188 epoch=26	global_step=10200	acc=0.9609	acc_avg=0.9702	loss=0.1119	loss_avg=0.0770	lr=0.0604	|gn|=1.0028	time=43.18it/s
2025-11-14 16:17:36,570 epoch=26	global_step=10300	acc=0.9766	acc_avg=0.9703	loss=0.0971	loss_avg=0.0793	lr=0.0604	|gn|=0.9785	time=44.86it/s
2025-11-14 16:17:38,958 epoch=26	global_step=10400	acc=0.9453	acc_avg=0.9713	loss=0.1606	loss_avg=0.0796	lr=0.0604	|gn|=0.9803	time=46.23it/s
2025-11-14 16:17:41,345 epoch=26	global_step=10500	acc=0.9766	acc_avg=0.9714	loss=0.0903	loss_avg=0.0785	lr=0.0604	|gn|=0.9774	time=43.91it/s
2025-11-14 16:17:42,119 ====================Eval Epoch 26====================
2025-11-14 16:17:43,263 epoch=26	global_step=39	acc=0.0625	acc_avg=0.1145	acc5=0.3750	acc5_avg=0.5435	loss=8.4966	loss_avg=7.8670	time=276.82it/s
2025-11-14 16:17:43,264 Eval Loss:7.8670	Eval acc: 11.45
2025-11-14 16:17:43,264 
2025-11-14 16:17:43,264 ====================Training Epoch 27====================
2025-11-14 16:17:45,287 epoch=27	global_step=10600	acc=0.9688	acc_avg=0.9751	loss=0.0817	loss_avg=0.0708	lr=0.0578	|gn|=0.7198	time=45.37it/s
2025-11-14 16:17:47,644 epoch=27	global_step=10700	acc=0.9609	acc_avg=0.9710	loss=0.0903	loss_avg=0.0800	lr=0.0578	|gn|=0.9306	time=45.89it/s
2025-11-14 16:17:49,996 epoch=27	global_step=10800	acc=0.9766	acc_avg=0.9710	loss=0.0532	loss_avg=0.0798	lr=0.0578	|gn|=0.8517	time=44.26it/s
2025-11-14 16:17:52,369 epoch=27	global_step=10900	acc=0.9609	acc_avg=0.9710	loss=0.0693	loss_avg=0.0789	lr=0.0578	|gn|=0.4393	time=44.82it/s
2025-11-14 16:17:52,885 ====================Eval Epoch 27====================
2025-11-14 16:17:54,019 epoch=27	global_step=39	acc=0.0625	acc_avg=0.1102	acc5=0.3750	acc5_avg=0.5504	loss=10.0893	loss_avg=9.3438	time=276.89it/s
2025-11-14 16:17:54,019 Eval Loss:9.3438	Eval acc: 11.02
2025-11-14 16:17:54,019 
2025-11-14 16:17:54,019 ====================Training Epoch 28====================
2025-11-14 16:17:56,330 epoch=28	global_step=11000	acc=0.9844	acc_avg=0.9750	loss=0.0735	loss_avg=0.0662	lr=0.0552	|gn|=0.7249	time=41.10it/s
2025-11-14 16:17:58,708 epoch=28	global_step=11100	acc=0.9922	acc_avg=0.9724	loss=0.0372	loss_avg=0.0757	lr=0.0552	|gn|=0.4674	time=46.01it/s
2025-11-14 16:18:01,037 epoch=28	global_step=11200	acc=0.9609	acc_avg=0.9734	loss=0.0839	loss_avg=0.0745	lr=0.0552	|gn|=0.8161	time=45.88it/s
2025-11-14 16:18:03,369 epoch=28	global_step=11300	acc=0.9766	acc_avg=0.9735	loss=0.0602	loss_avg=0.0744	lr=0.0552	|gn|=0.6461	time=41.40it/s
2025-11-14 16:18:03,635 ====================Eval Epoch 28====================
2025-11-14 16:18:04,776 epoch=28	global_step=39	acc=0.0625	acc_avg=0.1127	acc5=0.3750	acc5_avg=0.5580	loss=8.8008	loss_avg=8.2139	time=275.71it/s
2025-11-14 16:18:04,776 Eval Loss:8.2139	Eval acc: 11.27
2025-11-14 16:18:04,776 
2025-11-14 16:18:04,776 ====================Training Epoch 29====================
2025-11-14 16:18:07,312 epoch=29	global_step=11400	acc=0.9609	acc_avg=0.9732	loss=0.1028	loss_avg=0.0741	lr=0.0526	|gn|=0.9894	time=40.25it/s
2025-11-14 16:18:09,726 epoch=29	global_step=11500	acc=0.9609	acc_avg=0.9746	loss=0.0739	loss_avg=0.0702	lr=0.0526	|gn|=0.9101	time=46.19it/s
2025-11-14 16:18:12,109 epoch=29	global_step=11600	acc=0.9688	acc_avg=0.9740	loss=0.0615	loss_avg=0.0705	lr=0.0526	|gn|=0.6559	time=40.90it/s
2025-11-14 16:18:14,675 ====================Eval Epoch 29====================
2025-11-14 16:18:15,812 epoch=29	global_step=39	acc=0.0625	acc_avg=0.1109	acc5=0.3125	acc5_avg=0.5582	loss=9.8315	loss_avg=8.9256	time=279.01it/s
2025-11-14 16:18:15,812 Eval Loss:8.9256	Eval acc: 11.09
2025-11-14 16:18:15,812 
2025-11-14 16:18:15,813 ====================Training Epoch 30====================
2025-11-14 16:18:16,095 epoch=30	global_step=11700	acc=1.0000	acc_avg=1.0000	loss=0.0165	loss_avg=0.0165	lr=0.0500	|gn|=0.2164	time=26.85it/s
2025-11-14 16:18:18,600 epoch=30	global_step=11800	acc=0.9766	acc_avg=0.9774	loss=0.0673	loss_avg=0.0629	lr=0.0500	|gn|=0.5827	time=45.77it/s
2025-11-14 16:18:20,997 epoch=30	global_step=11900	acc=0.9766	acc_avg=0.9771	loss=0.0902	loss_avg=0.0636	lr=0.0500	|gn|=0.6035	time=38.44it/s
2025-11-14 16:18:23,642 epoch=30	global_step=12000	acc=0.9609	acc_avg=0.9768	loss=0.0706	loss_avg=0.0646	lr=0.0500	|gn|=1.0703	time=39.36it/s
2025-11-14 16:18:26,011 ====================Eval Epoch 30====================
2025-11-14 16:18:27,164 epoch=30	global_step=39	acc=0.0625	acc_avg=0.1068	acc5=0.3125	acc5_avg=0.5582	loss=9.6703	loss_avg=8.8544	time=275.38it/s
2025-11-14 16:18:27,164 Eval Loss:8.8544	Eval acc: 10.68
2025-11-14 16:18:27,165 
2025-11-14 16:18:27,165 ====================Training Epoch 31====================
2025-11-14 16:18:27,692 epoch=31	global_step=12100	acc=0.9844	acc_avg=0.9851	loss=0.0560	loss_avg=0.0417	lr=0.0474	|gn|=0.3573	time=38.80it/s
2025-11-14 16:18:30,243 epoch=31	global_step=12200	acc=0.9922	acc_avg=0.9751	loss=0.0323	loss_avg=0.0659	lr=0.0474	|gn|=0.3421	time=44.65it/s
2025-11-14 16:18:32,617 epoch=31	global_step=12300	acc=0.9766	acc_avg=0.9754	loss=0.0734	loss_avg=0.0665	lr=0.0474	|gn|=0.7933	time=44.46it/s
2025-11-14 16:18:34,941 epoch=31	global_step=12400	acc=0.9922	acc_avg=0.9764	loss=0.0220	loss_avg=0.0646	lr=0.0474	|gn|=0.3600	time=46.09it/s
2025-11-14 16:18:36,903 ====================Eval Epoch 31====================
2025-11-14 16:18:38,048 epoch=31	global_step=39	acc=0.0625	acc_avg=0.1078	acc5=0.3750	acc5_avg=0.5443	loss=9.0299	loss_avg=8.1383	time=279.83it/s
2025-11-14 16:18:38,048 Eval Loss:8.1383	Eval acc: 10.78
2025-11-14 16:18:38,049 
2025-11-14 16:18:38,049 ====================Training Epoch 32====================
2025-11-14 16:18:38,813 epoch=32	global_step=12500	acc=0.9609	acc_avg=0.9810	loss=0.1076	loss_avg=0.0546	lr=0.0448	|gn|=0.8178	time=42.54it/s
2025-11-14 16:18:41,308 epoch=32	global_step=12600	acc=0.9844	acc_avg=0.9776	loss=0.0342	loss_avg=0.0612	lr=0.0448	|gn|=0.3092	time=42.74it/s
2025-11-14 16:18:43,846 epoch=32	global_step=12700	acc=0.9609	acc_avg=0.9776	loss=0.0697	loss_avg=0.0635	lr=0.0448	|gn|=1.0168	time=44.89it/s
2025-11-14 16:18:46,183 epoch=32	global_step=12800	acc=0.9844	acc_avg=0.9770	loss=0.0481	loss_avg=0.0646	lr=0.0448	|gn|=0.7162	time=46.08it/s
2025-11-14 16:18:47,865 ====================Eval Epoch 32====================
2025-11-14 16:18:49,018 epoch=32	global_step=39	acc=0.0625	acc_avg=0.1053	acc5=0.3750	acc5_avg=0.5387	loss=9.2006	loss_avg=8.6554	time=269.07it/s
2025-11-14 16:18:49,019 Eval Loss:8.6554	Eval acc: 10.53
2025-11-14 16:18:49,019 
2025-11-14 16:18:49,019 ====================Training Epoch 33====================
2025-11-14 16:18:50,078 epoch=33	global_step=12900	acc=0.9688	acc_avg=0.9768	loss=0.1213	loss_avg=0.0612	lr=0.0422	|gn|=1.1150	time=39.48it/s
2025-11-14 16:18:52,598 epoch=33	global_step=13000	acc=0.9766	acc_avg=0.9787	loss=0.0471	loss_avg=0.0580	lr=0.0422	|gn|=0.5817	time=40.39it/s
2025-11-14 16:18:55,201 epoch=33	global_step=13100	acc=0.9766	acc_avg=0.9777	loss=0.0496	loss_avg=0.0604	lr=0.0422	|gn|=0.8830	time=39.52it/s
2025-11-14 16:18:57,812 epoch=33	global_step=13200	acc=1.0000	acc_avg=0.9774	loss=0.0129	loss_avg=0.0621	lr=0.0422	|gn|=0.4984	time=39.60it/s
2025-11-14 16:18:59,418 ====================Eval Epoch 33====================
2025-11-14 16:19:00,569 epoch=33	global_step=39	acc=0.0625	acc_avg=0.1259	acc5=0.5000	acc5_avg=0.5519	loss=7.1502	loss_avg=6.9454	time=278.95it/s
2025-11-14 16:19:00,569 Eval Loss:6.9454	Eval acc: 12.59
2025-11-14 16:19:00,569 
2025-11-14 16:19:00,569 ====================Training Epoch 34====================
2025-11-14 16:19:01,777 epoch=34	global_step=13300	acc=0.9844	acc_avg=0.9773	loss=0.0375	loss_avg=0.0620	lr=0.0396	|gn|=0.5315	time=45.42it/s
2025-11-14 16:19:04,345 epoch=34	global_step=13400	acc=0.9844	acc_avg=0.9794	loss=0.0385	loss_avg=0.0577	lr=0.0396	|gn|=0.8322	time=39.47it/s
2025-11-14 16:19:06,971 epoch=34	global_step=13500	acc=0.9531	acc_avg=0.9786	loss=0.0874	loss_avg=0.0601	lr=0.0396	|gn|=1.0262	time=38.88it/s
2025-11-14 16:19:09,573 epoch=34	global_step=13600	acc=0.9453	acc_avg=0.9778	loss=0.1483	loss_avg=0.0616	lr=0.0396	|gn|=1.2645	time=39.62it/s
2025-11-14 16:19:10,905 ====================Eval Epoch 34====================
2025-11-14 16:19:12,035 epoch=34	global_step=39	acc=0.0625	acc_avg=0.1034	acc5=0.3750	acc5_avg=0.5623	loss=9.1960	loss_avg=8.9696	time=278.52it/s
2025-11-14 16:19:12,035 Eval Loss:8.9696	Eval acc: 10.34
2025-11-14 16:19:12,035 
2025-11-14 16:19:12,035 ====================Training Epoch 35====================
2025-11-14 16:19:13,485 epoch=35	global_step=13700	acc=0.9844	acc_avg=0.9807	loss=0.0550	loss_avg=0.0563	lr=0.0371	|gn|=0.5692	time=45.15it/s
2025-11-14 16:19:15,816 epoch=35	global_step=13800	acc=0.9688	acc_avg=0.9806	loss=0.0569	loss_avg=0.0544	lr=0.0371	|gn|=1.4034	time=45.47it/s
2025-11-14 16:19:18,102 epoch=35	global_step=13900	acc=0.9922	acc_avg=0.9794	loss=0.0315	loss_avg=0.0576	lr=0.0371	|gn|=0.5368	time=46.07it/s
2025-11-14 16:19:20,418 epoch=35	global_step=14000	acc=0.9844	acc_avg=0.9790	loss=0.0468	loss_avg=0.0591	lr=0.0371	|gn|=0.4069	time=44.08it/s
2025-11-14 16:19:21,410 ====================Eval Epoch 35====================
2025-11-14 16:19:22,545 epoch=35	global_step=39	acc=0.0625	acc_avg=0.1237	acc5=0.4375	acc5_avg=0.5846	loss=7.7003	loss_avg=7.2017	time=277.68it/s
2025-11-14 16:19:22,545 Eval Loss:7.2017	Eval acc: 12.37
2025-11-14 16:19:22,545 
2025-11-14 16:19:22,545 ====================Training Epoch 36====================
2025-11-14 16:19:24,246 epoch=36	global_step=14100	acc=0.9844	acc_avg=0.9793	loss=0.0408	loss_avg=0.0554	lr=0.0345	|gn|=0.4180	time=41.56it/s
2025-11-14 16:19:26,741 epoch=36	global_step=14200	acc=1.0000	acc_avg=0.9803	loss=0.0134	loss_avg=0.0554	lr=0.0345	|gn|=0.2114	time=38.64it/s
2025-11-14 16:19:29,222 epoch=36	global_step=14300	acc=0.9922	acc_avg=0.9803	loss=0.0286	loss_avg=0.0537	lr=0.0345	|gn|=0.6170	time=40.38it/s
2025-11-14 16:19:31,588 epoch=36	global_step=14400	acc=0.9922	acc_avg=0.9802	loss=0.0370	loss_avg=0.0543	lr=0.0345	|gn|=0.7326	time=44.56it/s
2025-11-14 16:19:32,357 ====================Eval Epoch 36====================
2025-11-14 16:19:33,490 epoch=36	global_step=39	acc=0.0625	acc_avg=0.1213	acc5=0.3750	acc5_avg=0.5453	loss=8.3442	loss_avg=7.7360	time=277.35it/s
2025-11-14 16:19:33,490 Eval Loss:7.7360	Eval acc: 12.13
2025-11-14 16:19:33,491 
2025-11-14 16:19:33,491 ====================Training Epoch 37====================
2025-11-14 16:19:35,465 epoch=37	global_step=14500	acc=1.0000	acc_avg=0.9813	loss=0.0164	loss_avg=0.0503	lr=0.0321	|gn|=0.2772	time=40.57it/s
2025-11-14 16:19:37,805 epoch=37	global_step=14600	acc=0.9766	acc_avg=0.9825	loss=0.0436	loss_avg=0.0491	lr=0.0321	|gn|=0.8410	time=39.18it/s
2025-11-14 16:19:40,221 epoch=37	global_step=14700	acc=0.9766	acc_avg=0.9818	loss=0.0540	loss_avg=0.0514	lr=0.0321	|gn|=0.6780	time=42.15it/s
2025-11-14 16:19:42,597 epoch=37	global_step=14800	acc=0.9922	acc_avg=0.9811	loss=0.0357	loss_avg=0.0530	lr=0.0321	|gn|=0.4739	time=44.05it/s
2025-11-14 16:19:43,127 ====================Eval Epoch 37====================
2025-11-14 16:19:44,262 epoch=37	global_step=39	acc=0.0625	acc_avg=0.1202	acc5=0.3750	acc5_avg=0.5430	loss=7.8023	loss_avg=7.2035	time=274.32it/s
2025-11-14 16:19:44,262 Eval Loss:7.2035	Eval acc: 12.02
2025-11-14 16:19:44,262 
2025-11-14 16:19:44,262 ====================Training Epoch 38====================
2025-11-14 16:19:46,495 epoch=38	global_step=14900	acc=0.9844	acc_avg=0.9830	loss=0.0452	loss_avg=0.0470	lr=0.0297	|gn|=0.5629	time=46.02it/s
2025-11-14 16:19:48,917 epoch=38	global_step=15000	acc=0.9844	acc_avg=0.9826	loss=0.0483	loss_avg=0.0479	lr=0.0297	|gn|=1.0224	time=44.28it/s
2025-11-14 16:19:51,321 epoch=38	global_step=15100	acc=0.9766	acc_avg=0.9820	loss=0.0460	loss_avg=0.0501	lr=0.0297	|gn|=0.6020	time=46.12it/s
2025-11-14 16:19:53,877 epoch=38	global_step=15200	acc=0.9609	acc_avg=0.9811	loss=0.0586	loss_avg=0.0522	lr=0.0297	|gn|=0.8336	time=41.20it/s
2025-11-14 16:19:54,149 ====================Eval Epoch 38====================
2025-11-14 16:19:55,291 epoch=38	global_step=39	acc=0.0625	acc_avg=0.1206	acc5=0.5000	acc5_avg=0.5574	loss=7.5051	loss_avg=7.0611	time=276.27it/s
2025-11-14 16:19:55,291 Eval Loss:7.0611	Eval acc: 12.06
2025-11-14 16:19:55,291 
2025-11-14 16:19:55,291 ====================Training Epoch 39====================
2025-11-14 16:19:57,772 epoch=39	global_step=15300	acc=0.9688	acc_avg=0.9824	loss=0.0595	loss_avg=0.0484	lr=0.0273	|gn|=0.7762	time=39.68it/s
2025-11-14 16:20:00,196 epoch=39	global_step=15400	acc=0.9688	acc_avg=0.9819	loss=0.0623	loss_avg=0.0481	lr=0.0273	|gn|=1.0443	time=39.06it/s
2025-11-14 16:20:02,708 epoch=39	global_step=15500	acc=0.9844	acc_avg=0.9822	loss=0.0520	loss_avg=0.0489	lr=0.0273	|gn|=1.0105	time=39.38it/s
2025-11-14 16:20:05,216 ====================Eval Epoch 39====================
2025-11-14 16:20:06,384 epoch=39	global_step=39	acc=0.0625	acc_avg=0.1220	acc5=0.4375	acc5_avg=0.5608	loss=8.4510	loss_avg=7.6906	time=276.34it/s
2025-11-14 16:20:06,384 Eval Loss:7.6906	Eval acc: 12.20
2025-11-14 16:20:06,384 
2025-11-14 16:20:06,385 ====================Training Epoch 40====================
2025-11-14 16:20:06,666 epoch=40	global_step=15600	acc=0.9922	acc_avg=0.9922	loss=0.0292	loss_avg=0.0292	lr=0.0250	|gn|=0.4568	time=29.49it/s
2025-11-14 16:20:09,110 epoch=40	global_step=15700	acc=0.9844	acc_avg=0.9823	loss=0.0616	loss_avg=0.0497	lr=0.0250	|gn|=0.9309	time=45.26it/s
2025-11-14 16:20:11,564 epoch=40	global_step=15800	acc=0.9766	acc_avg=0.9829	loss=0.0476	loss_avg=0.0466	lr=0.0250	|gn|=0.7528	time=44.94it/s
2025-11-14 16:20:13,918 epoch=40	global_step=15900	acc=0.9922	acc_avg=0.9829	loss=0.0254	loss_avg=0.0457	lr=0.0250	|gn|=0.6583	time=41.94it/s
2025-11-14 16:20:16,107 ====================Eval Epoch 40====================
2025-11-14 16:20:17,255 epoch=40	global_step=39	acc=0.0625	acc_avg=0.1066	acc5=0.4375	acc5_avg=0.5670	loss=8.6303	loss_avg=8.2227	time=276.01it/s
2025-11-14 16:20:17,256 Eval Loss:8.2227	Eval acc: 10.66
2025-11-14 16:20:17,256 
2025-11-14 16:20:17,256 ====================Training Epoch 41====================
2025-11-14 16:20:17,787 epoch=41	global_step=16000	acc=0.9922	acc_avg=0.9872	loss=0.0494	loss_avg=0.0313	lr=0.0228	|gn|=0.6951	time=44.37it/s
2025-11-14 16:20:20,317 epoch=41	global_step=16100	acc=0.9844	acc_avg=0.9831	loss=0.0680	loss_avg=0.0473	lr=0.0228	|gn|=1.5271	time=40.61it/s
2025-11-14 16:20:22,756 epoch=41	global_step=16200	acc=0.9844	acc_avg=0.9830	loss=0.0385	loss_avg=0.0480	lr=0.0228	|gn|=0.5905	time=42.35it/s
2025-11-14 16:20:25,073 epoch=41	global_step=16300	acc=0.9922	acc_avg=0.9836	loss=0.0196	loss_avg=0.0461	lr=0.0228	|gn|=0.4422	time=45.05it/s
2025-11-14 16:20:26,979 ====================Eval Epoch 41====================
2025-11-14 16:20:28,128 epoch=41	global_step=39	acc=0.0625	acc_avg=0.1103	acc5=0.5000	acc5_avg=0.5390	loss=8.3815	loss_avg=7.7091	time=276.67it/s
2025-11-14 16:20:28,129 Eval Loss:7.7091	Eval acc: 11.03
2025-11-14 16:20:28,129 
2025-11-14 16:20:28,129 ====================Training Epoch 42====================
2025-11-14 16:20:28,904 epoch=42	global_step=16400	acc=0.9844	acc_avg=0.9870	loss=0.0394	loss_avg=0.0392	lr=0.0206	|gn|=0.9364	time=44.45it/s
2025-11-14 16:20:31,440 epoch=42	global_step=16500	acc=0.9688	acc_avg=0.9865	loss=0.0878	loss_avg=0.0414	lr=0.0206	|gn|=0.9567	time=40.33it/s
2025-11-14 16:20:33,799 epoch=42	global_step=16600	acc=0.9688	acc_avg=0.9866	loss=0.0622	loss_avg=0.0399	lr=0.0206	|gn|=1.2014	time=42.55it/s
2025-11-14 16:20:36,233 epoch=42	global_step=16700	acc=0.9922	acc_avg=0.9853	loss=0.0303	loss_avg=0.0419	lr=0.0206	|gn|=0.4442	time=43.77it/s
2025-11-14 16:20:37,949 ====================Eval Epoch 42====================
2025-11-14 16:20:39,089 epoch=42	global_step=39	acc=0.0625	acc_avg=0.1052	acc5=0.4375	acc5_avg=0.5726	loss=9.4871	loss_avg=8.8493	time=277.68it/s
2025-11-14 16:20:39,089 Eval Loss:8.8493	Eval acc: 10.52
2025-11-14 16:20:39,089 
2025-11-14 16:20:39,089 ====================Training Epoch 43====================
2025-11-14 16:20:40,117 epoch=43	global_step=16800	acc=0.9922	acc_avg=0.9859	loss=0.0215	loss_avg=0.0409	lr=0.0185	|gn|=0.5271	time=44.47it/s
2025-11-14 16:20:42,543 epoch=43	global_step=16900	acc=1.0000	acc_avg=0.9864	loss=0.0169	loss_avg=0.0409	lr=0.0185	|gn|=0.4131	time=44.08it/s
2025-11-14 16:20:44,903 epoch=43	global_step=17000	acc=0.9844	acc_avg=0.9856	loss=0.0386	loss_avg=0.0407	lr=0.0185	|gn|=0.5936	time=44.26it/s
2025-11-14 16:20:47,503 epoch=43	global_step=17100	acc=0.9844	acc_avg=0.9858	loss=0.0584	loss_avg=0.0405	lr=0.0185	|gn|=0.5843	time=39.97it/s
2025-11-14 16:20:49,106 ====================Eval Epoch 43====================
2025-11-14 16:20:50,239 epoch=43	global_step=39	acc=0.0625	acc_avg=0.1093	acc5=0.4375	acc5_avg=0.5815	loss=7.9018	loss_avg=7.2673	time=275.09it/s
2025-11-14 16:20:50,239 Eval Loss:7.2673	Eval acc: 10.93
2025-11-14 16:20:50,239 
2025-11-14 16:20:50,239 ====================Training Epoch 44====================
2025-11-14 16:20:51,499 epoch=44	global_step=17200	acc=0.9922	acc_avg=0.9891	loss=0.0203	loss_avg=0.0313	lr=0.0165	|gn|=0.3929	time=40.57it/s
2025-11-14 16:20:53,913 epoch=44	global_step=17300	acc=0.9844	acc_avg=0.9865	loss=0.0369	loss_avg=0.0379	lr=0.0165	|gn|=0.7549	time=44.44it/s
2025-11-14 16:20:56,312 epoch=44	global_step=17400	acc=0.9922	acc_avg=0.9873	loss=0.0267	loss_avg=0.0366	lr=0.0165	|gn|=0.9310	time=45.97it/s
2025-11-14 16:20:58,635 epoch=44	global_step=17500	acc=0.9922	acc_avg=0.9873	loss=0.0372	loss_avg=0.0363	lr=0.0165	|gn|=0.7232	time=44.48it/s
2025-11-14 16:20:59,831 ====================Eval Epoch 44====================
2025-11-14 16:21:00,968 epoch=44	global_step=39	acc=0.0625	acc_avg=0.1103	acc5=0.3750	acc5_avg=0.5598	loss=8.1843	loss_avg=7.4117	time=275.13it/s
2025-11-14 16:21:00,969 Eval Loss:7.4117	Eval acc: 11.03
2025-11-14 16:21:00,969 
2025-11-14 16:21:00,969 ====================Training Epoch 45====================
2025-11-14 16:21:02,540 epoch=45	global_step=17600	acc=0.9766	acc_avg=0.9881	loss=0.0440	loss_avg=0.0354	lr=0.0146	|gn|=0.8141	time=43.61it/s
2025-11-14 16:21:05,138 epoch=45	global_step=17700	acc=0.9844	acc_avg=0.9884	loss=0.0305	loss_avg=0.0323	lr=0.0146	|gn|=0.7132	time=39.91it/s
2025-11-14 16:21:07,645 epoch=45	global_step=17800	acc=0.9688	acc_avg=0.9879	loss=0.0616	loss_avg=0.0349	lr=0.0146	|gn|=0.8501	time=39.78it/s
2025-11-14 16:21:10,135 epoch=45	global_step=17900	acc=0.9766	acc_avg=0.9876	loss=0.0661	loss_avg=0.0350	lr=0.0146	|gn|=0.9934	time=45.94it/s
2025-11-14 16:21:11,166 ====================Eval Epoch 45====================
2025-11-14 16:21:12,296 epoch=45	global_step=39	acc=0.0625	acc_avg=0.1077	acc5=0.4375	acc5_avg=0.5594	loss=9.1919	loss_avg=8.2197	time=279.34it/s
2025-11-14 16:21:12,297 Eval Loss:8.2197	Eval acc: 10.77
2025-11-14 16:21:12,297 
2025-11-14 16:21:12,297 ====================Training Epoch 46====================
2025-11-14 16:21:14,106 epoch=46	global_step=18000	acc=1.0000	acc_avg=0.9871	loss=0.0190	loss_avg=0.0320	lr=0.0128	|gn|=0.5364	time=40.74it/s
2025-11-14 16:21:16,621 epoch=46	global_step=18100	acc=0.9922	acc_avg=0.9880	loss=0.0245	loss_avg=0.0312	lr=0.0128	|gn|=0.7352	time=43.41it/s
2025-11-14 16:21:19,019 epoch=46	global_step=18200	acc=0.9922	acc_avg=0.9881	loss=0.0183	loss_avg=0.0320	lr=0.0128	|gn|=0.3062	time=39.40it/s
2025-11-14 16:21:21,361 epoch=46	global_step=18300	acc=0.9922	acc_avg=0.9881	loss=0.0173	loss_avg=0.0318	lr=0.0128	|gn|=0.4279	time=41.69it/s
2025-11-14 16:21:22,128 ====================Eval Epoch 46====================
2025-11-14 16:21:23,275 epoch=46	global_step=39	acc=0.0625	acc_avg=0.1141	acc5=0.4375	acc5_avg=0.5606	loss=7.8439	loss_avg=7.0756	time=277.92it/s
2025-11-14 16:21:23,275 Eval Loss:7.0756	Eval acc: 11.41
2025-11-14 16:21:23,275 
2025-11-14 16:21:23,276 ====================Training Epoch 47====================
2025-11-14 16:21:25,369 epoch=47	global_step=18400	acc=0.9922	acc_avg=0.9879	loss=0.0360	loss_avg=0.0317	lr=0.0111	|gn|=0.6221	time=40.32it/s
2025-11-14 16:21:27,821 epoch=47	global_step=18500	acc=0.9922	acc_avg=0.9897	loss=0.0129	loss_avg=0.0289	lr=0.0111	|gn|=0.4368	time=41.13it/s
2025-11-14 16:21:30,207 epoch=47	global_step=18600	acc=0.9844	acc_avg=0.9894	loss=0.0239	loss_avg=0.0294	lr=0.0111	|gn|=0.5751	time=40.21it/s
2025-11-14 16:21:32,581 epoch=47	global_step=18700	acc=0.9844	acc_avg=0.9896	loss=0.0669	loss_avg=0.0287	lr=0.0111	|gn|=1.3353	time=43.31it/s
2025-11-14 16:21:33,090 ====================Eval Epoch 47====================
2025-11-14 16:21:34,233 epoch=47	global_step=39	acc=0.0625	acc_avg=0.1048	acc5=0.4375	acc5_avg=0.5762	loss=8.8687	loss_avg=8.2468	time=276.23it/s
2025-11-14 16:21:34,233 Eval Loss:8.2468	Eval acc: 10.48
2025-11-14 16:21:34,233 
2025-11-14 16:21:34,233 ====================Training Epoch 48====================
2025-11-14 16:21:36,442 epoch=48	global_step=18800	acc=0.9922	acc_avg=0.9872	loss=0.0124	loss_avg=0.0328	lr=0.0095	|gn|=0.3887	time=44.38it/s
2025-11-14 16:21:38,785 epoch=48	global_step=18900	acc=0.9844	acc_avg=0.9895	loss=0.0648	loss_avg=0.0286	lr=0.0095	|gn|=1.5281	time=45.07it/s
2025-11-14 16:21:41,166 epoch=48	global_step=19000	acc=1.0000	acc_avg=0.9901	loss=0.0103	loss_avg=0.0276	lr=0.0095	|gn|=0.4213	time=45.08it/s
2025-11-14 16:21:43,721 epoch=48	global_step=19100	acc=1.0000	acc_avg=0.9900	loss=0.0123	loss_avg=0.0280	lr=0.0095	|gn|=0.4520	time=41.31it/s
2025-11-14 16:21:44,003 ====================Eval Epoch 48====================
2025-11-14 16:21:45,130 epoch=48	global_step=39	acc=0.0625	acc_avg=0.1110	acc5=0.4375	acc5_avg=0.5591	loss=8.1144	loss_avg=7.1612	time=269.85it/s
2025-11-14 16:21:45,130 Eval Loss:7.1612	Eval acc: 11.10
2025-11-14 16:21:45,130 
2025-11-14 16:21:45,130 ====================Training Epoch 49====================
2025-11-14 16:21:47,771 epoch=49	global_step=19200	acc=0.9922	acc_avg=0.9901	loss=0.0182	loss_avg=0.0256	lr=0.0081	|gn|=0.8463	time=40.39it/s
2025-11-14 16:21:50,433 epoch=49	global_step=19300	acc=0.9922	acc_avg=0.9908	loss=0.0247	loss_avg=0.0242	lr=0.0081	|gn|=0.6858	time=38.62it/s
2025-11-14 16:21:53,048 epoch=49	global_step=19400	acc=0.9844	acc_avg=0.9907	loss=0.0444	loss_avg=0.0249	lr=0.0081	|gn|=1.4635	time=38.80it/s
2025-11-14 16:21:55,728 ====================Eval Epoch 49====================
2025-11-14 16:21:56,865 epoch=49	global_step=39	acc=0.0625	acc_avg=0.1106	acc5=0.4375	acc5_avg=0.5826	loss=8.3461	loss_avg=7.5136	time=278.51it/s
2025-11-14 16:21:56,865 Eval Loss:7.5136	Eval acc: 11.06
2025-11-14 16:21:56,866 
2025-11-14 16:21:56,866 ====================Training Epoch 50====================
2025-11-14 16:21:57,136 epoch=50	global_step=19500	acc=0.9922	acc_avg=0.9922	loss=0.0130	loss_avg=0.0130	lr=0.0067	|gn|=0.4805	time=33.55it/s
2025-11-14 16:21:59,620 epoch=50	global_step=19600	acc=1.0000	acc_avg=0.9916	loss=0.0088	loss_avg=0.0238	lr=0.0067	|gn|=0.2647	time=40.53it/s
2025-11-14 16:22:02,109 epoch=50	global_step=19700	acc=0.9922	acc_avg=0.9921	loss=0.0136	loss_avg=0.0233	lr=0.0067	|gn|=0.9454	time=39.70it/s
2025-11-14 16:22:04,603 epoch=50	global_step=19800	acc=1.0000	acc_avg=0.9913	loss=0.0089	loss_avg=0.0242	lr=0.0067	|gn|=0.3904	time=45.60it/s
2025-11-14 16:22:06,795 ====================Eval Epoch 50====================
2025-11-14 16:22:07,948 epoch=50	global_step=39	acc=0.0625	acc_avg=0.1147	acc5=0.5000	acc5_avg=0.5749	loss=7.6646	loss_avg=6.9106	time=278.40it/s
2025-11-14 16:22:07,948 Eval Loss:6.9106	Eval acc: 11.47
2025-11-14 16:22:07,948 
2025-11-14 16:22:07,948 ====================Training Epoch 51====================
2025-11-14 16:22:08,476 epoch=51	global_step=19900	acc=0.9922	acc_avg=0.9851	loss=0.0151	loss_avg=0.0379	lr=0.0054	|gn|=0.4860	time=40.23it/s
2025-11-14 16:22:10,938 epoch=51	global_step=20000	acc=0.9922	acc_avg=0.9916	loss=0.0243	loss_avg=0.0240	lr=0.0054	|gn|=0.7614	time=45.34it/s
2025-11-14 16:22:13,286 epoch=51	global_step=20100	acc=0.9844	acc_avg=0.9915	loss=0.0178	loss_avg=0.0236	lr=0.0054	|gn|=0.6672	time=42.21it/s
2025-11-14 16:22:15,679 epoch=51	global_step=20200	acc=1.0000	acc_avg=0.9915	loss=0.0112	loss_avg=0.0236	lr=0.0054	|gn|=0.7496	time=46.12it/s
2025-11-14 16:22:17,664 ====================Eval Epoch 51====================
2025-11-14 16:22:18,803 epoch=51	global_step=39	acc=0.0625	acc_avg=0.1104	acc5=0.5000	acc5_avg=0.5920	loss=7.9134	loss_avg=7.0875	time=274.69it/s
2025-11-14 16:22:18,803 Eval Loss:7.0875	Eval acc: 11.04
2025-11-14 16:22:18,803 
2025-11-14 16:22:18,803 ====================Training Epoch 52====================
2025-11-14 16:22:19,556 epoch=52	global_step=20300	acc=1.0000	acc_avg=0.9940	loss=0.0070	loss_avg=0.0170	lr=0.0043	|gn|=0.3285	time=44.16it/s
2025-11-14 16:22:22,021 epoch=52	global_step=20400	acc=1.0000	acc_avg=0.9919	loss=0.0066	loss_avg=0.0215	lr=0.0043	|gn|=0.2840	time=44.55it/s
2025-11-14 16:22:24,581 epoch=52	global_step=20500	acc=0.9766	acc_avg=0.9922	loss=0.0294	loss_avg=0.0212	lr=0.0043	|gn|=0.9435	time=38.48it/s
2025-11-14 16:22:27,170 epoch=52	global_step=20600	acc=0.9922	acc_avg=0.9925	loss=0.0191	loss_avg=0.0212	lr=0.0043	|gn|=0.7657	time=39.38it/s
2025-11-14 16:22:28,998 ====================Eval Epoch 52====================
2025-11-14 16:22:30,145 epoch=52	global_step=39	acc=0.0625	acc_avg=0.1097	acc5=0.4375	acc5_avg=0.5941	loss=8.2878	loss_avg=7.3623	time=279.42it/s
2025-11-14 16:22:30,146 Eval Loss:7.3623	Eval acc: 10.97
2025-11-14 16:22:30,146 
2025-11-14 16:22:30,146 ====================Training Epoch 53====================
2025-11-14 16:22:31,146 epoch=53	global_step=20700	acc=0.9766	acc_avg=0.9922	loss=0.0664	loss_avg=0.0218	lr=0.0033	|gn|=1.3064	time=40.43it/s
2025-11-14 16:22:33,558 epoch=53	global_step=20800	acc=1.0000	acc_avg=0.9929	loss=0.0033	loss_avg=0.0194	lr=0.0033	|gn|=0.1600	time=42.71it/s
2025-11-14 16:22:35,933 epoch=53	global_step=20900	acc=0.9922	acc_avg=0.9932	loss=0.0151	loss_avg=0.0201	lr=0.0033	|gn|=0.5332	time=41.19it/s
2025-11-14 16:22:38,301 epoch=53	global_step=21000	acc=1.0000	acc_avg=0.9932	loss=0.0072	loss_avg=0.0198	lr=0.0033	|gn|=0.2726	time=45.45it/s
2025-11-14 16:22:39,754 ====================Eval Epoch 53====================
2025-11-14 16:22:40,903 epoch=53	global_step=39	acc=0.0625	acc_avg=0.1127	acc5=0.5000	acc5_avg=0.6102	loss=7.5482	loss_avg=6.6601	time=276.82it/s
2025-11-14 16:22:40,904 Eval Loss:6.6601	Eval acc: 11.27
2025-11-14 16:22:40,904 
2025-11-14 16:22:40,904 ====================Training Epoch 54====================
2025-11-14 16:22:42,181 epoch=54	global_step=21100	acc=0.9766	acc_avg=0.9933	loss=0.0588	loss_avg=0.0188	lr=0.0024	|gn|=0.9441	time=41.44it/s
2025-11-14 16:22:44,536 epoch=54	global_step=21200	acc=0.9922	acc_avg=0.9938	loss=0.0248	loss_avg=0.0166	lr=0.0024	|gn|=0.8591	time=41.83it/s
2025-11-14 16:22:46,912 epoch=54	global_step=21300	acc=0.9922	acc_avg=0.9939	loss=0.0234	loss_avg=0.0165	lr=0.0024	|gn|=0.7088	time=40.49it/s
2025-11-14 16:22:49,270 epoch=54	global_step=21400	acc=1.0000	acc_avg=0.9937	loss=0.0068	loss_avg=0.0171	lr=0.0024	|gn|=0.5151	time=41.33it/s
2025-11-14 16:22:50,513 ====================Eval Epoch 54====================
2025-11-14 16:22:51,656 epoch=54	global_step=39	acc=0.0625	acc_avg=0.1100	acc5=0.5000	acc5_avg=0.5995	loss=7.9676	loss_avg=7.1109	time=275.34it/s
2025-11-14 16:22:51,656 Eval Loss:7.1109	Eval acc: 11.00
2025-11-14 16:22:51,656 
2025-11-14 16:22:51,656 ====================Training Epoch 55====================
2025-11-14 16:22:53,222 epoch=55	global_step=21500	acc=0.9922	acc_avg=0.9945	loss=0.0211	loss_avg=0.0161	lr=0.0017	|gn|=0.6936	time=40.58it/s
2025-11-14 16:22:55,709 epoch=55	global_step=21600	acc=0.9922	acc_avg=0.9944	loss=0.0119	loss_avg=0.0166	lr=0.0017	|gn|=0.5707	time=39.88it/s
2025-11-14 16:22:58,212 epoch=55	global_step=21700	acc=1.0000	acc_avg=0.9939	loss=0.0099	loss_avg=0.0173	lr=0.0017	|gn|=0.3809	time=41.07it/s
2025-11-14 16:23:00,759 epoch=55	global_step=21800	acc=0.9844	acc_avg=0.9940	loss=0.0283	loss_avg=0.0174	lr=0.0017	|gn|=0.9489	time=40.94it/s
2025-11-14 16:23:01,796 ====================Eval Epoch 55====================
2025-11-14 16:23:02,938 epoch=55	global_step=39	acc=0.0625	acc_avg=0.1151	acc5=0.5000	acc5_avg=0.5882	loss=7.5723	loss_avg=6.6464	time=278.51it/s
2025-11-14 16:23:02,938 Eval Loss:6.6464	Eval acc: 11.51
2025-11-14 16:23:02,938 
2025-11-14 16:23:02,938 ====================Training Epoch 56====================
2025-11-14 16:23:04,697 epoch=56	global_step=21900	acc=0.9922	acc_avg=0.9956	loss=0.0154	loss_avg=0.0165	lr=0.0011	|gn|=0.6505	time=45.16it/s
2025-11-14 16:23:07,055 epoch=56	global_step=22000	acc=0.9844	acc_avg=0.9946	loss=0.0385	loss_avg=0.0156	lr=0.0011	|gn|=1.0671	time=45.43it/s
2025-11-14 16:23:09,505 epoch=56	global_step=22100	acc=0.9922	acc_avg=0.9944	loss=0.0251	loss_avg=0.0160	lr=0.0011	|gn|=0.9155	time=45.17it/s
2025-11-14 16:23:11,914 epoch=56	global_step=22200	acc=0.9922	acc_avg=0.9944	loss=0.0229	loss_avg=0.0161	lr=0.0011	|gn|=0.9988	time=38.70it/s
2025-11-14 16:23:12,730 ====================Eval Epoch 56====================
2025-11-14 16:23:13,863 epoch=56	global_step=39	acc=0.0625	acc_avg=0.1090	acc5=0.4375	acc5_avg=0.5778	loss=8.3132	loss_avg=7.4110	time=278.06it/s
2025-11-14 16:23:13,863 Eval Loss:7.4110	Eval acc: 10.90
2025-11-14 16:23:13,863 
2025-11-14 16:23:13,863 ====================Training Epoch 57====================
2025-11-14 16:23:15,908 epoch=57	global_step=22300	acc=1.0000	acc_avg=0.9949	loss=0.0112	loss_avg=0.0150	lr=0.0006	|gn|=0.5961	time=41.01it/s
2025-11-14 16:23:18,318 epoch=57	global_step=22400	acc=0.9922	acc_avg=0.9953	loss=0.0118	loss_avg=0.0140	lr=0.0006	|gn|=0.5469	time=44.98it/s
2025-11-14 16:23:20,741 epoch=57	global_step=22500	acc=1.0000	acc_avg=0.9951	loss=0.0040	loss_avg=0.0150	lr=0.0006	|gn|=0.1594	time=40.26it/s
2025-11-14 16:23:23,324 epoch=57	global_step=22600	acc=0.9922	acc_avg=0.9950	loss=0.0224	loss_avg=0.0153	lr=0.0006	|gn|=0.9118	time=39.26it/s
2025-11-14 16:23:23,875 ====================Eval Epoch 57====================
2025-11-14 16:23:25,008 epoch=57	global_step=39	acc=0.0625	acc_avg=0.1115	acc5=0.5000	acc5_avg=0.6014	loss=8.0564	loss_avg=7.1610	time=278.45it/s
2025-11-14 16:23:25,009 Eval Loss:7.1610	Eval acc: 11.15
2025-11-14 16:23:25,009 
2025-11-14 16:23:25,009 ====================Training Epoch 58====================
2025-11-14 16:23:27,297 epoch=58	global_step=22700	acc=0.9922	acc_avg=0.9959	loss=0.0094	loss_avg=0.0132	lr=0.0003	|gn|=0.7369	time=45.00it/s
2025-11-14 16:23:29,688 epoch=58	global_step=22800	acc=1.0000	acc_avg=0.9961	loss=0.0078	loss_avg=0.0130	lr=0.0003	|gn|=0.4594	time=43.60it/s
2025-11-14 16:23:32,104 epoch=58	global_step=22900	acc=1.0000	acc_avg=0.9954	loss=0.0079	loss_avg=0.0144	lr=0.0003	|gn|=0.3854	time=43.38it/s
2025-11-14 16:23:34,512 epoch=58	global_step=23000	acc=0.9844	acc_avg=0.9954	loss=0.0537	loss_avg=0.0144	lr=0.0003	|gn|=1.8377	time=41.22it/s
2025-11-14 16:23:34,800 ====================Eval Epoch 58====================
2025-11-14 16:23:35,931 epoch=58	global_step=39	acc=0.0625	acc_avg=0.1127	acc5=0.4375	acc5_avg=0.5789	loss=7.6967	loss_avg=6.8119	time=278.36it/s
2025-11-14 16:23:35,932 Eval Loss:6.8119	Eval acc: 11.27
2025-11-14 16:23:35,932 
2025-11-14 16:23:35,932 ====================Training Epoch 59====================
2025-11-14 16:23:38,378 epoch=59	global_step=23100	acc=0.9922	acc_avg=0.9948	loss=0.0239	loss_avg=0.0150	lr=0.0001	|gn|=1.3784	time=44.02it/s
2025-11-14 16:23:40,879 epoch=59	global_step=23200	acc=1.0000	acc_avg=0.9949	loss=0.0100	loss_avg=0.0146	lr=0.0001	|gn|=0.6774	time=38.68it/s
2025-11-14 16:23:43,489 epoch=59	global_step=23300	acc=1.0000	acc_avg=0.9950	loss=0.0096	loss_avg=0.0148	lr=0.0001	|gn|=0.4710	time=39.69it/s
2025-11-14 16:23:46,152 ====================Eval Epoch 59====================
2025-11-14 16:23:47,294 epoch=59	global_step=39	acc=0.0625	acc_avg=0.1098	acc5=0.4375	acc5_avg=0.5740	loss=8.3726	loss_avg=7.3948	time=274.17it/s
2025-11-14 16:23:47,294 Eval Loss:7.3948	Eval acc: 10.98
2025-11-14 16:23:47,298 Running Cost 0.01 Days 

