2025-11-26 03:03:36,244 PyTorch Version: 2.6.0
2025-11-26 03:03:36,265 GPU List: ['NVIDIA L40S']
2025-11-26 03:03:36,267 num_classes: 100
2025-11-26 03:03:36,268 epochs: 100
2025-11-26 03:03:36,268 grad_clip: 5.0
2025-11-26 03:03:36,268 log_frequency: 100
2025-11-26 03:03:36,268 model: {'name': 'ResNet18', 'num_classes': 100}
2025-11-26 03:03:36,268 criterion: {'name': 'CrossEntropyLoss'}
2025-11-26 03:03:36,268 optimizer: {'name': 'SGD', 'lr': 0.01, 'weight_decay': 5e-05, 'momentum': 0.9}
2025-11-26 03:03:36,268 scheduler: {'name': 'CosineAnnealingLR', 'T_max': 100, 'eta_min': 0.0}
2025-11-26 03:03:36,268 dataset: {'name': 'DatasetGenerator', 'train_batch_size': 128, 'eval_batch_size': 128}
2025-11-26 03:03:36,270 seed: 0
2025-11-26 03:03:36,270 version: resnet18
2025-11-26 03:03:36,270 exp_name: experiment/classwise/model_training2025-11-26 03:03:36.214852
2025-11-26 03:03:36,270 config_path: configs/imagenet-mini
2025-11-26 03:03:36,270 load_model: False
2025-11-26 03:03:36,270 data_parallel: False
2025-11-26 03:03:36,270 train: True
2025-11-26 03:03:36,270 save_frequency: -1
2025-11-26 03:03:36,270 train_face: False
2025-11-26 03:03:36,270 train_portion: 1.0
2025-11-26 03:03:36,270 train_batch_size: 64
2025-11-26 03:03:36,270 eval_batch_size: 256
2025-11-26 03:03:36,270 num_of_workers: 6
2025-11-26 03:03:36,270 train_data_type: PoisonImageNetMini
2025-11-26 03:03:36,270 test_data_type: ImageNetMini
2025-11-26 03:03:36,270 train_data_path: ../datasets
2025-11-26 03:03:36,270 test_data_path: ../datasets
2025-11-26 03:03:36,270 perturb_type: classwise
2025-11-26 03:03:36,270 patch_location: center
2025-11-26 03:03:36,270 poison_rate: 1.0
2025-11-26 03:03:36,270 perturb_tensor_filepath: 
2025-11-26 03:03:36,270 generator_filepath: ./experiment/classwise/noise_generation2025-09-08-all/generator.pth
2025-11-26 03:03:36,270 use_generator: True
2025-11-26 03:03:36,270 gue: False
2025-11-26 03:03:36,270 filter_type: low
2025-11-26 03:03:36,270 cutoff: 0.5
2025-11-26 03:03:36,270 img_denoise: 40
2025-11-26 03:03:36,271 jpeg_defense: True
Generator ./experiment/classwise/noise_generation2025-09-08-all/generator.pth loaded!
./dataset.py:198: RuntimeWarning: invalid value encountered in divide
  class_noise = np.stack([ (sums[c] / counts[c]).astype(np.float32) for c in range(num_classes) ], axis=0)
2025-11-26 03:04:44,068 Training Dataset: Dataset PoisonImageNetMini
    Number of datapoints: 25878
    Root location: ../datasets/ImageNet
    Split: train
2025-11-26 03:04:44,069 Test Dataset: Dataset ImageNetMini
    Number of datapoints: 1000
    Root location: ../datasets/ImageNet
    Split: val
    StandardTransform
Transform: Compose(
               Resize(size=224, interpolation=bilinear, max_size=None, antialias=True)
               CenterCrop(size=(224, 224))
               ToTensor()
           )
2025-11-26 03:04:44,070 param size = 11.220132MB
2025-11-26 03:04:44,072 
2025-11-26 03:04:44,072 ====================Training Epoch 0====================
(1000, 224, 224, 3)
Poison samples: 25878/25878
train_dataset
2025-11-26 03:04:49,970 epoch=0	global_step=0	acc=0.0000	acc_avg=0.0000	loss=4.7401	loss_avg=4.7401	lr=0.0100	|gn|=7.6722	time=0.22it/s
2025-11-26 03:05:57,787 epoch=0	global_step=100	acc=0.0000	acc_avg=0.0121	loss=4.6924	loss_avg=4.7340	lr=0.0100	|gn|=2.5970	time=1.68it/s
2025-11-26 03:07:05,826 epoch=0	global_step=200	acc=0.0312	acc_avg=0.0122	loss=4.6588	loss_avg=4.6929	lr=0.0100	|gn|=1.8546	time=1.68it/s
2025-11-26 03:08:14,120 epoch=0	global_step=300	acc=0.0156	acc_avg=0.0131	loss=4.6284	loss_avg=4.6654	lr=0.0100	|gn|=1.6245	time=1.68it/s
2025-11-26 03:09:22,350 epoch=0	global_step=400	acc=0.0312	acc_avg=0.0146	loss=4.5998	loss_avg=4.6491	lr=0.0100	|gn|=2.1306	time=1.68it/s
2025-11-26 03:09:24,474 ====================Eval Epoch 0====================
2025-11-26 03:09:37,146 epoch=0	global_step=3	acc=0.0043	acc_avg=0.0170	acc5=0.0302	acc5_avg=0.0580	loss=4.6571	loss_avg=4.6501	time=0.27it/s
2025-11-26 03:09:37,147 Eval Loss:4.6501	Eval acc: 1.70
2025-11-26 03:09:37,147 
2025-11-26 03:09:37,147 ====================Training Epoch 1====================
2025-11-26 03:10:44,652 epoch=1	global_step=500	acc=0.0156	acc_avg=0.0209	loss=4.5291	loss_avg=4.5733	lr=0.0100	|gn|=1.6323	time=1.68it/s
2025-11-26 03:11:52,672 epoch=1	global_step=600	acc=0.0312	acc_avg=0.0211	loss=4.5473	loss_avg=4.5597	lr=0.0100	|gn|=1.5948	time=1.68it/s
2025-11-26 03:13:00,810 epoch=1	global_step=700	acc=0.0000	acc_avg=0.0212	loss=4.4968	loss_avg=4.5501	lr=0.0100	|gn|=1.5636	time=1.68it/s
2025-11-26 03:14:08,681 epoch=1	global_step=800	acc=0.0156	acc_avg=0.0219	loss=4.4601	loss_avg=4.5381	lr=0.0100	|gn|=2.0673	time=1.68it/s
2025-11-26 03:14:13,493 ====================Eval Epoch 1====================
2025-11-26 03:14:18,201 epoch=1	global_step=3	acc=0.0086	acc_avg=0.0070	acc5=0.0948	acc5_avg=0.0580	loss=13.0767	loss_avg=12.9562	time=2.28it/s
2025-11-26 03:14:18,201 Eval Loss:12.9562	Eval acc: 0.70
2025-11-26 03:14:18,201 
2025-11-26 03:14:18,201 ====================Training Epoch 2====================
2025-11-26 03:15:22,575 epoch=2	global_step=900	acc=0.0312	acc_avg=0.0267	loss=4.4644	loss_avg=4.4718	lr=0.0100	|gn|=1.8888	time=1.68it/s
2025-11-26 03:16:30,648 epoch=2	global_step=1000	acc=0.0312	acc_avg=0.0256	loss=4.3919	loss_avg=4.4661	lr=0.0100	|gn|=2.0987	time=1.67it/s
2025-11-26 03:17:38,715 epoch=2	global_step=1100	acc=0.0156	acc_avg=0.0277	loss=4.5028	loss_avg=4.4530	lr=0.0100	|gn|=1.7003	time=1.68it/s
2025-11-26 03:18:46,733 epoch=2	global_step=1200	acc=0.0469	acc_avg=0.0279	loss=4.2783	loss_avg=4.4385	lr=0.0100	|gn|=3.7831	time=1.68it/s
2025-11-26 03:18:54,304 ====================Eval Epoch 2====================
2025-11-26 03:18:58,196 epoch=2	global_step=3	acc=0.0086	acc_avg=0.0110	acc5=0.1034	acc5_avg=0.0630	loss=20.4645	loss_avg=23.2918	time=2.28it/s
2025-11-26 03:18:58,196 Eval Loss:23.2918	Eval acc: 1.10
2025-11-26 03:18:58,197 
2025-11-26 03:18:58,197 ====================Training Epoch 3====================
2025-11-26 03:19:59,790 epoch=3	global_step=1300	acc=0.0469	acc_avg=0.0383	loss=4.4324	loss_avg=4.3750	lr=0.0100	|gn|=2.0117	time=1.68it/s
2025-11-26 03:21:07,799 epoch=3	global_step=1400	acc=0.0312	acc_avg=0.0379	loss=4.1380	loss_avg=4.3464	lr=0.0100	|gn|=2.1012	time=1.68it/s
2025-11-26 03:22:15,822 epoch=3	global_step=1500	acc=0.0312	acc_avg=0.0395	loss=4.3037	loss_avg=4.3253	lr=0.0100	|gn|=2.8431	time=1.68it/s
2025-11-26 03:23:23,744 epoch=3	global_step=1600	acc=0.0469	acc_avg=0.0408	loss=4.3448	loss_avg=4.3092	lr=0.0100	|gn|=2.7440	time=1.68it/s
2025-11-26 03:23:34,022 ====================Eval Epoch 3====================
2025-11-26 03:23:37,925 epoch=3	global_step=3	acc=0.0000	acc_avg=0.0130	acc5=0.0862	acc5_avg=0.0600	loss=35.1968	loss_avg=33.5676	time=2.28it/s
2025-11-26 03:23:37,925 Eval Loss:33.5676	Eval acc: 1.30
2025-11-26 03:23:37,925 
2025-11-26 03:23:37,925 ====================Training Epoch 4====================
2025-11-26 03:24:36,780 epoch=4	global_step=1700	acc=0.0156	acc_avg=0.0460	loss=4.1612	loss_avg=4.2117	lr=0.0100	|gn|=2.4784	time=1.68it/s
2025-11-26 03:25:44,840 epoch=4	global_step=1800	acc=0.0469	acc_avg=0.0475	loss=4.0891	loss_avg=4.2095	lr=0.0100	|gn|=2.7066	time=1.68it/s
2025-11-26 03:26:52,840 epoch=4	global_step=1900	acc=0.0625	acc_avg=0.0495	loss=4.0482	loss_avg=4.1923	lr=0.0100	|gn|=2.3401	time=1.68it/s
2025-11-26 03:28:00,820 epoch=4	global_step=2000	acc=0.0156	acc_avg=0.0498	loss=4.4155	loss_avg=4.1811	lr=0.0100	|gn|=2.7701	time=1.68it/s
2025-11-26 03:28:13,822 ====================Eval Epoch 4====================
2025-11-26 03:28:17,690 epoch=4	global_step=3	acc=0.0086	acc_avg=0.0170	acc5=0.0948	acc5_avg=0.0730	loss=9.9459	loss_avg=10.4476	time=2.28it/s
2025-11-26 03:28:17,690 Eval Loss:10.4476	Eval acc: 1.70
2025-11-26 03:28:17,690 
2025-11-26 03:28:17,690 ====================Training Epoch 5====================
2025-11-26 03:29:13,825 epoch=5	global_step=2100	acc=0.0781	acc_avg=0.0573	loss=4.0875	loss_avg=4.0973	lr=0.0099	|gn|=3.1069	time=1.68it/s
2025-11-26 03:30:21,709 epoch=5	global_step=2200	acc=0.0312	acc_avg=0.0606	loss=4.1834	loss_avg=4.0778	lr=0.0099	|gn|=2.8902	time=1.68it/s
2025-11-26 03:31:29,651 epoch=5	global_step=2300	acc=0.0625	acc_avg=0.0612	loss=4.0388	loss_avg=4.0659	lr=0.0099	|gn|=3.1191	time=1.68it/s
2025-11-26 03:32:37,544 epoch=5	global_step=2400	acc=0.0469	acc_avg=0.0634	loss=4.2187	loss_avg=4.0525	lr=0.0099	|gn|=2.8042	time=1.68it/s
2025-11-26 03:32:53,237 ====================Eval Epoch 5====================
2025-11-26 03:32:57,094 epoch=5	global_step=3	acc=0.0431	acc_avg=0.0140	acc5=0.1336	acc5_avg=0.0600	loss=10.6557	loss_avg=12.9473	time=2.28it/s
2025-11-26 03:32:57,095 Eval Loss:12.9473	Eval acc: 1.40
2025-11-26 03:32:57,095 
2025-11-26 03:32:57,095 ====================Training Epoch 6====================
2025-11-26 03:33:50,479 epoch=6	global_step=2500	acc=0.0312	acc_avg=0.0753	loss=4.3218	loss_avg=3.9713	lr=0.0099	|gn|=3.3585	time=1.68it/s
2025-11-26 03:34:58,472 epoch=6	global_step=2600	acc=0.1094	acc_avg=0.0757	loss=3.8581	loss_avg=3.9523	lr=0.0099	|gn|=2.5334	time=1.68it/s
2025-11-26 03:36:06,496 epoch=6	global_step=2700	acc=0.0469	acc_avg=0.0760	loss=4.1001	loss_avg=3.9377	lr=0.0099	|gn|=3.5598	time=1.68it/s
2025-11-26 03:37:14,468 epoch=6	global_step=2800	acc=0.0469	acc_avg=0.0766	loss=4.0506	loss_avg=3.9292	lr=0.0099	|gn|=3.1097	time=1.68it/s
2025-11-26 03:37:32,923 ====================Eval Epoch 6====================
2025-11-26 03:37:36,803 epoch=6	global_step=3	acc=0.0129	acc_avg=0.0190	acc5=0.0776	acc5_avg=0.0720	loss=10.8493	loss_avg=11.5134	time=2.28it/s
2025-11-26 03:37:36,804 Eval Loss:11.5134	Eval acc: 1.90
2025-11-26 03:37:36,804 
2025-11-26 03:37:36,804 ====================Training Epoch 7====================
2025-11-26 03:38:27,500 epoch=7	global_step=2900	acc=0.0938	acc_avg=0.0897	loss=3.9758	loss_avg=3.8731	lr=0.0099	|gn|=2.9062	time=1.68it/s
2025-11-26 03:39:35,404 epoch=7	global_step=3000	acc=0.1562	acc_avg=0.0874	loss=3.7067	loss_avg=3.8547	lr=0.0099	|gn|=3.1044	time=1.68it/s
2025-11-26 03:40:43,373 epoch=7	global_step=3100	acc=0.0625	acc_avg=0.0877	loss=3.9055	loss_avg=3.8481	lr=0.0099	|gn|=2.7666	time=1.68it/s
2025-11-26 03:41:51,266 epoch=7	global_step=3200	acc=0.0625	acc_avg=0.0884	loss=3.7862	loss_avg=3.8369	lr=0.0099	|gn|=2.6784	time=1.68it/s
2025-11-26 03:42:12,389 ====================Eval Epoch 7====================
2025-11-26 03:42:16,244 epoch=7	global_step=3	acc=0.0517	acc_avg=0.0120	acc5=0.0819	acc5_avg=0.0570	loss=21.2073	loss_avg=22.8496	time=2.28it/s
2025-11-26 03:42:16,245 Eval Loss:22.8496	Eval acc: 1.20
2025-11-26 03:42:16,245 
2025-11-26 03:42:16,245 ====================Training Epoch 8====================
2025-11-26 03:43:04,391 epoch=8	global_step=3300	acc=0.1094	acc_avg=0.0942	loss=3.8539	loss_avg=3.7683	lr=0.0098	|gn|=3.1150	time=1.68it/s
2025-11-26 03:44:12,407 epoch=8	global_step=3400	acc=0.0938	acc_avg=0.0956	loss=3.6429	loss_avg=3.7624	lr=0.0098	|gn|=3.1326	time=1.68it/s
2025-11-26 03:45:20,341 epoch=8	global_step=3500	acc=0.0781	acc_avg=0.0947	loss=3.8745	loss_avg=3.7647	lr=0.0098	|gn|=3.6274	time=1.68it/s
2025-11-26 03:46:28,261 epoch=8	global_step=3600	acc=0.0938	acc_avg=0.0954	loss=3.9086	loss_avg=3.7586	lr=0.0098	|gn|=3.9789	time=1.68it/s
2025-11-26 03:46:52,082 ====================Eval Epoch 8====================
2025-11-26 03:46:55,925 epoch=8	global_step=3	acc=0.0690	acc_avg=0.0250	acc5=0.1638	acc5_avg=0.0770	loss=5.8564	loss_avg=6.3260	time=2.28it/s
2025-11-26 03:46:55,925 Eval Loss:6.3260	Eval acc: 2.50
2025-11-26 03:46:55,926 
2025-11-26 03:46:55,926 ====================Training Epoch 9====================
2025-11-26 03:47:41,245 epoch=9	global_step=3700	acc=0.0625	acc_avg=0.1022	loss=3.4630	loss_avg=3.6996	lr=0.0098	|gn|=2.7737	time=1.68it/s
2025-11-26 03:48:49,066 epoch=9	global_step=3800	acc=0.1406	acc_avg=0.1045	loss=3.5015	loss_avg=3.6968	lr=0.0098	|gn|=2.7731	time=1.68it/s
2025-11-26 03:49:56,908 epoch=9	global_step=3900	acc=0.0625	acc_avg=0.1044	loss=3.7708	loss_avg=3.6920	lr=0.0098	|gn|=3.0988	time=1.68it/s
2025-11-26 03:51:04,833 epoch=9	global_step=4000	acc=0.1406	acc_avg=0.1064	loss=3.5634	loss_avg=3.6844	lr=0.0098	|gn|=3.4545	time=1.68it/s
2025-11-26 03:51:31,357 ====================Eval Epoch 9====================
2025-11-26 03:51:35,199 epoch=9	global_step=3	acc=0.0302	acc_avg=0.0160	acc5=0.1250	acc5_avg=0.0800	loss=6.6614	loss_avg=7.2410	time=2.27it/s
2025-11-26 03:51:35,199 Eval Loss:7.2410	Eval acc: 1.60
2025-11-26 03:51:35,200 
2025-11-26 03:51:35,200 ====================Training Epoch 10====================
2025-11-26 03:52:17,658 epoch=10	global_step=4100	acc=0.0781	acc_avg=0.1142	loss=3.7632	loss_avg=3.6331	lr=0.0098	|gn|=2.8954	time=1.68it/s
2025-11-26 03:53:25,627 epoch=10	global_step=4200	acc=0.0781	acc_avg=0.1156	loss=3.7869	loss_avg=3.6347	lr=0.0098	|gn|=4.0292	time=1.68it/s
2025-11-26 03:54:33,551 epoch=10	global_step=4300	acc=0.1562	acc_avg=0.1157	loss=3.6119	loss_avg=3.6317	lr=0.0098	|gn|=3.0534	time=1.68it/s
2025-11-26 03:55:41,504 epoch=10	global_step=4400	acc=0.1406	acc_avg=0.1178	loss=3.4496	loss_avg=3.6114	lr=0.0098	|gn|=2.9542	time=1.68it/s
2025-11-26 03:56:10,826 ====================Eval Epoch 10====================
2025-11-26 03:56:14,720 epoch=10	global_step=3	acc=0.0086	acc_avg=0.0130	acc5=0.1379	acc5_avg=0.0600	loss=7.2785	loss_avg=7.7757	time=2.27it/s
2025-11-26 03:56:14,720 Eval Loss:7.7757	Eval acc: 1.30
2025-11-26 03:56:14,720 
2025-11-26 03:56:14,720 ====================Training Epoch 11====================
2025-11-26 03:56:54,658 epoch=11	global_step=4500	acc=0.1562	acc_avg=0.1302	loss=3.6732	loss_avg=3.5670	lr=0.0097	|gn|=3.3403	time=1.68it/s
2025-11-26 03:58:02,682 epoch=11	global_step=4600	acc=0.1719	acc_avg=0.1284	loss=3.2591	loss_avg=3.5626	lr=0.0097	|gn|=3.0151	time=1.68it/s
2025-11-26 03:59:10,583 epoch=11	global_step=4700	acc=0.0156	acc_avg=0.1288	loss=3.8394	loss_avg=3.5628	lr=0.0097	|gn|=3.8473	time=1.68it/s
2025-11-26 04:00:18,557 epoch=11	global_step=4800	acc=0.1562	acc_avg=0.1285	loss=3.4047	loss_avg=3.5576	lr=0.0097	|gn|=2.8686	time=1.68it/s
2025-11-26 04:00:50,589 ====================Eval Epoch 11====================
2025-11-26 04:00:54,503 epoch=11	global_step=3	acc=0.0431	acc_avg=0.0190	acc5=0.1422	acc5_avg=0.0630	loss=5.6264	loss_avg=5.7685	time=2.28it/s
2025-11-26 04:00:54,503 Eval Loss:5.7685	Eval acc: 1.90
2025-11-26 04:00:54,504 
2025-11-26 04:00:54,504 ====================Training Epoch 12====================
2025-11-26 04:01:31,613 epoch=12	global_step=4900	acc=0.1719	acc_avg=0.1362	loss=3.4874	loss_avg=3.5268	lr=0.0096	|gn|=2.7281	time=1.68it/s
2025-11-26 04:02:39,599 epoch=12	global_step=5000	acc=0.2344	acc_avg=0.1318	loss=3.1111	loss_avg=3.5346	lr=0.0096	|gn|=3.3364	time=1.68it/s
2025-11-26 04:03:47,717 epoch=12	global_step=5100	acc=0.1406	acc_avg=0.1354	loss=3.5689	loss_avg=3.5181	lr=0.0096	|gn|=3.5208	time=1.67it/s
2025-11-26 04:04:55,732 epoch=12	global_step=5200	acc=0.1406	acc_avg=0.1357	loss=3.5772	loss_avg=3.5122	lr=0.0096	|gn|=3.4228	time=1.68it/s
2025-11-26 04:05:30,494 ====================Eval Epoch 12====================
2025-11-26 04:05:34,386 epoch=12	global_step=3	acc=0.0388	acc_avg=0.0150	acc5=0.2328	acc5_avg=0.0820	loss=9.9334	loss_avg=12.0058	time=2.28it/s
2025-11-26 04:05:34,386 Eval Loss:12.0058	Eval acc: 1.50
2025-11-26 04:05:34,387 
2025-11-26 04:05:34,387 ====================Training Epoch 13====================
2025-11-26 04:06:08,758 epoch=13	global_step=5300	acc=0.1406	acc_avg=0.1473	loss=3.3073	loss_avg=3.4635	lr=0.0096	|gn|=3.0680	time=1.68it/s
2025-11-26 04:07:16,932 epoch=13	global_step=5400	acc=0.1719	acc_avg=0.1445	loss=3.3439	loss_avg=3.4452	lr=0.0096	|gn|=3.4030	time=1.68it/s
2025-11-26 04:08:24,967 epoch=13	global_step=5500	acc=0.2031	acc_avg=0.1434	loss=3.2683	loss_avg=3.4503	lr=0.0096	|gn|=3.5978	time=1.67it/s
2025-11-26 04:09:33,142 epoch=13	global_step=5600	acc=0.1094	acc_avg=0.1430	loss=3.6504	loss_avg=3.4521	lr=0.0096	|gn|=3.2932	time=1.67it/s
2025-11-26 04:10:10,657 ====================Eval Epoch 13====================
2025-11-26 04:10:14,520 epoch=13	global_step=3	acc=0.0388	acc_avg=0.0190	acc5=0.1509	acc5_avg=0.0800	loss=8.1266	loss_avg=9.5090	time=2.28it/s
2025-11-26 04:10:14,520 Eval Loss:9.5090	Eval acc: 1.90
2025-11-26 04:10:14,520 
2025-11-26 04:10:14,520 ====================Training Epoch 14====================
2025-11-26 04:10:46,198 epoch=14	global_step=5700	acc=0.1562	acc_avg=0.1556	loss=3.3384	loss_avg=3.3560	lr=0.0095	|gn|=3.1136	time=1.68it/s
2025-11-26 04:11:54,252 epoch=14	global_step=5800	acc=0.1875	acc_avg=0.1570	loss=3.3282	loss_avg=3.3889	lr=0.0095	|gn|=3.5669	time=1.68it/s
2025-11-26 04:13:02,170 epoch=14	global_step=5900	acc=0.1719	acc_avg=0.1563	loss=3.4925	loss_avg=3.3839	lr=0.0095	|gn|=3.4631	time=1.68it/s
2025-11-26 04:14:10,147 epoch=14	global_step=6000	acc=0.1562	acc_avg=0.1539	loss=3.2591	loss_avg=3.3886	lr=0.0095	|gn|=3.3141	time=1.68it/s
2025-11-26 04:14:50,312 ====================Eval Epoch 14====================
2025-11-26 04:14:54,206 epoch=14	global_step=3	acc=0.0862	acc_avg=0.0380	acc5=0.2241	acc5_avg=0.1110	loss=5.5941	loss_avg=6.9160	time=2.27it/s
2025-11-26 04:14:54,206 Eval Loss:6.9160	Eval acc: 3.80
2025-11-26 04:14:54,207 
2025-11-26 04:14:54,207 ====================Training Epoch 15====================
2025-11-26 04:15:23,211 epoch=15	global_step=6100	acc=0.1250	acc_avg=0.1570	loss=3.3939	loss_avg=3.3398	lr=0.0095	|gn|=3.7605	time=1.68it/s
2025-11-26 04:16:31,152 epoch=15	global_step=6200	acc=0.1719	acc_avg=0.1645	loss=3.1865	loss_avg=3.3544	lr=0.0095	|gn|=3.3682	time=1.68it/s
2025-11-26 04:17:39,094 epoch=15	global_step=6300	acc=0.0938	acc_avg=0.1656	loss=3.6103	loss_avg=3.3541	lr=0.0095	|gn|=4.1306	time=1.68it/s
2025-11-26 04:18:47,086 epoch=15	global_step=6400	acc=0.1094	acc_avg=0.1651	loss=3.5969	loss_avg=3.3435	lr=0.0095	|gn|=3.9413	time=1.68it/s
2025-11-26 04:19:30,031 ====================Eval Epoch 15====================
2025-11-26 04:19:33,855 epoch=15	global_step=3	acc=0.0517	acc_avg=0.0230	acc5=0.1509	acc5_avg=0.0800	loss=7.3611	loss_avg=8.7615	time=2.27it/s
2025-11-26 04:19:33,856 Eval Loss:8.7615	Eval acc: 2.30
2025-11-26 04:19:33,856 
2025-11-26 04:19:33,856 ====================Training Epoch 16====================
2025-11-26 04:20:00,227 epoch=16	global_step=6500	acc=0.1250	acc_avg=0.1499	loss=3.1893	loss_avg=3.3435	lr=0.0094	|gn|=3.1361	time=1.67it/s
2025-11-26 04:21:08,414 epoch=16	global_step=6600	acc=0.2188	acc_avg=0.1591	loss=3.2482	loss_avg=3.3416	lr=0.0094	|gn|=3.3726	time=1.68it/s
2025-11-26 04:22:16,408 epoch=16	global_step=6700	acc=0.1562	acc_avg=0.1648	loss=3.1916	loss_avg=3.3287	lr=0.0094	|gn|=3.4013	time=1.68it/s
2025-11-26 04:23:24,467 epoch=16	global_step=6800	acc=0.2031	acc_avg=0.1685	loss=3.1635	loss_avg=3.3123	lr=0.0094	|gn|=3.5707	time=1.67it/s
2025-11-26 04:24:10,196 ====================Eval Epoch 16====================
2025-11-26 04:24:14,068 epoch=16	global_step=3	acc=0.0216	acc_avg=0.0250	acc5=0.1509	acc5_avg=0.1050	loss=5.5085	loss_avg=6.2991	time=2.27it/s
2025-11-26 04:24:14,069 Eval Loss:6.2991	Eval acc: 2.50
2025-11-26 04:24:14,069 
2025-11-26 04:24:14,069 ====================Training Epoch 17====================
2025-11-26 04:24:37,685 epoch=17	global_step=6900	acc=0.1719	acc_avg=0.1733	loss=3.3438	loss_avg=3.2548	lr=0.0093	|gn|=3.5276	time=1.67it/s
2025-11-26 04:25:45,840 epoch=17	global_step=7000	acc=0.2500	acc_avg=0.1770	loss=3.0638	loss_avg=3.2771	lr=0.0093	|gn|=3.3864	time=1.67it/s
2025-11-26 04:26:53,923 epoch=17	global_step=7100	acc=0.1562	acc_avg=0.1791	loss=3.3927	loss_avg=3.2580	lr=0.0093	|gn|=3.6388	time=1.67it/s
2025-11-26 04:28:02,112 epoch=17	global_step=7200	acc=0.1406	acc_avg=0.1792	loss=3.3629	loss_avg=3.2482	lr=0.0093	|gn|=3.5217	time=1.67it/s
2025-11-26 04:28:50,468 ====================Eval Epoch 17====================
2025-11-26 04:28:54,376 epoch=17	global_step=3	acc=0.0517	acc_avg=0.0190	acc5=0.1552	acc5_avg=0.0930	loss=6.7588	loss_avg=8.1879	time=2.28it/s
2025-11-26 04:28:54,376 Eval Loss:8.1879	Eval acc: 1.90
2025-11-26 04:28:54,377 
2025-11-26 04:28:54,377 ====================Training Epoch 18====================
2025-11-26 04:29:15,231 epoch=18	global_step=7300	acc=0.2188	acc_avg=0.1918	loss=3.2536	loss_avg=3.1400	lr=0.0092	|gn|=3.4698	time=1.68it/s
2025-11-26 04:30:23,272 epoch=18	global_step=7400	acc=0.2656	acc_avg=0.1871	loss=2.9122	loss_avg=3.1767	lr=0.0092	|gn|=3.0995	time=1.68it/s
2025-11-26 04:31:31,309 epoch=18	global_step=7500	acc=0.2344	acc_avg=0.1910	loss=3.1547	loss_avg=3.1802	lr=0.0092	|gn|=3.3581	time=1.68it/s
2025-11-26 04:32:39,273 epoch=18	global_step=7600	acc=0.1094	acc_avg=0.1893	loss=3.4358	loss_avg=3.1885	lr=0.0092	|gn|=3.9190	time=1.68it/s
2025-11-26 04:33:30,402 ====================Eval Epoch 18====================
2025-11-26 04:33:34,291 epoch=18	global_step=3	acc=0.0388	acc_avg=0.0320	acc5=0.1509	acc5_avg=0.1160	loss=5.5754	loss_avg=6.0707	time=2.27it/s
2025-11-26 04:33:34,291 Eval Loss:6.0707	Eval acc: 3.20
2025-11-26 04:33:34,292 
2025-11-26 04:33:34,292 ====================Training Epoch 19====================
2025-11-26 04:33:52,407 epoch=19	global_step=7700	acc=0.1875	acc_avg=0.1963	loss=3.2039	loss_avg=3.1580	lr=0.0091	|gn|=3.2893	time=1.68it/s
2025-11-26 04:35:00,411 epoch=19	global_step=7800	acc=0.2188	acc_avg=0.1949	loss=3.1189	loss_avg=3.1714	lr=0.0091	|gn|=3.3774	time=1.68it/s
2025-11-26 04:36:08,461 epoch=19	global_step=7900	acc=0.0938	acc_avg=0.1936	loss=3.4427	loss_avg=3.1705	lr=0.0091	|gn|=3.9896	time=1.68it/s
2025-11-26 04:37:16,496 epoch=19	global_step=8000	acc=0.2500	acc_avg=0.2004	loss=2.9146	loss_avg=3.1457	lr=0.0091	|gn|=3.3580	time=1.67it/s
2025-11-26 04:38:10,387 ====================Eval Epoch 19====================
2025-11-26 04:38:14,297 epoch=19	global_step=3	acc=0.0086	acc_avg=0.0250	acc5=0.0690	acc5_avg=0.0930	loss=7.4456	loss_avg=7.8235	time=2.28it/s
2025-11-26 04:38:14,298 Eval Loss:7.8235	Eval acc: 2.50
2025-11-26 04:38:14,298 
2025-11-26 04:38:14,298 ====================Training Epoch 20====================
2025-11-26 04:38:29,619 epoch=20	global_step=8100	acc=0.2031	acc_avg=0.2210	loss=3.0611	loss_avg=3.0671	lr=0.0090	|gn|=3.0780	time=1.68it/s
2025-11-26 04:39:37,569 epoch=20	global_step=8200	acc=0.1875	acc_avg=0.2084	loss=3.1008	loss_avg=3.1006	lr=0.0090	|gn|=3.3782	time=1.67it/s
2025-11-26 04:40:45,623 epoch=20	global_step=8300	acc=0.2656	acc_avg=0.2084	loss=2.8373	loss_avg=3.1044	lr=0.0090	|gn|=3.7414	time=1.68it/s
2025-11-26 04:41:53,581 epoch=20	global_step=8400	acc=0.1719	acc_avg=0.2096	loss=3.0854	loss_avg=3.0976	lr=0.0090	|gn|=3.5009	time=1.67it/s
2025-11-26 04:42:50,092 ====================Eval Epoch 20====================
2025-11-26 04:42:53,981 epoch=20	global_step=3	acc=0.0086	acc_avg=0.0220	acc5=0.0603	acc5_avg=0.0910	loss=8.6962	loss_avg=8.7046	time=2.28it/s
2025-11-26 04:42:53,981 Eval Loss:8.7046	Eval acc: 2.20
2025-11-26 04:42:53,982 
2025-11-26 04:42:53,982 ====================Training Epoch 21====================
2025-11-26 04:43:06,622 epoch=21	global_step=8500	acc=0.2344	acc_avg=0.2270	loss=3.1210	loss_avg=3.0882	lr=0.0090	|gn|=3.3010	time=1.67it/s
2025-11-26 04:44:14,715 epoch=21	global_step=8600	acc=0.1719	acc_avg=0.2161	loss=3.3994	loss_avg=3.0925	lr=0.0090	|gn|=3.7875	time=1.68it/s
2025-11-26 04:45:22,704 epoch=21	global_step=8700	acc=0.1875	acc_avg=0.2168	loss=3.0934	loss_avg=3.0801	lr=0.0090	|gn|=3.7595	time=1.67it/s
2025-11-26 04:46:30,810 epoch=21	global_step=8800	acc=0.2500	acc_avg=0.2167	loss=3.1170	loss_avg=3.0688	lr=0.0090	|gn|=3.2927	time=1.68it/s
2025-11-26 04:47:30,083 ====================Eval Epoch 21====================
2025-11-26 04:47:33,965 epoch=21	global_step=3	acc=0.0000	acc_avg=0.0190	acc5=0.0733	acc5_avg=0.0900	loss=10.0445	loss_avg=10.8330	time=2.28it/s
2025-11-26 04:47:33,965 Eval Loss:10.8330	Eval acc: 1.90
2025-11-26 04:47:33,966 
2025-11-26 04:47:33,966 ====================Training Epoch 22====================
2025-11-26 04:47:43,857 epoch=22	global_step=8900	acc=0.2188	acc_avg=0.2476	loss=2.9168	loss_avg=2.9136	lr=0.0089	|gn|=3.8241	time=1.68it/s
2025-11-26 04:48:51,901 epoch=22	global_step=9000	acc=0.2812	acc_avg=0.2230	loss=2.9038	loss_avg=3.0017	lr=0.0089	|gn|=3.6140	time=1.68it/s
2025-11-26 04:49:59,960 epoch=22	global_step=9100	acc=0.2656	acc_avg=0.2250	loss=3.1086	loss_avg=3.0021	lr=0.0089	|gn|=3.7403	time=1.67it/s
2025-11-26 04:51:08,015 epoch=22	global_step=9200	acc=0.2500	acc_avg=0.2261	loss=3.1524	loss_avg=3.0103	lr=0.0089	|gn|=3.6179	time=1.67it/s
2025-11-26 04:52:09,964 ====================Eval Epoch 22====================
2025-11-26 04:52:13,838 epoch=22	global_step=3	acc=0.0302	acc_avg=0.0230	acc5=0.0905	acc5_avg=0.0770	loss=12.2436	loss_avg=14.0462	time=2.27it/s
2025-11-26 04:52:13,839 Eval Loss:14.0462	Eval acc: 2.30
2025-11-26 04:52:13,839 
2025-11-26 04:52:13,839 ====================Training Epoch 23====================
2025-11-26 04:52:21,031 epoch=23	global_step=9300	acc=0.2500	acc_avg=0.2118	loss=2.9459	loss_avg=3.1263	lr=0.0088	|gn|=3.1328	time=1.68it/s
2025-11-26 04:53:29,073 epoch=23	global_step=9400	acc=0.1875	acc_avg=0.2249	loss=3.0557	loss_avg=2.9948	lr=0.0088	|gn|=4.1826	time=1.68it/s
2025-11-26 04:54:37,008 epoch=23	global_step=9500	acc=0.2812	acc_avg=0.2292	loss=2.9025	loss_avg=2.9871	lr=0.0088	|gn|=4.3046	time=1.68it/s
2025-11-26 04:55:45,015 epoch=23	global_step=9600	acc=0.2969	acc_avg=0.2322	loss=2.7552	loss_avg=2.9752	lr=0.0088	|gn|=3.4374	time=1.68it/s
2025-11-26 04:56:49,652 ====================Eval Epoch 23====================
2025-11-26 04:56:53,521 epoch=23	global_step=3	acc=0.0000	acc_avg=0.0240	acc5=0.0647	acc5_avg=0.0760	loss=15.5823	loss_avg=15.2851	time=2.28it/s
2025-11-26 04:56:53,521 Eval Loss:15.2851	Eval acc: 2.40
2025-11-26 04:56:53,521 
2025-11-26 04:56:53,521 ====================Training Epoch 24====================
2025-11-26 04:56:58,031 epoch=24	global_step=9700	acc=0.1406	acc_avg=0.2375	loss=3.1310	loss_avg=2.8952	lr=0.0086	|gn|=3.5279	time=1.68it/s
2025-11-26 04:58:06,040 epoch=24	global_step=9800	acc=0.1875	acc_avg=0.2402	loss=3.1151	loss_avg=2.9462	lr=0.0086	|gn|=3.5329	time=1.68it/s
2025-11-26 04:59:14,083 epoch=24	global_step=9900	acc=0.2188	acc_avg=0.2395	loss=2.9467	loss_avg=2.9405	lr=0.0086	|gn|=3.7841	time=1.67it/s
2025-11-26 05:00:22,186 epoch=24	global_step=10000	acc=0.2500	acc_avg=0.2393	loss=2.8427	loss_avg=2.9382	lr=0.0086	|gn|=3.2404	time=1.67it/s
2025-11-26 05:01:29,590 ====================Eval Epoch 24====================
2025-11-26 05:01:33,482 epoch=24	global_step=3	acc=0.0086	acc_avg=0.0210	acc5=0.1034	acc5_avg=0.1180	loss=6.9985	loss_avg=7.4190	time=2.28it/s
2025-11-26 05:01:33,483 Eval Loss:7.4190	Eval acc: 2.10
2025-11-26 05:01:33,483 
2025-11-26 05:01:33,483 ====================Training Epoch 25====================
2025-11-26 05:01:35,258 epoch=25	global_step=10100	acc=0.3125	acc_avg=0.3125	loss=2.6867	loss_avg=2.6867	lr=0.0085	|gn|=3.5363	time=1.68it/s
2025-11-26 05:02:43,448 epoch=25	global_step=10200	acc=0.3281	acc_avg=0.2450	loss=2.7441	loss_avg=2.9029	lr=0.0085	|gn|=3.4166	time=1.68it/s
2025-11-26 05:03:51,429 epoch=25	global_step=10300	acc=0.2188	acc_avg=0.2435	loss=2.9216	loss_avg=2.9136	lr=0.0085	|gn|=4.1021	time=1.68it/s
2025-11-26 05:04:59,492 epoch=25	global_step=10400	acc=0.3125	acc_avg=0.2458	loss=2.8036	loss_avg=2.9206	lr=0.0085	|gn|=3.7755	time=1.67it/s
2025-11-26 05:06:07,469 epoch=25	global_step=10500	acc=0.2188	acc_avg=0.2478	loss=3.0456	loss_avg=2.9111	lr=0.0085	|gn|=4.0918	time=1.68it/s
2025-11-26 05:06:09,593 ====================Eval Epoch 25====================
2025-11-26 05:06:13,485 epoch=25	global_step=3	acc=0.0345	acc_avg=0.0300	acc5=0.1078	acc5_avg=0.1050	loss=5.3187	loss_avg=5.5738	time=2.28it/s
2025-11-26 05:06:13,486 Eval Loss:5.5738	Eval acc: 3.00
2025-11-26 05:06:13,486 
2025-11-26 05:06:13,486 ====================Training Epoch 26====================
2025-11-26 05:07:20,657 epoch=26	global_step=10600	acc=0.2812	acc_avg=0.2505	loss=2.5074	loss_avg=2.8696	lr=0.0084	|gn|=3.3881	time=1.68it/s
2025-11-26 05:08:28,687 epoch=26	global_step=10700	acc=0.2812	acc_avg=0.2513	loss=2.9608	loss_avg=2.8719	lr=0.0084	|gn|=3.9892	time=1.68it/s
2025-11-26 05:09:36,662 epoch=26	global_step=10800	acc=0.1875	acc_avg=0.2501	loss=3.2188	loss_avg=2.8731	lr=0.0084	|gn|=3.8752	time=1.68it/s
2025-11-26 05:10:44,708 epoch=26	global_step=10900	acc=0.2344	acc_avg=0.2508	loss=2.7294	loss_avg=2.8697	lr=0.0084	|gn|=3.5681	time=1.67it/s
2025-11-26 05:10:49,537 ====================Eval Epoch 26====================
2025-11-26 05:10:53,390 epoch=26	global_step=3	acc=0.0086	acc_avg=0.0170	acc5=0.1379	acc5_avg=0.0750	loss=6.8510	loss_avg=7.8150	time=2.27it/s
2025-11-26 05:10:53,390 Eval Loss:7.8150	Eval acc: 1.70
2025-11-26 05:10:53,391 
2025-11-26 05:10:53,391 ====================Training Epoch 27====================
2025-11-26 05:11:57,769 epoch=27	global_step=11000	acc=0.3281	acc_avg=0.2567	loss=2.7172	loss_avg=2.8369	lr=0.0083	|gn|=3.8237	time=1.68it/s
2025-11-26 05:13:05,764 epoch=27	global_step=11100	acc=0.2656	acc_avg=0.2566	loss=2.8825	loss_avg=2.8323	lr=0.0083	|gn|=3.7253	time=1.68it/s
2025-11-26 05:14:13,796 epoch=27	global_step=11200	acc=0.3438	acc_avg=0.2583	loss=2.6381	loss_avg=2.8320	lr=0.0083	|gn|=3.3821	time=1.68it/s
2025-11-26 05:15:21,779 epoch=27	global_step=11300	acc=0.2188	acc_avg=0.2597	loss=2.9359	loss_avg=2.8306	lr=0.0083	|gn|=3.9126	time=1.68it/s
2025-11-26 05:15:29,323 ====================Eval Epoch 27====================
2025-11-26 05:15:33,249 epoch=27	global_step=3	acc=0.0345	acc_avg=0.0300	acc5=0.1034	acc5_avg=0.0890	loss=8.9646	loss_avg=10.2435	time=2.28it/s
2025-11-26 05:15:33,249 Eval Loss:10.2435	Eval acc: 3.00
2025-11-26 05:15:33,250 
2025-11-26 05:15:33,250 ====================Training Epoch 28====================
2025-11-26 05:16:34,818 epoch=28	global_step=11400	acc=0.2500	acc_avg=0.2695	loss=2.4537	loss_avg=2.8071	lr=0.0082	|gn|=3.3874	time=1.68it/s
2025-11-26 05:17:42,844 epoch=28	global_step=11500	acc=0.3281	acc_avg=0.2658	loss=2.6476	loss_avg=2.8034	lr=0.0082	|gn|=3.9072	time=1.68it/s
2025-11-26 05:18:50,828 epoch=28	global_step=11600	acc=0.2656	acc_avg=0.2635	loss=2.7089	loss_avg=2.8159	lr=0.0082	|gn|=3.7659	time=1.68it/s
2025-11-26 05:19:58,854 epoch=28	global_step=11700	acc=0.2500	acc_avg=0.2656	loss=2.7560	loss_avg=2.8077	lr=0.0082	|gn|=3.7880	time=1.67it/s
2025-11-26 05:20:09,117 ====================Eval Epoch 28====================
2025-11-26 05:20:12,977 epoch=28	global_step=3	acc=0.0172	acc_avg=0.0280	acc5=0.0991	acc5_avg=0.0920	loss=6.2870	loss_avg=7.2938	time=2.27it/s
2025-11-26 05:20:12,977 Eval Loss:7.2938	Eval acc: 2.80
2025-11-26 05:20:12,978 
2025-11-26 05:20:12,978 ====================Training Epoch 29====================
2025-11-26 05:21:11,871 epoch=29	global_step=11800	acc=0.2344	acc_avg=0.2801	loss=2.9159	loss_avg=2.7622	lr=0.0081	|gn|=3.6975	time=1.68it/s
2025-11-26 05:22:19,888 epoch=29	global_step=11900	acc=0.2656	acc_avg=0.2786	loss=2.5360	loss_avg=2.7657	lr=0.0081	|gn|=3.6170	time=1.68it/s
2025-11-26 05:23:27,962 epoch=29	global_step=12000	acc=0.2812	acc_avg=0.2797	loss=2.8112	loss_avg=2.7567	lr=0.0081	|gn|=3.4667	time=1.68it/s
2025-11-26 05:24:36,077 epoch=29	global_step=12100	acc=0.3125	acc_avg=0.2807	loss=2.7929	loss_avg=2.7577	lr=0.0081	|gn|=3.6478	time=1.68it/s
2025-11-26 05:24:49,075 ====================Eval Epoch 29====================
2025-11-26 05:24:52,967 epoch=29	global_step=3	acc=0.0259	acc_avg=0.0200	acc5=0.1595	acc5_avg=0.0920	loss=6.3890	loss_avg=7.2441	time=2.28it/s
2025-11-26 05:24:52,967 Eval Loss:7.2441	Eval acc: 2.00
2025-11-26 05:24:52,967 
2025-11-26 05:24:52,967 ====================Training Epoch 30====================
2025-11-26 05:25:49,132 epoch=30	global_step=12200	acc=0.2969	acc_avg=0.2674	loss=2.7638	loss_avg=2.7123	lr=0.0079	|gn|=3.8433	time=1.68it/s
2025-11-26 05:26:57,122 epoch=30	global_step=12300	acc=0.3125	acc_avg=0.2753	loss=2.6467	loss_avg=2.7350	lr=0.0079	|gn|=3.8003	time=1.68it/s
2025-11-26 05:28:05,196 epoch=30	global_step=12400	acc=0.1875	acc_avg=0.2774	loss=2.7812	loss_avg=2.7412	lr=0.0079	|gn|=4.1025	time=1.68it/s
2025-11-26 05:29:13,194 epoch=30	global_step=12500	acc=0.2188	acc_avg=0.2794	loss=2.6609	loss_avg=2.7399	lr=0.0079	|gn|=3.6066	time=1.68it/s
2025-11-26 05:29:28,919 ====================Eval Epoch 30====================
2025-11-26 05:29:32,799 epoch=30	global_step=3	acc=0.0043	acc_avg=0.0180	acc5=0.0259	acc5_avg=0.0860	loss=16.5460	loss_avg=15.8748	time=2.28it/s
2025-11-26 05:29:32,800 Eval Loss:15.8748	Eval acc: 1.80
2025-11-26 05:29:32,800 
2025-11-26 05:29:32,800 ====================Training Epoch 31====================
2025-11-26 05:30:26,220 epoch=31	global_step=12600	acc=0.2500	acc_avg=0.2959	loss=2.7742	loss_avg=2.6531	lr=0.0078	|gn|=3.9264	time=1.67it/s
2025-11-26 05:31:34,242 epoch=31	global_step=12700	acc=0.2500	acc_avg=0.2939	loss=2.9059	loss_avg=2.6900	lr=0.0078	|gn|=4.3108	time=1.68it/s
2025-11-26 05:32:42,216 epoch=31	global_step=12800	acc=0.3438	acc_avg=0.2935	loss=2.6382	loss_avg=2.6950	lr=0.0078	|gn|=3.9279	time=1.68it/s
2025-11-26 05:33:50,269 epoch=31	global_step=12900	acc=0.2656	acc_avg=0.2937	loss=2.5594	loss_avg=2.6924	lr=0.0078	|gn|=3.9100	time=1.68it/s
2025-11-26 05:34:08,706 ====================Eval Epoch 31====================
2025-11-26 05:34:12,586 epoch=31	global_step=3	acc=0.0172	acc_avg=0.0230	acc5=0.1207	acc5_avg=0.1180	loss=8.1949	loss_avg=7.9518	time=2.28it/s
2025-11-26 05:34:12,586 Eval Loss:7.9518	Eval acc: 2.30
2025-11-26 05:34:12,586 
2025-11-26 05:34:12,586 ====================Training Epoch 32====================
2025-11-26 05:35:03,351 epoch=32	global_step=13000	acc=0.4219	acc_avg=0.2930	loss=2.4719	loss_avg=2.6845	lr=0.0077	|gn|=4.3009	time=1.68it/s
2025-11-26 05:36:11,389 epoch=32	global_step=13100	acc=0.2656	acc_avg=0.2993	loss=3.0434	loss_avg=2.6588	lr=0.0077	|gn|=4.5284	time=1.68it/s
2025-11-26 05:37:19,376 epoch=32	global_step=13200	acc=0.3750	acc_avg=0.2978	loss=2.3617	loss_avg=2.6607	lr=0.0077	|gn|=3.4705	time=1.67it/s
2025-11-26 05:38:27,343 epoch=32	global_step=13300	acc=0.4062	acc_avg=0.2967	loss=2.4052	loss_avg=2.6662	lr=0.0077	|gn|=3.4329	time=1.68it/s
2025-11-26 05:38:48,531 ====================Eval Epoch 32====================
2025-11-26 05:38:52,407 epoch=32	global_step=3	acc=0.0345	acc_avg=0.0240	acc5=0.0560	acc5_avg=0.0930	loss=8.8425	loss_avg=9.1188	time=2.28it/s
2025-11-26 05:38:52,407 Eval Loss:9.1188	Eval acc: 2.40
2025-11-26 05:38:52,408 
2025-11-26 05:38:52,408 ====================Training Epoch 33====================
2025-11-26 05:39:40,588 epoch=33	global_step=13400	acc=0.2656	acc_avg=0.3034	loss=2.5673	loss_avg=2.6449	lr=0.0075	|gn|=4.6818	time=1.68it/s
2025-11-26 05:40:48,617 epoch=33	global_step=13500	acc=0.2500	acc_avg=0.3008	loss=2.9552	loss_avg=2.6596	lr=0.0075	|gn|=4.1982	time=1.67it/s
2025-11-26 05:41:56,727 epoch=33	global_step=13600	acc=0.2812	acc_avg=0.2993	loss=2.6250	loss_avg=2.6517	lr=0.0075	|gn|=3.8982	time=1.67it/s
2025-11-26 05:43:04,799 epoch=33	global_step=13700	acc=0.3594	acc_avg=0.3000	loss=2.5006	loss_avg=2.6529	lr=0.0075	|gn|=3.5925	time=1.67it/s
2025-11-26 05:43:28,707 ====================Eval Epoch 33====================
2025-11-26 05:43:32,735 epoch=33	global_step=3	acc=0.0259	acc_avg=0.0280	acc5=0.1595	acc5_avg=0.1260	loss=5.4474	loss_avg=6.0407	time=2.28it/s
2025-11-26 05:43:32,735 Eval Loss:6.0407	Eval acc: 2.80
2025-11-26 05:43:32,735 
2025-11-26 05:43:32,736 ====================Training Epoch 34====================
2025-11-26 05:44:18,116 epoch=34	global_step=13800	acc=0.2500	acc_avg=0.3026	loss=2.7106	loss_avg=2.6452	lr=0.0074	|gn|=4.0148	time=1.68it/s
2025-11-26 05:45:26,270 epoch=34	global_step=13900	acc=0.2344	acc_avg=0.3033	loss=2.9820	loss_avg=2.6352	lr=0.0074	|gn|=4.1723	time=1.68it/s
2025-11-26 05:46:34,545 epoch=34	global_step=14000	acc=0.3594	acc_avg=0.3071	loss=2.5657	loss_avg=2.6220	lr=0.0074	|gn|=4.1534	time=1.68it/s
2025-11-26 05:47:42,968 epoch=34	global_step=14100	acc=0.3125	acc_avg=0.3090	loss=2.7436	loss_avg=2.6110	lr=0.0074	|gn|=4.3739	time=1.68it/s
2025-11-26 05:48:09,625 ====================Eval Epoch 34====================
2025-11-26 05:48:13,532 epoch=34	global_step=3	acc=0.0302	acc_avg=0.0320	acc5=0.1121	acc5_avg=0.1050	loss=6.6495	loss_avg=6.8637	time=2.28it/s
2025-11-26 05:48:13,532 Eval Loss:6.8637	Eval acc: 3.20
2025-11-26 05:48:13,532 
2025-11-26 05:48:13,533 ====================Training Epoch 35====================
2025-11-26 05:48:56,412 epoch=35	global_step=14200	acc=0.2344	acc_avg=0.3051	loss=2.9798	loss_avg=2.5949	lr=0.0073	|gn|=4.3040	time=1.68it/s
2025-11-26 05:50:04,657 epoch=35	global_step=14300	acc=0.2969	acc_avg=0.3129	loss=2.4943	loss_avg=2.5829	lr=0.0073	|gn|=4.2087	time=1.68it/s
2025-11-26 05:51:12,939 epoch=35	global_step=14400	acc=0.4375	acc_avg=0.3148	loss=2.2574	loss_avg=2.5749	lr=0.0073	|gn|=3.4693	time=1.68it/s
2025-11-26 05:52:21,280 epoch=35	global_step=14500	acc=0.3438	acc_avg=0.3136	loss=2.4691	loss_avg=2.5789	lr=0.0073	|gn|=4.2213	time=1.68it/s
2025-11-26 05:52:50,734 ====================Eval Epoch 35====================
2025-11-26 05:52:54,682 epoch=35	global_step=3	acc=0.0216	acc_avg=0.0180	acc5=0.0431	acc5_avg=0.0730	loss=9.1642	loss_avg=9.1769	time=2.28it/s
2025-11-26 05:52:54,682 Eval Loss:9.1769	Eval acc: 1.80
2025-11-26 05:52:54,683 
2025-11-26 05:52:54,683 ====================Training Epoch 36====================
2025-11-26 05:53:34,752 epoch=36	global_step=14600	acc=0.3125	acc_avg=0.3040	loss=2.6414	loss_avg=2.6002	lr=0.0071	|gn|=4.1845	time=1.68it/s
2025-11-26 05:54:43,144 epoch=36	global_step=14700	acc=0.2969	acc_avg=0.3146	loss=2.6519	loss_avg=2.5835	lr=0.0071	|gn|=4.2925	time=1.68it/s
2025-11-26 05:55:51,634 epoch=36	global_step=14800	acc=0.3125	acc_avg=0.3158	loss=2.5531	loss_avg=2.5803	lr=0.0071	|gn|=4.1763	time=1.68it/s
2025-11-26 05:57:00,044 epoch=36	global_step=14900	acc=0.3281	acc_avg=0.3165	loss=2.5023	loss_avg=2.5760	lr=0.0071	|gn|=4.2427	time=1.68it/s
2025-11-26 05:57:32,313 ====================Eval Epoch 36====================
2025-11-26 05:57:36,189 epoch=36	global_step=3	acc=0.0388	acc_avg=0.0310	acc5=0.1164	acc5_avg=0.1090	loss=7.3386	loss_avg=7.8803	time=2.27it/s
2025-11-26 05:57:36,189 Eval Loss:7.8803	Eval acc: 3.10
2025-11-26 05:57:36,190 
2025-11-26 05:57:36,190 ====================Training Epoch 37====================
2025-11-26 05:58:13,405 epoch=37	global_step=15000	acc=0.2812	acc_avg=0.3246	loss=2.5019	loss_avg=2.5392	lr=0.0070	|gn|=4.4247	time=1.68it/s
2025-11-26 05:59:21,889 epoch=37	global_step=15100	acc=0.3125	acc_avg=0.3184	loss=2.3935	loss_avg=2.5581	lr=0.0070	|gn|=3.7752	time=1.68it/s
2025-11-26 06:00:30,257 epoch=37	global_step=15200	acc=0.3281	acc_avg=0.3229	loss=2.3265	loss_avg=2.5493	lr=0.0070	|gn|=3.6284	time=1.68it/s
2025-11-26 06:01:38,473 epoch=37	global_step=15300	acc=0.4375	acc_avg=0.3249	loss=2.3438	loss_avg=2.5362	lr=0.0070	|gn|=3.7391	time=1.68it/s
2025-11-26 06:02:13,439 ====================Eval Epoch 37====================
2025-11-26 06:02:17,331 epoch=37	global_step=3	acc=0.0345	acc_avg=0.0260	acc5=0.1164	acc5_avg=0.1100	loss=11.5272	loss_avg=12.3007	time=2.28it/s
2025-11-26 06:02:17,331 Eval Loss:12.3007	Eval acc: 2.60
2025-11-26 06:02:17,331 
2025-11-26 06:02:17,332 ====================Training Epoch 38====================
2025-11-26 06:02:52,034 epoch=38	global_step=15400	acc=0.2656	acc_avg=0.3304	loss=2.4062	loss_avg=2.5022	lr=0.0068	|gn|=3.9021	time=1.68it/s
2025-11-26 06:04:00,525 epoch=38	global_step=15500	acc=0.2656	acc_avg=0.3288	loss=2.4922	loss_avg=2.5087	lr=0.0068	|gn|=3.7818	time=1.68it/s
2025-11-26 06:05:08,749 epoch=38	global_step=15600	acc=0.4219	acc_avg=0.3342	loss=2.3619	loss_avg=2.4997	lr=0.0068	|gn|=3.7934	time=1.68it/s
2025-11-26 06:06:17,360 epoch=38	global_step=15700	acc=0.2812	acc_avg=0.3319	loss=2.7375	loss_avg=2.5035	lr=0.0068	|gn|=4.3337	time=1.68it/s
2025-11-26 06:06:54,990 ====================Eval Epoch 38====================
2025-11-26 06:06:58,945 epoch=38	global_step=3	acc=0.0172	acc_avg=0.0200	acc5=0.0560	acc5_avg=0.0810	loss=8.6973	loss_avg=9.4223	time=2.28it/s
2025-11-26 06:06:58,946 Eval Loss:9.4223	Eval acc: 2.00
2025-11-26 06:06:58,946 
2025-11-26 06:06:58,946 ====================Training Epoch 39====================
2025-11-26 06:07:30,735 epoch=39	global_step=15800	acc=0.3125	acc_avg=0.3247	loss=2.6563	loss_avg=2.5036	lr=0.0067	|gn|=4.7049	time=1.68it/s
2025-11-26 06:08:39,201 epoch=39	global_step=15900	acc=0.3281	acc_avg=0.3277	loss=2.5725	loss_avg=2.5149	lr=0.0067	|gn|=4.4707	time=1.67it/s
2025-11-26 06:09:47,626 epoch=39	global_step=16000	acc=0.2969	acc_avg=0.3294	loss=2.4773	loss_avg=2.5015	lr=0.0067	|gn|=4.7602	time=1.68it/s
2025-11-26 06:10:55,944 epoch=39	global_step=16100	acc=0.2031	acc_avg=0.3335	loss=2.8491	loss_avg=2.4806	lr=0.0067	|gn|=4.3723	time=1.68it/s
2025-11-26 06:11:36,275 ====================Eval Epoch 39====================
2025-11-26 06:11:40,168 epoch=39	global_step=3	acc=0.0474	acc_avg=0.0220	acc5=0.1078	acc5_avg=0.0870	loss=14.0516	loss_avg=13.3119	time=2.28it/s
2025-11-26 06:11:40,169 Eval Loss:13.3119	Eval acc: 2.20
2025-11-26 06:11:40,169 
2025-11-26 06:11:40,169 ====================Training Epoch 40====================
2025-11-26 06:12:09,400 epoch=40	global_step=16200	acc=0.3125	acc_avg=0.3380	loss=2.5223	loss_avg=2.4920	lr=0.0065	|gn|=4.1953	time=1.68it/s
2025-11-26 06:13:17,701 epoch=40	global_step=16300	acc=0.3594	acc_avg=0.3390	loss=2.3965	loss_avg=2.4787	lr=0.0065	|gn|=3.8636	time=1.68it/s
2025-11-26 06:14:25,781 epoch=40	global_step=16400	acc=0.3281	acc_avg=0.3387	loss=2.3696	loss_avg=2.4801	lr=0.0065	|gn|=4.3603	time=1.68it/s
2025-11-26 06:15:34,305 epoch=40	global_step=16500	acc=0.2969	acc_avg=0.3413	loss=2.9014	loss_avg=2.4656	lr=0.0065	|gn|=5.2414	time=1.68it/s
2025-11-26 06:16:17,452 ====================Eval Epoch 40====================
2025-11-26 06:16:21,427 epoch=40	global_step=3	acc=0.0905	acc_avg=0.0610	acc5=0.2888	acc5_avg=0.2170	loss=5.5606	loss_avg=5.7792	time=2.28it/s
2025-11-26 06:16:21,427 Eval Loss:5.7792	Eval acc: 6.10
2025-11-26 06:16:21,428 
2025-11-26 06:16:21,428 ====================Training Epoch 41====================
2025-11-26 06:16:47,985 epoch=41	global_step=16600	acc=0.3438	acc_avg=0.3560	loss=2.4903	loss_avg=2.4257	lr=0.0064	|gn|=4.5515	time=1.68it/s
2025-11-26 06:17:56,374 epoch=41	global_step=16700	acc=0.3438	acc_avg=0.3427	loss=2.4152	loss_avg=2.4483	lr=0.0064	|gn|=3.9474	time=1.68it/s
2025-11-26 06:19:04,682 epoch=41	global_step=16800	acc=0.3281	acc_avg=0.3492	loss=2.4249	loss_avg=2.4286	lr=0.0064	|gn|=4.1461	time=1.68it/s
2025-11-26 06:20:12,818 epoch=41	global_step=16900	acc=0.3125	acc_avg=0.3460	loss=2.3450	loss_avg=2.4396	lr=0.0064	|gn|=3.9021	time=1.68it/s
2025-11-26 06:20:58,716 ====================Eval Epoch 41====================
2025-11-26 06:21:02,913 epoch=41	global_step=3	acc=0.0776	acc_avg=0.0570	acc5=0.2112	acc5_avg=0.1720	loss=5.9954	loss_avg=6.2384	time=2.28it/s
2025-11-26 06:21:02,914 Eval Loss:6.2384	Eval acc: 5.70
2025-11-26 06:21:02,914 
2025-11-26 06:21:02,914 ====================Training Epoch 42====================
2025-11-26 06:21:26,648 epoch=42	global_step=17000	acc=0.3438	acc_avg=0.3532	loss=2.4518	loss_avg=2.4074	lr=0.0062	|gn|=4.5189	time=1.68it/s
2025-11-26 06:22:35,063 epoch=42	global_step=17100	acc=0.4219	acc_avg=0.3506	loss=2.1212	loss_avg=2.4102	lr=0.0062	|gn|=3.7443	time=1.68it/s
2025-11-26 06:23:43,350 epoch=42	global_step=17200	acc=0.2812	acc_avg=0.3503	loss=2.5453	loss_avg=2.4099	lr=0.0062	|gn|=4.7515	time=1.68it/s
2025-11-26 06:24:51,975 epoch=42	global_step=17300	acc=0.3594	acc_avg=0.3498	loss=2.3343	loss_avg=2.4195	lr=0.0062	|gn|=4.3879	time=1.68it/s
2025-11-26 06:25:40,569 ====================Eval Epoch 42====================
2025-11-26 06:25:44,611 epoch=42	global_step=3	acc=0.0172	acc_avg=0.0210	acc5=0.0345	acc5_avg=0.0880	loss=10.7164	loss_avg=11.1243	time=2.28it/s
2025-11-26 06:25:44,612 Eval Loss:11.1243	Eval acc: 2.10
2025-11-26 06:25:44,613 
2025-11-26 06:25:44,613 ====================Training Epoch 43====================
2025-11-26 06:26:05,833 epoch=43	global_step=17400	acc=0.3281	acc_avg=0.3648	loss=2.6332	loss_avg=2.3648	lr=0.0061	|gn|=4.4713	time=1.68it/s
2025-11-26 06:27:14,356 epoch=43	global_step=17500	acc=0.3906	acc_avg=0.3565	loss=2.3524	loss_avg=2.3801	lr=0.0061	|gn|=4.8568	time=1.68it/s
2025-11-26 06:28:22,753 epoch=43	global_step=17600	acc=0.4062	acc_avg=0.3534	loss=2.1346	loss_avg=2.3956	lr=0.0061	|gn|=4.0702	time=1.67it/s
2025-11-26 06:29:31,188 epoch=43	global_step=17700	acc=0.2812	acc_avg=0.3542	loss=2.6256	loss_avg=2.3938	lr=0.0061	|gn|=4.3478	time=1.68it/s
2025-11-26 06:30:22,656 ====================Eval Epoch 43====================
2025-11-26 06:30:26,622 epoch=43	global_step=3	acc=0.0474	acc_avg=0.0460	acc5=0.1638	acc5_avg=0.1500	loss=9.4477	loss_avg=9.0323	time=2.27it/s
2025-11-26 06:30:26,623 Eval Loss:9.0323	Eval acc: 4.60
2025-11-26 06:30:26,623 
2025-11-26 06:30:26,623 ====================Training Epoch 44====================
2025-11-26 06:30:44,771 epoch=44	global_step=17800	acc=0.3125	acc_avg=0.3500	loss=2.1631	loss_avg=2.3762	lr=0.0059	|gn|=4.0927	time=1.68it/s
2025-11-26 06:31:53,056 epoch=44	global_step=17900	acc=0.4688	acc_avg=0.3646	loss=2.0997	loss_avg=2.3482	lr=0.0059	|gn|=3.7441	time=1.68it/s
2025-11-26 06:33:01,352 epoch=44	global_step=18000	acc=0.3594	acc_avg=0.3648	loss=2.3973	loss_avg=2.3549	lr=0.0059	|gn|=4.6506	time=1.67it/s
2025-11-26 06:34:09,695 epoch=44	global_step=18100	acc=0.3438	acc_avg=0.3669	loss=2.2943	loss_avg=2.3474	lr=0.0059	|gn|=3.9740	time=1.68it/s
2025-11-26 06:35:03,657 ====================Eval Epoch 44====================
2025-11-26 06:35:07,581 epoch=44	global_step=3	acc=0.0043	acc_avg=0.0150	acc5=0.0302	acc5_avg=0.0650	loss=29.2406	loss_avg=27.9045	time=2.28it/s
2025-11-26 06:35:07,582 Eval Loss:27.9045	Eval acc: 1.50
2025-11-26 06:35:07,582 
2025-11-26 06:35:07,582 ====================Training Epoch 45====================
2025-11-26 06:35:23,121 epoch=45	global_step=18200	acc=0.3281	acc_avg=0.3452	loss=2.2277	loss_avg=2.4049	lr=0.0058	|gn|=4.7840	time=1.68it/s
2025-11-26 06:36:32,061 epoch=45	global_step=18300	acc=0.2500	acc_avg=0.3609	loss=2.4491	loss_avg=2.3402	lr=0.0058	|gn|=4.8248	time=1.68it/s
2025-11-26 06:37:40,553 epoch=45	global_step=18400	acc=0.4844	acc_avg=0.3620	loss=2.0840	loss_avg=2.3486	lr=0.0058	|gn|=3.7950	time=1.68it/s
2025-11-26 06:38:49,064 epoch=45	global_step=18500	acc=0.2969	acc_avg=0.3592	loss=2.5043	loss_avg=2.3582	lr=0.0058	|gn|=4.4453	time=1.68it/s
2025-11-26 06:39:45,947 ====================Eval Epoch 45====================
2025-11-26 06:39:49,849 epoch=45	global_step=3	acc=0.0216	acc_avg=0.0250	acc5=0.0647	acc5_avg=0.0940	loss=16.3274	loss_avg=15.2871	time=2.28it/s
2025-11-26 06:39:49,849 Eval Loss:15.2871	Eval acc: 2.50
2025-11-26 06:39:49,850 
2025-11-26 06:39:49,850 ====================Training Epoch 46====================
2025-11-26 06:40:02,691 epoch=46	global_step=18600	acc=0.3906	acc_avg=0.3787	loss=2.3022	loss_avg=2.2824	lr=0.0056	|gn|=4.4604	time=1.68it/s
2025-11-26 06:41:11,380 epoch=46	global_step=18700	acc=0.3281	acc_avg=0.3733	loss=2.4395	loss_avg=2.3214	lr=0.0056	|gn|=4.5868	time=1.68it/s
2025-11-26 06:42:19,774 epoch=46	global_step=18800	acc=0.4062	acc_avg=0.3690	loss=2.1677	loss_avg=2.3148	lr=0.0056	|gn|=4.2289	time=1.67it/s
2025-11-26 06:43:28,025 epoch=46	global_step=18900	acc=0.2500	acc_avg=0.3689	loss=2.7010	loss_avg=2.3196	lr=0.0056	|gn|=4.8088	time=1.68it/s
2025-11-26 06:44:27,552 ====================Eval Epoch 46====================
2025-11-26 06:44:31,552 epoch=46	global_step=3	acc=0.0216	acc_avg=0.0240	acc5=0.0991	acc5_avg=0.0980	loss=18.4318	loss_avg=18.6079	time=2.27it/s
2025-11-26 06:44:31,553 Eval Loss:18.6079	Eval acc: 2.40
2025-11-26 06:44:31,553 
2025-11-26 06:44:31,553 ====================Training Epoch 47====================
2025-11-26 06:44:41,610 epoch=47	global_step=19000	acc=0.3594	acc_avg=0.3582	loss=2.3356	loss_avg=2.3237	lr=0.0055	|gn|=4.5541	time=1.68it/s
2025-11-26 06:45:50,181 epoch=47	global_step=19100	acc=0.4062	acc_avg=0.3738	loss=2.2533	loss_avg=2.2919	lr=0.0055	|gn|=4.3302	time=1.68it/s
2025-11-26 06:46:58,665 epoch=47	global_step=19200	acc=0.4062	acc_avg=0.3740	loss=2.2280	loss_avg=2.2965	lr=0.0055	|gn|=4.2126	time=1.68it/s
2025-11-26 06:48:07,107 epoch=47	global_step=19300	acc=0.4688	acc_avg=0.3747	loss=2.0683	loss_avg=2.2964	lr=0.0055	|gn|=4.2783	time=1.68it/s
2025-11-26 06:49:09,531 ====================Eval Epoch 47====================
2025-11-26 06:49:13,579 epoch=47	global_step=3	acc=0.0517	acc_avg=0.0410	acc5=0.2241	acc5_avg=0.1560	loss=5.9258	loss_avg=6.8594	time=2.27it/s
2025-11-26 06:49:13,579 Eval Loss:6.8594	Eval acc: 4.10
2025-11-26 06:49:13,580 
2025-11-26 06:49:13,580 ====================Training Epoch 48====================
2025-11-26 06:49:20,996 epoch=48	global_step=19400	acc=0.3594	acc_avg=0.4010	loss=2.2973	loss_avg=2.2021	lr=0.0053	|gn|=4.4866	time=1.68it/s
2025-11-26 06:50:29,422 epoch=48	global_step=19500	acc=0.3438	acc_avg=0.3784	loss=2.3028	loss_avg=2.2931	lr=0.0053	|gn|=4.4384	time=1.67it/s
2025-11-26 06:51:37,875 epoch=48	global_step=19600	acc=0.4375	acc_avg=0.3820	loss=2.0583	loss_avg=2.2879	lr=0.0053	|gn|=3.9849	time=1.68it/s
2025-11-26 06:52:46,304 epoch=48	global_step=19700	acc=0.3594	acc_avg=0.3794	loss=2.5417	loss_avg=2.2848	lr=0.0053	|gn|=5.1086	time=1.68it/s
2025-11-26 06:53:51,342 ====================Eval Epoch 48====================
2025-11-26 06:53:55,304 epoch=48	global_step=3	acc=0.0948	acc_avg=0.0500	acc5=0.2802	acc5_avg=0.1710	loss=10.4276	loss_avg=11.4025	time=2.28it/s
2025-11-26 06:53:55,305 Eval Loss:11.4025	Eval acc: 5.00
2025-11-26 06:53:55,305 
2025-11-26 06:53:55,305 ====================Training Epoch 49====================
2025-11-26 06:53:59,815 epoch=49	global_step=19800	acc=0.3906	acc_avg=0.3594	loss=2.4146	loss_avg=2.2537	lr=0.0052	|gn|=4.9706	time=1.68it/s
2025-11-26 06:55:08,277 epoch=49	global_step=19900	acc=0.3594	acc_avg=0.3833	loss=2.3680	loss_avg=2.2465	lr=0.0052	|gn|=5.0123	time=1.68it/s
2025-11-26 06:56:16,624 epoch=49	global_step=20000	acc=0.3438	acc_avg=0.3794	loss=2.3489	loss_avg=2.2666	lr=0.0052	|gn|=4.5359	time=1.67it/s
2025-11-26 06:57:25,162 epoch=49	global_step=20100	acc=0.4688	acc_avg=0.3820	loss=1.9280	loss_avg=2.2589	lr=0.0052	|gn|=4.1873	time=1.68it/s
2025-11-26 06:58:33,363 ====================Eval Epoch 49====================
2025-11-26 06:58:37,348 epoch=49	global_step=3	acc=0.0474	acc_avg=0.0300	acc5=0.1724	acc5_avg=0.1490	loss=18.8520	loss_avg=19.1927	time=2.28it/s
2025-11-26 06:58:37,348 Eval Loss:19.1927	Eval acc: 3.00
2025-11-26 06:58:37,348 
2025-11-26 06:58:37,349 ====================Training Epoch 50====================
2025-11-26 06:58:39,184 epoch=50	global_step=20200	acc=0.3281	acc_avg=0.3281	loss=2.3635	loss_avg=2.3635	lr=0.0050	|gn|=4.7887	time=1.67it/s
2025-11-26 06:59:47,509 epoch=50	global_step=20300	acc=0.3594	acc_avg=0.3868	loss=2.4150	loss_avg=2.2397	lr=0.0050	|gn|=4.9472	time=1.68it/s
2025-11-26 07:00:55,663 epoch=50	global_step=20400	acc=0.4375	acc_avg=0.3894	loss=1.9587	loss_avg=2.2323	lr=0.0050	|gn|=4.1592	time=1.67it/s
2025-11-26 07:02:03,985 epoch=50	global_step=20500	acc=0.3281	acc_avg=0.3892	loss=2.6527	loss_avg=2.2406	lr=0.0050	|gn|=5.1228	time=1.68it/s
2025-11-26 07:03:12,296 epoch=50	global_step=20600	acc=0.5000	acc_avg=0.3893	loss=2.0866	loss_avg=2.2430	lr=0.0050	|gn|=4.5597	time=1.68it/s
2025-11-26 07:03:14,414 ====================Eval Epoch 50====================
2025-11-26 07:03:18,367 epoch=50	global_step=3	acc=0.0043	acc_avg=0.0130	acc5=0.1207	acc5_avg=0.0680	loss=275.5956	loss_avg=239.6072	time=2.27it/s
2025-11-26 07:03:18,368 Eval Loss:239.6072	Eval acc: 1.30
2025-11-26 07:03:18,368 
2025-11-26 07:03:18,368 ====================Training Epoch 51====================
2025-11-26 07:04:25,993 epoch=51	global_step=20700	acc=0.4531	acc_avg=0.4032	loss=2.0361	loss_avg=2.1913	lr=0.0048	|gn|=4.7903	time=1.67it/s
2025-11-26 07:05:34,453 epoch=51	global_step=20800	acc=0.4219	acc_avg=0.4005	loss=2.2171	loss_avg=2.2204	lr=0.0048	|gn|=4.9521	time=1.67it/s
2025-11-26 07:06:42,879 epoch=51	global_step=20900	acc=0.4219	acc_avg=0.3998	loss=2.2039	loss_avg=2.2208	lr=0.0048	|gn|=4.8082	time=1.68it/s
2025-11-26 07:07:51,122 epoch=51	global_step=21000	acc=0.3438	acc_avg=0.3983	loss=2.5201	loss_avg=2.2180	lr=0.0048	|gn|=4.5849	time=1.68it/s
2025-11-26 07:07:55,982 ====================Eval Epoch 51====================
2025-11-26 07:07:59,895 epoch=51	global_step=3	acc=0.0259	acc_avg=0.0200	acc5=0.1207	acc5_avg=0.0940	loss=31.1411	loss_avg=32.7645	time=2.28it/s
2025-11-26 07:07:59,895 Eval Loss:32.7645	Eval acc: 2.00
2025-11-26 07:07:59,896 
2025-11-26 07:07:59,896 ====================Training Epoch 52====================
2025-11-26 07:09:04,632 epoch=52	global_step=21100	acc=0.4219	acc_avg=0.3955	loss=2.1171	loss_avg=2.1870	lr=0.0047	|gn|=4.4628	time=1.68it/s
2025-11-26 07:10:12,978 epoch=52	global_step=21200	acc=0.4062	acc_avg=0.3984	loss=2.2348	loss_avg=2.1863	lr=0.0047	|gn|=4.5039	time=1.68it/s
2025-11-26 07:11:21,187 epoch=52	global_step=21300	acc=0.2969	acc_avg=0.3956	loss=2.6966	loss_avg=2.1940	lr=0.0047	|gn|=5.0795	time=1.68it/s
2025-11-26 07:12:29,570 epoch=52	global_step=21400	acc=0.3750	acc_avg=0.3977	loss=2.2813	loss_avg=2.1970	lr=0.0047	|gn|=4.8098	time=1.68it/s
2025-11-26 07:12:37,175 ====================Eval Epoch 52====================
2025-11-26 07:12:41,206 epoch=52	global_step=3	acc=0.0733	acc_avg=0.0460	acc5=0.2155	acc5_avg=0.1700	loss=7.6981	loss_avg=7.7289	time=2.28it/s
2025-11-26 07:12:41,207 Eval Loss:7.7289	Eval acc: 4.60
2025-11-26 07:12:41,207 
2025-11-26 07:12:41,207 ====================Training Epoch 53====================
2025-11-26 07:13:43,198 epoch=53	global_step=21500	acc=0.4219	acc_avg=0.4205	loss=2.1708	loss_avg=2.1477	lr=0.0045	|gn|=5.4194	time=1.68it/s
2025-11-26 07:14:51,627 epoch=53	global_step=21600	acc=0.3906	acc_avg=0.4087	loss=2.3343	loss_avg=2.1721	lr=0.0045	|gn|=5.4965	time=1.68it/s
2025-11-26 07:16:00,057 epoch=53	global_step=21700	acc=0.4688	acc_avg=0.4094	loss=2.1887	loss_avg=2.1702	lr=0.0045	|gn|=4.2306	time=1.68it/s
2025-11-26 07:17:08,494 epoch=53	global_step=21800	acc=0.5312	acc_avg=0.4098	loss=1.8385	loss_avg=2.1707	lr=0.0045	|gn|=3.8128	time=1.67it/s
2025-11-26 07:17:18,815 ====================Eval Epoch 53====================
2025-11-26 07:17:22,798 epoch=53	global_step=3	acc=0.0388	acc_avg=0.0380	acc5=0.2284	acc5_avg=0.1430	loss=7.9491	loss_avg=8.7370	time=2.27it/s
2025-11-26 07:17:22,799 Eval Loss:8.7370	Eval acc: 3.80
2025-11-26 07:17:22,799 
2025-11-26 07:17:22,799 ====================Training Epoch 54====================
2025-11-26 07:18:22,089 epoch=54	global_step=21900	acc=0.3438	acc_avg=0.4143	loss=1.9396	loss_avg=2.1557	lr=0.0044	|gn|=4.2194	time=1.68it/s
2025-11-26 07:19:30,556 epoch=54	global_step=22000	acc=0.5469	acc_avg=0.4078	loss=1.9146	loss_avg=2.1681	lr=0.0044	|gn|=4.9718	time=1.68it/s
2025-11-26 07:20:38,864 epoch=54	global_step=22100	acc=0.4375	acc_avg=0.4032	loss=2.1490	loss_avg=2.1777	lr=0.0044	|gn|=4.6950	time=1.68it/s
2025-11-26 07:21:47,001 epoch=54	global_step=22200	acc=0.2969	acc_avg=0.4041	loss=2.2732	loss_avg=2.1750	lr=0.0044	|gn|=4.9472	time=1.68it/s
2025-11-26 07:22:00,031 ====================Eval Epoch 54====================
2025-11-26 07:22:04,032 epoch=54	global_step=3	acc=0.0129	acc_avg=0.0240	acc5=0.1250	acc5_avg=0.1200	loss=9.2681	loss_avg=9.7347	time=2.28it/s
2025-11-26 07:22:04,032 Eval Loss:9.7347	Eval acc: 2.40
2025-11-26 07:22:04,033 
2025-11-26 07:22:04,033 ====================Training Epoch 55====================
2025-11-26 07:23:00,658 epoch=55	global_step=22300	acc=0.4375	acc_avg=0.4132	loss=2.0708	loss_avg=2.1242	lr=0.0042	|gn|=4.6484	time=1.68it/s
2025-11-26 07:24:08,962 epoch=55	global_step=22400	acc=0.4531	acc_avg=0.4170	loss=2.1968	loss_avg=2.1195	lr=0.0042	|gn|=4.8863	time=1.68it/s
2025-11-26 07:25:17,199 epoch=55	global_step=22500	acc=0.4844	acc_avg=0.4195	loss=1.8220	loss_avg=2.1184	lr=0.0042	|gn|=4.2786	time=1.68it/s
2025-11-26 07:26:25,775 epoch=55	global_step=22600	acc=0.3750	acc_avg=0.4184	loss=2.0505	loss_avg=2.1197	lr=0.0042	|gn|=4.8390	time=1.68it/s
2025-11-26 07:26:41,611 ====================Eval Epoch 55====================
2025-11-26 07:26:45,576 epoch=55	global_step=3	acc=0.0733	acc_avg=0.0610	acc5=0.2026	acc5_avg=0.1710	loss=11.3082	loss_avg=11.1915	time=2.28it/s
2025-11-26 07:26:45,576 Eval Loss:11.1915	Eval acc: 6.10
2025-11-26 07:26:45,577 
2025-11-26 07:26:45,577 ====================Training Epoch 56====================
2025-11-26 07:27:39,614 epoch=56	global_step=22700	acc=0.3750	acc_avg=0.4067	loss=2.3043	loss_avg=2.1561	lr=0.0041	|gn|=4.9659	time=1.68it/s
2025-11-26 07:28:48,204 epoch=56	global_step=22800	acc=0.4531	acc_avg=0.4154	loss=1.8157	loss_avg=2.1335	lr=0.0041	|gn|=4.4302	time=1.68it/s
2025-11-26 07:29:56,824 epoch=56	global_step=22900	acc=0.3750	acc_avg=0.4196	loss=2.2514	loss_avg=2.1157	lr=0.0041	|gn|=5.2777	time=1.68it/s
2025-11-26 07:31:05,039 epoch=56	global_step=23000	acc=0.5469	acc_avg=0.4197	loss=1.8978	loss_avg=2.1193	lr=0.0041	|gn|=4.7455	time=1.68it/s
2025-11-26 07:31:23,577 ====================Eval Epoch 56====================
2025-11-26 07:31:27,520 epoch=56	global_step=3	acc=0.0991	acc_avg=0.0680	acc5=0.2845	acc5_avg=0.2010	loss=11.1889	loss_avg=11.0747	time=2.27it/s
2025-11-26 07:31:27,520 Eval Loss:11.0747	Eval acc: 6.80
2025-11-26 07:31:27,520 
2025-11-26 07:31:27,521 ====================Training Epoch 57====================
2025-11-26 07:32:18,603 epoch=57	global_step=23100	acc=0.5625	acc_avg=0.4264	loss=1.8142	loss_avg=2.1006	lr=0.0039	|gn|=4.2536	time=1.68it/s
2025-11-26 07:33:26,994 epoch=57	global_step=23200	acc=0.4062	acc_avg=0.4192	loss=2.2028	loss_avg=2.1125	lr=0.0039	|gn|=4.4863	time=1.67it/s
2025-11-26 07:34:35,208 epoch=57	global_step=23300	acc=0.4688	acc_avg=0.4211	loss=2.0635	loss_avg=2.1042	lr=0.0039	|gn|=5.1298	time=1.67it/s
2025-11-26 07:35:43,601 epoch=57	global_step=23400	acc=0.3750	acc_avg=0.4203	loss=2.1038	loss_avg=2.1108	lr=0.0039	|gn|=4.9048	time=1.67it/s
2025-11-26 07:36:04,903 ====================Eval Epoch 57====================
2025-11-26 07:36:08,775 epoch=57	global_step=3	acc=0.1207	acc_avg=0.0780	acc5=0.2414	acc5_avg=0.1980	loss=11.6359	loss_avg=11.4938	time=2.28it/s
2025-11-26 07:36:08,775 Eval Loss:11.4938	Eval acc: 7.80
2025-11-26 07:36:08,776 
2025-11-26 07:36:08,776 ====================Training Epoch 58====================
2025-11-26 07:36:57,517 epoch=58	global_step=23500	acc=0.4531	acc_avg=0.4040	loss=2.0140	loss_avg=2.1223	lr=0.0038	|gn|=4.9281	time=1.68it/s
2025-11-26 07:38:06,412 epoch=58	global_step=23600	acc=0.4219	acc_avg=0.4202	loss=1.9906	loss_avg=2.0838	lr=0.0038	|gn|=4.7491	time=1.68it/s
2025-11-26 07:39:14,623 epoch=58	global_step=23700	acc=0.5000	acc_avg=0.4222	loss=1.9407	loss_avg=2.0896	lr=0.0038	|gn|=4.5748	time=1.68it/s
2025-11-26 07:40:23,089 epoch=58	global_step=23800	acc=0.5312	acc_avg=0.4253	loss=1.6552	loss_avg=2.0859	lr=0.0038	|gn|=4.2121	time=1.68it/s
2025-11-26 07:40:47,087 ====================Eval Epoch 58====================
2025-11-26 07:40:51,003 epoch=58	global_step=3	acc=0.0388	acc_avg=0.0440	acc5=0.1983	acc5_avg=0.1820	loss=13.8053	loss_avg=13.3966	time=2.28it/s
2025-11-26 07:40:51,003 Eval Loss:13.3966	Eval acc: 4.40
2025-11-26 07:40:51,004 
2025-11-26 07:40:51,004 ====================Training Epoch 59====================
2025-11-26 07:41:36,520 epoch=59	global_step=23900	acc=0.3750	acc_avg=0.4303	loss=2.0447	loss_avg=2.0668	lr=0.0036	|gn|=4.7558	time=1.68it/s
2025-11-26 07:42:44,747 epoch=59	global_step=24000	acc=0.5312	acc_avg=0.4318	loss=1.9927	loss_avg=2.0766	lr=0.0036	|gn|=4.7688	time=1.68it/s
2025-11-26 07:43:53,076 epoch=59	global_step=24100	acc=0.5000	acc_avg=0.4285	loss=1.7514	loss_avg=2.0803	lr=0.0036	|gn|=4.4241	time=1.68it/s
2025-11-26 07:45:01,719 epoch=59	global_step=24200	acc=0.4688	acc_avg=0.4284	loss=1.9653	loss_avg=2.0805	lr=0.0036	|gn|=4.6944	time=1.68it/s
2025-11-26 07:45:28,401 ====================Eval Epoch 59====================
2025-11-26 07:45:32,656 epoch=59	global_step=3	acc=0.0474	acc_avg=0.0460	acc5=0.1724	acc5_avg=0.1800	loss=6.5275	loss_avg=6.4711	time=2.27it/s
2025-11-26 07:45:32,656 Eval Loss:6.4711	Eval acc: 4.60
2025-11-26 07:45:32,657 
2025-11-26 07:45:32,657 ====================Training Epoch 60====================
2025-11-26 07:46:15,391 epoch=60	global_step=24300	acc=0.4688	acc_avg=0.4378	loss=1.9909	loss_avg=2.0388	lr=0.0035	|gn|=5.1000	time=1.68it/s
2025-11-26 07:47:23,728 epoch=60	global_step=24400	acc=0.4062	acc_avg=0.4416	loss=1.9788	loss_avg=2.0523	lr=0.0035	|gn|=4.4812	time=1.68it/s
2025-11-26 07:48:32,020 epoch=60	global_step=24500	acc=0.3281	acc_avg=0.4396	loss=2.2718	loss_avg=2.0546	lr=0.0035	|gn|=5.1083	time=1.68it/s
2025-11-26 07:49:40,252 epoch=60	global_step=24600	acc=0.3594	acc_avg=0.4410	loss=2.1564	loss_avg=2.0506	lr=0.0035	|gn|=5.2887	time=1.68it/s
2025-11-26 07:50:09,732 ====================Eval Epoch 60====================
2025-11-26 07:50:13,684 epoch=60	global_step=3	acc=0.0302	acc_avg=0.0390	acc5=0.1336	acc5_avg=0.1330	loss=24.4314	loss_avg=22.2656	time=2.27it/s
2025-11-26 07:50:13,685 Eval Loss:22.2656	Eval acc: 3.90
2025-11-26 07:50:13,685 
2025-11-26 07:50:13,685 ====================Training Epoch 61====================
2025-11-26 07:50:53,796 epoch=61	global_step=24700	acc=0.4688	acc_avg=0.4320	loss=2.0791	loss_avg=2.0325	lr=0.0033	|gn|=4.8750	time=1.67it/s
2025-11-26 07:52:02,059 epoch=61	global_step=24800	acc=0.4062	acc_avg=0.4374	loss=1.8811	loss_avg=2.0369	lr=0.0033	|gn|=4.9760	time=1.68it/s
2025-11-26 07:53:10,293 epoch=61	global_step=24900	acc=0.4688	acc_avg=0.4399	loss=2.0760	loss_avg=2.0342	lr=0.0033	|gn|=4.9490	time=1.68it/s
2025-11-26 07:54:18,590 epoch=61	global_step=25000	acc=0.4844	acc_avg=0.4382	loss=2.2648	loss_avg=2.0383	lr=0.0033	|gn|=5.5185	time=1.68it/s
2025-11-26 07:54:50,784 ====================Eval Epoch 61====================
2025-11-26 07:54:54,792 epoch=61	global_step=3	acc=0.0086	acc_avg=0.0200	acc5=0.0603	acc5_avg=0.0810	loss=27.1843	loss_avg=26.4343	time=2.28it/s
2025-11-26 07:54:54,792 Eval Loss:26.4343	Eval acc: 2.00
2025-11-26 07:54:54,793 
2025-11-26 07:54:54,793 ====================Training Epoch 62====================
2025-11-26 07:55:32,670 epoch=62	global_step=25100	acc=0.5625	acc_avg=0.4584	loss=1.6335	loss_avg=2.0001	lr=0.0032	|gn|=4.2359	time=1.68it/s
2025-11-26 07:56:41,270 epoch=62	global_step=25200	acc=0.4062	acc_avg=0.4459	loss=2.0789	loss_avg=2.0044	lr=0.0032	|gn|=4.8320	time=1.68it/s
2025-11-26 07:57:49,658 epoch=62	global_step=25300	acc=0.5000	acc_avg=0.4464	loss=2.1178	loss_avg=2.0106	lr=0.0032	|gn|=4.9063	time=1.68it/s
2025-11-26 07:58:58,245 epoch=62	global_step=25400	acc=0.3438	acc_avg=0.4449	loss=2.0993	loss_avg=2.0058	lr=0.0032	|gn|=4.7216	time=1.68it/s
2025-11-26 07:59:33,121 ====================Eval Epoch 62====================
2025-11-26 07:59:37,135 epoch=62	global_step=3	acc=0.0259	acc_avg=0.0360	acc5=0.1250	acc5_avg=0.1220	loss=21.3536	loss_avg=23.0672	time=2.28it/s
2025-11-26 07:59:37,136 Eval Loss:23.0672	Eval acc: 3.60
2025-11-26 07:59:37,136 
2025-11-26 07:59:37,136 ====================Training Epoch 63====================
2025-11-26 08:00:11,744 epoch=63	global_step=25500	acc=0.4062	acc_avg=0.4308	loss=2.0913	loss_avg=2.0487	lr=0.0030	|gn|=5.6822	time=1.68it/s
2025-11-26 08:01:20,213 epoch=63	global_step=25600	acc=0.5312	acc_avg=0.4476	loss=1.7495	loss_avg=1.9994	lr=0.0030	|gn|=5.0009	time=1.68it/s
2025-11-26 08:02:28,629 epoch=63	global_step=25700	acc=0.5469	acc_avg=0.4470	loss=1.8072	loss_avg=1.9946	lr=0.0030	|gn|=4.9170	time=1.68it/s
2025-11-26 08:03:36,996 epoch=63	global_step=25800	acc=0.5000	acc_avg=0.4479	loss=1.8062	loss_avg=1.9969	lr=0.0030	|gn|=4.8087	time=1.68it/s
2025-11-26 08:04:14,645 ====================Eval Epoch 63====================
2025-11-26 08:04:18,576 epoch=63	global_step=3	acc=0.0345	acc_avg=0.0350	acc5=0.1422	acc5_avg=0.1370	loss=21.5684	loss_avg=20.0813	time=2.27it/s
2025-11-26 08:04:18,576 Eval Loss:20.0813	Eval acc: 3.50
2025-11-26 08:04:18,577 
2025-11-26 08:04:18,577 ====================Training Epoch 64====================
2025-11-26 08:04:50,381 epoch=64	global_step=25900	acc=0.3750	acc_avg=0.4399	loss=2.0842	loss_avg=2.0046	lr=0.0029	|gn|=5.6302	time=1.68it/s
2025-11-26 08:05:58,654 epoch=64	global_step=26000	acc=0.5000	acc_avg=0.4483	loss=1.7780	loss_avg=1.9902	lr=0.0029	|gn|=4.3510	time=1.67it/s
2025-11-26 08:07:06,953 epoch=64	global_step=26100	acc=0.5312	acc_avg=0.4485	loss=1.8674	loss_avg=1.9847	lr=0.0029	|gn|=5.0672	time=1.68it/s
2025-11-26 08:08:15,009 epoch=64	global_step=26200	acc=0.4219	acc_avg=0.4480	loss=2.0083	loss_avg=1.9880	lr=0.0029	|gn|=5.1242	time=1.68it/s
2025-11-26 08:08:55,317 ====================Eval Epoch 64====================
2025-11-26 08:08:59,274 epoch=64	global_step=3	acc=0.0431	acc_avg=0.0380	acc5=0.1638	acc5_avg=0.1520	loss=21.3601	loss_avg=18.6025	time=2.27it/s
2025-11-26 08:08:59,274 Eval Loss:18.6025	Eval acc: 3.80
2025-11-26 08:08:59,275 
2025-11-26 08:08:59,275 ====================Training Epoch 65====================
2025-11-26 08:09:28,437 epoch=65	global_step=26300	acc=0.4688	acc_avg=0.4558	loss=1.7890	loss_avg=1.9358	lr=0.0027	|gn|=5.1042	time=1.68it/s
2025-11-26 08:10:36,600 epoch=65	global_step=26400	acc=0.5000	acc_avg=0.4571	loss=1.8516	loss_avg=1.9546	lr=0.0027	|gn|=4.7577	time=1.68it/s
2025-11-26 08:11:45,054 epoch=65	global_step=26500	acc=0.5000	acc_avg=0.4557	loss=2.0967	loss_avg=1.9645	lr=0.0027	|gn|=6.0530	time=1.68it/s
2025-11-26 08:12:53,477 epoch=65	global_step=26600	acc=0.4531	acc_avg=0.4561	loss=1.9754	loss_avg=1.9670	lr=0.0027	|gn|=5.0578	time=1.68it/s
2025-11-26 08:13:36,611 ====================Eval Epoch 65====================
2025-11-26 08:13:40,558 epoch=65	global_step=3	acc=0.0733	acc_avg=0.0550	acc5=0.2241	acc5_avg=0.1880	loss=9.4056	loss_avg=9.7394	time=2.28it/s
2025-11-26 08:13:40,559 Eval Loss:9.7394	Eval acc: 5.50
2025-11-26 08:13:40,559 
2025-11-26 08:13:40,559 ====================Training Epoch 66====================
2025-11-26 08:14:06,863 epoch=66	global_step=26700	acc=0.4688	acc_avg=0.4578	loss=2.1011	loss_avg=1.9434	lr=0.0026	|gn|=5.9483	time=1.68it/s
2025-11-26 08:15:15,263 epoch=66	global_step=26800	acc=0.4531	acc_avg=0.4624	loss=1.9809	loss_avg=1.9300	lr=0.0026	|gn|=5.1264	time=1.68it/s
2025-11-26 08:16:23,601 epoch=66	global_step=26900	acc=0.4219	acc_avg=0.4588	loss=1.9156	loss_avg=1.9414	lr=0.0026	|gn|=5.5588	time=1.68it/s
2025-11-26 08:17:31,924 epoch=66	global_step=27000	acc=0.4688	acc_avg=0.4566	loss=1.9583	loss_avg=1.9529	lr=0.0026	|gn|=5.5988	time=1.68it/s
2025-11-26 08:18:17,713 ====================Eval Epoch 66====================
2025-11-26 08:18:21,708 epoch=66	global_step=3	acc=0.0345	acc_avg=0.0410	acc5=0.1078	acc5_avg=0.1320	loss=20.7288	loss_avg=19.1810	time=2.28it/s
2025-11-26 08:18:21,708 Eval Loss:19.1810	Eval acc: 4.10
2025-11-26 08:18:21,709 
2025-11-26 08:18:21,709 ====================Training Epoch 67====================
2025-11-26 08:18:45,470 epoch=67	global_step=27100	acc=0.5312	acc_avg=0.4730	loss=1.8032	loss_avg=1.8925	lr=0.0025	|gn|=4.9640	time=1.68it/s
2025-11-26 08:19:53,731 epoch=67	global_step=27200	acc=0.5312	acc_avg=0.4695	loss=1.6315	loss_avg=1.9192	lr=0.0025	|gn|=4.9099	time=1.68it/s
2025-11-26 08:21:02,035 epoch=67	global_step=27300	acc=0.5156	acc_avg=0.4657	loss=1.7478	loss_avg=1.9298	lr=0.0025	|gn|=4.8179	time=1.67it/s
2025-11-26 08:22:10,283 epoch=67	global_step=27400	acc=0.5312	acc_avg=0.4662	loss=1.7004	loss_avg=1.9265	lr=0.0025	|gn|=5.1342	time=1.68it/s
2025-11-26 08:22:58,820 ====================Eval Epoch 67====================
2025-11-26 08:23:02,786 epoch=67	global_step=3	acc=0.0129	acc_avg=0.0170	acc5=0.0905	acc5_avg=0.0880	loss=56.7643	loss_avg=51.8369	time=2.28it/s
2025-11-26 08:23:02,786 Eval Loss:51.8369	Eval acc: 1.70
2025-11-26 08:23:02,787 
2025-11-26 08:23:02,787 ====================Training Epoch 68====================
2025-11-26 08:23:23,736 epoch=68	global_step=27500	acc=0.4219	acc_avg=0.4591	loss=2.0854	loss_avg=1.9229	lr=0.0023	|gn|=5.4434	time=1.68it/s
2025-11-26 08:24:32,276 epoch=68	global_step=27600	acc=0.4531	acc_avg=0.4707	loss=1.9163	loss_avg=1.8990	lr=0.0023	|gn|=5.7733	time=1.68it/s
2025-11-26 08:25:40,862 epoch=68	global_step=27700	acc=0.5312	acc_avg=0.4655	loss=2.0323	loss_avg=1.9172	lr=0.0023	|gn|=5.6102	time=1.67it/s
2025-11-26 08:26:49,216 epoch=68	global_step=27800	acc=0.4688	acc_avg=0.4670	loss=2.1882	loss_avg=1.9174	lr=0.0023	|gn|=5.9357	time=1.67it/s
2025-11-26 08:27:40,515 ====================Eval Epoch 68====================
2025-11-26 08:27:44,511 epoch=68	global_step=3	acc=0.0043	acc_avg=0.0190	acc5=0.0647	acc5_avg=0.0810	loss=122.3631	loss_avg=118.8746	time=2.28it/s
2025-11-26 08:27:44,512 Eval Loss:118.8746	Eval acc: 1.90
2025-11-26 08:27:44,512 
2025-11-26 08:27:44,512 ====================Training Epoch 69====================
2025-11-26 08:28:02,681 epoch=69	global_step=27900	acc=0.5781	acc_avg=0.4781	loss=1.6212	loss_avg=1.9211	lr=0.0022	|gn|=4.7375	time=1.68it/s
2025-11-26 08:29:10,926 epoch=69	global_step=28000	acc=0.5781	acc_avg=0.4708	loss=1.6576	loss_avg=1.9176	lr=0.0022	|gn|=4.4196	time=1.68it/s
2025-11-26 08:30:19,605 epoch=69	global_step=28100	acc=0.5469	acc_avg=0.4714	loss=1.9134	loss_avg=1.8972	lr=0.0022	|gn|=6.1274	time=1.68it/s
2025-11-26 08:31:28,208 epoch=69	global_step=28200	acc=0.4219	acc_avg=0.4721	loss=1.7106	loss_avg=1.8983	lr=0.0022	|gn|=5.1912	time=1.68it/s
2025-11-26 08:32:22,131 ====================Eval Epoch 69====================
2025-11-26 08:32:26,110 epoch=69	global_step=3	acc=0.0259	acc_avg=0.0340	acc5=0.1121	acc5_avg=0.1370	loss=35.4976	loss_avg=35.3170	time=2.27it/s
2025-11-26 08:32:26,111 Eval Loss:35.3170	Eval acc: 3.40
2025-11-26 08:32:26,111 
2025-11-26 08:32:26,111 ====================Training Epoch 70====================
2025-11-26 08:32:41,518 epoch=70	global_step=28300	acc=0.5469	acc_avg=0.4829	loss=1.8617	loss_avg=1.8439	lr=0.0021	|gn|=5.7742	time=1.68it/s
2025-11-26 08:33:49,611 epoch=70	global_step=28400	acc=0.3906	acc_avg=0.4699	loss=2.2526	loss_avg=1.9161	lr=0.0021	|gn|=6.3369	time=1.68it/s
2025-11-26 08:34:57,792 epoch=70	global_step=28500	acc=0.4844	acc_avg=0.4715	loss=1.6572	loss_avg=1.9071	lr=0.0021	|gn|=5.1825	time=1.68it/s
2025-11-26 08:36:06,091 epoch=70	global_step=28600	acc=0.4844	acc_avg=0.4725	loss=1.6909	loss_avg=1.8983	lr=0.0021	|gn|=5.1474	time=1.67it/s
2025-11-26 08:37:02,945 ====================Eval Epoch 70====================
2025-11-26 08:37:06,842 epoch=70	global_step=3	acc=0.0302	acc_avg=0.0300	acc5=0.0776	acc5_avg=0.0990	loss=20.4591	loss_avg=18.6379	time=2.28it/s
2025-11-26 08:37:06,843 Eval Loss:18.6379	Eval acc: 3.00
2025-11-26 08:37:06,843 
2025-11-26 08:37:06,843 ====================Training Epoch 71====================
2025-11-26 08:37:19,566 epoch=71	global_step=28700	acc=0.4688	acc_avg=0.4724	loss=1.7314	loss_avg=1.8830	lr=0.0019	|gn|=5.7146	time=1.68it/s
2025-11-26 08:38:27,948 epoch=71	global_step=28800	acc=0.4375	acc_avg=0.4857	loss=1.9090	loss_avg=1.8568	lr=0.0019	|gn|=5.7249	time=1.68it/s
2025-11-26 08:39:36,439 epoch=71	global_step=28900	acc=0.5938	acc_avg=0.4844	loss=1.8445	loss_avg=1.8512	lr=0.0019	|gn|=5.7956	time=1.68it/s
2025-11-26 08:40:44,668 epoch=71	global_step=29000	acc=0.5000	acc_avg=0.4815	loss=1.6685	loss_avg=1.8554	lr=0.0019	|gn|=5.2160	time=1.68it/s
2025-11-26 08:41:43,843 ====================Eval Epoch 71====================
2025-11-26 08:41:47,735 epoch=71	global_step=3	acc=0.0560	acc_avg=0.0470	acc5=0.1681	acc5_avg=0.1590	loss=17.9501	loss_avg=15.7053	time=2.28it/s
2025-11-26 08:41:47,735 Eval Loss:15.7053	Eval acc: 4.70
2025-11-26 08:41:47,736 
2025-11-26 08:41:47,736 ====================Training Epoch 72====================
2025-11-26 08:41:57,649 epoch=72	global_step=29100	acc=0.4688	acc_avg=0.4531	loss=1.9053	loss_avg=1.8432	lr=0.0018	|gn|=6.0939	time=1.68it/s
2025-11-26 08:43:05,581 epoch=72	global_step=29200	acc=0.5156	acc_avg=0.4882	loss=1.7826	loss_avg=1.8366	lr=0.0018	|gn|=5.2357	time=1.68it/s
2025-11-26 08:44:13,462 epoch=72	global_step=29300	acc=0.4375	acc_avg=0.4809	loss=1.9884	loss_avg=1.8531	lr=0.0018	|gn|=5.9406	time=1.68it/s
2025-11-26 08:45:21,396 epoch=72	global_step=29400	acc=0.4219	acc_avg=0.4811	loss=2.4110	loss_avg=1.8632	lr=0.0018	|gn|=7.3066	time=1.68it/s
2025-11-26 08:46:23,400 ====================Eval Epoch 72====================
2025-11-26 08:46:27,331 epoch=72	global_step=3	acc=0.0086	acc_avg=0.0240	acc5=0.0431	acc5_avg=0.0950	loss=31.2374	loss_avg=29.5981	time=2.28it/s
2025-11-26 08:46:27,332 Eval Loss:29.5981	Eval acc: 2.40
2025-11-26 08:46:27,332 
2025-11-26 08:46:27,332 ====================Training Epoch 73====================
2025-11-26 08:46:34,800 epoch=73	global_step=29500	acc=0.3438	acc_avg=0.4792	loss=2.2433	loss_avg=1.8486	lr=0.0017	|gn|=6.3409	time=1.68it/s
2025-11-26 08:47:42,818 epoch=73	global_step=29600	acc=0.5625	acc_avg=0.4925	loss=1.6497	loss_avg=1.8294	lr=0.0017	|gn|=5.5885	time=1.68it/s
2025-11-26 08:48:50,729 epoch=73	global_step=29700	acc=0.5312	acc_avg=0.4911	loss=1.9366	loss_avg=1.8319	lr=0.0017	|gn|=5.8495	time=1.67it/s
2025-11-26 08:49:58,759 epoch=73	global_step=29800	acc=0.5000	acc_avg=0.4889	loss=1.6866	loss_avg=1.8267	lr=0.0017	|gn|=5.3937	time=1.67it/s
2025-11-26 08:51:03,486 ====================Eval Epoch 73====================
2025-11-26 08:51:07,393 epoch=73	global_step=3	acc=0.0172	acc_avg=0.0190	acc5=0.0690	acc5_avg=0.0980	loss=35.1211	loss_avg=33.1385	time=2.28it/s
2025-11-26 08:51:07,393 Eval Loss:33.1385	Eval acc: 1.90
2025-11-26 08:51:07,393 
2025-11-26 08:51:07,393 ====================Training Epoch 74====================
2025-11-26 08:51:11,859 epoch=74	global_step=29900	acc=0.4375	acc_avg=0.4719	loss=1.9910	loss_avg=1.8491	lr=0.0016	|gn|=5.3954	time=1.68it/s
2025-11-26 08:52:19,832 epoch=74	global_step=30000	acc=0.5000	acc_avg=0.4804	loss=1.6348	loss_avg=1.8395	lr=0.0016	|gn|=5.6354	time=1.68it/s
2025-11-26 08:53:27,961 epoch=74	global_step=30100	acc=0.4219	acc_avg=0.4785	loss=2.1968	loss_avg=1.8579	lr=0.0016	|gn|=6.5577	time=1.68it/s
2025-11-26 08:54:35,824 epoch=74	global_step=30200	acc=0.5938	acc_avg=0.4815	loss=1.4896	loss_avg=1.8494	lr=0.0016	|gn|=4.6326	time=1.68it/s
2025-11-26 08:55:43,177 ====================Eval Epoch 74====================
2025-11-26 08:55:47,087 epoch=74	global_step=3	acc=0.0819	acc_avg=0.0660	acc5=0.2155	acc5_avg=0.1860	loss=9.6617	loss_avg=9.3418	time=2.28it/s
2025-11-26 08:55:47,087 Eval Loss:9.3418	Eval acc: 6.60
2025-11-26 08:55:47,088 
2025-11-26 08:55:47,088 ====================Training Epoch 75====================
2025-11-26 08:55:48,856 epoch=75	global_step=30300	acc=0.5625	acc_avg=0.5625	loss=1.5169	loss_avg=1.5169	lr=0.0015	|gn|=5.2031	time=1.67it/s
2025-11-26 08:56:56,940 epoch=75	global_step=30400	acc=0.4688	acc_avg=0.4916	loss=1.7529	loss_avg=1.8087	lr=0.0015	|gn|=5.7295	time=1.68it/s
2025-11-26 08:58:05,031 epoch=75	global_step=30500	acc=0.4531	acc_avg=0.4929	loss=1.8568	loss_avg=1.8194	lr=0.0015	|gn|=5.5333	time=1.68it/s
2025-11-26 08:59:12,964 epoch=75	global_step=30600	acc=0.5781	acc_avg=0.4949	loss=1.4476	loss_avg=1.8189	lr=0.0015	|gn|=5.2734	time=1.68it/s
2025-11-26 09:00:21,061 epoch=75	global_step=30700	acc=0.5312	acc_avg=0.4943	loss=1.7041	loss_avg=1.8180	lr=0.0015	|gn|=5.3565	time=1.68it/s
2025-11-26 09:00:23,176 ====================Eval Epoch 75====================
2025-11-26 09:00:27,074 epoch=75	global_step=3	acc=0.1336	acc_avg=0.1000	acc5=0.2716	acc5_avg=0.2630	loss=8.5890	loss_avg=8.2591	time=2.28it/s
2025-11-26 09:00:27,074 Eval Loss:8.2591	Eval acc: 10.00
2025-11-26 09:00:27,074 
2025-11-26 09:00:27,074 ====================Training Epoch 76====================
2025-11-26 09:01:34,180 epoch=76	global_step=30800	acc=0.5000	acc_avg=0.4994	loss=1.7409	loss_avg=1.7823	lr=0.0014	|gn|=5.5215	time=1.68it/s
2025-11-26 09:02:42,181 epoch=76	global_step=30900	acc=0.5156	acc_avg=0.4987	loss=1.7925	loss_avg=1.8057	lr=0.0014	|gn|=5.9756	time=1.68it/s
2025-11-26 09:03:50,118 epoch=76	global_step=31000	acc=0.5000	acc_avg=0.4945	loss=1.5665	loss_avg=1.8082	lr=0.0014	|gn|=5.4765	time=1.68it/s
2025-11-26 09:04:58,128 epoch=76	global_step=31100	acc=0.5312	acc_avg=0.4937	loss=1.7641	loss_avg=1.8066	lr=0.0014	|gn|=5.9040	time=1.68it/s
2025-11-26 09:05:02,958 ====================Eval Epoch 76====================
2025-11-26 09:05:06,863 epoch=76	global_step=3	acc=0.0517	acc_avg=0.0410	acc5=0.1897	acc5_avg=0.1400	loss=12.3917	loss_avg=12.5247	time=2.28it/s
2025-11-26 09:05:06,863 Eval Loss:12.5247	Eval acc: 4.10
2025-11-26 09:05:06,863 
2025-11-26 09:05:06,863 ====================Training Epoch 77====================
2025-11-26 09:06:11,239 epoch=77	global_step=31200	acc=0.4062	acc_avg=0.5060	loss=2.0214	loss_avg=1.7493	lr=0.0012	|gn|=5.9452	time=1.68it/s
2025-11-26 09:07:19,202 epoch=77	global_step=31300	acc=0.4688	acc_avg=0.5023	loss=1.7937	loss_avg=1.7690	lr=0.0012	|gn|=5.9441	time=1.68it/s
2025-11-26 09:08:27,091 epoch=77	global_step=31400	acc=0.4531	acc_avg=0.4973	loss=1.8715	loss_avg=1.7873	lr=0.0012	|gn|=5.5562	time=1.68it/s
2025-11-26 09:09:35,089 epoch=77	global_step=31500	acc=0.5469	acc_avg=0.4983	loss=1.5666	loss_avg=1.7901	lr=0.0012	|gn|=5.1713	time=1.68it/s
2025-11-26 09:09:42,623 ====================Eval Epoch 77====================
2025-11-26 09:09:46,524 epoch=77	global_step=3	acc=0.0129	acc_avg=0.0210	acc5=0.0733	acc5_avg=0.0800	loss=48.3519	loss_avg=41.9757	time=2.28it/s
2025-11-26 09:09:46,524 Eval Loss:41.9757	Eval acc: 2.10
2025-11-26 09:09:46,525 
2025-11-26 09:09:46,525 ====================Training Epoch 78====================
2025-11-26 09:10:48,215 epoch=78	global_step=31600	acc=0.4219	acc_avg=0.4989	loss=1.9482	loss_avg=1.8201	lr=0.0011	|gn|=5.7241	time=1.67it/s
2025-11-26 09:11:56,159 epoch=78	global_step=31700	acc=0.5625	acc_avg=0.4958	loss=1.6509	loss_avg=1.8050	lr=0.0011	|gn|=5.9178	time=1.68it/s
2025-11-26 09:13:04,128 epoch=78	global_step=31800	acc=0.5000	acc_avg=0.4972	loss=1.6834	loss_avg=1.7993	lr=0.0011	|gn|=6.0172	time=1.68it/s
2025-11-26 09:14:11,967 epoch=78	global_step=31900	acc=0.5469	acc_avg=0.4978	loss=1.8482	loss_avg=1.7958	lr=0.0011	|gn|=5.4774	time=1.68it/s
2025-11-26 09:14:22,329 ====================Eval Epoch 78====================
2025-11-26 09:14:26,284 epoch=78	global_step=3	acc=0.0388	acc_avg=0.0340	acc5=0.1293	acc5_avg=0.1250	loss=36.4203	loss_avg=34.1081	time=2.28it/s
2025-11-26 09:14:26,285 Eval Loss:34.1081	Eval acc: 3.40
2025-11-26 09:14:26,285 
2025-11-26 09:14:26,285 ====================Training Epoch 79====================
2025-11-26 09:15:25,150 epoch=79	global_step=32000	acc=0.4531	acc_avg=0.5074	loss=1.9409	loss_avg=1.7474	lr=0.0010	|gn|=6.3207	time=1.67it/s
2025-11-26 09:16:33,239 epoch=79	global_step=32100	acc=0.4844	acc_avg=0.4991	loss=1.8650	loss_avg=1.7684	lr=0.0010	|gn|=6.0801	time=1.68it/s
2025-11-26 09:17:41,161 epoch=79	global_step=32200	acc=0.5469	acc_avg=0.4997	loss=1.7131	loss_avg=1.7763	lr=0.0010	|gn|=6.6165	time=1.68it/s
2025-11-26 09:18:49,110 epoch=79	global_step=32300	acc=0.5312	acc_avg=0.5022	loss=1.7774	loss_avg=1.7742	lr=0.0010	|gn|=5.8416	time=1.68it/s
2025-11-26 09:19:02,087 ====================Eval Epoch 79====================
2025-11-26 09:19:06,003 epoch=79	global_step=3	acc=0.0086	acc_avg=0.0190	acc5=0.0302	acc5_avg=0.0800	loss=69.8187	loss_avg=65.0187	time=2.27it/s
2025-11-26 09:19:06,003 Eval Loss:65.0187	Eval acc: 1.90
2025-11-26 09:19:06,004 
2025-11-26 09:19:06,004 ====================Training Epoch 80====================
2025-11-26 09:20:02,262 epoch=80	global_step=32400	acc=0.6094	acc_avg=0.5087	loss=1.6056	loss_avg=1.7582	lr=0.0010	|gn|=5.9979	time=1.68it/s
2025-11-26 09:21:10,169 epoch=80	global_step=32500	acc=0.5312	acc_avg=0.5051	loss=1.6768	loss_avg=1.7693	lr=0.0010	|gn|=6.0258	time=1.68it/s
2025-11-26 09:22:18,403 epoch=80	global_step=32600	acc=0.5000	acc_avg=0.5077	loss=1.5953	loss_avg=1.7577	lr=0.0010	|gn|=5.5051	time=1.68it/s
2025-11-26 09:23:26,331 epoch=80	global_step=32700	acc=0.5781	acc_avg=0.5066	loss=1.6878	loss_avg=1.7653	lr=0.0010	|gn|=5.9477	time=1.68it/s
2025-11-26 09:23:42,105 ====================Eval Epoch 80====================
2025-11-26 09:23:45,993 epoch=80	global_step=3	acc=0.0259	acc_avg=0.0290	acc5=0.0948	acc5_avg=0.1130	loss=36.2600	loss_avg=33.5022	time=2.28it/s
2025-11-26 09:23:45,993 Eval Loss:33.5022	Eval acc: 2.90
2025-11-26 09:23:45,993 
2025-11-26 09:23:45,993 ====================Training Epoch 81====================
2025-11-26 09:24:39,444 epoch=81	global_step=32800	acc=0.4844	acc_avg=0.5055	loss=1.9562	loss_avg=1.7462	lr=0.0009	|gn|=5.9788	time=1.67it/s
2025-11-26 09:25:47,509 epoch=81	global_step=32900	acc=0.4375	acc_avg=0.5049	loss=1.9701	loss_avg=1.7565	lr=0.0009	|gn|=5.9685	time=1.68it/s
2025-11-26 09:26:55,435 epoch=81	global_step=33000	acc=0.5000	acc_avg=0.5035	loss=1.6743	loss_avg=1.7567	lr=0.0009	|gn|=5.5915	time=1.67it/s
2025-11-26 09:28:03,372 epoch=81	global_step=33100	acc=0.5000	acc_avg=0.5054	loss=1.7292	loss_avg=1.7459	lr=0.0009	|gn|=5.5221	time=1.67it/s
2025-11-26 09:28:21,785 ====================Eval Epoch 81====================
2025-11-26 09:28:25,673 epoch=81	global_step=3	acc=0.0345	acc_avg=0.0370	acc5=0.1250	acc5_avg=0.1300	loss=35.5349	loss_avg=35.7621	time=2.28it/s
2025-11-26 09:28:25,674 Eval Loss:35.7621	Eval acc: 3.70
2025-11-26 09:28:25,674 
2025-11-26 09:28:25,674 ====================Training Epoch 82====================
2025-11-26 09:29:16,440 epoch=82	global_step=33200	acc=0.4375	acc_avg=0.5062	loss=1.9598	loss_avg=1.7439	lr=0.0008	|gn|=6.8331	time=1.68it/s
2025-11-26 09:30:24,633 epoch=82	global_step=33300	acc=0.5156	acc_avg=0.5132	loss=1.9413	loss_avg=1.7321	lr=0.0008	|gn|=6.3970	time=1.68it/s
2025-11-26 09:31:32,577 epoch=82	global_step=33400	acc=0.5312	acc_avg=0.5121	loss=1.6752	loss_avg=1.7293	lr=0.0008	|gn|=6.2979	time=1.67it/s
2025-11-26 09:32:40,580 epoch=82	global_step=33500	acc=0.4531	acc_avg=0.5119	loss=1.8894	loss_avg=1.7327	lr=0.0008	|gn|=6.0741	time=1.68it/s
2025-11-26 09:33:01,802 ====================Eval Epoch 82====================
2025-11-26 09:33:05,707 epoch=82	global_step=3	acc=0.0086	acc_avg=0.0180	acc5=0.0431	acc5_avg=0.0880	loss=72.0186	loss_avg=64.9728	time=2.28it/s
2025-11-26 09:33:05,707 Eval Loss:64.9728	Eval acc: 1.80
2025-11-26 09:33:05,707 
2025-11-26 09:33:05,708 ====================Training Epoch 83====================
2025-11-26 09:33:53,747 epoch=83	global_step=33600	acc=0.5000	acc_avg=0.5149	loss=1.7563	loss_avg=1.7451	lr=0.0007	|gn|=6.0017	time=1.68it/s
2025-11-26 09:35:01,692 epoch=83	global_step=33700	acc=0.5625	acc_avg=0.5172	loss=1.7567	loss_avg=1.7123	lr=0.0007	|gn|=6.2004	time=1.68it/s
2025-11-26 09:36:09,623 epoch=83	global_step=33800	acc=0.4531	acc_avg=0.5156	loss=1.6965	loss_avg=1.7204	lr=0.0007	|gn|=6.2334	time=1.68it/s
2025-11-26 09:37:17,699 epoch=83	global_step=33900	acc=0.4844	acc_avg=0.5163	loss=1.9522	loss_avg=1.7180	lr=0.0007	|gn|=6.9589	time=1.68it/s
2025-11-26 09:37:41,568 ====================Eval Epoch 83====================
2025-11-26 09:37:45,460 epoch=83	global_step=3	acc=0.0172	acc_avg=0.0250	acc5=0.0690	acc5_avg=0.1140	loss=38.7050	loss_avg=35.2530	time=2.28it/s
2025-11-26 09:37:45,461 Eval Loss:35.2530	Eval acc: 2.50
2025-11-26 09:37:45,461 
2025-11-26 09:37:45,461 ====================Training Epoch 84====================
2025-11-26 09:38:30,803 epoch=84	global_step=34000	acc=0.4844	acc_avg=0.5192	loss=1.8925	loss_avg=1.7089	lr=0.0006	|gn|=7.3694	time=1.68it/s
2025-11-26 09:39:38,694 epoch=84	global_step=34100	acc=0.5781	acc_avg=0.5112	loss=1.5518	loss_avg=1.7327	lr=0.0006	|gn|=5.7523	time=1.68it/s
2025-11-26 09:40:46,578 epoch=84	global_step=34200	acc=0.6094	acc_avg=0.5083	loss=1.4423	loss_avg=1.7393	lr=0.0006	|gn|=5.5331	time=1.68it/s
2025-11-26 09:41:54,491 epoch=84	global_step=34300	acc=0.6094	acc_avg=0.5135	loss=1.5188	loss_avg=1.7288	lr=0.0006	|gn|=5.9181	time=1.68it/s
2025-11-26 09:42:21,027 ====================Eval Epoch 84====================
2025-11-26 09:42:24,931 epoch=84	global_step=3	acc=0.0129	acc_avg=0.0200	acc5=0.0388	acc5_avg=0.0980	loss=74.3988	loss_avg=71.9747	time=2.28it/s
2025-11-26 09:42:24,932 Eval Loss:71.9747	Eval acc: 2.00
2025-11-26 09:42:24,932 
2025-11-26 09:42:24,932 ====================Training Epoch 85====================
2025-11-26 09:43:07,637 epoch=85	global_step=34400	acc=0.4375	acc_avg=0.5131	loss=2.0083	loss_avg=1.7308	lr=0.0005	|gn|=6.9044	time=1.67it/s
2025-11-26 09:44:15,600 epoch=85	global_step=34500	acc=0.4844	acc_avg=0.5112	loss=1.6056	loss_avg=1.7190	lr=0.0005	|gn|=5.6898	time=1.68it/s
2025-11-26 09:45:23,584 epoch=85	global_step=34600	acc=0.5312	acc_avg=0.5106	loss=1.8684	loss_avg=1.7214	lr=0.0005	|gn|=6.3650	time=1.68it/s
2025-11-26 09:46:31,550 epoch=85	global_step=34700	acc=0.5469	acc_avg=0.5158	loss=1.5695	loss_avg=1.7098	lr=0.0005	|gn|=5.9328	time=1.67it/s
2025-11-26 09:47:00,937 ====================Eval Epoch 85====================
2025-11-26 09:47:04,822 epoch=85	global_step=3	acc=0.0388	acc_avg=0.0320	acc5=0.0862	acc5_avg=0.1130	loss=42.8416	loss_avg=40.1919	time=2.27it/s
2025-11-26 09:47:04,822 Eval Loss:40.1919	Eval acc: 3.20
2025-11-26 09:47:04,822 
2025-11-26 09:47:04,822 ====================Training Epoch 86====================
2025-11-26 09:47:44,690 epoch=86	global_step=34800	acc=0.5156	acc_avg=0.5055	loss=1.7522	loss_avg=1.7294	lr=0.0005	|gn|=6.5538	time=1.68it/s
2025-11-26 09:48:52,583 epoch=86	global_step=34900	acc=0.5781	acc_avg=0.5138	loss=1.6506	loss_avg=1.7178	lr=0.0005	|gn|=6.3212	time=1.68it/s
2025-11-26 09:50:00,483 epoch=86	global_step=35000	acc=0.5312	acc_avg=0.5148	loss=1.7752	loss_avg=1.7133	lr=0.0005	|gn|=6.3237	time=1.68it/s
2025-11-26 09:51:08,476 epoch=86	global_step=35100	acc=0.5156	acc_avg=0.5144	loss=1.5939	loss_avg=1.7081	lr=0.0005	|gn|=6.2256	time=1.68it/s
2025-11-26 09:51:40,448 ====================Eval Epoch 86====================
2025-11-26 09:51:44,345 epoch=86	global_step=3	acc=0.1078	acc_avg=0.0940	acc5=0.2672	acc5_avg=0.2530	loss=11.7414	loss_avg=11.6975	time=2.28it/s
2025-11-26 09:51:44,345 Eval Loss:11.6975	Eval acc: 9.40
2025-11-26 09:51:44,346 
2025-11-26 09:51:44,346 ====================Training Epoch 87====================
2025-11-26 09:52:21,458 epoch=87	global_step=35200	acc=0.4844	acc_avg=0.5292	loss=1.6744	loss_avg=1.6632	lr=0.0004	|gn|=6.4819	time=1.68it/s
2025-11-26 09:53:29,286 epoch=87	global_step=35300	acc=0.5000	acc_avg=0.5262	loss=1.7362	loss_avg=1.6775	lr=0.0004	|gn|=6.7349	time=1.68it/s
2025-11-26 09:54:37,220 epoch=87	global_step=35400	acc=0.4531	acc_avg=0.5222	loss=1.9972	loss_avg=1.6988	lr=0.0004	|gn|=7.6850	time=1.68it/s
2025-11-26 09:55:45,105 epoch=87	global_step=35500	acc=0.4531	acc_avg=0.5223	loss=2.0214	loss_avg=1.7021	lr=0.0004	|gn|=6.4597	time=1.68it/s
2025-11-26 09:56:19,814 ====================Eval Epoch 87====================
2025-11-26 09:56:23,699 epoch=87	global_step=3	acc=0.0129	acc_avg=0.0210	acc5=0.0690	acc5_avg=0.0920	loss=75.8044	loss_avg=74.6672	time=2.27it/s
2025-11-26 09:56:23,699 Eval Loss:74.6672	Eval acc: 2.10
2025-11-26 09:56:23,700 
2025-11-26 09:56:23,700 ====================Training Epoch 88====================
2025-11-26 09:56:58,006 epoch=88	global_step=35600	acc=0.4688	acc_avg=0.5261	loss=1.8637	loss_avg=1.6771	lr=0.0004	|gn|=6.8172	time=1.68it/s
2025-11-26 09:58:05,879 epoch=88	global_step=35700	acc=0.5781	acc_avg=0.5255	loss=1.7287	loss_avg=1.6873	lr=0.0004	|gn|=6.8403	time=1.68it/s
2025-11-26 09:59:13,817 epoch=88	global_step=35800	acc=0.5625	acc_avg=0.5249	loss=1.3375	loss_avg=1.6871	lr=0.0004	|gn|=5.8448	time=1.68it/s
2025-11-26 10:00:21,741 epoch=88	global_step=35900	acc=0.5312	acc_avg=0.5265	loss=1.5802	loss_avg=1.6818	lr=0.0004	|gn|=5.8712	time=1.68it/s
2025-11-26 10:00:59,188 ====================Eval Epoch 88====================
2025-11-26 10:01:03,090 epoch=88	global_step=3	acc=0.0647	acc_avg=0.0590	acc5=0.1681	acc5_avg=0.1700	loss=26.2197	loss_avg=24.9952	time=2.28it/s
2025-11-26 10:01:03,091 Eval Loss:24.9952	Eval acc: 5.90
2025-11-26 10:01:03,091 
2025-11-26 10:01:03,091 ====================Training Epoch 89====================
2025-11-26 10:01:34,770 epoch=89	global_step=36000	acc=0.4062	acc_avg=0.5278	loss=1.8647	loss_avg=1.6790	lr=0.0003	|gn|=6.6319	time=1.68it/s
2025-11-26 10:02:42,720 epoch=89	global_step=36100	acc=0.5156	acc_avg=0.5286	loss=1.7213	loss_avg=1.6764	lr=0.0003	|gn|=6.8520	time=1.68it/s
2025-11-26 10:03:50,764 epoch=89	global_step=36200	acc=0.7031	acc_avg=0.5302	loss=1.4313	loss_avg=1.6785	lr=0.0003	|gn|=5.4172	time=1.68it/s
2025-11-26 10:04:58,647 epoch=89	global_step=36300	acc=0.5781	acc_avg=0.5306	loss=1.5038	loss_avg=1.6780	lr=0.0003	|gn|=5.9124	time=1.68it/s
2025-11-26 10:05:38,883 ====================Eval Epoch 89====================
2025-11-26 10:05:42,772 epoch=89	global_step=3	acc=0.0259	acc_avg=0.0380	acc5=0.1164	acc5_avg=0.1230	loss=47.3170	loss_avg=47.6257	time=2.27it/s
2025-11-26 10:05:42,773 Eval Loss:47.6257	Eval acc: 3.80
2025-11-26 10:05:42,773 
2025-11-26 10:05:42,773 ====================Training Epoch 90====================
2025-11-26 10:06:11,712 epoch=90	global_step=36400	acc=0.5156	acc_avg=0.5332	loss=1.7179	loss_avg=1.6865	lr=0.0002	|gn|=6.5601	time=1.68it/s
2025-11-26 10:07:19,683 epoch=90	global_step=36500	acc=0.4531	acc_avg=0.5235	loss=1.9855	loss_avg=1.7007	lr=0.0002	|gn|=6.8195	time=1.68it/s
2025-11-26 10:08:27,681 epoch=90	global_step=36600	acc=0.6250	acc_avg=0.5266	loss=1.4036	loss_avg=1.6874	lr=0.0002	|gn|=5.1763	time=1.68it/s
2025-11-26 10:09:35,613 epoch=90	global_step=36700	acc=0.4844	acc_avg=0.5229	loss=1.7519	loss_avg=1.6909	lr=0.0002	|gn|=6.5397	time=1.68it/s
2025-11-26 10:10:18,536 ====================Eval Epoch 90====================
2025-11-26 10:10:22,434 epoch=90	global_step=3	acc=0.0733	acc_avg=0.0620	acc5=0.1810	acc5_avg=0.1830	loss=38.5590	loss_avg=38.2583	time=2.28it/s
2025-11-26 10:10:22,434 Eval Loss:38.2583	Eval acc: 6.20
2025-11-26 10:10:22,435 
2025-11-26 10:10:22,435 ====================Training Epoch 91====================
2025-11-26 10:10:48,628 epoch=91	global_step=36800	acc=0.5625	acc_avg=0.5135	loss=1.6791	loss_avg=1.7021	lr=0.0002	|gn|=6.2065	time=1.68it/s
2025-11-26 10:11:56,620 epoch=91	global_step=36900	acc=0.5469	acc_avg=0.5242	loss=1.6810	loss_avg=1.6798	lr=0.0002	|gn|=6.2979	time=1.68it/s
2025-11-26 10:13:04,619 epoch=91	global_step=37000	acc=0.5625	acc_avg=0.5291	loss=1.5556	loss_avg=1.6669	lr=0.0002	|gn|=6.2549	time=1.68it/s
2025-11-26 10:14:12,689 epoch=91	global_step=37100	acc=0.4844	acc_avg=0.5295	loss=1.9068	loss_avg=1.6675	lr=0.0002	|gn|=7.1031	time=1.68it/s
2025-11-26 10:14:58,285 ====================Eval Epoch 91====================
2025-11-26 10:15:02,291 epoch=91	global_step=3	acc=0.0216	acc_avg=0.0340	acc5=0.1336	acc5_avg=0.1200	loss=52.5662	loss_avg=51.7996	time=2.27it/s
2025-11-26 10:15:02,292 Eval Loss:51.7996	Eval acc: 3.40
2025-11-26 10:15:02,292 
2025-11-26 10:15:02,292 ====================Training Epoch 92====================
2025-11-26 10:15:25,774 epoch=92	global_step=37200	acc=0.5625	acc_avg=0.5189	loss=1.7638	loss_avg=1.6599	lr=0.0002	|gn|=6.8353	time=1.68it/s
2025-11-26 10:16:33,697 epoch=92	global_step=37300	acc=0.4375	acc_avg=0.5273	loss=1.9743	loss_avg=1.6700	lr=0.0002	|gn|=7.3728	time=1.68it/s
2025-11-26 10:17:41,665 epoch=92	global_step=37400	acc=0.5469	acc_avg=0.5270	loss=1.6766	loss_avg=1.6814	lr=0.0002	|gn|=6.4548	time=1.68it/s
2025-11-26 10:18:49,604 epoch=92	global_step=37500	acc=0.5000	acc_avg=0.5312	loss=2.1710	loss_avg=1.6692	lr=0.0002	|gn|=7.8481	time=1.68it/s
2025-11-26 10:19:37,892 ====================Eval Epoch 92====================
2025-11-26 10:19:41,782 epoch=92	global_step=3	acc=0.0474	acc_avg=0.0320	acc5=0.1293	acc5_avg=0.1180	loss=43.8776	loss_avg=47.6601	time=2.28it/s
2025-11-26 10:19:41,783 Eval Loss:47.6601	Eval acc: 3.20
2025-11-26 10:19:41,783 
2025-11-26 10:19:41,783 ====================Training Epoch 93====================
2025-11-26 10:20:02,538 epoch=93	global_step=37600	acc=0.6719	acc_avg=0.5318	loss=1.3414	loss_avg=1.6339	lr=0.0001	|gn|=5.7759	time=1.68it/s
2025-11-26 10:21:10,492 epoch=93	global_step=37700	acc=0.6094	acc_avg=0.5273	loss=1.5984	loss_avg=1.6756	lr=0.0001	|gn|=5.9015	time=1.68it/s
2025-11-26 10:22:18,493 epoch=93	global_step=37800	acc=0.6875	acc_avg=0.5282	loss=1.4066	loss_avg=1.6703	lr=0.0001	|gn|=5.3673	time=1.67it/s
2025-11-26 10:23:26,521 epoch=93	global_step=37900	acc=0.4375	acc_avg=0.5273	loss=2.1044	loss_avg=1.6761	lr=0.0001	|gn|=7.6193	time=1.68it/s
2025-11-26 10:24:17,578 ====================Eval Epoch 93====================
2025-11-26 10:24:21,471 epoch=93	global_step=3	acc=0.1034	acc_avg=0.1010	acc5=0.3017	acc5_avg=0.2520	loss=11.0757	loss_avg=12.4499	time=2.27it/s
2025-11-26 10:24:21,471 Eval Loss:12.4499	Eval acc: 10.10
2025-11-26 10:24:21,472 
2025-11-26 10:24:21,472 ====================Training Epoch 94====================
2025-11-26 10:24:39,545 epoch=94	global_step=38000	acc=0.5625	acc_avg=0.5494	loss=1.4956	loss_avg=1.6227	lr=0.0001	|gn|=5.7600	time=1.68it/s
2025-11-26 10:25:47,507 epoch=94	global_step=38100	acc=0.5312	acc_avg=0.5304	loss=1.8496	loss_avg=1.6665	lr=0.0001	|gn|=6.9354	time=1.68it/s
2025-11-26 10:26:55,465 epoch=94	global_step=38200	acc=0.4688	acc_avg=0.5319	loss=1.7043	loss_avg=1.6582	lr=0.0001	|gn|=6.5067	time=1.68it/s
2025-11-26 10:28:03,472 epoch=94	global_step=38300	acc=0.6406	acc_avg=0.5326	loss=1.3293	loss_avg=1.6623	lr=0.0001	|gn|=5.6461	time=1.68it/s
2025-11-26 10:28:57,239 ====================Eval Epoch 94====================
2025-11-26 10:29:01,121 epoch=94	global_step=3	acc=0.0216	acc_avg=0.0240	acc5=0.0905	acc5_avg=0.1010	loss=86.3224	loss_avg=90.4055	time=2.28it/s
2025-11-26 10:29:01,122 Eval Loss:90.4055	Eval acc: 2.40
2025-11-26 10:29:01,122 
2025-11-26 10:29:01,122 ====================Training Epoch 95====================
2025-11-26 10:29:16,510 epoch=95	global_step=38400	acc=0.4375	acc_avg=0.5074	loss=1.8087	loss_avg=1.7174	lr=0.0001	|gn|=6.8435	time=1.68it/s
2025-11-26 10:30:24,458 epoch=95	global_step=38500	acc=0.5781	acc_avg=0.5283	loss=1.5479	loss_avg=1.6587	lr=0.0001	|gn|=6.0457	time=1.68it/s
2025-11-26 10:31:32,508 epoch=95	global_step=38600	acc=0.5000	acc_avg=0.5259	loss=1.9123	loss_avg=1.6648	lr=0.0001	|gn|=7.3700	time=1.68it/s
2025-11-26 10:32:40,470 epoch=95	global_step=38700	acc=0.4531	acc_avg=0.5310	loss=1.9269	loss_avg=1.6592	lr=0.0001	|gn|=7.0752	time=1.68it/s
2025-11-26 10:33:36,945 ====================Eval Epoch 95====================
2025-11-26 10:33:40,863 epoch=95	global_step=3	acc=0.0345	acc_avg=0.0410	acc5=0.1422	acc5_avg=0.1320	loss=49.6602	loss_avg=52.0060	time=2.28it/s
2025-11-26 10:33:40,864 Eval Loss:52.0060	Eval acc: 4.10
2025-11-26 10:33:40,864 
2025-11-26 10:33:40,864 ====================Training Epoch 96====================
2025-11-26 10:33:53,545 epoch=96	global_step=38800	acc=0.4531	acc_avg=0.5276	loss=1.7041	loss_avg=1.6595	lr=0.0000	|gn|=6.7104	time=1.68it/s
2025-11-26 10:35:01,544 epoch=96	global_step=38900	acc=0.5000	acc_avg=0.5387	loss=1.5689	loss_avg=1.6671	lr=0.0000	|gn|=6.5161	time=1.68it/s
2025-11-26 10:36:09,536 epoch=96	global_step=39000	acc=0.3594	acc_avg=0.5364	loss=2.3254	loss_avg=1.6655	lr=0.0000	|gn|=7.6503	time=1.68it/s
2025-11-26 10:37:17,538 epoch=96	global_step=39100	acc=0.6250	acc_avg=0.5361	loss=1.4939	loss_avg=1.6598	lr=0.0000	|gn|=5.7973	time=1.68it/s
2025-11-26 10:38:16,741 ====================Eval Epoch 96====================
2025-11-26 10:38:20,635 epoch=96	global_step=3	acc=0.0302	acc_avg=0.0350	acc5=0.1207	acc5_avg=0.1230	loss=53.9744	loss_avg=57.8198	time=2.28it/s
2025-11-26 10:38:20,635 Eval Loss:57.8198	Eval acc: 3.50
2025-11-26 10:38:20,636 
2025-11-26 10:38:20,636 ====================Training Epoch 97====================
2025-11-26 10:38:30,529 epoch=97	global_step=39200	acc=0.6406	acc_avg=0.5361	loss=1.2797	loss_avg=1.6683	lr=0.0000	|gn|=6.0003	time=1.68it/s
2025-11-26 10:39:38,498 epoch=97	global_step=39300	acc=0.5156	acc_avg=0.5224	loss=1.7115	loss_avg=1.6993	lr=0.0000	|gn|=6.1659	time=1.68it/s
2025-11-26 10:40:46,516 epoch=97	global_step=39400	acc=0.4219	acc_avg=0.5232	loss=1.8174	loss_avg=1.6757	lr=0.0000	|gn|=6.7030	time=1.68it/s
2025-11-26 10:41:54,499 epoch=97	global_step=39500	acc=0.5781	acc_avg=0.5262	loss=1.5329	loss_avg=1.6578	lr=0.0000	|gn|=6.8119	time=1.68it/s
2025-11-26 10:42:56,426 ====================Eval Epoch 97====================
2025-11-26 10:43:00,585 epoch=97	global_step=3	acc=0.0216	acc_avg=0.0270	acc5=0.0948	acc5_avg=0.1020	loss=63.0550	loss_avg=64.1060	time=2.28it/s
2025-11-26 10:43:00,585 Eval Loss:64.1060	Eval acc: 2.70
2025-11-26 10:43:00,586 
2025-11-26 10:43:00,586 ====================Training Epoch 98====================
2025-11-26 10:43:07,790 epoch=98	global_step=39600	acc=0.5781	acc_avg=0.5417	loss=1.4426	loss_avg=1.6930	lr=0.0000	|gn|=6.1631	time=1.68it/s
2025-11-26 10:44:15,801 epoch=98	global_step=39700	acc=0.5312	acc_avg=0.5288	loss=1.5527	loss_avg=1.6525	lr=0.0000	|gn|=6.6860	time=1.67it/s
2025-11-26 10:45:23,777 epoch=98	global_step=39800	acc=0.5156	acc_avg=0.5283	loss=1.7518	loss_avg=1.6595	lr=0.0000	|gn|=6.4202	time=1.68it/s
2025-11-26 10:46:31,728 epoch=98	global_step=39900	acc=0.5469	acc_avg=0.5264	loss=1.6804	loss_avg=1.6617	lr=0.0000	|gn|=6.8155	time=1.68it/s
2025-11-26 10:47:36,511 ====================Eval Epoch 98====================
2025-11-26 10:47:40,427 epoch=98	global_step=3	acc=0.0086	acc_avg=0.0210	acc5=0.0517	acc5_avg=0.0720	loss=131.5774	loss_avg=137.2793	time=2.27it/s
2025-11-26 10:47:40,427 Eval Loss:137.2793	Eval acc: 2.10
2025-11-26 10:47:40,427 
2025-11-26 10:47:40,427 ====================Training Epoch 99====================
2025-11-26 10:47:44,988 epoch=99	global_step=40000	acc=0.6562	acc_avg=0.5781	loss=1.3697	loss_avg=1.5610	lr=0.0000	|gn|=5.6569	time=1.68it/s
2025-11-26 10:48:53,061 epoch=99	global_step=40100	acc=0.6562	acc_avg=0.5301	loss=1.3068	loss_avg=1.6709	lr=0.0000	|gn|=5.4816	time=1.68it/s
2025-11-26 10:50:01,181 epoch=99	global_step=40200	acc=0.5781	acc_avg=0.5345	loss=1.5286	loss_avg=1.6686	lr=0.0000	|gn|=6.1500	time=1.67it/s
2025-11-26 10:51:09,303 epoch=99	global_step=40300	acc=0.5469	acc_avg=0.5325	loss=1.6970	loss_avg=1.6674	lr=0.0000	|gn|=6.8570	time=1.67it/s
2025-11-26 10:52:16,743 ====================Eval Epoch 99====================
2025-11-26 10:52:20,629 epoch=99	global_step=3	acc=0.0216	acc_avg=0.0280	acc5=0.1164	acc5_avg=0.1100	loss=62.3637	loss_avg=64.4544	time=2.27it/s
2025-11-26 10:52:20,630 Eval Loss:64.4544	Eval acc: 2.80
2025-11-26 10:52:20,662 Running Cost 0.33 Days 

